2025-09-06T23:56:55.0702439Z Current runner version: '2.328.0'
2025-09-06T23:56:55.0724804Z ##[group]Runner Image Provisioner
2025-09-06T23:56:55.0725673Z Hosted Compute Agent
2025-09-06T23:56:55.0726216Z Version: 20250829.383
2025-09-06T23:56:55.0726914Z Commit: 27cb235aab5b0e52e153a26cd86b4742e89dac5d
2025-09-06T23:56:55.0727647Z Build Date: 2025-08-29T13:48:48Z
2025-09-06T23:56:55.0728271Z ##[endgroup]
2025-09-06T23:56:55.0728895Z ##[group]Operating System
2025-09-06T23:56:55.0729466Z Ubuntu
2025-09-06T23:56:55.0729948Z 24.04.3
2025-09-06T23:56:55.0730509Z LTS
2025-09-06T23:56:55.0731001Z ##[endgroup]
2025-09-06T23:56:55.0731535Z ##[group]Runner Image
2025-09-06T23:56:55.0732151Z Image: ubuntu-24.04
2025-09-06T23:56:55.0732719Z Version: 20250831.1.0
2025-09-06T23:56:55.0733732Z Included Software: https://github.com/actions/runner-images/blob/ubuntu24/20250831.1/images/ubuntu/Ubuntu2404-Readme.md
2025-09-06T23:56:55.0735502Z Image Release: https://github.com/actions/runner-images/releases/tag/ubuntu24%2F20250831.1
2025-09-06T23:56:55.0736606Z ##[endgroup]
2025-09-06T23:56:55.0739071Z ##[group]GITHUB_TOKEN Permissions
2025-09-06T23:56:55.0740949Z Actions: write
2025-09-06T23:56:55.0741676Z Attestations: write
2025-09-06T23:56:55.0742186Z Checks: write
2025-09-06T23:56:55.0742737Z Contents: write
2025-09-06T23:56:55.0743377Z Deployments: write
2025-09-06T23:56:55.0743928Z Discussions: write
2025-09-06T23:56:55.0744649Z Issues: write
2025-09-06T23:56:55.0745258Z Metadata: read
2025-09-06T23:56:55.0745777Z Models: read
2025-09-06T23:56:55.0746277Z Packages: write
2025-09-06T23:56:55.0746858Z Pages: write
2025-09-06T23:56:55.0747398Z PullRequests: write
2025-09-06T23:56:55.0747906Z RepositoryProjects: write
2025-09-06T23:56:55.0748580Z SecurityEvents: write
2025-09-06T23:56:55.0749258Z Statuses: write
2025-09-06T23:56:55.0749729Z ##[endgroup]
2025-09-06T23:56:55.0752103Z Secret source: Actions
2025-09-06T23:56:55.0753042Z Prepare workflow directory
2025-09-06T23:56:55.1059376Z Prepare all required actions
2025-09-06T23:56:55.1106330Z Getting action download info
2025-09-06T23:56:55.5418047Z Download action repository 'actions/checkout@v4' (SHA:08eba0b27e820071cde6df949e0beb9ba4906955)
2025-09-06T23:56:55.7202259Z Download action repository 'actions/setup-node@v4' (SHA:49933ea5288caeca8642d1e84afbd3f7d6820020)
2025-09-06T23:56:55.8116993Z Download action repository 'browser-actions/setup-chrome@latest' (SHA:b94431e051d1c52dcbe9a7092a4f10f827795416)
2025-09-06T23:56:56.5113477Z Complete job name: scrape-and-commit
2025-09-06T23:56:56.5818126Z ##[group]Run actions/checkout@v4
2025-09-06T23:56:56.5819078Z with:
2025-09-06T23:56:56.5819537Z   fetch-depth: 0
2025-09-06T23:56:56.5820093Z   repository: thiensang1/topcv-job-scraper
2025-09-06T23:56:56.5820941Z   token: ***
2025-09-06T23:56:56.5821392Z   ssh-strict: true
2025-09-06T23:56:56.5821858Z   ssh-user: git
2025-09-06T23:56:56.5822335Z   persist-credentials: true
2025-09-06T23:56:56.5822885Z   clean: true
2025-09-06T23:56:56.5823353Z   sparse-checkout-cone-mode: true
2025-09-06T23:56:56.5823936Z   fetch-tags: false
2025-09-06T23:56:56.5824678Z   show-progress: true
2025-09-06T23:56:56.5825181Z   lfs: false
2025-09-06T23:56:56.5825622Z   submodules: false
2025-09-06T23:56:56.5826114Z   set-safe-directory: true
2025-09-06T23:56:56.5826908Z ##[endgroup]
2025-09-06T23:56:56.6874142Z Syncing repository: thiensang1/topcv-job-scraper
2025-09-06T23:56:56.6876498Z ##[group]Getting Git version info
2025-09-06T23:56:56.6877635Z Working directory is '/home/runner/work/topcv-job-scraper/topcv-job-scraper'
2025-09-06T23:56:56.6879036Z [command]/usr/bin/git version
2025-09-06T23:56:56.6952554Z git version 2.51.0
2025-09-06T23:56:56.6978341Z ##[endgroup]
2025-09-06T23:56:56.6992338Z Temporarily overriding HOME='/home/runner/work/_temp/00ce49d2-d3f8-40a1-b20f-c14442035e2b' before making global git config changes
2025-09-06T23:56:56.6994941Z Adding repository directory to the temporary git global config as a safe directory
2025-09-06T23:56:56.6997446Z [command]/usr/bin/git config --global --add safe.directory /home/runner/work/topcv-job-scraper/topcv-job-scraper
2025-09-06T23:56:56.7034212Z Deleting the contents of '/home/runner/work/topcv-job-scraper/topcv-job-scraper'
2025-09-06T23:56:56.7037050Z ##[group]Initializing the repository
2025-09-06T23:56:56.7041221Z [command]/usr/bin/git init /home/runner/work/topcv-job-scraper/topcv-job-scraper
2025-09-06T23:56:56.7137924Z hint: Using 'master' as the name for the initial branch. This default branch name
2025-09-06T23:56:56.7139497Z hint: is subject to change. To configure the initial branch name to use in all
2025-09-06T23:56:56.7140719Z hint: of your new repositories, which will suppress this warning, call:
2025-09-06T23:56:56.7142109Z hint:
2025-09-06T23:56:56.7142777Z hint: 	git config --global init.defaultBranch <name>
2025-09-06T23:56:56.7144025Z hint:
2025-09-06T23:56:56.7145490Z hint: Names commonly chosen instead of 'master' are 'main', 'trunk' and
2025-09-06T23:56:56.7147582Z hint: 'development'. The just-created branch can be renamed via this command:
2025-09-06T23:56:56.7149261Z hint:
2025-09-06T23:56:56.7150089Z hint: 	git branch -m <name>
2025-09-06T23:56:56.7151050Z hint:
2025-09-06T23:56:56.7152327Z hint: Disable this message with "git config set advice.defaultBranchName false"
2025-09-06T23:56:56.7155139Z Initialized empty Git repository in /home/runner/work/topcv-job-scraper/topcv-job-scraper/.git/
2025-09-06T23:56:56.7158794Z [command]/usr/bin/git remote add origin https://github.com/thiensang1/topcv-job-scraper
2025-09-06T23:56:56.7191559Z ##[endgroup]
2025-09-06T23:56:56.7192929Z ##[group]Disabling automatic garbage collection
2025-09-06T23:56:56.7196388Z [command]/usr/bin/git config --local gc.auto 0
2025-09-06T23:56:56.7224811Z ##[endgroup]
2025-09-06T23:56:56.7226276Z ##[group]Setting up auth
2025-09-06T23:56:56.7232412Z [command]/usr/bin/git config --local --name-only --get-regexp core\.sshCommand
2025-09-06T23:56:56.7263157Z [command]/usr/bin/git submodule foreach --recursive sh -c "git config --local --name-only --get-regexp 'core\.sshCommand' && git config --local --unset-all 'core.sshCommand' || :"
2025-09-06T23:56:56.7582509Z [command]/usr/bin/git config --local --name-only --get-regexp http\.https\:\/\/github\.com\/\.extraheader
2025-09-06T23:56:56.7612813Z [command]/usr/bin/git submodule foreach --recursive sh -c "git config --local --name-only --get-regexp 'http\.https\:\/\/github\.com\/\.extraheader' && git config --local --unset-all 'http.https://github.com/.extraheader' || :"
2025-09-06T23:56:56.7830128Z [command]/usr/bin/git config --local http.https://github.com/.extraheader AUTHORIZATION: basic ***
2025-09-06T23:56:56.7862896Z ##[endgroup]
2025-09-06T23:56:56.7864354Z ##[group]Fetching the repository
2025-09-06T23:56:56.7873043Z [command]/usr/bin/git -c protocol.version=2 fetch --prune --no-recurse-submodules origin +refs/heads/*:refs/remotes/origin/* +refs/tags/*:refs/tags/*
2025-09-06T23:56:58.0410014Z From https://github.com/thiensang1/topcv-job-scraper
2025-09-06T23:56:58.0411889Z  * [new branch]      main       -> origin/main
2025-09-06T23:56:58.0448287Z [command]/usr/bin/git branch --list --remote origin/main
2025-09-06T23:56:58.0473899Z   origin/main
2025-09-06T23:56:58.0483692Z [command]/usr/bin/git rev-parse refs/remotes/origin/main
2025-09-06T23:56:58.0503715Z 5134382431233ea6258bcd2eba52d67c2f18b90e
2025-09-06T23:56:58.0509918Z ##[endgroup]
2025-09-06T23:56:58.0511181Z ##[group]Determining the checkout info
2025-09-06T23:56:58.0512613Z ##[endgroup]
2025-09-06T23:56:58.0514836Z [command]/usr/bin/git sparse-checkout disable
2025-09-06T23:56:58.0553064Z [command]/usr/bin/git config --local --unset-all extensions.worktreeConfig
2025-09-06T23:56:58.0577839Z ##[group]Checking out the ref
2025-09-06T23:56:58.0581358Z [command]/usr/bin/git checkout --progress --force -B main refs/remotes/origin/main
2025-09-06T23:56:58.3975904Z Switched to a new branch 'main'
2025-09-06T23:56:58.3977875Z branch 'main' set up to track 'origin/main'.
2025-09-06T23:56:58.3995888Z ##[endgroup]
2025-09-06T23:56:58.4037932Z [command]/usr/bin/git log -1 --format=%H
2025-09-06T23:56:58.4061081Z 5134382431233ea6258bcd2eba52d67c2f18b90e
2025-09-06T23:56:58.4349796Z ##[group]Run actions/setup-node@v4
2025-09-06T23:56:58.4350838Z with:
2025-09-06T23:56:58.4351544Z   node-version: 18
2025-09-06T23:56:58.4352323Z   cache: npm
2025-09-06T23:56:58.4353066Z   always-auth: false
2025-09-06T23:56:58.4353897Z   check-latest: false
2025-09-06T23:56:58.4355229Z   token: ***
2025-09-06T23:56:58.4355988Z ##[endgroup]
2025-09-06T23:56:58.6119247Z Found in cache @ /opt/hostedtoolcache/node/18.20.8/x64
2025-09-06T23:56:58.6123304Z ##[group]Environment details
2025-09-06T23:57:00.5691256Z node: v18.20.8
2025-09-06T23:57:00.5691747Z npm: 10.8.2
2025-09-06T23:57:00.5692085Z yarn: 1.22.22
2025-09-06T23:57:00.5693245Z ##[endgroup]
2025-09-06T23:57:00.5717475Z [command]/opt/hostedtoolcache/node/18.20.8/x64/bin/npm config get cache
2025-09-06T23:57:00.8493881Z /home/runner/.npm
2025-09-06T23:57:01.1227958Z Cache hit for: node-cache-Linux-x64-npm-416e735b9ac2a76a2dd6b9ec1a6fe63cc3ce0bfa9ce4a61af4a52cdd46502d8f
2025-09-06T23:57:02.0500164Z Received 5511798 of 5511798 (100.0%), 8.0 MBs/sec
2025-09-06T23:57:02.0500803Z Cache Size: ~5 MB (5511798 B)
2025-09-06T23:57:02.0528896Z [command]/usr/bin/tar -xf /home/runner/work/_temp/65a54b6e-2c1c-4ee6-a1e1-56a5080ccd3f/cache.tzst -P -C /home/runner/work/topcv-job-scraper/topcv-job-scraper --use-compress-program unzstd
2025-09-06T23:57:02.0892972Z Cache restored successfully
2025-09-06T23:57:02.0908629Z Cache restored from key: node-cache-Linux-x64-npm-416e735b9ac2a76a2dd6b9ec1a6fe63cc3ce0bfa9ce4a61af4a52cdd46502d8f
2025-09-06T23:57:02.1043731Z ##[group]Run browser-actions/setup-chrome@latest
2025-09-06T23:57:02.1044055Z with:
2025-09-06T23:57:02.1044250Z   chrome-version: stable
2025-09-06T23:57:02.1044703Z   install-dependencies: false
2025-09-06T23:57:02.1044958Z   install-chromedriver: false
2025-09-06T23:57:02.1045191Z   no-sudo: false
2025-09-06T23:57:02.1045392Z ##[endgroup]
2025-09-06T23:57:02.1801963Z Setup chrome stable
2025-09-06T23:57:02.1806775Z Attempting to download chrome stable...
2025-09-06T23:57:02.2926591Z Acquiring chrome stable from https://storage.googleapis.com/chrome-for-testing-public/140.0.7339.80/linux64/chrome-linux64.zip
2025-09-06T23:57:03.6333329Z Installing chrome...
2025-09-06T23:57:03.6373966Z [command]/usr/bin/unzip -o -q /home/runner/work/_temp/2d364642-56f5-4af9-8dff-9263e9ae8dec
2025-09-06T23:57:07.4232674Z Successfully Installed chrome to /opt/hostedtoolcache/setup-chrome/chrome/stable/x64
2025-09-06T23:57:07.4242827Z [command]/opt/hostedtoolcache/setup-chrome/chrome/stable/x64/chrome --version
2025-09-06T23:57:07.6653524Z Google Chrome for Testing 140.0.7339.80 
2025-09-06T23:57:07.6878670Z Successfully setup chrome 140.0.7339.80
2025-09-06T23:57:07.7008769Z ##[group]Run npm install
2025-09-06T23:57:07.7009114Z [36;1mnpm install[0m
2025-09-06T23:57:07.7127954Z shell: /usr/bin/bash -e {0}
2025-09-06T23:57:07.7128232Z ##[endgroup]
2025-09-06T23:57:10.6622885Z npm warn EBADENGINE Unsupported engine {
2025-09-06T23:57:10.6623925Z npm warn EBADENGINE   package: 'cheerio@1.1.2',
2025-09-06T23:57:10.6625050Z npm warn EBADENGINE   required: { node: '>=20.18.1' },
2025-09-06T23:57:10.6626069Z npm warn EBADENGINE   current: { node: 'v18.20.8', npm: '10.8.2' }
2025-09-06T23:57:10.6626572Z npm warn EBADENGINE }
2025-09-06T23:57:11.2293517Z 
2025-09-06T23:57:11.2294332Z up to date, audited 187 packages in 3s
2025-09-06T23:57:11.2294988Z 
2025-09-06T23:57:11.2295371Z 34 packages are looking for funding
2025-09-06T23:57:11.2295937Z   run `npm fund` for details
2025-09-06T23:57:11.2366961Z 
2025-09-06T23:57:11.2367356Z 2 vulnerabilities (1 low, 1 moderate)
2025-09-06T23:57:11.2367726Z 
2025-09-06T23:57:11.2367952Z To address all issues, run:
2025-09-06T23:57:11.2368662Z   npm audit fix
2025-09-06T23:57:11.2368916Z 
2025-09-06T23:57:11.2369150Z Run `npm audit` for details.
2025-09-06T23:57:11.2504230Z ##[group]Run node scraper.js
2025-09-06T23:57:11.2504791Z [36;1mnode scraper.js[0m
2025-09-06T23:57:11.2534905Z shell: /usr/bin/bash -e {0}
2025-09-06T23:57:11.2535320Z env:
2025-09-06T23:57:11.2535826Z   PROXY_API_ENDPOINT: ***
2025-09-06T23:57:11.2536125Z   PROXY_API_KEY: ***
2025-09-06T23:57:11.2536445Z   CHROME_PATH: /opt/hostedtoolcache/setup-chrome/chrome/stable/x64/chrome
2025-09-06T23:57:11.2536806Z ##[endgroup]
2025-09-06T23:57:11.6338547Z --- CHIẾN DỊCH 'ĐIỆP VIÊN TỐI THƯỢNG' BẮT ĐẦU ---
2025-09-06T23:57:11.6343483Z -> [Điệp viên] Đang yêu cầu một danh tính proxy MỚI từ API...
2025-09-06T23:57:13.1521134Z -> [Điệp viên] Đã nhận proxy mới thành công: 171.249.42.64:13230
2025-09-06T23:57:13.1521642Z 
2025-09-06T23:57:13.1522335Z [Điệp viên] Đang khởi tạo trình duyệt với danh tính 171.249.42.64...
2025-09-06T23:57:14.3736642Z 
2025-09-06T23:57:14.3737721Z --- [Điệp viên] Bắt đầu giai đoạn DO THÁM ---
2025-09-06T23:57:14.3738758Z    -> Đang thám hiểm trang 1...
2025-09-06T23:57:27.6468667Z    -> Đang thám hiểm trang 2...
2025-09-06T23:57:29.7692473Z    -> Đang thám hiểm trang 3...
2025-09-06T23:57:31.4154978Z    -> Đang thám hiểm trang 4...
2025-09-06T23:57:33.0016182Z    -> Đang thám hiểm trang 5...
2025-09-06T23:57:34.9697473Z    -> Đang thám hiểm trang 6...
2025-09-06T23:57:36.7700070Z    -> Đang thám hiểm trang 7...
2025-09-06T23:57:38.4065890Z    -> Đang thám hiểm trang 8...
2025-09-06T23:57:39.0911914Z    -> Đang thám hiểm trang 9...
2025-09-06T23:57:39.5083613Z    -> Đang thám hiểm trang 10...
2025-09-06T23:57:39.9754993Z    -> Đang thám hiểm trang 11...
2025-09-06T23:57:40.4198076Z    -> Đang thám hiểm trang 12...
2025-09-06T23:57:40.9562854Z    -> Đang thám hiểm trang 13...
2025-09-06T23:57:41.3902820Z    -> Đang thám hiểm trang 14...
2025-09-06T23:57:41.8508320Z    -> Đang thám hiểm trang 15...
2025-09-06T23:57:42.2843104Z    -> Đang thám hiểm trang 16...
2025-09-06T23:57:42.7447029Z    -> Đang thám hiểm trang 17...
2025-09-06T23:57:43.1920790Z    -> Đang thám hiểm trang 18...
2025-09-06T23:57:43.6488615Z    -> Đang thám hiểm trang 19...
2025-09-06T23:57:44.0940925Z    -> Đang thám hiểm trang 20...
2025-09-06T23:57:44.5530498Z    -> Đang thám hiểm trang 21...
2025-09-06T23:57:45.0055344Z    -> Đang thám hiểm trang 22...
2025-09-06T23:57:45.4734725Z    -> Đang thám hiểm trang 23...
2025-09-06T23:57:45.9090601Z    -> Đang thám hiểm trang 24...
2025-09-06T23:57:46.3651306Z    -> Đang thám hiểm trang 25...
2025-09-06T23:57:46.8031502Z    -> Đang thám hiểm trang 26...
2025-09-06T23:57:47.2515572Z    -> Đang thám hiểm trang 27...
2025-09-06T23:57:47.7100343Z    -> Đang thám hiểm trang 28...
2025-09-06T23:57:48.1603196Z    -> Đang thám hiểm trang 29...
2025-09-06T23:57:48.6006092Z    -> Đang thám hiểm trang 30...
2025-09-06T23:57:49.0458029Z    -> Đang thám hiểm trang 31...
2025-09-06T23:57:49.5049568Z    -> Đang thám hiểm trang 32...
2025-09-06T23:57:49.9413110Z    -> Đang thám hiểm trang 33...
2025-09-06T23:57:50.3914760Z    -> Đang thám hiểm trang 34...
2025-09-06T23:57:50.8489575Z    -> Đang thám hiểm trang 35...
2025-09-06T23:57:51.3221432Z    -> Đang thám hiểm trang 36...
2025-09-06T23:57:51.7775735Z    -> Đang thám hiểm trang 37...
2025-09-06T23:57:52.2141199Z    -> Đang thám hiểm trang 38...
2025-09-06T23:57:52.6605061Z    -> Đang thám hiểm trang 39...
2025-09-06T23:57:53.1074846Z    -> Đang thám hiểm trang 40...
2025-09-06T23:57:53.5712475Z    -> Đang thám hiểm trang 41...
2025-09-06T23:57:54.0093185Z    -> Đang thám hiểm trang 42...
2025-09-06T23:57:54.4683250Z    -> Đang thám hiểm trang 43...
2025-09-06T23:57:54.9179914Z    -> Đang thám hiểm trang 44...
2025-09-06T23:57:55.3946679Z    -> Đang thám hiểm trang 45...
2025-09-06T23:57:55.8540338Z    -> Đang thám hiểm trang 46...
2025-09-06T23:57:56.3181420Z    -> Đang thám hiểm trang 47...
2025-09-06T23:57:56.8075391Z    -> Đang thám hiểm trang 48...
2025-09-06T23:57:57.2840881Z    -> Đang thám hiểm trang 49...
2025-09-06T23:57:57.7460210Z    -> Đang thám hiểm trang 50...
2025-09-06T23:57:58.2015555Z    -> Đang thám hiểm trang 51...
2025-09-06T23:57:58.6712128Z    -> Đang thám hiểm trang 52...
2025-09-06T23:57:59.3432823Z    -> Đang thám hiểm trang 53...
2025-09-06T23:58:00.0183053Z    -> Đang thám hiểm trang 54...
2025-09-06T23:58:02.4757139Z    -> Đang thám hiểm trang 55...
2025-09-06T23:58:02.8549806Z    -> Đang thám hiểm trang 56...
2025-09-06T23:58:05.7840833Z    -> Đang thám hiểm trang 57...
2025-09-06T23:58:06.2769186Z    -> Đang thám hiểm trang 58...
2025-09-06T23:58:07.3512413Z    -> Đang thám hiểm trang 59...
2025-09-06T23:58:08.3785085Z    -> Đang thám hiểm trang 60...
2025-09-06T23:58:09.2420379Z    -> Đang thám hiểm trang 61...
2025-09-06T23:58:12.4929377Z    -> Đang thám hiểm trang 62...
2025-09-06T23:58:12.8572518Z    -> Đang thám hiểm trang 63...
2025-09-06T23:58:13.7236092Z    -> Đang thám hiểm trang 64...
2025-09-06T23:58:14.6014170Z    -> Đang thám hiểm trang 65...
2025-09-06T23:58:15.2694014Z    -> Đang thám hiểm trang 66...
2025-09-06T23:58:18.0683653Z    -> Đang thám hiểm trang 67...
2025-09-06T23:58:18.4472584Z    -> Đang thám hiểm trang 68...
2025-09-06T23:58:19.1156632Z    -> Đang thám hiểm trang 69...
2025-09-06T23:58:19.7846476Z    -> Đang thám hiểm trang 70...
2025-09-06T23:58:20.4363844Z    -> Đang thám hiểm trang 71...
2025-09-06T23:58:21.3005076Z    -> Đang thám hiểm trang 72...
2025-09-06T23:58:23.6587943Z    -> Đang thám hiểm trang 73...
2025-09-06T23:58:24.1056342Z    -> Đang thám hiểm trang 74...
2025-09-06T23:58:26.0563034Z    -> Đang thám hiểm trang 75...
2025-09-06T23:58:26.4376000Z    -> Đang thám hiểm trang 76...
2025-09-06T23:58:26.8969898Z    -> Đang thám hiểm trang 77...
2025-09-06T23:58:28.8625293Z    -> Đang thám hiểm trang 78...
2025-09-06T23:58:29.2851427Z    -> Đang thám hiểm trang 79...
2025-09-06T23:58:29.7323764Z    -> Đang thám hiểm trang 80...
2025-09-06T23:58:30.1795037Z    -> Đang thám hiểm trang 81...
2025-09-06T23:58:32.1158501Z    -> Đang thám hiểm trang 82...
2025-09-06T23:58:32.5050042Z    -> Đang thám hiểm trang 83...
2025-09-06T23:58:33.0200110Z    -> Đang thám hiểm trang 84...
2025-09-06T23:58:35.1607757Z    -> Đang thám hiểm trang 85...
2025-09-06T23:58:35.5511306Z    -> Đang thám hiểm trang 86...
2025-09-06T23:58:36.2133096Z    -> Đang thám hiểm trang 87...
2025-09-06T23:58:38.8042286Z    -> Đang thám hiểm trang 88...
2025-09-06T23:58:39.3037453Z    -> Đang thám hiểm trang 89...
2025-09-06T23:58:40.1584356Z    -> Đang thám hiểm trang 90...
2025-09-06T23:58:40.8198922Z    -> Đang thám hiểm trang 91...
2025-09-06T23:58:41.6523103Z    -> Đang thám hiểm trang 92...
2025-09-06T23:58:42.5837660Z    -> Đang thám hiểm trang 93...
2025-09-06T23:58:44.7781117Z    -> Đang thám hiểm trang 94...
2025-09-06T23:58:45.2114844Z    -> Đang thám hiểm trang 95...
2025-09-06T23:58:46.2941910Z    -> Đã đến rìa thế giới! Bị đưa về trang 93 khi cố gắng đến trang 95.
2025-09-06T23:58:46.2943273Z [Điệp viên] Báo cáo tình báo: Phát hiện có tổng cộng 94 trang.
2025-09-06T23:58:46.2943700Z 
2025-09-06T23:58:46.2944213Z [Điệp viên] Do thám hoàn tất. Tạm nghỉ 12.84 giây...
2025-09-06T23:58:59.1419571Z [Điệp viên] Độ bền nhân dạng ban đầu: 25 trang.
2025-09-06T23:58:59.1419961Z 
2025-09-06T23:58:59.1420287Z --- [Điệp viên] Bắt đầu giai đoạn KHAI THÁC ---
2025-09-06T23:58:59.1421033Z    -> Đang khai thác trang 1/94 (còn 25 trang nữa sẽ biến hình)...
2025-09-06T23:59:01.7377216Z       -> Bắt đầu giai đoạn 'quan sát' để chờ trang ổn định...
2025-09-06T23:59:08.1089007Z          - Trang đã ổn định (lần 1/2)...
2025-09-06T23:59:10.1413519Z          - Trang đã ổn định (lần 2/2)...
2025-09-06T23:59:10.1414152Z       -> Trang đã ổn định. Dữ liệu chi tiết đã được tải.
2025-09-06T23:59:10.1414888Z       -> Mô phỏng hành vi cuộn trang...
2025-09-06T23:59:11.3464162Z    -> Đã thu thập 50 tin từ trang 1.
2025-09-06T23:59:30.8925702Z    -> Đang khai thác trang 2/94 (còn 24 trang nữa sẽ biến hình)...
2025-09-06T23:59:33.5416027Z       -> Bắt đầu giai đoạn 'quan sát' để chờ trang ổn định...
2025-09-06T23:59:39.9676658Z          - Trang đã ổn định (lần 1/2)...
2025-09-06T23:59:41.9989584Z          - Trang đã ổn định (lần 2/2)...
2025-09-06T23:59:41.9990478Z       -> Trang đã ổn định. Dữ liệu chi tiết đã được tải.
2025-09-06T23:59:41.9991238Z       -> Mô phỏng hành vi cuộn trang...
2025-09-06T23:59:43.0330346Z    -> Đã thu thập 50 tin từ trang 2.
2025-09-07T00:00:05.5048911Z    -> Đang khai thác trang 3/94 (còn 23 trang nữa sẽ biến hình)...
2025-09-07T00:00:07.7363934Z       -> Bắt đầu giai đoạn 'quan sát' để chờ trang ổn định...
2025-09-07T00:00:11.9876339Z          - Trang đã ổn định (lần 1/2)...
2025-09-07T00:00:14.0237357Z          - Trang đã ổn định (lần 2/2)...
2025-09-07T00:00:14.0238870Z       -> Trang đã ổn định. Dữ liệu chi tiết đã được tải.
2025-09-07T00:00:14.0239579Z       -> Mô phỏng hành vi cuộn trang...
2025-09-07T00:00:15.0061715Z    -> Đã thu thập 50 tin từ trang 3.
2025-09-07T00:00:39.7478017Z    -> Đang khai thác trang 4/94 (còn 22 trang nữa sẽ biến hình)...
2025-09-07T00:00:41.9199481Z       -> Bắt đầu giai đoạn 'quan sát' để chờ trang ổn định...
2025-09-07T00:00:46.3100332Z          - Trang đã ổn định (lần 1/2)...
2025-09-07T00:00:48.3426872Z          - Trang đã ổn định (lần 2/2)...
2025-09-07T00:00:48.3428668Z       -> Trang đã ổn định. Dữ liệu chi tiết đã được tải.
2025-09-07T00:00:48.3429639Z       -> Mô phỏng hành vi cuộn trang...
2025-09-07T00:00:49.4007789Z    -> Đã thu thập 50 tin từ trang 4.
2025-09-07T00:01:10.3307017Z    -> Đang khai thác trang 5/94 (còn 21 trang nữa sẽ biến hình)...
2025-09-07T00:01:12.5787665Z       -> Bắt đầu giai đoạn 'quan sát' để chờ trang ổn định...
2025-09-07T00:01:18.8913190Z          - Trang đã ổn định (lần 1/2)...
2025-09-07T00:01:20.9245733Z          - Trang đã ổn định (lần 2/2)...
2025-09-07T00:01:20.9246421Z       -> Trang đã ổn định. Dữ liệu chi tiết đã được tải.
2025-09-07T00:01:20.9247075Z       -> Mô phỏng hành vi cuộn trang...
2025-09-07T00:01:22.1928396Z    -> Đã thu thập 50 tin từ trang 5.
2025-09-07T00:01:42.4500761Z    -> Đang khai thác trang 6/94 (còn 20 trang nữa sẽ biến hình)...
2025-09-07T00:01:45.2933620Z       -> Bắt đầu giai đoạn 'quan sát' để chờ trang ổn định...
2025-09-07T00:01:49.7198920Z          - Trang đã ổn định (lần 1/2)...
2025-09-07T00:01:51.7512969Z          - Trang đã ổn định (lần 2/2)...
2025-09-07T00:01:51.7514956Z       -> Trang đã ổn định. Dữ liệu chi tiết đã được tải.
2025-09-07T00:01:51.7515884Z       -> Mô phỏng hành vi cuộn trang...
2025-09-07T00:01:53.0438407Z    -> Đã thu thập 50 tin từ trang 6.
2025-09-07T00:02:16.2178147Z    -> Đang khai thác trang 7/94 (còn 19 trang nữa sẽ biến hình)...
2025-09-07T00:02:19.8707874Z       -> Bắt đầu giai đoạn 'quan sát' để chờ trang ổn định...
2025-09-07T00:02:24.2546772Z          - Trang đã ổn định (lần 1/2)...
2025-09-07T00:02:26.2881732Z          - Trang đã ổn định (lần 2/2)...
2025-09-07T00:02:26.2882527Z       -> Trang đã ổn định. Dữ liệu chi tiết đã được tải.
2025-09-07T00:02:26.2883206Z       -> Mô phỏng hành vi cuộn trang...
2025-09-07T00:02:27.5071067Z    -> Đã thu thập 50 tin từ trang 7.
2025-09-07T00:02:50.4306616Z    -> Đang khai thác trang 8/94 (còn 18 trang nữa sẽ biến hình)...
2025-09-07T00:02:53.8107517Z       -> Bắt đầu giai đoạn 'quan sát' để chờ trang ổn định...
2025-09-07T00:02:58.1650421Z          - Trang đã ổn định (lần 1/2)...
2025-09-07T00:03:00.1943911Z          - Trang đã ổn định (lần 2/2)...
2025-09-07T00:03:00.1945063Z       -> Trang đã ổn định. Dữ liệu chi tiết đã được tải.
2025-09-07T00:03:00.1945480Z       -> Mô phỏng hành vi cuộn trang...
2025-09-07T00:03:01.1884124Z    -> Đã thu thập 50 tin từ trang 8.
2025-09-07T00:03:23.3963817Z    -> Đang khai thác trang 9/94 (còn 17 trang nữa sẽ biến hình)...
2025-09-07T00:03:26.3457482Z       -> Bắt đầu giai đoạn 'quan sát' để chờ trang ổn định...
2025-09-07T00:03:30.7912082Z          - Trang đã ổn định (lần 1/2)...
2025-09-07T00:03:32.8207017Z          - Trang đã ổn định (lần 2/2)...
2025-09-07T00:03:32.8207993Z       -> Trang đã ổn định. Dữ liệu chi tiết đã được tải.
2025-09-07T00:03:32.8208766Z       -> Mô phỏng hành vi cuộn trang...
2025-09-07T00:03:34.0076258Z    -> Đã thu thập 50 tin từ trang 9.
2025-09-07T00:03:54.5911608Z    -> Đang khai thác trang 10/94 (còn 16 trang nữa sẽ biến hình)...
2025-09-07T00:03:56.8971021Z       -> Bắt đầu giai đoạn 'quan sát' để chờ trang ổn định...
2025-09-07T00:04:03.2745637Z          - Trang đã ổn định (lần 1/2)...
2025-09-07T00:04:05.3097856Z          - Trang đã ổn định (lần 2/2)...
2025-09-07T00:04:05.3098655Z       -> Trang đã ổn định. Dữ liệu chi tiết đã được tải.
2025-09-07T00:04:05.3099363Z       -> Mô phỏng hành vi cuộn trang...
2025-09-07T00:04:06.4345279Z    -> Đã thu thập 50 tin từ trang 10.
2025-09-07T00:04:28.4002928Z    -> Đang khai thác trang 11/94 (còn 15 trang nữa sẽ biến hình)...
2025-09-07T00:04:31.3329039Z       -> Bắt đầu giai đoạn 'quan sát' để chờ trang ổn định...
2025-09-07T00:04:35.6852743Z          - Trang đã ổn định (lần 1/2)...
2025-09-07T00:04:37.7182414Z          - Trang đã ổn định (lần 2/2)...
2025-09-07T00:04:37.7183433Z       -> Trang đã ổn định. Dữ liệu chi tiết đã được tải.
2025-09-07T00:04:37.7184100Z       -> Mô phỏng hành vi cuộn trang...
2025-09-07T00:04:38.6608137Z    -> Đã thu thập 50 tin từ trang 11.
2025-09-07T00:05:01.0083889Z    -> Đang khai thác trang 12/94 (còn 14 trang nữa sẽ biến hình)...
2025-09-07T00:05:03.7602556Z       -> Bắt đầu giai đoạn 'quan sát' để chờ trang ổn định...
2025-09-07T00:05:08.1152140Z          - Trang đã ổn định (lần 1/2)...
2025-09-07T00:05:10.1489594Z          - Trang đã ổn định (lần 2/2)...
2025-09-07T00:05:10.1490469Z       -> Trang đã ổn định. Dữ liệu chi tiết đã được tải.
2025-09-07T00:05:10.1491149Z       -> Mô phỏng hành vi cuộn trang...
2025-09-07T00:05:11.1557533Z    -> Đã thu thập 50 tin từ trang 12.
2025-09-07T00:05:29.6236590Z    -> Đang khai thác trang 13/94 (còn 13 trang nữa sẽ biến hình)...
2025-09-07T00:05:32.3719256Z       -> Bắt đầu giai đoạn 'quan sát' để chờ trang ổn định...
2025-09-07T00:05:36.7165536Z          - Trang đã ổn định (lần 1/2)...
2025-09-07T00:05:38.7489660Z          - Trang đã ổn định (lần 2/2)...
2025-09-07T00:05:38.7490558Z       -> Trang đã ổn định. Dữ liệu chi tiết đã được tải.
2025-09-07T00:05:38.7491355Z       -> Mô phỏng hành vi cuộn trang...
2025-09-07T00:05:40.0672888Z    -> Đã thu thập 50 tin từ trang 13.
2025-09-07T00:06:02.4100620Z    -> Đang khai thác trang 14/94 (còn 12 trang nữa sẽ biến hình)...
2025-09-07T00:06:05.5603870Z       -> Bắt đầu giai đoạn 'quan sát' để chờ trang ổn định...
2025-09-07T00:06:09.8798608Z          - Trang đã ổn định (lần 1/2)...
2025-09-07T00:06:11.9105436Z          - Trang đã ổn định (lần 2/2)...
2025-09-07T00:06:11.9106005Z       -> Trang đã ổn định. Dữ liệu chi tiết đã được tải.
2025-09-07T00:06:11.9106452Z       -> Mô phỏng hành vi cuộn trang...
2025-09-07T00:06:12.9998815Z    -> Đã thu thập 50 tin từ trang 14.
2025-09-07T00:06:31.1234351Z    -> Đang khai thác trang 15/94 (còn 11 trang nữa sẽ biến hình)...
2025-09-07T00:06:34.2184560Z       -> Bắt đầu giai đoạn 'quan sát' để chờ trang ổn định...
2025-09-07T00:06:38.5891645Z          - Trang đã ổn định (lần 1/2)...
2025-09-07T00:06:40.6195787Z          - Trang đã ổn định (lần 2/2)...
2025-09-07T00:06:40.6196998Z       -> Trang đã ổn định. Dữ liệu chi tiết đã được tải.
2025-09-07T00:06:40.6197721Z       -> Mô phỏng hành vi cuộn trang...
2025-09-07T00:06:41.7158600Z    -> Đã thu thập 50 tin từ trang 15.
2025-09-07T00:07:00.0843726Z    -> Đang khai thác trang 16/94 (còn 10 trang nữa sẽ biến hình)...
2025-09-07T00:07:03.0025144Z       -> Bắt đầu giai đoạn 'quan sát' để chờ trang ổn định...
2025-09-07T00:07:07.3478660Z          - Trang đã ổn định (lần 1/2)...
2025-09-07T00:07:09.3806065Z          - Trang đã ổn định (lần 2/2)...
2025-09-07T00:07:09.3807020Z       -> Trang đã ổn định. Dữ liệu chi tiết đã được tải.
2025-09-07T00:07:09.3807748Z       -> Mô phỏng hành vi cuộn trang...
2025-09-07T00:07:10.4876507Z    -> Đã thu thập 50 tin từ trang 16.
2025-09-07T00:07:32.6437035Z    -> Đang khai thác trang 17/94 (còn 9 trang nữa sẽ biến hình)...
2025-09-07T00:07:35.2966757Z       -> Bắt đầu giai đoạn 'quan sát' để chờ trang ổn định...
2025-09-07T00:07:39.7122782Z          - Trang đã ổn định (lần 1/2)...
2025-09-07T00:07:41.7480404Z          - Trang đã ổn định (lần 2/2)...
2025-09-07T00:07:41.7481209Z       -> Trang đã ổn định. Dữ liệu chi tiết đã được tải.
2025-09-07T00:07:41.7481645Z       -> Mô phỏng hành vi cuộn trang...
2025-09-07T00:07:42.6544040Z    -> Đã thu thập 50 tin từ trang 17.
2025-09-07T00:08:02.7491122Z    -> Đang khai thác trang 18/94 (còn 8 trang nữa sẽ biến hình)...
2025-09-07T00:08:05.6905850Z       -> Bắt đầu giai đoạn 'quan sát' để chờ trang ổn định...
2025-09-07T00:08:10.0745503Z          - Trang đã ổn định (lần 1/2)...
2025-09-07T00:08:12.1072373Z          - Trang đã ổn định (lần 2/2)...
2025-09-07T00:08:12.1073199Z       -> Trang đã ổn định. Dữ liệu chi tiết đã được tải.
2025-09-07T00:08:12.1073914Z       -> Mô phỏng hành vi cuộn trang...
2025-09-07T00:08:13.4154037Z    -> Đã thu thập 50 tin từ trang 18.
2025-09-07T00:08:33.3604251Z    -> Đang khai thác trang 19/94 (còn 7 trang nữa sẽ biến hình)...
2025-09-07T00:08:36.6830749Z       -> Bắt đầu giai đoạn 'quan sát' để chờ trang ổn định...
2025-09-07T00:08:41.0271066Z          - Trang đã ổn định (lần 1/2)...
2025-09-07T00:08:43.0606091Z          - Trang đã ổn định (lần 2/2)...
2025-09-07T00:08:43.0606933Z       -> Trang đã ổn định. Dữ liệu chi tiết đã được tải.
2025-09-07T00:08:43.0607652Z       -> Mô phỏng hành vi cuộn trang...
2025-09-07T00:08:44.1250532Z    -> Đã thu thập 50 tin từ trang 19.
2025-09-07T00:09:04.3157461Z    -> Đang khai thác trang 20/94 (còn 6 trang nữa sẽ biến hình)...
2025-09-07T00:09:07.4579631Z       -> Bắt đầu giai đoạn 'quan sát' để chờ trang ổn định...
2025-09-07T00:09:11.8432997Z          - Trang đã ổn định (lần 1/2)...
2025-09-07T00:09:13.8800696Z          - Trang đã ổn định (lần 2/2)...
2025-09-07T00:09:13.8801219Z       -> Trang đã ổn định. Dữ liệu chi tiết đã được tải.
2025-09-07T00:09:13.8801619Z       -> Mô phỏng hành vi cuộn trang...
2025-09-07T00:09:15.0115211Z    -> Đã thu thập 50 tin từ trang 20.
2025-09-07T00:09:36.7128177Z    -> Đang khai thác trang 21/94 (còn 5 trang nữa sẽ biến hình)...
2025-09-07T00:09:40.0954295Z       -> Bắt đầu giai đoạn 'quan sát' để chờ trang ổn định...
2025-09-07T00:09:44.4835595Z          - Trang đã ổn định (lần 1/2)...
2025-09-07T00:09:46.5125738Z          - Trang đã ổn định (lần 2/2)...
2025-09-07T00:09:46.5126935Z       -> Trang đã ổn định. Dữ liệu chi tiết đã được tải.
2025-09-07T00:09:46.5127741Z       -> Mô phỏng hành vi cuộn trang...
2025-09-07T00:09:47.8366273Z    -> Đã thu thập 50 tin từ trang 21.
2025-09-07T00:10:07.3516131Z    -> Đang khai thác trang 22/94 (còn 4 trang nữa sẽ biến hình)...
2025-09-07T00:10:13.2046075Z       -> Bắt đầu giai đoạn 'quan sát' để chờ trang ổn định...
2025-09-07T00:10:17.6225484Z          - Trang đã ổn định (lần 1/2)...
2025-09-07T00:10:19.6525797Z          - Trang đã ổn định (lần 2/2)...
2025-09-07T00:10:19.6526433Z       -> Trang đã ổn định. Dữ liệu chi tiết đã được tải.
2025-09-07T00:10:19.6526913Z       -> Mô phỏng hành vi cuộn trang...
2025-09-07T00:10:20.5885920Z    -> Đã thu thập 50 tin từ trang 22.
2025-09-07T00:10:45.2122413Z    -> Đang khai thác trang 23/94 (còn 3 trang nữa sẽ biến hình)...
2025-09-07T00:10:49.4354991Z       -> Bắt đầu giai đoạn 'quan sát' để chờ trang ổn định...
2025-09-07T00:10:53.7275240Z          - Trang đã ổn định (lần 1/2)...
2025-09-07T00:10:55.7582367Z          - Trang đã ổn định (lần 2/2)...
2025-09-07T00:10:55.7583209Z       -> Trang đã ổn định. Dữ liệu chi tiết đã được tải.
2025-09-07T00:10:55.7583969Z       -> Mô phỏng hành vi cuộn trang...
2025-09-07T00:10:57.0669160Z    -> Đã thu thập 50 tin từ trang 23.
2025-09-07T00:11:16.4851446Z    -> Đang khai thác trang 24/94 (còn 2 trang nữa sẽ biến hình)...
2025-09-07T00:11:18.9685402Z       -> Bắt đầu giai đoạn 'quan sát' để chờ trang ổn định...
2025-09-07T00:11:23.3497606Z          - Trang đã ổn định (lần 1/2)...
2025-09-07T00:11:25.3845015Z          - Trang đã ổn định (lần 2/2)...
2025-09-07T00:11:25.3846060Z       -> Trang đã ổn định. Dữ liệu chi tiết đã được tải.
2025-09-07T00:11:25.3846872Z       -> Mô phỏng hành vi cuộn trang...
2025-09-07T00:11:26.4980576Z    -> Đã thu thập 50 tin từ trang 24.
2025-09-07T00:11:46.9271807Z    -> Đang khai thác trang 25/94 (còn 1 trang nữa sẽ biến hình)...
2025-09-07T00:11:51.3183499Z       -> Bắt đầu giai đoạn 'quan sát' để chờ trang ổn định...
2025-09-07T00:11:55.7421073Z          - Trang đã ổn định (lần 1/2)...
2025-09-07T00:11:57.7738311Z          - Trang đã ổn định (lần 2/2)...
2025-09-07T00:11:57.7738948Z       -> Trang đã ổn định. Dữ liệu chi tiết đã được tải.
2025-09-07T00:11:57.7739446Z       -> Mô phỏng hành vi cuộn trang...
2025-09-07T00:11:59.0553424Z    -> Đã thu thập 50 tin từ trang 25.
2025-09-07T00:12:20.9679748Z 
2025-09-07T00:12:20.9681059Z    -> [Điệp viên] Hết độ bền nhân dạng. Bắt đầu "biến hình"...
2025-09-07T00:12:21.1099643Z -> [Điệp viên] Đang yêu cầu một danh tính proxy MỚI từ API...
2025-09-07T00:12:21.8010699Z -> [Điệp viên] Đã nhận proxy mới thành công: 27.76.116.43:20259
2025-09-07T00:12:21.8011216Z 
2025-09-07T00:12:21.8011802Z [Điệp viên] Đang khởi tạo trình duyệt với danh tính 27.76.116.43...
2025-09-07T00:12:22.0932134Z    -> [Điệp viên] "Biến hình" thành công. Độ bền nhân dạng mới: 27 trang.
2025-09-07T00:12:22.0932957Z    -> Đang khai thác trang 26/94 (còn 27 trang nữa sẽ biến hình)...
2025-09-07T00:12:35.5274667Z       -> Bắt đầu giai đoạn 'quan sát' để chờ trang ổn định...
2025-09-07T00:12:39.7629068Z          - Trang đã ổn định (lần 1/2)...
2025-09-07T00:12:41.7952046Z          - Trang đã ổn định (lần 2/2)...
2025-09-07T00:12:41.7952853Z       -> Trang đã ổn định. Dữ liệu chi tiết đã được tải.
2025-09-07T00:12:41.7953567Z       -> Mô phỏng hành vi cuộn trang...
2025-09-07T00:12:42.8291762Z    -> Đã thu thập 50 tin từ trang 26.
2025-09-07T00:13:02.2232992Z    -> Đang khai thác trang 27/94 (còn 26 trang nữa sẽ biến hình)...
2025-09-07T00:13:05.0664343Z       -> Bắt đầu giai đoạn 'quan sát' để chờ trang ổn định...
2025-09-07T00:13:11.4223224Z          - Trang đã ổn định (lần 1/2)...
2025-09-07T00:13:13.4580867Z          - Trang đã ổn định (lần 2/2)...
2025-09-07T00:13:13.4582010Z       -> Trang đã ổn định. Dữ liệu chi tiết đã được tải.
2025-09-07T00:13:13.4582648Z       -> Mô phỏng hành vi cuộn trang...
2025-09-07T00:13:14.6254950Z    -> Đã thu thập 50 tin từ trang 27.
2025-09-07T00:13:33.0097691Z    -> Đang khai thác trang 28/94 (còn 25 trang nữa sẽ biến hình)...
2025-09-07T00:13:35.8585411Z       -> Bắt đầu giai đoạn 'quan sát' để chờ trang ổn định...
2025-09-07T00:13:42.2627539Z          - Trang đã ổn định (lần 1/2)...
2025-09-07T00:13:44.2977615Z          - Trang đã ổn định (lần 2/2)...
2025-09-07T00:13:44.2978391Z       -> Trang đã ổn định. Dữ liệu chi tiết đã được tải.
2025-09-07T00:13:45.2495335Z       -> Mô phỏng hành vi cuộn trang...
2025-09-07T00:13:45.2496136Z    -> Đã thu thập 50 tin từ trang 28.
2025-09-07T00:14:09.5865532Z    -> Đang khai thác trang 29/94 (còn 24 trang nữa sẽ biến hình)...
2025-09-07T00:14:11.9670068Z       -> Bắt đầu giai đoạn 'quan sát' để chờ trang ổn định...
2025-09-07T00:14:18.2464646Z          - Trang đã ổn định (lần 1/2)...
2025-09-07T00:14:20.2777584Z          - Trang đã ổn định (lần 2/2)...
2025-09-07T00:14:20.2778400Z       -> Trang đã ổn định. Dữ liệu chi tiết đã được tải.
2025-09-07T00:14:20.2779013Z       -> Mô phỏng hành vi cuộn trang...
2025-09-07T00:14:21.5736342Z    -> Đã thu thập 50 tin từ trang 29.
2025-09-07T00:14:41.2166833Z    -> Đang khai thác trang 30/94 (còn 23 trang nữa sẽ biến hình)...
2025-09-07T00:14:45.1311864Z       -> Bắt đầu giai đoạn 'quan sát' để chờ trang ổn định...
2025-09-07T00:14:51.4239367Z          - Trang đã ổn định (lần 1/2)...
2025-09-07T00:14:53.4601938Z          - Trang đã ổn định (lần 2/2)...
2025-09-07T00:14:53.4602770Z       -> Trang đã ổn định. Dữ liệu chi tiết đã được tải.
2025-09-07T00:14:53.4603298Z       -> Mô phỏng hành vi cuộn trang...
2025-09-07T00:14:54.6626763Z    -> Đã thu thập 50 tin từ trang 30.
2025-09-07T00:15:13.0859923Z    -> Đang khai thác trang 31/94 (còn 22 trang nữa sẽ biến hình)...
2025-09-07T00:15:16.1815776Z       -> Bắt đầu giai đoạn 'quan sát' để chờ trang ổn định...
2025-09-07T00:15:22.6105709Z          - Trang đã ổn định (lần 1/2)...
2025-09-07T00:15:24.6422119Z          - Trang đã ổn định (lần 2/2)...
2025-09-07T00:15:24.6422922Z       -> Trang đã ổn định. Dữ liệu chi tiết đã được tải.
2025-09-07T00:15:24.6423494Z       -> Mô phỏng hành vi cuộn trang...
2025-09-07T00:15:25.8671797Z    -> Đã thu thập 50 tin từ trang 31.
2025-09-07T00:15:48.5656033Z    -> Đang khai thác trang 32/94 (còn 21 trang nữa sẽ biến hình)...
2025-09-07T00:15:51.5001107Z       -> Bắt đầu giai đoạn 'quan sát' để chờ trang ổn định...
2025-09-07T00:15:55.8939311Z          - Trang đã ổn định (lần 1/2)...
2025-09-07T00:15:57.9263098Z          - Trang đã ổn định (lần 2/2)...
2025-09-07T00:15:57.9263923Z       -> Trang đã ổn định. Dữ liệu chi tiết đã được tải.
2025-09-07T00:15:57.9264639Z       -> Mô phỏng hành vi cuộn trang...
2025-09-07T00:15:58.8039401Z    -> Đã thu thập 50 tin từ trang 32.
2025-09-07T00:16:17.6802108Z    -> Đang khai thác trang 33/94 (còn 20 trang nữa sẽ biến hình)...
2025-09-07T00:16:21.1118496Z       -> Bắt đầu giai đoạn 'quan sát' để chờ trang ổn định...
2025-09-07T00:16:25.4951931Z          - Trang đã ổn định (lần 1/2)...
2025-09-07T00:16:27.5282975Z          - Trang đã ổn định (lần 2/2)...
2025-09-07T00:16:27.5286120Z       -> Trang đã ổn định. Dữ liệu chi tiết đã được tải.
2025-09-07T00:16:27.5286667Z       -> Mô phỏng hành vi cuộn trang...
2025-09-07T00:16:28.6870389Z    -> Đã thu thập 50 tin từ trang 33.
2025-09-07T00:16:49.9239938Z    -> Đang khai thác trang 34/94 (còn 19 trang nữa sẽ biến hình)...
2025-09-07T00:16:53.0336498Z       -> Bắt đầu giai đoạn 'quan sát' để chờ trang ổn định...
2025-09-07T00:16:57.3177935Z          - Trang đã ổn định (lần 1/2)...
2025-09-07T00:16:59.3547730Z          - Trang đã ổn định (lần 2/2)...
2025-09-07T00:16:59.3548511Z       -> Trang đã ổn định. Dữ liệu chi tiết đã được tải.
2025-09-07T00:16:59.3549156Z       -> Mô phỏng hành vi cuộn trang...
2025-09-07T00:17:00.6678812Z    -> Đã thu thập 50 tin từ trang 34.
2025-09-07T00:17:19.3317649Z    -> Đang khai thác trang 35/94 (còn 18 trang nữa sẽ biến hình)...
2025-09-07T00:17:22.9068041Z       -> Bắt đầu giai đoạn 'quan sát' để chờ trang ổn định...
2025-09-07T00:17:27.2168744Z          - Trang đã ổn định (lần 1/2)...
2025-09-07T00:17:29.2478504Z          - Trang đã ổn định (lần 2/2)...
2025-09-07T00:17:29.2479033Z       -> Trang đã ổn định. Dữ liệu chi tiết đã được tải.
2025-09-07T00:17:29.2479441Z       -> Mô phỏng hành vi cuộn trang...
2025-09-07T00:17:30.3538396Z    -> Đã thu thập 50 tin từ trang 35.
2025-09-07T00:17:54.0737705Z    -> Đang khai thác trang 36/94 (còn 17 trang nữa sẽ biến hình)...
2025-09-07T00:17:57.2605235Z       -> Bắt đầu giai đoạn 'quan sát' để chờ trang ổn định...
2025-09-07T00:18:01.6522657Z          - Trang đã ổn định (lần 1/2)...
2025-09-07T00:18:03.6873551Z          - Trang đã ổn định (lần 2/2)...
2025-09-07T00:18:03.6874337Z       -> Trang đã ổn định. Dữ liệu chi tiết đã được tải.
2025-09-07T00:18:03.6875261Z       -> Mô phỏng hành vi cuộn trang...
2025-09-07T00:18:04.9337855Z    -> Đã thu thập 50 tin từ trang 36.
2025-09-07T00:18:26.7462029Z    -> Đang khai thác trang 37/94 (còn 16 trang nữa sẽ biến hình)...
2025-09-07T00:18:31.9452259Z       -> Bắt đầu giai đoạn 'quan sát' để chờ trang ổn định...
2025-09-07T00:18:36.3358326Z          - Trang đã ổn định (lần 1/2)...
2025-09-07T00:18:38.3698964Z          - Trang đã ổn định (lần 2/2)...
2025-09-07T00:18:38.3699760Z       -> Trang đã ổn định. Dữ liệu chi tiết đã được tải.
2025-09-07T00:18:38.3700396Z       -> Mô phỏng hành vi cuộn trang...
2025-09-07T00:18:39.4396988Z    -> Đã thu thập 50 tin từ trang 37.
2025-09-07T00:19:01.8027468Z    -> Đang khai thác trang 38/94 (còn 15 trang nữa sẽ biến hình)...
2025-09-07T00:19:05.3838749Z       -> Bắt đầu giai đoạn 'quan sát' để chờ trang ổn định...
2025-09-07T00:19:09.7980427Z          - Trang đã ổn định (lần 1/2)...
2025-09-07T00:19:11.8382960Z          - Trang đã ổn định (lần 2/2)...
2025-09-07T00:19:11.8383896Z       -> Trang đã ổn định. Dữ liệu chi tiết đã được tải.
2025-09-07T00:19:11.8384705Z       -> Mô phỏng hành vi cuộn trang...
2025-09-07T00:19:13.1524862Z    -> Đã thu thập 50 tin từ trang 38.
2025-09-07T00:19:37.8754061Z    -> Đang khai thác trang 39/94 (còn 14 trang nữa sẽ biến hình)...
2025-09-07T00:19:40.8201885Z       -> Bắt đầu giai đoạn 'quan sát' để chờ trang ổn định...
2025-09-07T00:19:45.3292009Z          - Trang đã ổn định (lần 1/2)...
2025-09-07T00:19:47.3647121Z          - Trang đã ổn định (lần 2/2)...
2025-09-07T00:19:47.3647923Z       -> Trang đã ổn định. Dữ liệu chi tiết đã được tải.
2025-09-07T00:19:47.3648519Z       -> Mô phỏng hành vi cuộn trang...
2025-09-07T00:19:48.3030962Z    -> Đã thu thập 50 tin từ trang 39.
2025-09-07T00:20:07.6311255Z    -> Đang khai thác trang 40/94 (còn 13 trang nữa sẽ biến hình)...
2025-09-07T00:20:11.1309546Z       -> Bắt đầu giai đoạn 'quan sát' để chờ trang ổn định...
2025-09-07T00:20:17.6407451Z          - Trang đã ổn định (lần 1/2)...
2025-09-07T00:20:19.6830884Z          - Trang đã ổn định (lần 2/2)...
2025-09-07T00:20:19.6832148Z       -> Trang đã ổn định. Dữ liệu chi tiết đã được tải.
2025-09-07T00:20:19.6836528Z       -> Mô phỏng hành vi cuộn trang...
2025-09-07T00:20:20.8743407Z    -> Đã thu thập 50 tin từ trang 40.
2025-09-07T00:20:40.6034032Z    -> Đang khai thác trang 41/94 (còn 12 trang nữa sẽ biến hình)...
2025-09-07T00:20:43.6599271Z       -> Bắt đầu giai đoạn 'quan sát' để chờ trang ổn định...
2025-09-07T00:20:48.0417642Z          - Trang đã ổn định (lần 1/2)...
2025-09-07T00:20:50.0807592Z          - Trang đã ổn định (lần 2/2)...
2025-09-07T00:20:50.0809990Z       -> Trang đã ổn định. Dữ liệu chi tiết đã được tải.
2025-09-07T00:20:50.0810638Z       -> Mô phỏng hành vi cuộn trang...
2025-09-07T00:20:51.3844706Z    -> Đã thu thập 50 tin từ trang 41.
2025-09-07T00:21:13.4553525Z    -> Đang khai thác trang 42/94 (còn 11 trang nữa sẽ biến hình)...
2025-09-07T00:21:16.2183291Z       -> Bắt đầu giai đoạn 'quan sát' để chờ trang ổn định...
2025-09-07T00:21:20.5548248Z          - Trang đã ổn định (lần 1/2)...
2025-09-07T00:21:22.5878878Z          - Trang đã ổn định (lần 2/2)...
2025-09-07T00:21:22.5879488Z       -> Trang đã ổn định. Dữ liệu chi tiết đã được tải.
2025-09-07T00:21:22.5879877Z       -> Mô phỏng hành vi cuộn trang...
2025-09-07T00:21:23.8225234Z    -> Đã thu thập 50 tin từ trang 42.
2025-09-07T00:21:44.8389792Z    -> Đang khai thác trang 43/94 (còn 10 trang nữa sẽ biến hình)...
2025-09-07T00:21:47.5479277Z       -> Bắt đầu giai đoạn 'quan sát' để chờ trang ổn định...
2025-09-07T00:21:51.8988376Z          - Trang đã ổn định (lần 1/2)...
2025-09-07T00:21:53.9333200Z          - Trang đã ổn định (lần 2/2)...
2025-09-07T00:21:53.9333750Z       -> Trang đã ổn định. Dữ liệu chi tiết đã được tải.
2025-09-07T00:21:53.9334173Z       -> Mô phỏng hành vi cuộn trang...
2025-09-07T00:21:54.8453262Z    -> Đã thu thập 50 tin từ trang 43.
2025-09-07T00:22:17.3526774Z    -> Đang khai thác trang 44/94 (còn 9 trang nữa sẽ biến hình)...
2025-09-07T00:22:20.6008998Z       -> Bắt đầu giai đoạn 'quan sát' để chờ trang ổn định...
2025-09-07T00:22:24.9979592Z          - Trang đã ổn định (lần 1/2)...
2025-09-07T00:22:27.0300865Z          - Trang đã ổn định (lần 2/2)...
2025-09-07T00:22:27.0301683Z       -> Trang đã ổn định. Dữ liệu chi tiết đã được tải.
2025-09-07T00:22:27.0302403Z       -> Mô phỏng hành vi cuộn trang...
2025-09-07T00:22:28.0332490Z    -> Đã thu thập 50 tin từ trang 44.
2025-09-07T00:22:50.4275197Z    -> Đang khai thác trang 45/94 (còn 8 trang nữa sẽ biến hình)...
2025-09-07T00:22:53.5753334Z       -> Bắt đầu giai đoạn 'quan sát' để chờ trang ổn định...
2025-09-07T00:22:57.9459576Z          - Trang đã ổn định (lần 1/2)...
2025-09-07T00:22:59.9765810Z          - Trang đã ổn định (lần 2/2)...
2025-09-07T00:22:59.9766480Z       -> Trang đã ổn định. Dữ liệu chi tiết đã được tải.
2025-09-07T00:22:59.9766889Z       -> Mô phỏng hành vi cuộn trang...
2025-09-07T00:23:01.0161302Z    -> Đã thu thập 50 tin từ trang 45.
2025-09-07T00:23:19.7045199Z    -> Đang khai thác trang 46/94 (còn 7 trang nữa sẽ biến hình)...
2025-09-07T00:23:22.5983777Z       -> Bắt đầu giai đoạn 'quan sát' để chờ trang ổn định...
2025-09-07T00:23:26.9270748Z          - Trang đã ổn định (lần 1/2)...
2025-09-07T00:23:28.9583006Z          - Trang đã ổn định (lần 2/2)...
2025-09-07T00:23:28.9584337Z       -> Trang đã ổn định. Dữ liệu chi tiết đã được tải.
2025-09-07T00:23:28.9586101Z       -> Mô phỏng hành vi cuộn trang...
2025-09-07T00:23:30.2878277Z    -> Đã thu thập 50 tin từ trang 46.
2025-09-07T00:23:50.7650624Z    -> Đang khai thác trang 47/94 (còn 6 trang nữa sẽ biến hình)...
2025-09-07T00:23:52.9957420Z       -> Bắt đầu giai đoạn 'quan sát' để chờ trang ổn định...
2025-09-07T00:23:57.2768191Z          - Trang đã ổn định (lần 1/2)...
2025-09-07T00:23:59.3110364Z          - Trang đã ổn định (lần 2/2)...
2025-09-07T00:23:59.3111043Z       -> Trang đã ổn định. Dữ liệu chi tiết đã được tải.
2025-09-07T00:23:59.3111536Z       -> Mô phỏng hành vi cuộn trang...
2025-09-07T00:24:00.6156598Z    -> Đã thu thập 50 tin từ trang 47.
2025-09-07T00:24:21.9222454Z    -> Đang khai thác trang 48/94 (còn 5 trang nữa sẽ biến hình)...
2025-09-07T00:24:24.6412470Z       -> Bắt đầu giai đoạn 'quan sát' để chờ trang ổn định...
2025-09-07T00:24:28.9922574Z          - Trang đã ổn định (lần 1/2)...
2025-09-07T00:24:31.0229641Z          - Trang đã ổn định (lần 2/2)...
2025-09-07T00:24:31.0230235Z       -> Trang đã ổn định. Dữ liệu chi tiết đã được tải.
2025-09-07T00:24:31.0230629Z       -> Mô phỏng hành vi cuộn trang...
2025-09-07T00:24:31.9402794Z    -> Đã thu thập 50 tin từ trang 48.
2025-09-07T00:24:52.5655393Z    -> Đang khai thác trang 49/94 (còn 4 trang nữa sẽ biến hình)...
2025-09-07T00:24:54.9008736Z       -> Bắt đầu giai đoạn 'quan sát' để chờ trang ổn định...
2025-09-07T00:25:01.1686487Z          - Trang đã ổn định (lần 1/2)...
2025-09-07T00:25:03.2021417Z          - Trang đã ổn định (lần 2/2)...
2025-09-07T00:25:03.2022251Z       -> Trang đã ổn định. Dữ liệu chi tiết đã được tải.
2025-09-07T00:25:03.2023050Z       -> Mô phỏng hành vi cuộn trang...
2025-09-07T00:25:04.3909637Z    -> Đã thu thập 50 tin từ trang 49.
2025-09-07T00:25:23.2945432Z    -> Đang khai thác trang 50/94 (còn 3 trang nữa sẽ biến hình)...
2025-09-07T00:25:26.6895863Z       -> Bắt đầu giai đoạn 'quan sát' để chờ trang ổn định...
2025-09-07T00:25:31.0367770Z          - Trang đã ổn định (lần 1/2)...
2025-09-07T00:25:33.0736896Z          - Trang đã ổn định (lần 2/2)...
2025-09-07T00:25:33.0737698Z       -> Trang đã ổn định. Dữ liệu chi tiết đã được tải.
2025-09-07T00:25:33.0738370Z       -> Mô phỏng hành vi cuộn trang...
2025-09-07T00:25:34.2415780Z    -> Đã thu thập 50 tin từ trang 50.
2025-09-07T00:25:55.8096219Z    -> Đang khai thác trang 51/94 (còn 2 trang nữa sẽ biến hình)...
2025-09-07T00:25:59.1272445Z       -> Bắt đầu giai đoạn 'quan sát' để chờ trang ổn định...
2025-09-07T00:26:03.5146504Z          - Trang đã ổn định (lần 1/2)...
2025-09-07T00:26:05.5482593Z          - Trang đã ổn định (lần 2/2)...
2025-09-07T00:26:05.5483138Z       -> Trang đã ổn định. Dữ liệu chi tiết đã được tải.
2025-09-07T00:26:05.5483556Z       -> Mô phỏng hành vi cuộn trang...
2025-09-07T00:26:06.7205247Z    -> Đã thu thập 50 tin từ trang 51.
2025-09-07T00:26:30.1261476Z    -> Đang khai thác trang 52/94 (còn 1 trang nữa sẽ biến hình)...
2025-09-07T00:26:33.0315299Z       -> Bắt đầu giai đoạn 'quan sát' để chờ trang ổn định...
2025-09-07T00:26:37.4136576Z          - Trang đã ổn định (lần 1/2)...
2025-09-07T00:26:39.4496355Z          - Trang đã ổn định (lần 2/2)...
2025-09-07T00:26:39.4497126Z       -> Trang đã ổn định. Dữ liệu chi tiết đã được tải.
2025-09-07T00:26:39.4497779Z       -> Mô phỏng hành vi cuộn trang...
2025-09-07T00:26:40.5123643Z    -> Đã thu thập 50 tin từ trang 52.
2025-09-07T00:27:04.9021088Z 
2025-09-07T00:27:04.9022237Z    -> [Điệp viên] Hết độ bền nhân dạng. Bắt đầu "biến hình"...
2025-09-07T00:27:05.0235831Z -> [Điệp viên] Đang yêu cầu một danh tính proxy MỚI từ API...
2025-09-07T00:27:05.5797162Z -> [Điệp viên] Đã nhận proxy mới thành công: 27.68.167.147:20372
2025-09-07T00:27:05.5797490Z 
2025-09-07T00:27:05.5797855Z [Điệp viên] Đang khởi tạo trình duyệt với danh tính 27.68.167.147...
2025-09-07T00:27:05.8523856Z    -> [Điệp viên] "Biến hình" thành công. Độ bền nhân dạng mới: 27 trang.
2025-09-07T00:27:05.8525036Z    -> Đang khai thác trang 53/94 (còn 27 trang nữa sẽ biến hình)...
2025-09-07T00:27:17.8202836Z       -> Bắt đầu giai đoạn 'quan sát' để chờ trang ổn định...
2025-09-07T00:27:22.1146852Z          - Trang đã ổn định (lần 1/2)...
2025-09-07T00:27:26.1789635Z          - Trang đã ổn định (lần 1/2)...
2025-09-07T00:27:28.2117958Z          - Trang đã ổn định (lần 2/2)...
2025-09-07T00:27:28.2118645Z       -> Trang đã ổn định. Dữ liệu chi tiết đã được tải.
2025-09-07T00:27:28.2119135Z       -> Mô phỏng hành vi cuộn trang...
2025-09-07T00:27:29.4585187Z    -> Đã thu thập 50 tin từ trang 53.
2025-09-07T00:27:52.3963133Z    -> Đang khai thác trang 54/94 (còn 26 trang nữa sẽ biến hình)...
2025-09-07T00:27:55.7726051Z       -> Bắt đầu giai đoạn 'quan sát' để chờ trang ổn định...
2025-09-07T00:28:00.1417948Z          - Trang đã ổn định (lần 1/2)...
2025-09-07T00:28:02.1762005Z          - Trang đã ổn định (lần 2/2)...
2025-09-07T00:28:02.1762535Z       -> Trang đã ổn định. Dữ liệu chi tiết đã được tải.
2025-09-07T00:28:02.1762939Z       -> Mô phỏng hành vi cuộn trang...
2025-09-07T00:28:03.3595541Z    -> Đã thu thập 50 tin từ trang 54.
2025-09-07T00:28:26.5470744Z    -> Đang khai thác trang 55/94 (còn 25 trang nữa sẽ biến hình)...
2025-09-07T00:28:30.8682471Z       -> Bắt đầu giai đoạn 'quan sát' để chờ trang ổn định...
2025-09-07T00:28:35.2530095Z          - Trang đã ổn định (lần 1/2)...
2025-09-07T00:28:37.2847784Z          - Trang đã ổn định (lần 2/2)...
2025-09-07T00:28:37.2848469Z       -> Trang đã ổn định. Dữ liệu chi tiết đã được tải.
2025-09-07T00:28:37.2848886Z       -> Mô phỏng hành vi cuộn trang...
2025-09-07T00:28:38.2672099Z    -> Đã thu thập 50 tin từ trang 55.
2025-09-07T00:28:59.8415485Z    -> Đang khai thác trang 56/94 (còn 24 trang nữa sẽ biến hình)...
2025-09-07T00:29:04.4846795Z       -> Bắt đầu giai đoạn 'quan sát' để chờ trang ổn định...
2025-09-07T00:29:08.9420410Z          - Trang đã ổn định (lần 1/2)...
2025-09-07T00:29:10.9771613Z          - Trang đã ổn định (lần 2/2)...
2025-09-07T00:29:10.9772486Z       -> Trang đã ổn định. Dữ liệu chi tiết đã được tải.
2025-09-07T00:29:10.9773330Z       -> Mô phỏng hành vi cuộn trang...
2025-09-07T00:29:12.0585354Z    -> Đã thu thập 50 tin từ trang 56.
2025-09-07T00:29:33.1713799Z    -> Đang khai thác trang 57/94 (còn 23 trang nữa sẽ biến hình)...
2025-09-07T00:29:37.2159753Z       -> Bắt đầu giai đoạn 'quan sát' để chờ trang ổn định...
2025-09-07T00:29:41.6357512Z          - Trang đã ổn định (lần 1/2)...
2025-09-07T00:29:43.6727234Z          - Trang đã ổn định (lần 2/2)...
2025-09-07T00:29:43.6727957Z       -> Trang đã ổn định. Dữ liệu chi tiết đã được tải.
2025-09-07T00:29:43.6728664Z       -> Mô phỏng hành vi cuộn trang...
2025-09-07T00:29:44.6962340Z    -> Đã thu thập 50 tin từ trang 57.
2025-09-07T00:30:04.4428529Z    -> Đang khai thác trang 58/94 (còn 22 trang nữa sẽ biến hình)...
2025-09-07T00:30:08.1634162Z       -> Bắt đầu giai đoạn 'quan sát' để chờ trang ổn định...
2025-09-07T00:30:12.5730976Z          - Trang đã ổn định (lần 1/2)...
2025-09-07T00:30:14.6070195Z          - Trang đã ổn định (lần 2/2)...
2025-09-07T00:30:14.6071665Z       -> Trang đã ổn định. Dữ liệu chi tiết đã được tải.
2025-09-07T00:30:14.6072389Z       -> Mô phỏng hành vi cuộn trang...
2025-09-07T00:30:15.8144797Z    -> Đã thu thập 50 tin từ trang 58.
2025-09-07T00:30:38.8679738Z    -> Đang khai thác trang 59/94 (còn 21 trang nữa sẽ biến hình)...
2025-09-07T00:30:43.4099798Z       -> Bắt đầu giai đoạn 'quan sát' để chờ trang ổn định...
2025-09-07T00:30:47.7060471Z          - Trang đã ổn định (lần 1/2)...
2025-09-07T00:30:49.7377792Z          - Trang đã ổn định (lần 2/2)...
2025-09-07T00:30:49.7378576Z       -> Trang đã ổn định. Dữ liệu chi tiết đã được tải.
2025-09-07T00:30:49.7379146Z       -> Mô phỏng hành vi cuộn trang...
2025-09-07T00:30:50.9403450Z    -> Đã thu thập 50 tin từ trang 59.
2025-09-07T00:31:12.6523635Z    -> Đang khai thác trang 60/94 (còn 20 trang nữa sẽ biến hình)...
2025-09-07T00:31:16.3444645Z       -> Bắt đầu giai đoạn 'quan sát' để chờ trang ổn định...
2025-09-07T00:31:20.7588755Z          - Trang đã ổn định (lần 1/2)...
2025-09-07T00:31:22.7917993Z          - Trang đã ổn định (lần 2/2)...
2025-09-07T00:31:22.7918577Z       -> Trang đã ổn định. Dữ liệu chi tiết đã được tải.
2025-09-07T00:31:22.7919006Z       -> Mô phỏng hành vi cuộn trang...
2025-09-07T00:31:24.0749320Z    -> Đã thu thập 50 tin từ trang 60.
2025-09-07T00:31:45.7683964Z    -> Đang khai thác trang 61/94 (còn 19 trang nữa sẽ biến hình)...
2025-09-07T00:31:49.1551448Z       -> Bắt đầu giai đoạn 'quan sát' để chờ trang ổn định...
2025-09-07T00:31:53.5368131Z          - Trang đã ổn định (lần 1/2)...
2025-09-07T00:31:55.5690633Z          - Trang đã ổn định (lần 2/2)...
2025-09-07T00:31:55.5691420Z       -> Trang đã ổn định. Dữ liệu chi tiết đã được tải.
2025-09-07T00:31:55.5692061Z       -> Mô phỏng hành vi cuộn trang...
2025-09-07T00:31:56.5918319Z    -> Đã thu thập 50 tin từ trang 61.
2025-09-07T00:32:18.8441061Z    -> Đang khai thác trang 62/94 (còn 18 trang nữa sẽ biến hình)...
2025-09-07T00:32:21.7693390Z       -> Bắt đầu giai đoạn 'quan sát' để chờ trang ổn định...
2025-09-07T00:32:26.2335819Z          - Trang đã ổn định (lần 1/2)...
2025-09-07T00:32:28.2648681Z          - Trang đã ổn định (lần 2/2)...
2025-09-07T00:32:28.2649322Z       -> Trang đã ổn định. Dữ liệu chi tiết đã được tải.
2025-09-07T00:32:28.2649821Z       -> Mô phỏng hành vi cuộn trang...
2025-09-07T00:32:29.4210396Z    -> Đã thu thập 50 tin từ trang 62.
2025-09-07T00:32:52.3868198Z    -> Đang khai thác trang 63/94 (còn 17 trang nữa sẽ biến hình)...
2025-09-07T00:32:55.6200753Z       -> Bắt đầu giai đoạn 'quan sát' để chờ trang ổn định...
2025-09-07T00:33:00.1684065Z          - Trang đã ổn định (lần 1/2)...
2025-09-07T00:33:02.2003161Z          - Trang đã ổn định (lần 2/2)...
2025-09-07T00:33:02.2003946Z       -> Trang đã ổn định. Dữ liệu chi tiết đã được tải.
2025-09-07T00:33:02.2004846Z       -> Mô phỏng hành vi cuộn trang...
2025-09-07T00:33:03.2340436Z    -> Đã thu thập 50 tin từ trang 63.
2025-09-07T00:33:24.8816407Z    -> Đang khai thác trang 64/94 (còn 16 trang nữa sẽ biến hình)...
2025-09-07T00:33:27.9940148Z       -> Bắt đầu giai đoạn 'quan sát' để chờ trang ổn định...
2025-09-07T00:33:32.3564176Z          - Trang đã ổn định (lần 1/2)...
2025-09-07T00:33:34.3854036Z          - Trang đã ổn định (lần 2/2)...
2025-09-07T00:33:34.3855106Z       -> Trang đã ổn định. Dữ liệu chi tiết đã được tải.
2025-09-07T00:33:34.3855784Z       -> Mô phỏng hành vi cuộn trang...
2025-09-07T00:33:35.4485619Z    -> Đã thu thập 50 tin từ trang 64.
2025-09-07T00:33:57.0710955Z    -> Đang khai thác trang 65/94 (còn 15 trang nữa sẽ biến hình)...
2025-09-07T00:34:00.7971108Z       -> Bắt đầu giai đoạn 'quan sát' để chờ trang ổn định...
2025-09-07T00:34:07.3214203Z          - Trang đã ổn định (lần 1/2)...
2025-09-07T00:34:11.3821418Z          - Trang đã ổn định (lần 1/2)...
2025-09-07T00:34:13.4135701Z          - Trang đã ổn định (lần 2/2)...
2025-09-07T00:34:13.4136991Z       -> Trang đã ổn định. Dữ liệu chi tiết đã được tải.
2025-09-07T00:34:13.4137714Z       -> Mô phỏng hành vi cuộn trang...
2025-09-07T00:34:14.6050212Z    -> Đã thu thập 50 tin từ trang 65.
2025-09-07T00:34:38.5376905Z    -> Đang khai thác trang 66/94 (còn 14 trang nữa sẽ biến hình)...
2025-09-07T00:34:42.5806159Z       -> Bắt đầu giai đoạn 'quan sát' để chờ trang ổn định...
2025-09-07T00:34:46.9591681Z          - Trang đã ổn định (lần 1/2)...
2025-09-07T00:34:48.9935516Z          - Trang đã ổn định (lần 2/2)...
2025-09-07T00:34:48.9936338Z       -> Trang đã ổn định. Dữ liệu chi tiết đã được tải.
2025-09-07T00:34:48.9937068Z       -> Mô phỏng hành vi cuộn trang...
2025-09-07T00:34:50.1470993Z    -> Đã thu thập 50 tin từ trang 66.
2025-09-07T00:35:08.3280583Z    -> Đang khai thác trang 67/94 (còn 13 trang nữa sẽ biến hình)...
2025-09-07T00:35:11.8947822Z       -> Bắt đầu giai đoạn 'quan sát' để chờ trang ổn định...
2025-09-07T00:35:16.3955150Z          - Trang đã ổn định (lần 1/2)...
2025-09-07T00:35:18.4330271Z          - Trang đã ổn định (lần 2/2)...
2025-09-07T00:35:18.4331241Z       -> Trang đã ổn định. Dữ liệu chi tiết đã được tải.
2025-09-07T00:35:18.4332504Z       -> Mô phỏng hành vi cuộn trang...
2025-09-07T00:35:19.4658934Z    -> Đã thu thập 50 tin từ trang 67.
2025-09-07T00:35:44.3349709Z    -> Đang khai thác trang 68/94 (còn 12 trang nữa sẽ biến hình)...
2025-09-07T00:35:46.7718757Z       -> Bắt đầu giai đoạn 'quan sát' để chờ trang ổn định...
2025-09-07T00:35:51.0489113Z          - Trang đã ổn định (lần 1/2)...
2025-09-07T00:35:55.1102358Z          - Trang đã ổn định (lần 1/2)...
2025-09-07T00:35:57.1395760Z          - Trang đã ổn định (lần 2/2)...
2025-09-07T00:35:57.1396585Z       -> Trang đã ổn định. Dữ liệu chi tiết đã được tải.
2025-09-07T00:35:57.1397269Z       -> Mô phỏng hành vi cuộn trang...
2025-09-07T00:35:58.3932334Z    -> Đã thu thập 50 tin từ trang 68.
2025-09-07T00:36:20.1104339Z    -> Đang khai thác trang 69/94 (còn 11 trang nữa sẽ biến hình)...
2025-09-07T00:36:22.5443357Z       -> Bắt đầu giai đoạn 'quan sát' để chờ trang ổn định...
2025-09-07T00:36:28.8966794Z          - Trang đã ổn định (lần 1/2)...
2025-09-07T00:36:30.9293657Z          - Trang đã ổn định (lần 2/2)...
2025-09-07T00:36:30.9294248Z       -> Trang đã ổn định. Dữ liệu chi tiết đã được tải.
2025-09-07T00:36:30.9294977Z       -> Mô phỏng hành vi cuộn trang...
2025-09-07T00:36:32.2252841Z    -> Đã thu thập 50 tin từ trang 69.
2025-09-07T00:36:50.9838133Z    -> Đang khai thác trang 70/94 (còn 10 trang nữa sẽ biến hình)...
2025-09-07T00:36:53.6470868Z       -> Bắt đầu giai đoạn 'quan sát' để chờ trang ổn định...
2025-09-07T00:36:58.0238797Z          - Trang đã ổn định (lần 1/2)...
2025-09-07T00:37:00.0567144Z          - Trang đã ổn định (lần 2/2)...
2025-09-07T00:37:00.0568134Z       -> Trang đã ổn định. Dữ liệu chi tiết đã được tải.
2025-09-07T00:37:00.0569231Z       -> Mô phỏng hành vi cuộn trang...
2025-09-07T00:37:01.3877257Z    -> Đã thu thập 50 tin từ trang 70.
2025-09-07T00:37:25.2500078Z    -> Đang khai thác trang 71/94 (còn 9 trang nữa sẽ biến hình)...
2025-09-07T00:37:27.7238717Z       -> Bắt đầu giai đoạn 'quan sát' để chờ trang ổn định...
2025-09-07T00:37:32.1538749Z          - Trang đã ổn định (lần 1/2)...
2025-09-07T00:37:34.1876217Z          - Trang đã ổn định (lần 2/2)...
2025-09-07T00:37:34.1877030Z       -> Trang đã ổn định. Dữ liệu chi tiết đã được tải.
2025-09-07T00:37:34.1877762Z       -> Mô phỏng hành vi cuộn trang...
2025-09-07T00:37:35.3645633Z    -> Đã thu thập 50 tin từ trang 71.
2025-09-07T00:37:55.3821878Z    -> Đang khai thác trang 72/94 (còn 8 trang nữa sẽ biến hình)...
2025-09-07T00:37:57.8736766Z       -> Bắt đầu giai đoạn 'quan sát' để chờ trang ổn định...
2025-09-07T00:38:02.1861055Z          - Trang đã ổn định (lần 1/2)...
2025-09-07T00:38:04.2236751Z          - Trang đã ổn định (lần 2/2)...
2025-09-07T00:38:04.2237531Z       -> Trang đã ổn định. Dữ liệu chi tiết đã được tải.
2025-09-07T00:38:04.2238223Z       -> Mô phỏng hành vi cuộn trang...
2025-09-07T00:38:05.1309772Z    -> Đã thu thập 50 tin từ trang 72.
2025-09-07T00:38:28.9826949Z    -> Đang khai thác trang 73/94 (còn 7 trang nữa sẽ biến hình)...
2025-09-07T00:38:31.6744073Z       -> Bắt đầu giai đoạn 'quan sát' để chờ trang ổn định...
2025-09-07T00:38:36.1074969Z          - Trang đã ổn định (lần 1/2)...
2025-09-07T00:38:38.1385991Z          - Trang đã ổn định (lần 2/2)...
2025-09-07T00:38:38.1387034Z       -> Trang đã ổn định. Dữ liệu chi tiết đã được tải.
2025-09-07T00:38:38.1388219Z       -> Mô phỏng hành vi cuộn trang...
2025-09-07T00:38:39.1978269Z    -> Đã thu thập 50 tin từ trang 73.
2025-09-07T00:39:01.3782768Z    -> Đang khai thác trang 74/94 (còn 6 trang nữa sẽ biến hình)...
2025-09-07T00:39:04.0601312Z       -> Bắt đầu giai đoạn 'quan sát' để chờ trang ổn định...
2025-09-07T00:39:08.5097249Z          - Trang đã ổn định (lần 1/2)...
2025-09-07T00:39:10.5390295Z          - Trang đã ổn định (lần 2/2)...
2025-09-07T00:39:10.5391150Z       -> Trang đã ổn định. Dữ liệu chi tiết đã được tải.
2025-09-07T00:39:10.5391950Z       -> Mô phỏng hành vi cuộn trang...
2025-09-07T00:39:11.6280668Z    -> Đã thu thập 50 tin từ trang 74.
2025-09-07T00:39:35.8417455Z    -> Đang khai thác trang 75/94 (còn 5 trang nữa sẽ biến hình)...
2025-09-07T00:39:38.1551027Z       -> Bắt đầu giai đoạn 'quan sát' để chờ trang ổn định...
2025-09-07T00:39:42.5485037Z          - Trang đã ổn định (lần 1/2)...
2025-09-07T00:39:44.5847110Z          - Trang đã ổn định (lần 2/2)...
2025-09-07T00:39:44.5847775Z       -> Trang đã ổn định. Dữ liệu chi tiết đã được tải.
2025-09-07T00:39:44.5848178Z       -> Mô phỏng hành vi cuộn trang...
2025-09-07T00:39:45.6918399Z    -> Đã thu thập 50 tin từ trang 75.
2025-09-07T00:40:09.8541556Z    -> Đang khai thác trang 76/94 (còn 4 trang nữa sẽ biến hình)...
2025-09-07T00:40:12.5881160Z       -> Bắt đầu giai đoạn 'quan sát' để chờ trang ổn định...
2025-09-07T00:40:16.9318823Z          - Trang đã ổn định (lần 1/2)...
2025-09-07T00:40:18.9667677Z          - Trang đã ổn định (lần 2/2)...
2025-09-07T00:40:18.9668613Z       -> Trang đã ổn định. Dữ liệu chi tiết đã được tải.
2025-09-07T00:40:18.9669375Z       -> Mô phỏng hành vi cuộn trang...
2025-09-07T00:40:20.2291092Z    -> Đã thu thập 50 tin từ trang 76.
2025-09-07T00:40:40.1470563Z    -> Đang khai thác trang 77/94 (còn 3 trang nữa sẽ biến hình)...
2025-09-07T00:40:42.7642516Z       -> Bắt đầu giai đoạn 'quan sát' để chờ trang ổn định...
2025-09-07T00:40:47.1391007Z          - Trang đã ổn định (lần 1/2)...
2025-09-07T00:40:49.1718136Z          - Trang đã ổn định (lần 2/2)...
2025-09-07T00:40:49.1718661Z       -> Trang đã ổn định. Dữ liệu chi tiết đã được tải.
2025-09-07T00:40:49.1719070Z       -> Mô phỏng hành vi cuộn trang...
2025-09-07T00:40:50.1246137Z    -> Đã thu thập 50 tin từ trang 77.
2025-09-07T00:41:11.9257599Z    -> Đang khai thác trang 78/94 (còn 2 trang nữa sẽ biến hình)...
2025-09-07T00:41:15.0422071Z       -> Bắt đầu giai đoạn 'quan sát' để chờ trang ổn định...
2025-09-07T00:41:21.4638036Z          - Trang đã ổn định (lần 1/2)...
2025-09-07T00:41:25.5271052Z          - Trang đã ổn định (lần 1/2)...
2025-09-07T00:41:27.5606224Z          - Trang đã ổn định (lần 2/2)...
2025-09-07T00:41:27.5606835Z       -> Trang đã ổn định. Dữ liệu chi tiết đã được tải.
2025-09-07T00:41:27.5607771Z       -> Mô phỏng hành vi cuộn trang...
2025-09-07T00:41:28.5061255Z    -> Đã thu thập 50 tin từ trang 78.
2025-09-07T00:41:48.9708184Z    -> Đang khai thác trang 79/94 (còn 1 trang nữa sẽ biến hình)...
2025-09-07T00:41:51.8535730Z       -> Bắt đầu giai đoạn 'quan sát' để chờ trang ổn định...
2025-09-07T00:41:56.2272333Z          - Trang đã ổn định (lần 1/2)...
2025-09-07T00:41:58.2613544Z          - Trang đã ổn định (lần 2/2)...
2025-09-07T00:41:58.2614733Z       -> Trang đã ổn định. Dữ liệu chi tiết đã được tải.
2025-09-07T00:41:58.2615596Z       -> Mô phỏng hành vi cuộn trang...
2025-09-07T00:41:59.4210854Z    -> Đã thu thập 50 tin từ trang 79.
2025-09-07T00:42:22.5441563Z 
2025-09-07T00:42:22.5442622Z    -> [Điệp viên] Hết độ bền nhân dạng. Bắt đầu "biến hình"...
2025-09-07T00:42:22.6683349Z -> [Điệp viên] Đang yêu cầu một danh tính proxy MỚI từ API...
2025-09-07T00:42:23.7134991Z -> [Điệp viên] Đã nhận proxy mới thành công: 118.68.128.102:16895
2025-09-07T00:42:23.7135552Z 
2025-09-07T00:42:23.7136452Z [Điệp viên] Đang khởi tạo trình duyệt với danh tính 118.68.128.102...
2025-09-07T00:42:23.9773443Z    -> [Điệp viên] "Biến hình" thành công. Độ bền nhân dạng mới: 24 trang.
2025-09-07T00:42:23.9775571Z    -> Đang khai thác trang 80/94 (còn 24 trang nữa sẽ biến hình)...
2025-09-07T00:42:35.5208967Z       -> Bắt đầu giai đoạn 'quan sát' để chờ trang ổn định...
2025-09-07T00:42:37.7053711Z          - Trang đã ổn định (lần 1/2)...
2025-09-07T00:42:39.7345302Z          - Trang đã ổn định (lần 2/2)...
2025-09-07T00:42:39.7346130Z       -> Trang đã ổn định. Dữ liệu chi tiết đã được tải.
2025-09-07T00:42:39.7346861Z       -> Mô phỏng hành vi cuộn trang...
2025-09-07T00:42:40.8582205Z    -> Đã thu thập 50 tin từ trang 80.
2025-09-07T00:43:05.0967920Z    -> Đang khai thác trang 81/94 (còn 23 trang nữa sẽ biến hình)...
2025-09-07T00:43:07.5464569Z       -> Bắt đầu giai đoạn 'quan sát' để chờ trang ổn định...
2025-09-07T00:43:13.8367048Z          - Trang đã ổn định (lần 1/2)...
2025-09-07T00:43:15.8679379Z          - Trang đã ổn định (lần 2/2)...
2025-09-07T00:43:15.8680222Z       -> Trang đã ổn định. Dữ liệu chi tiết đã được tải.
2025-09-07T00:43:15.8680961Z       -> Mô phỏng hành vi cuộn trang...
2025-09-07T00:43:16.7496918Z    -> Đã thu thập 50 tin từ trang 81.
2025-09-07T00:43:38.5309946Z    -> Đang khai thác trang 82/94 (còn 22 trang nữa sẽ biến hình)...
2025-09-07T00:43:40.6523905Z       -> Bắt đầu giai đoạn 'quan sát' để chờ trang ổn định...
2025-09-07T00:43:44.9100082Z          - Trang đã ổn định (lần 1/2)...
2025-09-07T00:43:46.9410366Z          - Trang đã ổn định (lần 2/2)...
2025-09-07T00:43:46.9411346Z       -> Trang đã ổn định. Dữ liệu chi tiết đã được tải.
2025-09-07T00:43:46.9412165Z       -> Mô phỏng hành vi cuộn trang...
2025-09-07T00:43:47.8492659Z    -> Đã thu thập 50 tin từ trang 82.
2025-09-07T00:44:09.6852250Z    -> Đang khai thác trang 83/94 (còn 21 trang nữa sẽ biến hình)...
2025-09-07T00:44:11.6461574Z       -> Bắt đầu giai đoạn 'quan sát' để chờ trang ổn định...
2025-09-07T00:44:15.9901477Z          - Trang đã ổn định (lần 1/2)...
2025-09-07T00:44:18.0200610Z          - Trang đã ổn định (lần 2/2)...
2025-09-07T00:44:18.0201224Z       -> Trang đã ổn định. Dữ liệu chi tiết đã được tải.
2025-09-07T00:44:18.0201757Z       -> Mô phỏng hành vi cuộn trang...
2025-09-07T00:44:19.3543335Z    -> Đã thu thập 50 tin từ trang 83.
2025-09-07T00:44:38.3568885Z    -> Đang khai thác trang 84/94 (còn 20 trang nữa sẽ biến hình)...
2025-09-07T00:44:40.2722110Z       -> Bắt đầu giai đoạn 'quan sát' để chờ trang ổn định...
2025-09-07T00:44:44.5740124Z          - Trang đã ổn định (lần 1/2)...
2025-09-07T00:44:46.6075118Z          - Trang đã ổn định (lần 2/2)...
2025-09-07T00:44:46.6075914Z       -> Trang đã ổn định. Dữ liệu chi tiết đã được tải.
2025-09-07T00:44:46.6076608Z       -> Mô phỏng hành vi cuộn trang...
2025-09-07T00:44:47.7793093Z    -> Đã thu thập 50 tin từ trang 84.
2025-09-07T00:45:10.5273727Z    -> Đang khai thác trang 85/94 (còn 19 trang nữa sẽ biến hình)...
2025-09-07T00:45:12.4718360Z       -> Bắt đầu giai đoạn 'quan sát' để chờ trang ổn định...
2025-09-07T00:45:16.8182569Z          - Trang đã ổn định (lần 1/2)...
2025-09-07T00:45:18.8512065Z          - Trang đã ổn định (lần 2/2)...
2025-09-07T00:45:18.8512596Z       -> Trang đã ổn định. Dữ liệu chi tiết đã được tải.
2025-09-07T00:45:18.8513035Z       -> Mô phỏng hành vi cuộn trang...
2025-09-07T00:45:19.9027034Z    -> Đã thu thập 50 tin từ trang 85.
2025-09-07T00:45:41.1939329Z    -> Đang khai thác trang 86/94 (còn 18 trang nữa sẽ biến hình)...
2025-09-07T00:45:43.0572956Z       -> Bắt đầu giai đoạn 'quan sát' để chờ trang ổn định...
2025-09-07T00:45:47.4165810Z          - Trang đã ổn định (lần 1/2)...
2025-09-07T00:45:49.4535770Z          - Trang đã ổn định (lần 2/2)...
2025-09-07T00:45:49.4538362Z       -> Trang đã ổn định. Dữ liệu chi tiết đã được tải.
2025-09-07T00:45:49.4539029Z       -> Mô phỏng hành vi cuộn trang...
2025-09-07T00:45:50.3454843Z    -> Đã thu thập 50 tin từ trang 86.
2025-09-07T00:46:13.0247712Z    -> Đang khai thác trang 87/94 (còn 17 trang nữa sẽ biến hình)...
2025-09-07T00:46:14.9132982Z       -> Bắt đầu giai đoạn 'quan sát' để chờ trang ổn định...
2025-09-07T00:46:19.2853719Z          - Trang đã ổn định (lần 1/2)...
2025-09-07T00:46:21.3160140Z          - Trang đã ổn định (lần 2/2)...
2025-09-07T00:46:21.3160890Z       -> Trang đã ổn định. Dữ liệu chi tiết đã được tải.
2025-09-07T00:46:21.3161394Z       -> Mô phỏng hành vi cuộn trang...
2025-09-07T00:46:22.2006250Z    -> Đã thu thập 50 tin từ trang 87.
2025-09-07T00:46:43.3476993Z    -> Đang khai thác trang 88/94 (còn 16 trang nữa sẽ biến hình)...
2025-09-07T00:46:45.2816264Z       -> Bắt đầu giai đoạn 'quan sát' để chờ trang ổn định...
2025-09-07T00:46:49.6309179Z          - Trang đã ổn định (lần 1/2)...
2025-09-07T00:46:51.6622234Z          - Trang đã ổn định (lần 2/2)...
2025-09-07T00:46:51.6623723Z       -> Trang đã ổn định. Dữ liệu chi tiết đã được tải.
2025-09-07T00:46:51.6624638Z       -> Mô phỏng hành vi cuộn trang...
2025-09-07T00:46:52.9582134Z    -> Đã thu thập 50 tin từ trang 88.
2025-09-07T00:47:11.1153901Z    -> Đang khai thác trang 89/94 (còn 15 trang nữa sẽ biến hình)...
2025-09-07T00:47:13.4012249Z       -> Bắt đầu giai đoạn 'quan sát' để chờ trang ổn định...
2025-09-07T00:47:17.6425856Z          - Trang đã ổn định (lần 1/2)...
2025-09-07T00:47:19.6718599Z          - Trang đã ổn định (lần 2/2)...
2025-09-07T00:47:19.6719228Z       -> Trang đã ổn định. Dữ liệu chi tiết đã được tải.
2025-09-07T00:47:19.6719743Z       -> Mô phỏng hành vi cuộn trang...
2025-09-07T00:47:20.7160071Z    -> Đã thu thập 50 tin từ trang 89.
2025-09-07T00:47:43.0384141Z    -> Đang khai thác trang 90/94 (còn 14 trang nữa sẽ biến hình)...
2025-09-07T00:47:45.0281814Z       -> Bắt đầu giai đoạn 'quan sát' để chờ trang ổn định...
2025-09-07T00:47:51.2944153Z          - Trang đã ổn định (lần 1/2)...
2025-09-07T00:47:53.3270771Z          - Trang đã ổn định (lần 2/2)...
2025-09-07T00:47:53.3271323Z       -> Trang đã ổn định. Dữ liệu chi tiết đã được tải.
2025-09-07T00:47:53.3272092Z       -> Mô phỏng hành vi cuộn trang...
2025-09-07T00:47:54.4417608Z    -> Đã thu thập 50 tin từ trang 90.
2025-09-07T00:48:18.8599062Z    -> Đang khai thác trang 91/94 (còn 13 trang nữa sẽ biến hình)...
2025-09-07T00:48:20.8470964Z       -> Bắt đầu giai đoạn 'quan sát' để chờ trang ổn định...
2025-09-07T00:48:25.1764993Z          - Trang đã ổn định (lần 1/2)...
2025-09-07T00:48:27.2073533Z          - Trang đã ổn định (lần 2/2)...
2025-09-07T00:48:27.2074327Z       -> Trang đã ổn định. Dữ liệu chi tiết đã được tải.
2025-09-07T00:48:27.2075326Z       -> Mô phỏng hành vi cuộn trang...
2025-09-07T00:48:28.1376578Z    -> Đã thu thập 50 tin từ trang 91.
2025-09-07T00:48:48.4179493Z    -> Đang khai thác trang 92/94 (còn 12 trang nữa sẽ biến hình)...
2025-09-07T00:48:50.3952493Z       -> Bắt đầu giai đoạn 'quan sát' để chờ trang ổn định...
2025-09-07T00:48:54.7415817Z          - Trang đã ổn định (lần 1/2)...
2025-09-07T00:48:56.7751764Z          - Trang đã ổn định (lần 2/2)...
2025-09-07T00:48:56.7752825Z       -> Trang đã ổn định. Dữ liệu chi tiết đã được tải.
2025-09-07T00:48:56.7753638Z       -> Mô phỏng hành vi cuộn trang...
2025-09-07T00:48:57.8806341Z    -> Đã thu thập 50 tin từ trang 92.
2025-09-07T00:49:16.3651848Z    -> Đang khai thác trang 93/94 (còn 11 trang nữa sẽ biến hình)...
2025-09-07T00:49:17.9777465Z       -> Bắt đầu giai đoạn 'quan sát' để chờ trang ổn định...
2025-09-07T00:49:22.1849694Z          - Trang đã ổn định (lần 1/2)...
2025-09-07T00:49:24.1911272Z          - Trang đã ổn định (lần 2/2)...
2025-09-07T00:49:24.1912137Z       -> Trang đã ổn định. Dữ liệu chi tiết đã được tải.
2025-09-07T00:49:24.1912884Z       -> Mô phỏng hành vi cuộn trang...
2025-09-07T00:49:25.1604055Z    -> Đã thu thập 4 tin từ trang 93.
2025-09-07T00:49:43.3458213Z    -> Đang khai thác trang 94/94 (còn 10 trang nữa sẽ biến hình)...
2025-09-07T00:49:45.5782911Z       -> Bắt đầu giai đoạn 'quan sát' để chờ trang ổn định...
2025-09-07T00:49:47.7611627Z          - Trang đã ổn định (lần 1/2)...
2025-09-07T00:49:49.7670609Z          - Trang đã ổn định (lần 2/2)...
2025-09-07T00:49:49.7671520Z       -> Trang đã ổn định. Dữ liệu chi tiết đã được tải.
2025-09-07T00:49:49.7672285Z       -> Mô phỏng hành vi cuộn trang...
2025-09-07T00:49:50.7054183Z    -> Đã thu thập 4 tin từ trang 94.
2025-09-07T00:50:14.6565541Z 
2025-09-07T00:50:14.6567989Z [Điệp viên] Rút lui an toàn, đã đóng trình duyệt.
2025-09-07T00:50:14.9284003Z 
2025-09-07T00:50:14.9287125Z --- BÁO CÁO NHIỆM VỤ ---
2025-09-07T00:50:14.9288217Z Đã tổng hợp 4608 tin duy nhất vào data/topcv_ke-toan_07-09-2025.csv
2025-09-07T00:50:15.0668051Z ##[group]Run # Đồng bộ hóa với các file dữ liệu cũ (nếu có) để tránh lỗi push
2025-09-07T00:50:15.0668590Z [36;1m# Đồng bộ hóa với các file dữ liệu cũ (nếu có) để tránh lỗi push[0m
2025-09-07T00:50:15.0668955Z [36;1mgit pull origin main --rebase[0m
2025-09-07T00:50:15.0669233Z [36;1m[0m
2025-09-07T00:50:15.0669502Z [36;1mgit config --global user.name 'GitHub Actions Scraper'[0m
2025-09-07T00:50:15.0669908Z [36;1mgit config --global user.email 'actions@github.com'[0m
2025-09-07T00:50:15.0670533Z [36;1mgit add data/topcv_ke-toan_07-09-2025.csv[0m
2025-09-07T00:50:15.0670960Z [36;1mgit commit -m "📊 Dữ liệu TopCV: Thêm 4608 tin mới vào data/topcv_ke-toan_07-09-2025.csv"[0m
2025-09-07T00:50:15.0671346Z [36;1mgit push[0m
2025-09-07T00:50:15.0700926Z shell: /usr/bin/bash -e {0}
2025-09-07T00:50:15.0701180Z ##[endgroup]
2025-09-07T00:50:15.2586555Z error: cannot pull with rebase: You have unstaged changes.
2025-09-07T00:50:15.2589321Z error: Please commit or stash them.
2025-09-07T00:50:15.2608673Z ##[error]Process completed with exit code 128.
2025-09-07T00:50:15.2683707Z Post job cleanup.
2025-09-07T00:50:15.3638493Z [command]/usr/bin/git version
2025-09-07T00:50:15.3679270Z git version 2.51.0
2025-09-07T00:50:15.3724918Z Temporarily overriding HOME='/home/runner/work/_temp/403642ca-fedd-4220-8e4e-56102279ef17' before making global git config changes
2025-09-07T00:50:15.3726399Z Adding repository directory to the temporary git global config as a safe directory
2025-09-07T00:50:15.3738538Z [command]/usr/bin/git config --global --add safe.directory /home/runner/work/topcv-job-scraper/topcv-job-scraper
2025-09-07T00:50:15.3772975Z [command]/usr/bin/git config --local --name-only --get-regexp core\.sshCommand
2025-09-07T00:50:15.3805397Z [command]/usr/bin/git submodule foreach --recursive sh -c "git config --local --name-only --get-regexp 'core\.sshCommand' && git config --local --unset-all 'core.sshCommand' || :"
2025-09-07T00:50:15.4048944Z [command]/usr/bin/git config --local --name-only --get-regexp http\.https\:\/\/github\.com\/\.extraheader
2025-09-07T00:50:15.4069716Z http.https://github.com/.extraheader
2025-09-07T00:50:15.4082646Z [command]/usr/bin/git config --local --unset-all http.https://github.com/.extraheader
2025-09-07T00:50:15.4113384Z [command]/usr/bin/git submodule foreach --recursive sh -c "git config --local --name-only --get-regexp 'http\.https\:\/\/github\.com\/\.extraheader' && git config --local --unset-all 'http.https://github.com/.extraheader' || :"
2025-09-07T00:50:15.4447802Z Cleaning up orphan processes
