2025-09-08T12:22:57.7739523Z Current runner version: '2.328.0'
2025-09-08T12:22:57.7764312Z ##[group]Runner Image Provisioner
2025-09-08T12:22:57.7765184Z Hosted Compute Agent
2025-09-08T12:22:57.7765744Z Version: 20250829.383
2025-09-08T12:22:57.7766429Z Commit: 27cb235aab5b0e52e153a26cd86b4742e89dac5d
2025-09-08T12:22:57.7767127Z Build Date: 2025-08-29T13:48:48Z
2025-09-08T12:22:57.7767704Z ##[endgroup]
2025-09-08T12:22:57.7768323Z ##[group]Operating System
2025-09-08T12:22:57.7768851Z Ubuntu
2025-09-08T12:22:57.7769303Z 24.04.3
2025-09-08T12:22:57.7769827Z LTS
2025-09-08T12:22:57.7770304Z ##[endgroup]
2025-09-08T12:22:57.7770828Z ##[group]Runner Image
2025-09-08T12:22:57.7771804Z Image: ubuntu-24.04
2025-09-08T12:22:57.7772320Z Version: 20250831.1.0
2025-09-08T12:22:57.7773339Z Included Software: https://github.com/actions/runner-images/blob/ubuntu24/20250831.1/images/ubuntu/Ubuntu2404-Readme.md
2025-09-08T12:22:57.7774949Z Image Release: https://github.com/actions/runner-images/releases/tag/ubuntu24%2F20250831.1
2025-09-08T12:22:57.7776005Z ##[endgroup]
2025-09-08T12:22:57.7778535Z ##[group]GITHUB_TOKEN Permissions
2025-09-08T12:22:57.7780410Z Actions: write
2025-09-08T12:22:57.7781370Z Attestations: write
2025-09-08T12:22:57.7781927Z Checks: write
2025-09-08T12:22:57.7782543Z Contents: write
2025-09-08T12:22:57.7783048Z Deployments: write
2025-09-08T12:22:57.7783578Z Discussions: write
2025-09-08T12:22:57.7784125Z Issues: write
2025-09-08T12:22:57.7784620Z Metadata: read
2025-09-08T12:22:57.7785145Z Models: read
2025-09-08T12:22:57.7785674Z Packages: write
2025-09-08T12:22:57.7786173Z Pages: write
2025-09-08T12:22:57.7786670Z PullRequests: write
2025-09-08T12:22:57.7787247Z RepositoryProjects: write
2025-09-08T12:22:57.7787794Z SecurityEvents: write
2025-09-08T12:22:57.7788455Z Statuses: write
2025-09-08T12:22:57.7789007Z ##[endgroup]
2025-09-08T12:22:57.7791530Z Secret source: Actions
2025-09-08T12:22:57.7792418Z Prepare workflow directory
2025-09-08T12:22:57.8111134Z Prepare all required actions
2025-09-08T12:22:57.8149018Z Getting action download info
2025-09-08T12:22:58.2673125Z Download action repository 'actions/checkout@v4' (SHA:08eba0b27e820071cde6df949e0beb9ba4906955)
2025-09-08T12:22:58.4261893Z Download action repository 'actions/setup-node@v4' (SHA:49933ea5288caeca8642d1e84afbd3f7d6820020)
2025-09-08T12:22:58.5722198Z Download action repository 'browser-actions/setup-chrome@latest' (SHA:b94431e051d1c52dcbe9a7092a4f10f827795416)
2025-09-08T12:22:59.1211779Z Complete job name: scrape-and-commit
2025-09-08T12:22:59.1884633Z ##[group]Run actions/checkout@v4
2025-09-08T12:22:59.1885451Z with:
2025-09-08T12:22:59.1885826Z   fetch-depth: 0
2025-09-08T12:22:59.1886273Z   repository: thiensang1/topcv-job-scraper
2025-09-08T12:22:59.1886962Z   token: ***
2025-09-08T12:22:59.1887345Z   ssh-strict: true
2025-09-08T12:22:59.1887840Z   ssh-user: git
2025-09-08T12:22:59.1888252Z   persist-credentials: true
2025-09-08T12:22:59.1888771Z   clean: true
2025-09-08T12:22:59.1889288Z   sparse-checkout-cone-mode: true
2025-09-08T12:22:59.1889769Z   fetch-tags: false
2025-09-08T12:22:59.1890180Z   show-progress: true
2025-09-08T12:22:59.1890588Z   lfs: false
2025-09-08T12:22:59.1891148Z   submodules: false
2025-09-08T12:22:59.1891571Z   set-safe-directory: true
2025-09-08T12:22:59.1892271Z ##[endgroup]
2025-09-08T12:22:59.2929723Z Syncing repository: thiensang1/topcv-job-scraper
2025-09-08T12:22:59.2931581Z ##[group]Getting Git version info
2025-09-08T12:22:59.2932512Z Working directory is '/home/runner/work/topcv-job-scraper/topcv-job-scraper'
2025-09-08T12:22:59.2933557Z [command]/usr/bin/git version
2025-09-08T12:22:59.3038428Z git version 2.51.0
2025-09-08T12:22:59.3064498Z ##[endgroup]
2025-09-08T12:22:59.3077580Z Temporarily overriding HOME='/home/runner/work/_temp/6fe90b59-cf35-4861-816f-6d3859ed7820' before making global git config changes
2025-09-08T12:22:59.3089710Z Adding repository directory to the temporary git global config as a safe directory
2025-09-08T12:22:59.3091255Z [command]/usr/bin/git config --global --add safe.directory /home/runner/work/topcv-job-scraper/topcv-job-scraper
2025-09-08T12:22:59.3125158Z Deleting the contents of '/home/runner/work/topcv-job-scraper/topcv-job-scraper'
2025-09-08T12:22:59.3128400Z ##[group]Initializing the repository
2025-09-08T12:22:59.3132503Z [command]/usr/bin/git init /home/runner/work/topcv-job-scraper/topcv-job-scraper
2025-09-08T12:22:59.3247422Z hint: Using 'master' as the name for the initial branch. This default branch name
2025-09-08T12:22:59.3248680Z hint: is subject to change. To configure the initial branch name to use in all
2025-09-08T12:22:59.3249572Z hint: of your new repositories, which will suppress this warning, call:
2025-09-08T12:22:59.3250393Z hint:
2025-09-08T12:22:59.3251051Z hint: 	git config --global init.defaultBranch <name>
2025-09-08T12:22:59.3251690Z hint:
2025-09-08T12:22:59.3252353Z hint: Names commonly chosen instead of 'master' are 'main', 'trunk' and
2025-09-08T12:22:59.3253946Z hint: 'development'. The just-created branch can be renamed via this command:
2025-09-08T12:22:59.3255218Z hint:
2025-09-08T12:22:59.3255934Z hint: 	git branch -m <name>
2025-09-08T12:22:59.3256768Z hint:
2025-09-08T12:22:59.3257856Z hint: Disable this message with "git config set advice.defaultBranchName false"
2025-09-08T12:22:59.3259912Z Initialized empty Git repository in /home/runner/work/topcv-job-scraper/topcv-job-scraper/.git/
2025-09-08T12:22:59.3267149Z [command]/usr/bin/git remote add origin https://github.com/thiensang1/topcv-job-scraper
2025-09-08T12:22:59.3307070Z ##[endgroup]
2025-09-08T12:22:59.3308279Z ##[group]Disabling automatic garbage collection
2025-09-08T12:22:59.3312075Z [command]/usr/bin/git config --local gc.auto 0
2025-09-08T12:22:59.3340244Z ##[endgroup]
2025-09-08T12:22:59.3341695Z ##[group]Setting up auth
2025-09-08T12:22:59.3347918Z [command]/usr/bin/git config --local --name-only --get-regexp core\.sshCommand
2025-09-08T12:22:59.3378091Z [command]/usr/bin/git submodule foreach --recursive sh -c "git config --local --name-only --get-regexp 'core\.sshCommand' && git config --local --unset-all 'core.sshCommand' || :"
2025-09-08T12:22:59.3725532Z [command]/usr/bin/git config --local --name-only --get-regexp http\.https\:\/\/github\.com\/\.extraheader
2025-09-08T12:22:59.3754780Z [command]/usr/bin/git submodule foreach --recursive sh -c "git config --local --name-only --get-regexp 'http\.https\:\/\/github\.com\/\.extraheader' && git config --local --unset-all 'http.https://github.com/.extraheader' || :"
2025-09-08T12:22:59.3975720Z [command]/usr/bin/git config --local http.https://github.com/.extraheader AUTHORIZATION: basic ***
2025-09-08T12:22:59.4009981Z ##[endgroup]
2025-09-08T12:22:59.4011468Z ##[group]Fetching the repository
2025-09-08T12:22:59.4027359Z [command]/usr/bin/git -c protocol.version=2 fetch --prune --no-recurse-submodules origin +refs/heads/*:refs/remotes/origin/* +refs/tags/*:refs/tags/*
2025-09-08T12:23:00.5917432Z From https://github.com/thiensang1/topcv-job-scraper
2025-09-08T12:23:00.5919422Z  * [new branch]      main       -> origin/main
2025-09-08T12:23:00.5969099Z [command]/usr/bin/git branch --list --remote origin/main
2025-09-08T12:23:00.5991434Z   origin/main
2025-09-08T12:23:00.6001530Z [command]/usr/bin/git rev-parse refs/remotes/origin/main
2025-09-08T12:23:00.6021154Z c8a991be0258ebba5dd92948ffca354fdc9e1b03
2025-09-08T12:23:00.6027081Z ##[endgroup]
2025-09-08T12:23:00.6028077Z ##[group]Determining the checkout info
2025-09-08T12:23:00.6029183Z ##[endgroup]
2025-09-08T12:23:00.6033526Z [command]/usr/bin/git sparse-checkout disable
2025-09-08T12:23:00.6072977Z [command]/usr/bin/git config --local --unset-all extensions.worktreeConfig
2025-09-08T12:23:00.6097581Z ##[group]Checking out the ref
2025-09-08T12:23:00.6101870Z [command]/usr/bin/git checkout --progress --force -B main refs/remotes/origin/main
2025-09-08T12:23:00.9522502Z Switched to a new branch 'main'
2025-09-08T12:23:00.9524449Z branch 'main' set up to track 'origin/main'.
2025-09-08T12:23:00.9542301Z ##[endgroup]
2025-09-08T12:23:00.9581577Z [command]/usr/bin/git log -1 --format=%H
2025-09-08T12:23:00.9603716Z c8a991be0258ebba5dd92948ffca354fdc9e1b03
2025-09-08T12:23:00.9816020Z ##[group]Run actions/setup-node@v4
2025-09-08T12:23:00.9816356Z with:
2025-09-08T12:23:00.9816575Z   node-version: 18
2025-09-08T12:23:00.9816794Z   cache: npm
2025-09-08T12:23:00.9817023Z   always-auth: false
2025-09-08T12:23:00.9817273Z   check-latest: false
2025-09-08T12:23:00.9817649Z   token: ***
2025-09-08T12:23:00.9817885Z ##[endgroup]
2025-09-08T12:23:01.1964869Z Found in cache @ /opt/hostedtoolcache/node/18.20.8/x64
2025-09-08T12:23:01.1971427Z ##[group]Environment details
2025-09-08T12:23:03.8217479Z node: v18.20.8
2025-09-08T12:23:03.8219718Z npm: 10.8.2
2025-09-08T12:23:03.8220298Z yarn: 1.22.22
2025-09-08T12:23:03.8222050Z ##[endgroup]
2025-09-08T12:23:03.8245712Z [command]/opt/hostedtoolcache/node/18.20.8/x64/bin/npm config get cache
2025-09-08T12:23:04.1880426Z /home/runner/.npm
2025-09-08T12:23:04.5505925Z Cache hit for: node-cache-Linux-x64-npm-416e735b9ac2a76a2dd6b9ec1a6fe63cc3ce0bfa9ce4a61af4a52cdd46502d8f
2025-09-08T12:23:05.8734592Z Received 5511798 of 5511798 (100.0%), 5.3 MBs/sec
2025-09-08T12:23:05.8735229Z Cache Size: ~5 MB (5511798 B)
2025-09-08T12:23:05.8761279Z [command]/usr/bin/tar -xf /home/runner/work/_temp/2f74cfb5-1a38-48a3-b0ef-9b179cf0bf83/cache.tzst -P -C /home/runner/work/topcv-job-scraper/topcv-job-scraper --use-compress-program unzstd
2025-09-08T12:23:05.9192119Z Cache restored successfully
2025-09-08T12:23:05.9208562Z Cache restored from key: node-cache-Linux-x64-npm-416e735b9ac2a76a2dd6b9ec1a6fe63cc3ce0bfa9ce4a61af4a52cdd46502d8f
2025-09-08T12:23:05.9345301Z ##[group]Run browser-actions/setup-chrome@latest
2025-09-08T12:23:05.9345632Z with:
2025-09-08T12:23:05.9345822Z   chrome-version: stable
2025-09-08T12:23:05.9346054Z   install-dependencies: false
2025-09-08T12:23:05.9346289Z   install-chromedriver: false
2025-09-08T12:23:05.9346514Z   no-sudo: false
2025-09-08T12:23:05.9346705Z ##[endgroup]
2025-09-08T12:23:06.0101730Z Setup chrome stable
2025-09-08T12:23:06.0105427Z Attempting to download chrome stable...
2025-09-08T12:23:06.0583270Z Acquiring chrome stable from https://storage.googleapis.com/chrome-for-testing-public/140.0.7339.80/linux64/chrome-linux64.zip
2025-09-08T12:23:07.0554902Z Installing chrome...
2025-09-08T12:23:07.0598099Z [command]/usr/bin/unzip -o -q /home/runner/work/_temp/429ca6fd-78a6-4d4b-9314-9c013232b905
2025-09-08T12:23:10.8424838Z Successfully Installed chrome to /opt/hostedtoolcache/setup-chrome/chrome/stable/x64
2025-09-08T12:23:10.8435584Z [command]/opt/hostedtoolcache/setup-chrome/chrome/stable/x64/chrome --version
2025-09-08T12:23:11.2062067Z Google Chrome for Testing 140.0.7339.80 
2025-09-08T12:23:11.2393337Z Successfully setup chrome 140.0.7339.80
2025-09-08T12:23:11.2523330Z ##[group]Run npm install
2025-09-08T12:23:11.2523651Z [36;1mnpm install[0m
2025-09-08T12:23:11.2671883Z shell: /usr/bin/bash -e {0}
2025-09-08T12:23:11.2672163Z ##[endgroup]
2025-09-08T12:23:15.5396644Z npm warn EBADENGINE Unsupported engine {
2025-09-08T12:23:15.5397283Z npm warn EBADENGINE   package: 'cheerio@1.1.2',
2025-09-08T12:23:15.5397878Z npm warn EBADENGINE   required: { node: '>=20.18.1' },
2025-09-08T12:23:15.5398486Z npm warn EBADENGINE   current: { node: 'v18.20.8', npm: '10.8.2' }
2025-09-08T12:23:15.5398916Z npm warn EBADENGINE }
2025-09-08T12:23:16.0555518Z 
2025-09-08T12:23:16.0556378Z up to date, audited 187 packages in 5s
2025-09-08T12:23:16.0556792Z 
2025-09-08T12:23:16.0571883Z 34 packages are looking for funding
2025-09-08T12:23:16.0572412Z   run `npm fund` for details
2025-09-08T12:23:16.0663100Z 
2025-09-08T12:23:16.0663569Z 2 vulnerabilities (1 low, 1 moderate)
2025-09-08T12:23:16.0663940Z 
2025-09-08T12:23:16.0664168Z To address all issues, run:
2025-09-08T12:23:16.0664707Z   npm audit fix
2025-09-08T12:23:16.0664946Z 
2025-09-08T12:23:16.0665156Z Run `npm audit` for details.
2025-09-08T12:23:16.0797404Z ##[group]Run node scraper.js
2025-09-08T12:23:16.0797696Z [36;1mnode scraper.js[0m
2025-09-08T12:23:16.0828275Z shell: /usr/bin/bash -e {0}
2025-09-08T12:23:16.0828705Z env:
2025-09-08T12:23:16.0829096Z   PROXY_API_ENDPOINT: ***
2025-09-08T12:23:16.0829377Z   PROXY_API_KEY: ***
2025-09-08T12:23:16.0829712Z   CHROME_PATH: /opt/hostedtoolcache/setup-chrome/chrome/stable/x64/chrome
2025-09-08T12:23:16.0830064Z ##[endgroup]
2025-09-08T12:23:16.4863926Z --- CHIẾN DỊCH 'ĐIỆP VIÊN TỐI THƯỢNG' BẮT ĐẦU ---
2025-09-08T12:23:16.4868113Z -> [Điệp viên] Đang yêu cầu một danh tính proxy MỚI từ API...
2025-09-08T12:23:18.1959136Z -> [Điệp viên] Đã nhận proxy mới thành công: 118.68.128.222:32789
2025-09-08T12:23:18.1959591Z 
2025-09-08T12:23:18.1960056Z [Điệp viên] Đang khởi tạo trình duyệt với danh tính 118.68.128.222...
2025-09-08T12:23:20.0081225Z 
2025-09-08T12:23:20.0082479Z --- [Điệp viên] Bắt đầu giai đoạn DO THÁM ---
2025-09-08T12:23:20.0083218Z    -> Đang thám hiểm trang 1...
2025-09-08T12:23:27.1964721Z    -> Đang thám hiểm trang 2...
2025-09-08T12:23:28.8407257Z    -> Đang thám hiểm trang 3...
2025-09-08T12:23:30.3816910Z    -> Đang thám hiểm trang 4...
2025-09-08T12:23:31.9805877Z    -> Đang thám hiểm trang 5...
2025-09-08T12:23:33.5754349Z    -> Đang thám hiểm trang 6...
2025-09-08T12:23:35.3269846Z    -> Đang thám hiểm trang 7...
2025-09-08T12:23:36.9033965Z    -> Đang thám hiểm trang 8...
2025-09-08T12:23:38.8499240Z    -> Đang thám hiểm trang 9...
2025-09-08T12:23:39.1487416Z    -> Đang thám hiểm trang 10...
2025-09-08T12:23:39.5156334Z    -> Đang thám hiểm trang 11...
2025-09-08T12:23:39.9409517Z    -> Đang thám hiểm trang 12...
2025-09-08T12:23:40.3721768Z    -> Đang thám hiểm trang 13...
2025-09-08T12:23:42.5638419Z    -> Đang thám hiểm trang 14...
2025-09-08T12:23:42.9956439Z    -> Đang thám hiểm trang 15...
2025-09-08T12:23:43.4218835Z    -> Đang thám hiểm trang 16...
2025-09-08T12:23:43.8322421Z    -> Đang thám hiểm trang 17...
2025-09-08T12:23:44.2784214Z    -> Đang thám hiểm trang 18...
2025-09-08T12:23:44.6943890Z    -> Đang thám hiểm trang 19...
2025-09-08T12:23:45.1131253Z    -> Đang thám hiểm trang 20...
2025-09-08T12:23:45.5189050Z    -> Đang thám hiểm trang 21...
2025-09-08T12:23:45.9153478Z    -> Đang thám hiểm trang 22...
2025-09-08T12:23:46.3377855Z    -> Đang thám hiểm trang 23...
2025-09-08T12:23:46.7637452Z    -> Đang thám hiểm trang 24...
2025-09-08T12:23:47.1787577Z    -> Đang thám hiểm trang 25...
2025-09-08T12:23:47.5940403Z    -> Đang thám hiểm trang 26...
2025-09-08T12:23:48.0238995Z    -> Đang thám hiểm trang 27...
2025-09-08T12:23:48.4344134Z    -> Đang thám hiểm trang 28...
2025-09-08T12:23:48.8570562Z    -> Đang thám hiểm trang 29...
2025-09-08T12:23:49.2688196Z    -> Đang thám hiểm trang 30...
2025-09-08T12:23:49.6601579Z    -> Đang thám hiểm trang 31...
2025-09-08T12:23:50.0746708Z    -> Đang thám hiểm trang 32...
2025-09-08T12:23:50.5075350Z    -> Đang thám hiểm trang 33...
2025-09-08T12:23:50.9148598Z    -> Đang thám hiểm trang 34...
2025-09-08T12:23:51.3437258Z    -> Đang thám hiểm trang 35...
2025-09-08T12:23:51.7475206Z    -> Đang thám hiểm trang 36...
2025-09-08T12:23:52.1613213Z    -> Đang thám hiểm trang 37...
2025-09-08T12:23:52.5787338Z    -> Đang thám hiểm trang 38...
2025-09-08T12:23:52.9940497Z    -> Đang thám hiểm trang 39...
2025-09-08T12:23:53.4257052Z    -> Đang thám hiểm trang 40...
2025-09-08T12:23:53.8519138Z    -> Đang thám hiểm trang 41...
2025-09-08T12:23:54.2678076Z    -> Đang thám hiểm trang 42...
2025-09-08T12:23:54.6857695Z    -> Đang thám hiểm trang 43...
2025-09-08T12:23:55.1185354Z    -> Đang thám hiểm trang 44...
2025-09-08T12:23:55.5035989Z    -> Đang thám hiểm trang 45...
2025-09-08T12:23:55.9190690Z    -> Đang thám hiểm trang 46...
2025-09-08T12:23:56.3536546Z    -> Đang thám hiểm trang 47...
2025-09-08T12:23:56.7675902Z    -> Đang thám hiểm trang 48...
2025-09-08T12:23:57.1820281Z    -> Đang thám hiểm trang 49...
2025-09-08T12:23:57.6047625Z    -> Đang thám hiểm trang 50...
2025-09-08T12:23:58.0320016Z    -> Đang thám hiểm trang 51...
2025-09-08T12:23:58.4438459Z    -> Đang thám hiểm trang 52...
2025-09-08T12:23:58.8589401Z    -> Đang thám hiểm trang 53...
2025-09-08T12:23:59.2736417Z    -> Đang thám hiểm trang 54...
2025-09-08T12:23:59.6898287Z    -> Đang thám hiểm trang 55...
2025-09-08T12:24:00.1079568Z    -> Đang thám hiểm trang 56...
2025-09-08T12:24:01.8268866Z    -> Đang thám hiểm trang 57...
2025-09-08T12:24:02.2008840Z    -> Đang thám hiểm trang 58...
2025-09-08T12:24:02.4917051Z    -> Đang thám hiểm trang 59...
2025-09-08T12:24:02.9337239Z    -> Đang thám hiểm trang 60...
2025-09-08T12:24:04.5954920Z    -> Đang thám hiểm trang 61...
2025-09-08T12:24:04.9495427Z    -> Đang thám hiểm trang 62...
2025-09-08T12:24:05.2399514Z    -> Đang thám hiểm trang 63...
2025-09-08T12:24:05.6572548Z    -> Đang thám hiểm trang 64...
2025-09-08T12:24:06.0861772Z    -> Đang thám hiểm trang 65...
2025-09-08T12:24:06.5080207Z    -> Đang thám hiểm trang 66...
2025-09-08T12:24:08.1436805Z    -> Đang thám hiểm trang 67...
2025-09-08T12:24:08.5471171Z    -> Đang thám hiểm trang 68...
2025-09-08T12:24:09.0359702Z    -> Đang thám hiểm trang 69...
2025-09-08T12:24:09.4065327Z    -> Đang thám hiểm trang 70...
2025-09-08T12:24:11.0977954Z    -> Đang thám hiểm trang 71...
2025-09-08T12:24:11.9645650Z    -> Đang thám hiểm trang 72...
2025-09-08T12:24:12.3177519Z    -> Đang thám hiểm trang 73...
2025-09-08T12:24:14.0381525Z    -> Đang thám hiểm trang 74...
2025-09-08T12:24:14.4029519Z    -> Đang thám hiểm trang 75...
2025-09-08T12:24:14.7138182Z    -> Đang thám hiểm trang 76...
2025-09-08T12:24:15.1356557Z    -> Đang thám hiểm trang 77...
2025-09-08T12:24:16.8216989Z    -> Đang thám hiểm trang 78...
2025-09-08T12:24:17.2122881Z    -> Đang thám hiểm trang 79...
2025-09-08T12:24:17.4786524Z    -> Đang thám hiểm trang 80...
2025-09-08T12:24:17.9050846Z    -> Đang thám hiểm trang 81...
2025-09-08T12:24:19.5858577Z    -> Đang thám hiểm trang 82...
2025-09-08T12:24:20.0100581Z    -> Đang thám hiểm trang 83...
2025-09-08T12:24:20.3124856Z    -> Đang thám hiểm trang 84...
2025-09-08T12:24:20.7314287Z    -> Đang thám hiểm trang 85...
2025-09-08T12:24:20.9772531Z    -> Đang thám hiểm trang 86...
2025-09-08T12:24:21.3985884Z    -> Đang thám hiểm trang 87...
2025-09-08T12:24:23.0714813Z    -> Đang thám hiểm trang 88...
2025-09-08T12:24:23.5077207Z    -> Đang thám hiểm trang 89...
2025-09-08T12:24:23.9409710Z    -> Đang thám hiểm trang 90...
2025-09-08T12:24:24.3558227Z    -> Đang thám hiểm trang 91...
2025-09-08T12:24:26.0305945Z    -> Đang thám hiểm trang 92...
2025-09-08T12:24:26.3411445Z    -> Đang thám hiểm trang 93...
2025-09-08T12:24:26.6536190Z    -> Đang thám hiểm trang 94...
2025-09-08T12:24:27.0552790Z    -> Đang thám hiểm trang 95...
2025-09-08T12:24:28.1163471Z    -> Đã đến rìa thế giới! Bị đưa về trang 93 khi cố gắng đến trang 95.
2025-09-08T12:24:28.1164543Z [Điệp viên] Báo cáo tình báo: Phát hiện có tổng cộng 94 trang.
2025-09-08T12:24:28.1164939Z 
2025-09-08T12:24:28.1165381Z [Điệp viên] Do thám hoàn tất. Tạm nghỉ 13.43 giây...
2025-09-08T12:24:41.5511333Z [Điệp viên] Độ bền nhân dạng ban đầu: 13 trang.
2025-09-08T12:24:41.5511840Z 
2025-09-08T12:24:41.5512374Z --- [Điệp viên] Bắt đầu giai đoạn KHAI THÁC ---
2025-09-08T12:24:41.5513401Z    -> Đang khai thác trang 1/94 (còn 13 trang nữa sẽ biến hình)...
2025-09-08T12:24:43.4379730Z       -> Bắt đầu giai đoạn 'quan sát' để chờ trang ổn định...
2025-09-08T12:24:47.8478739Z          - Trang đã ổn định (lần 1/2)...
2025-09-08T12:24:49.8804020Z          - Trang đã ổn định (lần 2/2)...
2025-09-08T12:24:49.8804540Z       -> Trang đã ổn định. Dữ liệu chi tiết đã được tải.
2025-09-08T12:24:49.8804934Z       -> Mô phỏng hành vi cuộn trang...
2025-09-08T12:24:50.8036092Z    -> Đã thu thập 50 tin từ trang 1.
2025-09-08T12:25:09.7661171Z    -> Đang khai thác trang 2/94 (còn 12 trang nữa sẽ biến hình)...
2025-09-08T12:25:14.5634720Z       -> Bắt đầu giai đoạn 'quan sát' để chờ trang ổn định...
2025-09-08T12:25:18.8210860Z          - Trang đã ổn định (lần 1/2)...
2025-09-08T12:25:22.8873457Z          - Trang đã ổn định (lần 1/2)...
2025-09-08T12:25:24.9229544Z          - Trang đã ổn định (lần 2/2)...
2025-09-08T12:25:24.9232248Z       -> Trang đã ổn định. Dữ liệu chi tiết đã được tải.
2025-09-08T12:25:24.9234038Z       -> Mô phỏng hành vi cuộn trang...
2025-09-08T12:25:25.8370046Z    -> Đã thu thập 50 tin từ trang 2.
2025-09-08T12:25:46.4987444Z    -> Đang khai thác trang 3/94 (còn 11 trang nữa sẽ biến hình)...
2025-09-08T12:25:49.3088103Z       -> Bắt đầu giai đoạn 'quan sát' để chờ trang ổn định...
2025-09-08T12:25:53.6932305Z          - Trang đã ổn định (lần 1/2)...
2025-09-08T12:25:55.7294027Z          - Trang đã ổn định (lần 2/2)...
2025-09-08T12:25:55.7294843Z       -> Trang đã ổn định. Dữ liệu chi tiết đã được tải.
2025-09-08T12:25:55.7295927Z       -> Mô phỏng hành vi cuộn trang...
2025-09-08T12:25:56.8652741Z    -> Đã thu thập 50 tin từ trang 3.
2025-09-08T12:26:21.6751510Z    -> Đang khai thác trang 4/94 (còn 10 trang nữa sẽ biến hình)...
2025-09-08T12:26:24.3003021Z       -> Bắt đầu giai đoạn 'quan sát' để chờ trang ổn định...
2025-09-08T12:26:28.7065245Z          - Trang đã ổn định (lần 1/2)...
2025-09-08T12:26:30.7437014Z          - Trang đã ổn định (lần 2/2)...
2025-09-08T12:26:30.7437821Z       -> Trang đã ổn định. Dữ liệu chi tiết đã được tải.
2025-09-08T12:26:30.7438572Z       -> Mô phỏng hành vi cuộn trang...
2025-09-08T12:26:31.7850330Z    -> Đã thu thập 50 tin từ trang 4.
2025-09-08T12:26:52.7417654Z    -> Đang khai thác trang 5/94 (còn 9 trang nữa sẽ biến hình)...
2025-09-08T12:26:55.7498064Z       -> Bắt đầu giai đoạn 'quan sát' để chờ trang ổn định...
2025-09-08T12:26:58.0029880Z          - Trang đã ổn định (lần 1/2)...
2025-09-08T12:27:02.0657343Z          - Trang đã ổn định (lần 1/2)...
2025-09-08T12:27:04.0991335Z          - Trang đã ổn định (lần 2/2)...
2025-09-08T12:27:04.0992226Z       -> Trang đã ổn định. Dữ liệu chi tiết đã được tải.
2025-09-08T12:27:04.0992886Z       -> Mô phỏng hành vi cuộn trang...
2025-09-08T12:27:05.1938764Z    -> Đã thu thập 50 tin từ trang 5.
2025-09-08T12:27:28.7572535Z    -> Đang khai thác trang 6/94 (còn 8 trang nữa sẽ biến hình)...
2025-09-08T12:27:31.7321827Z       -> Bắt đầu giai đoạn 'quan sát' để chờ trang ổn định...
2025-09-08T12:27:34.0125713Z          - Trang đã ổn định (lần 1/2)...
2025-09-08T12:27:38.0756885Z          - Trang đã ổn định (lần 1/2)...
2025-09-08T12:27:40.1106003Z          - Trang đã ổn định (lần 2/2)...
2025-09-08T12:27:40.1106536Z       -> Trang đã ổn định. Dữ liệu chi tiết đã được tải.
2025-09-08T12:27:40.1106946Z       -> Mô phỏng hành vi cuộn trang...
2025-09-08T12:27:41.4059464Z    -> Đã thu thập 50 tin từ trang 6.
2025-09-08T12:28:05.0031871Z    -> Đang khai thác trang 7/94 (còn 7 trang nữa sẽ biến hình)...
2025-09-08T12:28:07.5672513Z       -> Bắt đầu giai đoạn 'quan sát' để chờ trang ổn định...
2025-09-08T12:28:09.8095434Z          - Trang đã ổn định (lần 1/2)...
2025-09-08T12:28:13.8744417Z          - Trang đã ổn định (lần 1/2)...
2025-09-08T12:28:15.9090234Z          - Trang đã ổn định (lần 2/2)...
2025-09-08T12:28:15.9091677Z       -> Trang đã ổn định. Dữ liệu chi tiết đã được tải.
2025-09-08T12:28:15.9092375Z       -> Mô phỏng hành vi cuộn trang...
2025-09-08T12:28:17.2206301Z    -> Đã thu thập 50 tin từ trang 7.
2025-09-08T12:28:35.6187184Z    -> Đang khai thác trang 8/94 (còn 6 trang nữa sẽ biến hình)...
2025-09-08T12:28:38.1899099Z       -> Bắt đầu giai đoạn 'quan sát' để chờ trang ổn định...
2025-09-08T12:28:44.5041969Z          - Trang đã ổn định (lần 1/2)...
2025-09-08T12:28:46.5350069Z          - Trang đã ổn định (lần 2/2)...
2025-09-08T12:28:46.5350567Z       -> Trang đã ổn định. Dữ liệu chi tiết đã được tải.
2025-09-08T12:28:46.5351132Z       -> Mô phỏng hành vi cuộn trang...
2025-09-08T12:28:47.8363299Z    -> Đã thu thập 50 tin từ trang 8.
2025-09-08T12:29:09.2202276Z    -> Đang khai thác trang 9/94 (còn 5 trang nữa sẽ biến hình)...
2025-09-08T12:29:11.6725221Z       -> Bắt đầu giai đoạn 'quan sát' để chờ trang ổn định...
2025-09-08T12:29:18.0737444Z          - Trang đã ổn định (lần 1/2)...
2025-09-08T12:29:20.1090358Z          - Trang đã ổn định (lần 2/2)...
2025-09-08T12:29:20.1091120Z       -> Trang đã ổn định. Dữ liệu chi tiết đã được tải.
2025-09-08T12:29:20.1091571Z       -> Mô phỏng hành vi cuộn trang...
2025-09-08T12:29:21.2028883Z    -> Đã thu thập 50 tin từ trang 9.
2025-09-08T12:29:40.9742238Z    -> Đang khai thác trang 10/94 (còn 4 trang nữa sẽ biến hình)...
2025-09-08T12:29:43.5484675Z       -> Bắt đầu giai đoạn 'quan sát' để chờ trang ổn định...
2025-09-08T12:29:49.8448176Z          - Trang đã ổn định (lần 1/2)...
2025-09-08T12:29:51.8755399Z          - Trang đã ổn định (lần 2/2)...
2025-09-08T12:29:51.8756207Z       -> Trang đã ổn định. Dữ liệu chi tiết đã được tải.
2025-09-08T12:29:51.8756934Z       -> Mô phỏng hành vi cuộn trang...
2025-09-08T12:29:52.8557071Z    -> Đã thu thập 50 tin từ trang 10.
2025-09-08T12:30:16.0732875Z    -> Đang khai thác trang 11/94 (còn 3 trang nữa sẽ biến hình)...
2025-09-08T12:30:18.9288168Z       -> Bắt đầu giai đoạn 'quan sát' để chờ trang ổn định...
2025-09-08T12:30:23.2712179Z          - Trang đã ổn định (lần 1/2)...
2025-09-08T12:30:25.3008162Z          - Trang đã ổn định (lần 2/2)...
2025-09-08T12:30:25.3008671Z       -> Trang đã ổn định. Dữ liệu chi tiết đã được tải.
2025-09-08T12:30:25.3009115Z       -> Mô phỏng hành vi cuộn trang...
2025-09-08T12:30:26.1437411Z    -> Đã thu thập 50 tin từ trang 11.
2025-09-08T12:30:49.7636408Z    -> Đang khai thác trang 12/94 (còn 2 trang nữa sẽ biến hình)...
2025-09-08T12:30:52.6951819Z       -> Bắt đầu giai đoạn 'quan sát' để chờ trang ổn định...
2025-09-08T12:30:59.0729710Z          - Trang đã ổn định (lần 1/2)...
2025-09-08T12:31:01.1087092Z          - Trang đã ổn định (lần 2/2)...
2025-09-08T12:31:01.1087998Z       -> Trang đã ổn định. Dữ liệu chi tiết đã được tải.
2025-09-08T12:31:01.1088721Z       -> Mô phỏng hành vi cuộn trang...
2025-09-08T12:31:02.4126622Z    -> Đã thu thập 50 tin từ trang 12.
2025-09-08T12:31:21.8302779Z    -> Đang khai thác trang 13/94 (còn 1 trang nữa sẽ biến hình)...
2025-09-08T12:31:24.5233658Z       -> Bắt đầu giai đoạn 'quan sát' để chờ trang ổn định...
2025-09-08T12:31:30.8098226Z          - Trang đã ổn định (lần 1/2)...
2025-09-08T12:31:32.8412002Z          - Trang đã ổn định (lần 2/2)...
2025-09-08T12:31:32.8412913Z       -> Trang đã ổn định. Dữ liệu chi tiết đã được tải.
2025-09-08T12:31:32.8413648Z       -> Mô phỏng hành vi cuộn trang...
2025-09-08T12:31:34.1078757Z    -> Đã thu thập 50 tin từ trang 13.
2025-09-08T12:31:56.7948291Z 
2025-09-08T12:31:56.7949343Z    -> [Điệp viên] Hết độ bền nhân dạng. Bắt đầu "biến hình"...
2025-09-08T12:31:56.9174724Z -> [Điệp viên] Đang yêu cầu một danh tính proxy MỚI từ API...
2025-09-08T12:31:57.4729149Z -> [Điệp viên] Đã nhận proxy mới thành công: 27.74.232.159:26161
2025-09-08T12:31:57.4729640Z 
2025-09-08T12:31:57.4730266Z [Điệp viên] Đang khởi tạo trình duyệt với danh tính 27.74.232.159...
2025-09-08T12:31:57.7438917Z    -> [Điệp viên] "Biến hình" thành công. Độ bền nhân dạng mới: 19 trang.
2025-09-08T12:31:57.7440299Z    -> Đang khai thác trang 14/94 (còn 19 trang nữa sẽ biến hình)...
2025-09-08T12:32:10.0092040Z       -> Bắt đầu giai đoạn 'quan sát' để chờ trang ổn định...
2025-09-08T12:32:14.2414424Z          - Trang đã ổn định (lần 1/2)...
2025-09-08T12:32:16.2712981Z          - Trang đã ổn định (lần 2/2)...
2025-09-08T12:32:16.2713508Z       -> Trang đã ổn định. Dữ liệu chi tiết đã được tải.
2025-09-08T12:32:16.2713939Z       -> Mô phỏng hành vi cuộn trang...
2025-09-08T12:32:17.4450265Z    -> Đã thu thập 50 tin từ trang 14.
2025-09-08T12:32:39.0241921Z    -> Đang khai thác trang 15/94 (còn 18 trang nữa sẽ biến hình)...
2025-09-08T12:32:43.0288531Z       -> Bắt đầu giai đoạn 'quan sát' để chờ trang ổn định...
2025-09-08T12:32:49.3203395Z          - Trang đã ổn định (lần 1/2)...
2025-09-08T12:32:51.3509120Z          - Trang đã ổn định (lần 2/2)...
2025-09-08T12:32:51.3509945Z       -> Trang đã ổn định. Dữ liệu chi tiết đã được tải.
2025-09-08T12:32:51.3510550Z       -> Mô phỏng hành vi cuộn trang...
2025-09-08T12:32:52.5633931Z    -> Đã thu thập 50 tin từ trang 15.
2025-09-08T12:33:12.5514977Z    -> Đang khai thác trang 16/94 (còn 17 trang nữa sẽ biến hình)...
2025-09-08T12:33:14.9420240Z       -> Bắt đầu giai đoạn 'quan sát' để chờ trang ổn định...
2025-09-08T12:33:19.3508266Z          - Trang đã ổn định (lần 1/2)...
2025-09-08T12:33:21.3810042Z          - Trang đã ổn định (lần 2/2)...
2025-09-08T12:33:21.3810663Z       -> Trang đã ổn định. Dữ liệu chi tiết đã được tải.
2025-09-08T12:33:21.3811237Z       -> Mô phỏng hành vi cuộn trang...
2025-09-08T12:33:22.4536994Z    -> Đã thu thập 50 tin từ trang 16.
2025-09-08T12:33:44.1457641Z    -> Đang khai thác trang 17/94 (còn 16 trang nữa sẽ biến hình)...
2025-09-08T12:33:46.5634366Z       -> Bắt đầu giai đoạn 'quan sát' để chờ trang ổn định...
2025-09-08T12:33:50.9451407Z          - Trang đã ổn định (lần 1/2)...
2025-09-08T12:33:52.9735353Z          - Trang đã ổn định (lần 2/2)...
2025-09-08T12:33:52.9735957Z       -> Trang đã ổn định. Dữ liệu chi tiết đã được tải.
2025-09-08T12:33:52.9736434Z       -> Mô phỏng hành vi cuộn trang...
2025-09-08T12:33:54.1041547Z    -> Đã thu thập 50 tin từ trang 17.
2025-09-08T12:34:13.9605754Z    -> Đang khai thác trang 18/94 (còn 15 trang nữa sẽ biến hình)...
2025-09-08T12:34:16.6355271Z       -> Bắt đầu giai đoạn 'quan sát' để chờ trang ổn định...
2025-09-08T12:34:23.0543934Z          - Trang đã ổn định (lần 1/2)...
2025-09-08T12:34:25.0880344Z          - Trang đã ổn định (lần 2/2)...
2025-09-08T12:34:25.0880859Z       -> Trang đã ổn định. Dữ liệu chi tiết đã được tải.
2025-09-08T12:34:25.0881513Z       -> Mô phỏng hành vi cuộn trang...
2025-09-08T12:34:26.4132413Z    -> Đã thu thập 50 tin từ trang 18.
2025-09-08T12:34:45.3960496Z    -> Đang khai thác trang 19/94 (còn 14 trang nữa sẽ biến hình)...
2025-09-08T12:34:49.0906253Z       -> Bắt đầu giai đoạn 'quan sát' để chờ trang ổn định...
2025-09-08T12:34:53.4201218Z          - Trang đã ổn định (lần 1/2)...
2025-09-08T12:34:55.4536878Z          - Trang đã ổn định (lần 2/2)...
2025-09-08T12:34:55.4537610Z       -> Trang đã ổn định. Dữ liệu chi tiết đã được tải.
2025-09-08T12:34:55.4538648Z       -> Mô phỏng hành vi cuộn trang...
2025-09-08T12:34:56.4170325Z    -> Đã thu thập 50 tin từ trang 19.
2025-09-08T12:35:15.6059449Z    -> Đang khai thác trang 20/94 (còn 13 trang nữa sẽ biến hình)...
2025-09-08T12:35:18.9661603Z       -> Bắt đầu giai đoạn 'quan sát' để chờ trang ổn định...
2025-09-08T12:35:23.2936502Z          - Trang đã ổn định (lần 1/2)...
2025-09-08T12:35:27.3631869Z          - Trang đã ổn định (lần 1/2)...
2025-09-08T12:35:29.4003769Z          - Trang đã ổn định (lần 2/2)...
2025-09-08T12:35:29.4004589Z       -> Trang đã ổn định. Dữ liệu chi tiết đã được tải.
2025-09-08T12:35:29.4005278Z       -> Mô phỏng hành vi cuộn trang...
2025-09-08T12:35:30.2845427Z    -> Đã thu thập 50 tin từ trang 20.
2025-09-08T12:35:48.8705877Z    -> Đang khai thác trang 21/94 (còn 12 trang nữa sẽ biến hình)...
2025-09-08T12:35:51.8701672Z       -> Bắt đầu giai đoạn 'quan sát' để chờ trang ổn định...
2025-09-08T12:35:56.1528019Z          - Trang đã ổn định (lần 1/2)...
2025-09-08T12:36:00.2101337Z          - Trang đã ổn định (lần 1/2)...
2025-09-08T12:36:02.2436797Z          - Trang đã ổn định (lần 2/2)...
2025-09-08T12:36:02.2437532Z       -> Trang đã ổn định. Dữ liệu chi tiết đã được tải.
2025-09-08T12:36:02.2438092Z       -> Mô phỏng hành vi cuộn trang...
2025-09-08T12:36:03.0879826Z    -> Đã thu thập 50 tin từ trang 21.
2025-09-08T12:36:21.3892646Z    -> Đang khai thác trang 22/94 (còn 11 trang nữa sẽ biến hình)...
2025-09-08T12:36:23.5396436Z       -> Bắt đầu giai đoạn 'quan sát' để chờ trang ổn định...
2025-09-08T12:36:29.8309520Z          - Trang đã ổn định (lần 1/2)...
2025-09-08T12:36:31.8607306Z          - Trang đã ổn định (lần 2/2)...
2025-09-08T12:36:31.8607844Z       -> Trang đã ổn định. Dữ liệu chi tiết đã được tải.
2025-09-08T12:36:31.8608245Z       -> Mô phỏng hành vi cuộn trang...
2025-09-08T12:36:32.9538247Z    -> Đã thu thập 50 tin từ trang 22.
2025-09-08T12:36:57.5526421Z    -> Đang khai thác trang 23/94 (còn 10 trang nữa sẽ biến hình)...
2025-09-08T12:36:59.7259705Z       -> Bắt đầu giai đoạn 'quan sát' để chờ trang ổn định...
2025-09-08T12:37:06.0529987Z          - Trang đã ổn định (lần 1/2)...
2025-09-08T12:37:08.0889654Z          - Trang đã ổn định (lần 2/2)...
2025-09-08T12:37:08.0890498Z       -> Trang đã ổn định. Dữ liệu chi tiết đã được tải.
2025-09-08T12:37:08.0891429Z       -> Mô phỏng hành vi cuộn trang...
2025-09-08T12:37:09.1411767Z    -> Đã thu thập 50 tin từ trang 23.
2025-09-08T12:37:27.7412816Z    -> Đang khai thác trang 24/94 (còn 9 trang nữa sẽ biến hình)...
2025-09-08T12:37:30.3810101Z       -> Bắt đầu giai đoạn 'quan sát' để chờ trang ổn định...
2025-09-08T12:37:36.7003628Z          - Trang đã ổn định (lần 1/2)...
2025-09-08T12:37:38.7347762Z          - Trang đã ổn định (lần 2/2)...
2025-09-08T12:37:38.7348496Z       -> Trang đã ổn định. Dữ liệu chi tiết đã được tải.
2025-09-08T12:37:38.7348933Z       -> Mô phỏng hành vi cuộn trang...
2025-09-08T12:37:39.9883751Z    -> Đã thu thập 50 tin từ trang 24.
2025-09-08T12:38:01.2187078Z    -> Đang khai thác trang 25/94 (còn 8 trang nữa sẽ biến hình)...
2025-09-08T12:38:03.7315406Z       -> Bắt đầu giai đoạn 'quan sát' để chờ trang ổn định...
2025-09-08T12:38:08.1072634Z          - Trang đã ổn định (lần 1/2)...
2025-09-08T12:38:10.1401931Z          - Trang đã ổn định (lần 2/2)...
2025-09-08T12:38:10.1402707Z       -> Trang đã ổn định. Dữ liệu chi tiết đã được tải.
2025-09-08T12:38:10.1403343Z       -> Mô phỏng hành vi cuộn trang...
2025-09-08T12:38:11.4423911Z    -> Đã thu thập 50 tin từ trang 25.
2025-09-08T12:38:35.0771650Z    -> Đang khai thác trang 26/94 (còn 7 trang nữa sẽ biến hình)...
2025-09-08T12:38:37.6754154Z       -> Bắt đầu giai đoạn 'quan sát' để chờ trang ổn định...
2025-09-08T12:38:44.0575736Z          - Trang đã ổn định (lần 1/2)...
2025-09-08T12:38:46.0922718Z          - Trang đã ổn định (lần 2/2)...
2025-09-08T12:38:46.0923554Z       -> Trang đã ổn định. Dữ liệu chi tiết đã được tải.
2025-09-08T12:38:46.0924230Z       -> Mô phỏng hành vi cuộn trang...
2025-09-08T12:38:47.2885088Z    -> Đã thu thập 50 tin từ trang 26.
2025-09-08T12:39:11.6580389Z    -> Đang khai thác trang 27/94 (còn 6 trang nữa sẽ biến hình)...
2025-09-08T12:39:14.5222065Z       -> Bắt đầu giai đoạn 'quan sát' để chờ trang ổn định...
2025-09-08T12:39:20.8206948Z          - Trang đã ổn định (lần 1/2)...
2025-09-08T12:39:22.8551218Z          - Trang đã ổn định (lần 2/2)...
2025-09-08T12:39:22.8552152Z       -> Trang đã ổn định. Dữ liệu chi tiết đã được tải.
2025-09-08T12:39:22.8552938Z       -> Mô phỏng hành vi cuộn trang...
2025-09-08T12:39:23.7255476Z    -> Đã thu thập 50 tin từ trang 27.
2025-09-08T12:39:46.5105127Z    -> Đang khai thác trang 28/94 (còn 5 trang nữa sẽ biến hình)...
2025-09-08T12:39:49.2957093Z       -> Bắt đầu giai đoạn 'quan sát' để chờ trang ổn định...
2025-09-08T12:39:53.7102575Z          - Trang đã ổn định (lần 1/2)...
2025-09-08T12:39:55.7425318Z          - Trang đã ổn định (lần 2/2)...
2025-09-08T12:39:55.7425816Z       -> Trang đã ổn định. Dữ liệu chi tiết đã được tải.
2025-09-08T12:39:55.7426244Z       -> Mô phỏng hành vi cuộn trang...
2025-09-08T12:39:56.6991372Z    -> Đã thu thập 50 tin từ trang 28.
2025-09-08T12:40:21.6889354Z    -> Đang khai thác trang 29/94 (còn 4 trang nữa sẽ biến hình)...
2025-09-08T12:40:24.3680114Z       -> Bắt đầu giai đoạn 'quan sát' để chờ trang ổn định...
2025-09-08T12:40:28.7034327Z          - Trang đã ổn định (lần 1/2)...
2025-09-08T12:40:30.7331507Z          - Trang đã ổn định (lần 2/2)...
2025-09-08T12:40:30.7332336Z       -> Trang đã ổn định. Dữ liệu chi tiết đã được tải.
2025-09-08T12:40:30.7333035Z       -> Mô phỏng hành vi cuộn trang...
2025-09-08T12:40:31.6899309Z    -> Đã thu thập 50 tin từ trang 29.
2025-09-08T12:40:49.8768595Z    -> Đang khai thác trang 30/94 (còn 3 trang nữa sẽ biến hình)...
2025-09-08T12:40:53.1681544Z       -> Bắt đầu giai đoạn 'quan sát' để chờ trang ổn định...
2025-09-08T12:40:59.5517622Z          - Trang đã ổn định (lần 1/2)...
2025-09-08T12:41:01.5860855Z          - Trang đã ổn định (lần 2/2)...
2025-09-08T12:41:01.5861940Z       -> Trang đã ổn định. Dữ liệu chi tiết đã được tải.
2025-09-08T12:41:01.5862622Z       -> Mô phỏng hành vi cuộn trang...
2025-09-08T12:41:02.8736615Z    -> Đã thu thập 50 tin từ trang 30.
2025-09-08T12:41:26.4357630Z    -> Đang khai thác trang 31/94 (còn 2 trang nữa sẽ biến hình)...
2025-09-08T12:41:29.6119835Z       -> Bắt đầu giai đoạn 'quan sát' để chờ trang ổn định...
2025-09-08T12:41:33.9399638Z          - Trang đã ổn định (lần 1/2)...
2025-09-08T12:41:35.9699764Z          - Trang đã ổn định (lần 2/2)...
2025-09-08T12:41:35.9700560Z       -> Trang đã ổn định. Dữ liệu chi tiết đã được tải.
2025-09-08T12:41:35.9701627Z       -> Mô phỏng hành vi cuộn trang...
2025-09-08T12:41:37.2033136Z    -> Đã thu thập 50 tin từ trang 31.
2025-09-08T12:41:57.4624644Z    -> Đang khai thác trang 32/94 (còn 1 trang nữa sẽ biến hình)...
2025-09-08T12:42:00.8720458Z       -> Bắt đầu giai đoạn 'quan sát' để chờ trang ổn định...
2025-09-08T12:42:05.2184246Z          - Trang đã ổn định (lần 1/2)...
2025-09-08T12:42:07.2546491Z          - Trang đã ổn định (lần 2/2)...
2025-09-08T12:42:07.2547090Z       -> Trang đã ổn định. Dữ liệu chi tiết đã được tải.
2025-09-08T12:42:07.2547571Z       -> Mô phỏng hành vi cuộn trang...
2025-09-08T12:42:08.3265255Z    -> Đã thu thập 50 tin từ trang 32.
2025-09-08T12:42:33.0472671Z 
2025-09-08T12:42:33.0473675Z    -> [Điệp viên] Hết độ bền nhân dạng. Bắt đầu "biến hình"...
2025-09-08T12:42:33.1625856Z -> [Điệp viên] Đang yêu cầu một danh tính proxy MỚI từ API...
2025-09-08T12:42:33.6780223Z -> [Điệp viên] Đã nhận proxy mới thành công: 116.105.162.214:28896
2025-09-08T12:42:33.6780558Z 
2025-09-08T12:42:33.6781182Z [Điệp viên] Đang khởi tạo trình duyệt với danh tính 116.105.162.214...
2025-09-08T12:42:33.9552947Z    -> [Điệp viên] "Biến hình" thành công. Độ bền nhân dạng mới: 27 trang.
2025-09-08T12:42:33.9554092Z    -> Đang khai thác trang 33/94 (còn 27 trang nữa sẽ biến hình)...
2025-09-08T12:42:46.1512999Z       -> Bắt đầu giai đoạn 'quan sát' để chờ trang ổn định...
2025-09-08T12:42:50.3847085Z          - Trang đã ổn định (lần 1/2)...
2025-09-08T12:42:52.4170824Z          - Trang đã ổn định (lần 2/2)...
2025-09-08T12:42:52.4171625Z       -> Trang đã ổn định. Dữ liệu chi tiết đã được tải.
2025-09-08T12:42:52.4172104Z       -> Mô phỏng hành vi cuộn trang...
2025-09-08T12:42:53.5756414Z    -> Đã thu thập 50 tin từ trang 33.
2025-09-08T12:43:13.4249879Z    -> Đang khai thác trang 34/94 (còn 26 trang nữa sẽ biến hình)...
2025-09-08T12:43:18.6843002Z       -> Bắt đầu giai đoạn 'quan sát' để chờ trang ổn định...
2025-09-08T12:43:22.9610322Z          - Trang đã ổn định (lần 1/2)...
2025-09-08T12:43:24.9924149Z          - Trang đã ổn định (lần 2/2)...
2025-09-08T12:43:24.9924971Z       -> Trang đã ổn định. Dữ liệu chi tiết đã được tải.
2025-09-08T12:43:24.9925668Z       -> Mô phỏng hành vi cuộn trang...
2025-09-08T12:43:25.9607919Z    -> Đã thu thập 50 tin từ trang 34.
2025-09-08T12:43:49.7296147Z    -> Đang khai thác trang 35/94 (còn 25 trang nữa sẽ biến hình)...
2025-09-08T12:43:53.0260004Z       -> Bắt đầu giai đoạn 'quan sát' để chờ trang ổn định...
2025-09-08T12:43:59.3121070Z          - Trang đã ổn định (lần 1/2)...
2025-09-08T12:44:01.3412768Z          - Trang đã ổn định (lần 2/2)...
2025-09-08T12:44:01.3413603Z       -> Trang đã ổn định. Dữ liệu chi tiết đã được tải.
2025-09-08T12:44:01.3414271Z       -> Mô phỏng hành vi cuộn trang...
2025-09-08T12:44:02.5580595Z    -> Đã thu thập 50 tin từ trang 35.
2025-09-08T12:44:23.6858230Z    -> Đang khai thác trang 36/94 (còn 24 trang nữa sẽ biến hình)...
2025-09-08T12:44:26.8235542Z       -> Bắt đầu giai đoạn 'quan sát' để chờ trang ổn định...
2025-09-08T12:44:33.2185585Z          - Trang đã ổn định (lần 1/2)...
2025-09-08T12:44:35.2542643Z          - Trang đã ổn định (lần 2/2)...
2025-09-08T12:44:35.2543255Z       -> Trang đã ổn định. Dữ liệu chi tiết đã được tải.
2025-09-08T12:44:35.2543744Z       -> Mô phỏng hành vi cuộn trang...
2025-09-08T12:44:36.5154460Z    -> Đã thu thập 50 tin từ trang 36.
2025-09-08T12:44:56.3580409Z    -> Đang khai thác trang 37/94 (còn 23 trang nữa sẽ biến hình)...
2025-09-08T12:44:59.0093437Z       -> Bắt đầu giai đoạn 'quan sát' để chờ trang ổn định...
2025-09-08T12:45:03.3431592Z          - Trang đã ổn định (lần 1/2)...
2025-09-08T12:45:07.4091198Z          - Trang đã ổn định (lần 1/2)...
2025-09-08T12:45:09.4422456Z          - Trang đã ổn định (lần 2/2)...
2025-09-08T12:45:09.4423344Z       -> Trang đã ổn định. Dữ liệu chi tiết đã được tải.
2025-09-08T12:45:09.4423954Z       -> Mô phỏng hành vi cuộn trang...
2025-09-08T12:45:10.3907921Z    -> Đã thu thập 50 tin từ trang 37.
2025-09-08T12:45:35.0148561Z    -> Đang khai thác trang 38/94 (còn 22 trang nữa sẽ biến hình)...
2025-09-08T12:45:37.3848439Z       -> Bắt đầu giai đoạn 'quan sát' để chờ trang ổn định...
2025-09-08T12:45:43.6616890Z          - Trang đã ổn định (lần 1/2)...
2025-09-08T12:45:45.6954797Z          - Trang đã ổn định (lần 2/2)...
2025-09-08T12:45:45.6955565Z       -> Trang đã ổn định. Dữ liệu chi tiết đã được tải.
2025-09-08T12:45:45.6956224Z       -> Mô phỏng hành vi cuộn trang...
2025-09-08T12:45:46.6617077Z    -> Đã thu thập 50 tin từ trang 38.
2025-09-08T12:46:05.1306045Z    -> Đang khai thác trang 39/94 (còn 21 trang nữa sẽ biến hình)...
2025-09-08T12:46:08.6744818Z       -> Bắt đầu giai đoạn 'quan sát' để chờ trang ổn định...
2025-09-08T12:46:15.1403193Z          - Trang đã ổn định (lần 1/2)...
2025-09-08T12:46:17.1742624Z          - Trang đã ổn định (lần 2/2)...
2025-09-08T12:46:17.1743402Z       -> Trang đã ổn định. Dữ liệu chi tiết đã được tải.
2025-09-08T12:46:17.1744052Z       -> Mô phỏng hành vi cuộn trang...
2025-09-08T12:46:18.4070831Z    -> Đã thu thập 50 tin từ trang 39.
2025-09-08T12:46:42.1781560Z    -> Đang khai thác trang 40/94 (còn 20 trang nữa sẽ biến hình)...
2025-09-08T12:46:45.2279463Z       -> Bắt đầu giai đoạn 'quan sát' để chờ trang ổn định...
2025-09-08T12:46:49.5523736Z          - Trang đã ổn định (lần 1/2)...
2025-09-08T12:46:51.5860021Z          - Trang đã ổn định (lần 2/2)...
2025-09-08T12:46:51.5860610Z       -> Trang đã ổn định. Dữ liệu chi tiết đã được tải.
2025-09-08T12:46:51.5861358Z       -> Mô phỏng hành vi cuộn trang...
2025-09-08T12:46:52.6617565Z    -> Đã thu thập 50 tin từ trang 40.
2025-09-08T12:47:16.2260058Z    -> Đang khai thác trang 41/94 (còn 19 trang nữa sẽ biến hình)...
2025-09-08T12:47:19.2136778Z       -> Bắt đầu giai đoạn 'quan sát' để chờ trang ổn định...
2025-09-08T12:47:25.4965312Z          - Trang đã ổn định (lần 1/2)...
2025-09-08T12:47:27.5307764Z          - Trang đã ổn định (lần 2/2)...
2025-09-08T12:47:28.6223484Z       -> Trang đã ổn định. Dữ liệu chi tiết đã được tải.
2025-09-08T12:47:28.6224263Z       -> Mô phỏng hành vi cuộn trang...
2025-09-08T12:47:28.6224710Z    -> Đã thu thập 50 tin từ trang 41.
2025-09-08T12:47:49.8871388Z    -> Đang khai thác trang 42/94 (còn 18 trang nữa sẽ biến hình)...
2025-09-08T12:47:52.7565549Z       -> Bắt đầu giai đoạn 'quan sát' để chờ trang ổn định...
2025-09-08T12:47:57.1048852Z          - Trang đã ổn định (lần 1/2)...
2025-09-08T12:47:59.1355683Z          - Trang đã ổn định (lần 2/2)...
2025-09-08T12:47:59.1356562Z       -> Trang đã ổn định. Dữ liệu chi tiết đã được tải.
2025-09-08T12:47:59.1357261Z       -> Mô phỏng hành vi cuộn trang...
2025-09-08T12:48:00.1125728Z    -> Đã thu thập 50 tin từ trang 42.
2025-09-08T12:48:23.4000069Z    -> Đang khai thác trang 43/94 (còn 17 trang nữa sẽ biến hình)...
2025-09-08T12:48:26.3258390Z       -> Bắt đầu giai đoạn 'quan sát' để chờ trang ổn định...
2025-09-08T12:48:32.7180306Z          - Trang đã ổn định (lần 1/2)...
2025-09-08T12:48:34.7521316Z          - Trang đã ổn định (lần 2/2)...
2025-09-08T12:48:34.7522073Z       -> Trang đã ổn định. Dữ liệu chi tiết đã được tải.
2025-09-08T12:48:34.7522777Z       -> Mô phỏng hành vi cuộn trang...
2025-09-08T12:48:35.6950723Z    -> Đã thu thập 50 tin từ trang 43.
2025-09-08T12:48:55.8821732Z    -> Đang khai thác trang 44/94 (còn 16 trang nữa sẽ biến hình)...
2025-09-08T12:48:59.0466058Z       -> Bắt đầu giai đoạn 'quan sát' để chờ trang ổn định...
2025-09-08T12:49:03.5087065Z          - Trang đã ổn định (lần 1/2)...
2025-09-08T12:49:05.5420845Z          - Trang đã ổn định (lần 2/2)...
2025-09-08T12:49:05.5421615Z       -> Trang đã ổn định. Dữ liệu chi tiết đã được tải.
2025-09-08T12:49:05.5422215Z       -> Mô phỏng hành vi cuộn trang...
2025-09-08T12:49:06.7334162Z    -> Đã thu thập 50 tin từ trang 44.
2025-09-08T12:49:30.7968292Z    -> Đang khai thác trang 45/94 (còn 15 trang nữa sẽ biến hình)...
2025-09-08T12:49:33.9421819Z       -> Bắt đầu giai đoạn 'quan sát' để chờ trang ổn định...
2025-09-08T12:49:38.2557282Z          - Trang đã ổn định (lần 1/2)...
2025-09-08T12:49:40.2903177Z          - Trang đã ổn định (lần 2/2)...
2025-09-08T12:49:40.2903935Z       -> Trang đã ổn định. Dữ liệu chi tiết đã được tải.
2025-09-08T12:49:40.2904592Z       -> Mô phỏng hành vi cuộn trang...
2025-09-08T12:49:41.1783738Z    -> Đã thu thập 50 tin từ trang 45.
2025-09-08T12:50:04.9362446Z    -> Đang khai thác trang 46/94 (còn 14 trang nữa sẽ biến hình)...
2025-09-08T12:50:08.7000398Z       -> Bắt đầu giai đoạn 'quan sát' để chờ trang ổn định...
2025-09-08T12:50:13.0937841Z          - Trang đã ổn định (lần 1/2)...
2025-09-08T12:50:15.1332495Z          - Trang đã ổn định (lần 2/2)...
2025-09-08T12:50:15.1333144Z       -> Trang đã ổn định. Dữ liệu chi tiết đã được tải.
2025-09-08T12:50:15.1333615Z       -> Mô phỏng hành vi cuộn trang...
2025-09-08T12:50:16.0114616Z    -> Đã thu thập 50 tin từ trang 46.
2025-09-08T12:50:38.7837887Z    -> Đang khai thác trang 47/94 (còn 13 trang nữa sẽ biến hình)...
2025-09-08T12:50:41.9486990Z       -> Bắt đầu giai đoạn 'quan sát' để chờ trang ổn định...
2025-09-08T12:50:48.3136343Z          - Trang đã ổn định (lần 1/2)...
2025-09-08T12:50:50.3435631Z          - Trang đã ổn định (lần 2/2)...
2025-09-08T12:50:50.3436511Z       -> Trang đã ổn định. Dữ liệu chi tiết đã được tải.
2025-09-08T12:50:50.3437220Z       -> Mô phỏng hành vi cuộn trang...
2025-09-08T12:50:51.2614059Z    -> Đã thu thập 50 tin từ trang 47.
2025-09-08T12:51:15.2412336Z    -> Đang khai thác trang 48/94 (còn 12 trang nữa sẽ biến hình)...
2025-09-08T12:51:18.6631130Z       -> Bắt đầu giai đoạn 'quan sát' để chờ trang ổn định...
2025-09-08T12:51:23.0108445Z          - Trang đã ổn định (lần 1/2)...
2025-09-08T12:51:25.0430077Z          - Trang đã ổn định (lần 2/2)...
2025-09-08T12:51:25.0431312Z       -> Trang đã ổn định. Dữ liệu chi tiết đã được tải.
2025-09-08T12:51:25.0431979Z       -> Mô phỏng hành vi cuộn trang...
2025-09-08T12:51:25.9252655Z    -> Đã thu thập 50 tin từ trang 48.
2025-09-08T12:51:50.7618505Z    -> Đang khai thác trang 49/94 (còn 11 trang nữa sẽ biến hình)...
2025-09-08T12:51:54.1921329Z       -> Bắt đầu giai đoạn 'quan sát' để chờ trang ổn định...
2025-09-08T12:52:00.5583876Z          - Trang đã ổn định (lần 1/2)...
2025-09-08T12:52:02.5929162Z          - Trang đã ổn định (lần 2/2)...
2025-09-08T12:52:02.5930168Z       -> Trang đã ổn định. Dữ liệu chi tiết đã được tải.
2025-09-08T12:52:02.5931160Z       -> Mô phỏng hành vi cuộn trang...
2025-09-08T12:52:03.6792833Z    -> Đã thu thập 50 tin từ trang 49.
2025-09-08T12:52:24.5806981Z    -> Đang khai thác trang 50/94 (còn 10 trang nữa sẽ biến hình)...
2025-09-08T12:52:27.9207162Z       -> Bắt đầu giai đoạn 'quan sát' để chờ trang ổn định...
2025-09-08T12:52:32.3252349Z          - Trang đã ổn định (lần 1/2)...
2025-09-08T12:52:34.3544933Z          - Trang đã ổn định (lần 2/2)...
2025-09-08T12:52:34.3545550Z       -> Trang đã ổn định. Dữ liệu chi tiết đã được tải.
2025-09-08T12:52:35.5832317Z       -> Mô phỏng hành vi cuộn trang...
2025-09-08T12:52:35.5833005Z    -> Đã thu thập 50 tin từ trang 50.
2025-09-08T12:52:59.2898881Z    -> Đang khai thác trang 51/94 (còn 9 trang nữa sẽ biến hình)...
2025-09-08T12:53:02.4889883Z       -> Bắt đầu giai đoạn 'quan sát' để chờ trang ổn định...
2025-09-08T12:53:06.8817113Z          - Trang đã ổn định (lần 1/2)...
2025-09-08T12:53:08.9148115Z          - Trang đã ổn định (lần 2/2)...
2025-09-08T12:53:08.9148875Z       -> Trang đã ổn định. Dữ liệu chi tiết đã được tải.
2025-09-08T12:53:08.9149530Z       -> Mô phỏng hành vi cuộn trang...
2025-09-08T12:53:09.9699039Z    -> Đã thu thập 50 tin từ trang 51.
2025-09-08T12:53:28.8352198Z    -> Đang khai thác trang 52/94 (còn 8 trang nữa sẽ biến hình)...
2025-09-08T12:53:32.2079300Z       -> Bắt đầu giai đoạn 'quan sát' để chờ trang ổn định...
2025-09-08T12:53:36.5254552Z          - Trang đã ổn định (lần 1/2)...
2025-09-08T12:53:38.5548977Z          - Trang đã ổn định (lần 2/2)...
2025-09-08T12:53:38.5549742Z       -> Trang đã ổn định. Dữ liệu chi tiết đã được tải.
2025-09-08T12:53:38.5550403Z       -> Mô phỏng hành vi cuộn trang...
2025-09-08T12:53:39.4712438Z    -> Đã thu thập 50 tin từ trang 52.
2025-09-08T12:53:59.3518622Z    -> Đang khai thác trang 53/94 (còn 7 trang nữa sẽ biến hình)...
2025-09-08T12:54:02.4558946Z       -> Bắt đầu giai đoạn 'quan sát' để chờ trang ổn định...
2025-09-08T12:54:06.8850815Z          - Trang đã ổn định (lần 1/2)...
2025-09-08T12:54:08.9188804Z          - Trang đã ổn định (lần 2/2)...
2025-09-08T12:54:08.9189741Z       -> Trang đã ổn định. Dữ liệu chi tiết đã được tải.
2025-09-08T12:54:08.9190610Z       -> Mô phỏng hành vi cuộn trang...
2025-09-08T12:54:09.9727776Z    -> Đã thu thập 50 tin từ trang 53.
2025-09-08T12:54:30.2918322Z    -> Đang khai thác trang 54/94 (còn 6 trang nữa sẽ biến hình)...
2025-09-08T12:54:33.2605743Z       -> Bắt đầu giai đoạn 'quan sát' để chờ trang ổn định...
2025-09-08T12:54:39.6746962Z          - Trang đã ổn định (lần 1/2)...
2025-09-08T12:54:41.7081459Z          - Trang đã ổn định (lần 2/2)...
2025-09-08T12:54:41.7082384Z       -> Trang đã ổn định. Dữ liệu chi tiết đã được tải.
2025-09-08T12:54:41.7083203Z       -> Mô phỏng hành vi cuộn trang...
2025-09-08T12:54:42.7442614Z    -> Đã thu thập 50 tin từ trang 54.
2025-09-08T12:55:06.0161257Z    -> Đang khai thác trang 55/94 (còn 5 trang nữa sẽ biến hình)...
2025-09-08T12:55:08.7032951Z       -> Bắt đầu giai đoạn 'quan sát' để chờ trang ổn định...
2025-09-08T12:55:13.0657373Z          - Trang đã ổn định (lần 1/2)...
2025-09-08T12:55:15.0960169Z          - Trang đã ổn định (lần 2/2)...
2025-09-08T12:55:15.0961254Z       -> Trang đã ổn định. Dữ liệu chi tiết đã được tải.
2025-09-08T12:55:15.0961994Z       -> Mô phỏng hành vi cuộn trang...
2025-09-08T12:55:16.0659137Z    -> Đã thu thập 50 tin từ trang 55.
2025-09-08T12:55:40.6338502Z    -> Đang khai thác trang 56/94 (còn 4 trang nữa sẽ biến hình)...
2025-09-08T12:55:44.5691342Z       -> Bắt đầu giai đoạn 'quan sát' để chờ trang ổn định...
2025-09-08T12:55:50.9869311Z          - Trang đã ổn định (lần 1/2)...
2025-09-08T12:55:53.0213951Z          - Trang đã ổn định (lần 2/2)...
2025-09-08T12:55:53.0214480Z       -> Trang đã ổn định. Dữ liệu chi tiết đã được tải.
2025-09-08T12:55:53.0214871Z       -> Mô phỏng hành vi cuộn trang...
2025-09-08T12:55:54.2817559Z    -> Đã thu thập 50 tin từ trang 56.
2025-09-08T12:56:14.9899637Z    -> Đang khai thác trang 57/94 (còn 3 trang nữa sẽ biến hình)...
2025-09-08T12:56:19.8264098Z       -> Bắt đầu giai đoạn 'quan sát' để chờ trang ổn định...
2025-09-08T12:56:24.2234648Z          - Trang đã ổn định (lần 1/2)...
2025-09-08T12:56:26.2557556Z          - Trang đã ổn định (lần 2/2)...
2025-09-08T12:56:26.2558359Z       -> Trang đã ổn định. Dữ liệu chi tiết đã được tải.
2025-09-08T12:56:26.2558995Z       -> Mô phỏng hành vi cuộn trang...
2025-09-08T12:56:27.1240071Z    -> Đã thu thập 50 tin từ trang 57.
2025-09-08T12:56:48.9894223Z    -> Đang khai thác trang 58/94 (còn 2 trang nữa sẽ biến hình)...
2025-09-08T12:56:53.6886366Z       -> Bắt đầu giai đoạn 'quan sát' để chờ trang ổn định...
2025-09-08T12:56:58.0374563Z          - Trang đã ổn định (lần 1/2)...
2025-09-08T12:57:00.0676534Z          - Trang đã ổn định (lần 2/2)...
2025-09-08T12:57:00.0677048Z       -> Trang đã ổn định. Dữ liệu chi tiết đã được tải.
2025-09-08T12:57:00.0677440Z       -> Mô phỏng hành vi cuộn trang...
2025-09-08T12:57:00.9871351Z    -> Đã thu thập 50 tin từ trang 58.
2025-09-08T12:57:24.1164450Z    -> Đang khai thác trang 59/94 (còn 1 trang nữa sẽ biến hình)...
2025-09-08T12:57:27.8951400Z       -> Bắt đầu giai đoạn 'quan sát' để chờ trang ổn định...
2025-09-08T12:57:32.2280145Z          - Trang đã ổn định (lần 1/2)...
2025-09-08T12:57:34.2590158Z          - Trang đã ổn định (lần 2/2)...
2025-09-08T12:57:34.2590746Z       -> Trang đã ổn định. Dữ liệu chi tiết đã được tải.
2025-09-08T12:57:34.2591446Z       -> Mô phỏng hành vi cuộn trang...
2025-09-08T12:57:35.5249007Z    -> Đã thu thập 50 tin từ trang 59.
2025-09-08T12:57:59.9673936Z 
2025-09-08T12:57:59.9674960Z    -> [Điệp viên] Hết độ bền nhân dạng. Bắt đầu "biến hình"...
2025-09-08T12:58:00.0821660Z -> [Điệp viên] Đang yêu cầu một danh tính proxy MỚI từ API...
2025-09-08T12:58:00.5827359Z -> [Điệp viên] Đã nhận proxy mới thành công: 1.54.240.52:24951
2025-09-08T12:58:00.5827849Z 
2025-09-08T12:58:00.5828528Z [Điệp viên] Đang khởi tạo trình duyệt với danh tính 1.54.240.52...
2025-09-08T12:58:00.8496973Z    -> [Điệp viên] "Biến hình" thành công. Độ bền nhân dạng mới: 16 trang.
2025-09-08T12:58:00.8498046Z    -> Đang khai thác trang 60/94 (còn 16 trang nữa sẽ biến hình)...
2025-09-08T12:58:16.9407372Z       -> Bắt đầu giai đoạn 'quan sát' để chờ trang ổn định...
2025-09-08T12:58:21.3561522Z          - Trang đã ổn định (lần 1/2)...
2025-09-08T12:58:23.3889148Z          - Trang đã ổn định (lần 2/2)...
2025-09-08T12:58:23.3889727Z       -> Trang đã ổn định. Dữ liệu chi tiết đã được tải.
2025-09-08T12:58:23.3890120Z       -> Mô phỏng hành vi cuộn trang...
2025-09-08T12:58:24.5643068Z    -> Đã thu thập 50 tin từ trang 60.
2025-09-08T12:58:45.9920160Z    -> Đang khai thác trang 61/94 (còn 15 trang nữa sẽ biến hình)...
2025-09-08T12:58:50.9729746Z       -> Bắt đầu giai đoạn 'quan sát' để chờ trang ổn định...
2025-09-08T12:58:57.2436479Z          - Trang đã ổn định (lần 1/2)...
2025-09-08T12:58:59.2730645Z          - Trang đã ổn định (lần 2/2)...
2025-09-08T12:58:59.2731326Z       -> Trang đã ổn định. Dữ liệu chi tiết đã được tải.
2025-09-08T12:58:59.2731725Z       -> Mô phỏng hành vi cuộn trang...
2025-09-08T12:59:00.5913508Z    -> Đã thu thập 50 tin từ trang 61.
2025-09-08T12:59:18.8088675Z    -> Đang khai thác trang 62/94 (còn 14 trang nữa sẽ biến hình)...
2025-09-08T12:59:21.5306831Z       -> Bắt đầu giai đoạn 'quan sát' để chờ trang ổn định...
2025-09-08T12:59:27.9396398Z          - Trang đã ổn định (lần 1/2)...
2025-09-08T12:59:29.9732657Z          - Trang đã ổn định (lần 2/2)...
2025-09-08T12:59:29.9733462Z       -> Trang đã ổn định. Dữ liệu chi tiết đã được tải.
2025-09-08T12:59:29.9734352Z       -> Mô phỏng hành vi cuộn trang...
2025-09-08T12:59:31.0700815Z    -> Đã thu thập 50 tin từ trang 62.
2025-09-08T12:59:51.0321934Z    -> Đang khai thác trang 63/94 (còn 13 trang nữa sẽ biến hình)...
2025-09-08T12:59:56.0571257Z       -> Bắt đầu giai đoạn 'quan sát' để chờ trang ổn định...
2025-09-08T13:00:02.3615126Z          - Trang đã ổn định (lần 1/2)...
2025-09-08T13:00:04.3896588Z          - Trang đã ổn định (lần 2/2)...
2025-09-08T13:00:04.3899423Z       -> Trang đã ổn định. Dữ liệu chi tiết đã được tải.
2025-09-08T13:00:04.3903415Z       -> Mô phỏng hành vi cuộn trang...
2025-09-08T13:00:05.5071778Z    -> Đã thu thập 50 tin từ trang 63.
2025-09-08T13:00:26.4617793Z    -> Đang khai thác trang 64/94 (còn 12 trang nữa sẽ biến hình)...
2025-09-08T13:00:28.9663560Z       -> Bắt đầu giai đoạn 'quan sát' để chờ trang ổn định...
2025-09-08T13:00:35.2688421Z          - Trang đã ổn định (lần 1/2)...
2025-09-08T13:00:37.3036535Z          - Trang đã ổn định (lần 2/2)...
2025-09-08T13:00:37.3037329Z       -> Trang đã ổn định. Dữ liệu chi tiết đã được tải.
2025-09-08T13:00:37.3038113Z       -> Mô phỏng hành vi cuộn trang...
2025-09-08T13:00:38.4393743Z    -> Đã thu thập 50 tin từ trang 64.
2025-09-08T13:00:57.1250137Z    -> Đang khai thác trang 65/94 (còn 11 trang nữa sẽ biến hình)...
2025-09-08T13:00:59.6060758Z       -> Bắt đầu giai đoạn 'quan sát' để chờ trang ổn định...
2025-09-08T13:01:06.0709017Z          - Trang đã ổn định (lần 1/2)...
2025-09-08T13:01:08.1022375Z          - Trang đã ổn định (lần 2/2)...
2025-09-08T13:01:08.1022950Z       -> Trang đã ổn định. Dữ liệu chi tiết đã được tải.
2025-09-08T13:01:08.1023426Z       -> Mô phỏng hành vi cuộn trang...
2025-09-08T13:01:09.3777949Z    -> Đã thu thập 50 tin từ trang 65.
2025-09-08T13:01:29.2114907Z    -> Đang khai thác trang 66/94 (còn 10 trang nữa sẽ biến hình)...
2025-09-08T13:01:31.8752558Z       -> Bắt đầu giai đoạn 'quan sát' để chờ trang ổn định...
2025-09-08T13:01:38.2866682Z          - Trang đã ổn định (lần 1/2)...
2025-09-08T13:01:40.3153960Z          - Trang đã ổn định (lần 2/2)...
2025-09-08T13:01:40.3154574Z       -> Trang đã ổn định. Dữ liệu chi tiết đã được tải.
2025-09-08T13:01:40.3155061Z       -> Mô phỏng hành vi cuộn trang...
2025-09-08T13:01:41.2420707Z    -> Đã thu thập 50 tin từ trang 66.
2025-09-08T13:02:05.6691330Z    -> Đang khai thác trang 67/94 (còn 9 trang nữa sẽ biến hình)...
2025-09-08T13:02:08.2299022Z       -> Bắt đầu giai đoạn 'quan sát' để chờ trang ổn định...
2025-09-08T13:02:14.6257888Z          - Trang đã ổn định (lần 1/2)...
2025-09-08T13:02:16.6559710Z          - Trang đã ổn định (lần 2/2)...
2025-09-08T13:02:16.6560560Z       -> Trang đã ổn định. Dữ liệu chi tiết đã được tải.
2025-09-08T13:02:16.6561483Z       -> Mô phỏng hành vi cuộn trang...
2025-09-08T13:02:17.6733060Z    -> Đã thu thập 50 tin từ trang 67.
2025-09-08T13:02:39.7732006Z    -> Đang khai thác trang 68/94 (còn 8 trang nữa sẽ biến hình)...
2025-09-08T13:02:42.2826772Z       -> Bắt đầu giai đoạn 'quan sát' để chờ trang ổn định...
2025-09-08T13:02:48.5775592Z          - Trang đã ổn định (lần 1/2)...
2025-09-08T13:02:50.6101696Z          - Trang đã ổn định (lần 2/2)...
2025-09-08T13:02:50.6102502Z       -> Trang đã ổn định. Dữ liệu chi tiết đã được tải.
2025-09-08T13:02:50.6103208Z       -> Mô phỏng hành vi cuộn trang...
2025-09-08T13:02:51.5671998Z    -> Đã thu thập 50 tin từ trang 68.
2025-09-08T13:03:13.2868190Z    -> Đang khai thác trang 69/94 (còn 7 trang nữa sẽ biến hình)...
2025-09-08T13:03:15.8436121Z       -> Bắt đầu giai đoạn 'quan sát' để chờ trang ổn định...
2025-09-08T13:03:22.2638025Z          - Trang đã ổn định (lần 1/2)...
2025-09-08T13:03:24.2976758Z          - Trang đã ổn định (lần 2/2)...
2025-09-08T13:03:24.2977709Z       -> Trang đã ổn định. Dữ liệu chi tiết đã được tải.
2025-09-08T13:03:24.2978488Z       -> Mô phỏng hành vi cuộn trang...
2025-09-08T13:03:25.4088537Z    -> Đã thu thập 50 tin từ trang 69.
2025-09-08T13:03:46.7898102Z    -> Đang khai thác trang 70/94 (còn 6 trang nữa sẽ biến hình)...
2025-09-08T13:03:49.4098980Z       -> Bắt đầu giai đoạn 'quan sát' để chờ trang ổn định...
2025-09-08T13:03:55.7154197Z          - Trang đã ổn định (lần 1/2)...
2025-09-08T13:03:57.7494466Z          - Trang đã ổn định (lần 2/2)...
2025-09-08T13:03:57.7495252Z       -> Trang đã ổn định. Dữ liệu chi tiết đã được tải.
2025-09-08T13:03:57.7495886Z       -> Mô phỏng hành vi cuộn trang...
2025-09-08T13:03:58.6991185Z    -> Đã thu thập 50 tin từ trang 70.
2025-09-08T13:04:23.6256876Z    -> Đang khai thác trang 71/94 (còn 5 trang nữa sẽ biến hình)...
2025-09-08T13:04:26.1026478Z       -> Bắt đầu giai đoạn 'quan sát' để chờ trang ổn định...
2025-09-08T13:04:32.3736216Z          - Trang đã ổn định (lần 1/2)...
2025-09-08T13:04:34.4053370Z          - Trang đã ổn định (lần 2/2)...
2025-09-08T13:04:34.4054137Z       -> Trang đã ổn định. Dữ liệu chi tiết đã được tải.
2025-09-08T13:04:34.4054882Z       -> Mô phỏng hành vi cuộn trang...
2025-09-08T13:04:35.5895220Z    -> Đã thu thập 50 tin từ trang 71.
2025-09-08T13:04:58.2356864Z    -> Đang khai thác trang 72/94 (còn 4 trang nữa sẽ biến hình)...
2025-09-08T13:05:03.4168190Z       -> Bắt đầu giai đoạn 'quan sát' để chờ trang ổn định...
2025-09-08T13:05:09.9794729Z          - Trang đã ổn định (lần 1/2)...
2025-09-08T13:05:12.0095529Z          - Trang đã ổn định (lần 2/2)...
2025-09-08T13:05:12.0096149Z       -> Trang đã ổn định. Dữ liệu chi tiết đã được tải.
2025-09-08T13:05:12.0096647Z       -> Mô phỏng hành vi cuộn trang...
2025-09-08T13:05:13.0370045Z    -> Đã thu thập 50 tin từ trang 72.
2025-09-08T13:05:33.2851630Z    -> Đang khai thác trang 73/94 (còn 3 trang nữa sẽ biến hình)...
2025-09-08T13:05:35.7111049Z       -> Bắt đầu giai đoạn 'quan sát' để chờ trang ổn định...
2025-09-08T13:05:42.0403552Z          - Trang đã ổn định (lần 1/2)...
2025-09-08T13:05:44.0757607Z          - Trang đã ổn định (lần 2/2)...
2025-09-08T13:05:44.0758475Z       -> Trang đã ổn định. Dữ liệu chi tiết đã được tải.
2025-09-08T13:05:44.0759267Z       -> Mô phỏng hành vi cuộn trang...
2025-09-08T13:05:45.3416338Z    -> Đã thu thập 50 tin từ trang 73.
2025-09-08T13:06:08.5120090Z    -> Đang khai thác trang 74/94 (còn 2 trang nữa sẽ biến hình)...
2025-09-08T13:06:18.4640726Z       -> Bắt đầu giai đoạn 'quan sát' để chờ trang ổn định...
2025-09-08T13:06:20.9748678Z          - Trang đã ổn định (lần 1/2)...
2025-09-08T13:06:25.0383661Z          - Trang đã ổn định (lần 1/2)...
2025-09-08T13:06:27.0801429Z          - Trang đã ổn định (lần 2/2)...
2025-09-08T13:06:27.0801950Z       -> Trang đã ổn định. Dữ liệu chi tiết đã được tải.
2025-09-08T13:06:27.0802350Z       -> Mô phỏng hành vi cuộn trang...
2025-09-08T13:06:28.1071797Z    -> Đã thu thập 50 tin từ trang 74.
2025-09-08T13:06:46.6965898Z    -> Đang khai thác trang 75/94 (còn 1 trang nữa sẽ biến hình)...
2025-09-08T13:06:56.4161687Z       -> Bắt đầu giai đoạn 'quan sát' để chờ trang ổn định...
2025-09-08T13:07:02.9139393Z          - Trang đã ổn định (lần 1/2)...
2025-09-08T13:07:04.9518037Z          - Trang đã ổn định (lần 2/2)...
2025-09-08T13:07:04.9518642Z       -> Trang đã ổn định. Dữ liệu chi tiết đã được tải.
2025-09-08T13:07:04.9519041Z       -> Mô phỏng hành vi cuộn trang...
2025-09-08T13:07:05.8500695Z    -> Đã thu thập 50 tin từ trang 75.
2025-09-08T13:07:27.4939884Z 
2025-09-08T13:07:27.4941250Z    -> [Điệp viên] Hết độ bền nhân dạng. Bắt đầu "biến hình"...
2025-09-08T13:07:27.6169454Z -> [Điệp viên] Đang yêu cầu một danh tính proxy MỚI từ API...
2025-09-08T13:07:28.1959618Z -> [Điệp viên] Đã nhận proxy mới thành công: 171.241.35.210:21941
2025-09-08T13:07:28.1960138Z 
2025-09-08T13:07:28.1960736Z [Điệp viên] Đang khởi tạo trình duyệt với danh tính 171.241.35.210...
2025-09-08T13:07:28.4572421Z    -> [Điệp viên] "Biến hình" thành công. Độ bền nhân dạng mới: 11 trang.
2025-09-08T13:07:28.4573060Z    -> Đang khai thác trang 76/94 (còn 11 trang nữa sẽ biến hình)...
2025-09-08T13:07:42.1184530Z       -> Bắt đầu giai đoạn 'quan sát' để chờ trang ổn định...
2025-09-08T13:07:48.5061978Z          - Trang đã ổn định (lần 1/2)...
2025-09-08T13:07:50.5348091Z          - Trang đã ổn định (lần 2/2)...
2025-09-08T13:07:50.5348616Z       -> Trang đã ổn định. Dữ liệu chi tiết đã được tải.
2025-09-08T13:07:50.5349026Z       -> Mô phỏng hành vi cuộn trang...
2025-09-08T13:07:51.4466596Z    -> Đã thu thập 50 tin từ trang 76.
2025-09-08T13:08:14.6727778Z    -> Đang khai thác trang 77/94 (còn 10 trang nữa sẽ biến hình)...
2025-09-08T13:08:18.0826516Z       -> Bắt đầu giai đoạn 'quan sát' để chờ trang ổn định...
2025-09-08T13:08:24.3596622Z          - Trang đã ổn định (lần 1/2)...
2025-09-08T13:08:26.3906467Z          - Trang đã ổn định (lần 2/2)...
2025-09-08T13:08:26.3906989Z       -> Trang đã ổn định. Dữ liệu chi tiết đã được tải.
2025-09-08T13:08:26.3907423Z       -> Mô phỏng hành vi cuộn trang...
2025-09-08T13:08:27.5882308Z    -> Đã thu thập 50 tin từ trang 77.
2025-09-08T13:08:52.4268434Z    -> Đang khai thác trang 78/94 (còn 9 trang nữa sẽ biến hình)...
2025-09-08T13:08:54.9939160Z       -> Bắt đầu giai đoạn 'quan sát' để chờ trang ổn định...
2025-09-08T13:09:01.2803306Z          - Trang đã ổn định (lần 1/2)...
2025-09-08T13:09:03.3143434Z          - Trang đã ổn định (lần 2/2)...
2025-09-08T13:09:03.3144047Z       -> Trang đã ổn định. Dữ liệu chi tiết đã được tải.
2025-09-08T13:09:03.3144535Z       -> Mô phỏng hành vi cuộn trang...
2025-09-08T13:09:04.3282478Z    -> Đã thu thập 50 tin từ trang 78.
2025-09-08T13:09:28.4619401Z    -> Đang khai thác trang 79/94 (còn 8 trang nữa sẽ biến hình)...
2025-09-08T13:09:30.8961436Z       -> Bắt đầu giai đoạn 'quan sát' để chờ trang ổn định...
2025-09-08T13:09:39.2300302Z          - Trang đã ổn định (lần 1/2)...
2025-09-08T13:09:41.2634608Z          - Trang đã ổn định (lần 2/2)...
2025-09-08T13:09:41.2635279Z       -> Trang đã ổn định. Dữ liệu chi tiết đã được tải.
2025-09-08T13:09:41.2635765Z       -> Mô phỏng hành vi cuộn trang...
2025-09-08T13:09:42.3071816Z    -> Đã thu thập 50 tin từ trang 79.
2025-09-08T13:10:03.2484828Z    -> Đang khai thác trang 80/94 (còn 7 trang nữa sẽ biến hình)...
2025-09-08T13:10:06.8342865Z       -> Bắt đầu giai đoạn 'quan sát' để chờ trang ổn định...
2025-09-08T13:10:15.1695981Z          - Trang đã ổn định (lần 1/2)...
2025-09-08T13:10:17.2005698Z          - Trang đã ổn định (lần 2/2)...
2025-09-08T13:10:17.2006518Z       -> Trang đã ổn định. Dữ liệu chi tiết đã được tải.
2025-09-08T13:10:17.2006938Z       -> Mô phỏng hành vi cuộn trang...
2025-09-08T13:10:18.3722749Z    -> Đã thu thập 50 tin từ trang 80.
2025-09-08T13:10:37.2324359Z    -> Đang khai thác trang 81/94 (còn 6 trang nữa sẽ biến hình)...
2025-09-08T13:10:39.5429537Z       -> Bắt đầu giai đoạn 'quan sát' để chờ trang ổn định...
2025-09-08T13:10:44.0006279Z          - Trang đã ổn định (lần 1/2)...
2025-09-08T13:10:46.0301536Z          - Trang đã ổn định (lần 2/2)...
2025-09-08T13:10:46.0302450Z       -> Trang đã ổn định. Dữ liệu chi tiết đã được tải.
2025-09-08T13:10:46.0303173Z       -> Mô phỏng hành vi cuộn trang...
2025-09-08T13:10:47.2568547Z    -> Đã thu thập 50 tin từ trang 81.
2025-09-08T13:11:07.2920142Z    -> Đang khai thác trang 82/94 (còn 5 trang nữa sẽ biến hình)...
2025-09-08T13:11:09.4664910Z       -> Bắt đầu giai đoạn 'quan sát' để chờ trang ổn định...
2025-09-08T13:11:15.7583332Z          - Trang đã ổn định (lần 1/2)...
2025-09-08T13:11:17.7978339Z          - Trang đã ổn định (lần 2/2)...
2025-09-08T13:11:17.7979370Z       -> Trang đã ổn định. Dữ liệu chi tiết đã được tải.
2025-09-08T13:11:17.7980656Z       -> Mô phỏng hành vi cuộn trang...
2025-09-08T13:11:18.7042921Z    -> Đã thu thập 50 tin từ trang 82.
2025-09-08T13:11:43.3373171Z    -> Đang khai thác trang 83/94 (còn 4 trang nữa sẽ biến hình)...
2025-09-08T13:11:45.6598168Z       -> Bắt đầu giai đoạn 'quan sát' để chờ trang ổn định...
2025-09-08T13:11:52.0825869Z          - Trang đã ổn định (lần 1/2)...
2025-09-08T13:11:54.1144027Z          - Trang đã ổn định (lần 2/2)...
2025-09-08T13:11:54.1144544Z       -> Trang đã ổn định. Dữ liệu chi tiết đã được tải.
2025-09-08T13:11:54.1144982Z       -> Mô phỏng hành vi cuộn trang...
2025-09-08T13:11:55.4396621Z    -> Đã thu thập 50 tin từ trang 83.
2025-09-08T13:12:17.1593862Z    -> Đang khai thác trang 84/94 (còn 3 trang nữa sẽ biến hình)...
2025-09-08T13:12:19.6070814Z       -> Bắt đầu giai đoạn 'quan sát' để chờ trang ổn định...
2025-09-08T13:12:27.9586176Z          - Trang đã ổn định (lần 1/2)...
2025-09-08T13:12:29.9912234Z          - Trang đã ổn định (lần 2/2)...
2025-09-08T13:12:29.9912856Z       -> Trang đã ổn định. Dữ liệu chi tiết đã được tải.
2025-09-08T13:12:29.9913343Z       -> Mô phỏng hành vi cuộn trang...
2025-09-08T13:12:30.9211958Z    -> Đã thu thập 50 tin từ trang 84.
2025-09-08T13:12:51.0707520Z    -> Đang khai thác trang 85/94 (còn 2 trang nữa sẽ biến hình)...
2025-09-08T13:12:54.1268756Z       -> Bắt đầu giai đoạn 'quan sát' để chờ trang ổn định...
2025-09-08T13:13:00.4896607Z          - Trang đã ổn định (lần 1/2)...
2025-09-08T13:13:02.5232423Z          - Trang đã ổn định (lần 2/2)...
2025-09-08T13:13:02.5232983Z       -> Trang đã ổn định. Dữ liệu chi tiết đã được tải.
2025-09-08T13:13:02.5233388Z       -> Mô phỏng hành vi cuộn trang...
2025-09-08T13:13:03.6250551Z    -> Đã thu thập 50 tin từ trang 85.
2025-09-08T13:13:24.3451508Z    -> Đang khai thác trang 86/94 (còn 1 trang nữa sẽ biến hình)...
2025-09-08T13:13:26.8255660Z       -> Bắt đầu giai đoạn 'quan sát' để chờ trang ổn định...
2025-09-08T13:13:33.1588848Z          - Trang đã ổn định (lần 1/2)...
2025-09-08T13:13:35.1928549Z          - Trang đã ổn định (lần 2/2)...
2025-09-08T13:13:35.1929400Z       -> Trang đã ổn định. Dữ liệu chi tiết đã được tải.
2025-09-08T13:13:35.1930095Z       -> Mô phỏng hành vi cuộn trang...
2025-09-08T13:13:36.3815244Z    -> Đã thu thập 50 tin từ trang 86.
2025-09-08T13:13:58.5384178Z 
2025-09-08T13:13:58.5389285Z    -> [Điệp viên] Hết độ bền nhân dạng. Bắt đầu "biến hình"...
2025-09-08T13:13:58.6491579Z -> [Điệp viên] Đang yêu cầu một danh tính proxy MỚI từ API...
2025-09-08T13:13:59.4972420Z -> [Điệp viên] Đã nhận proxy mới thành công: 1.54.165.69:20211
2025-09-08T13:13:59.4972812Z 
2025-09-08T13:13:59.4973171Z [Điệp viên] Đang khởi tạo trình duyệt với danh tính 1.54.165.69...
2025-09-08T13:13:59.7652742Z    -> [Điệp viên] "Biến hình" thành công. Độ bền nhân dạng mới: 19 trang.
2025-09-08T13:13:59.7653739Z    -> Đang khai thác trang 87/94 (còn 19 trang nữa sẽ biến hình)...
2025-09-08T13:14:10.9582781Z       -> Bắt đầu giai đoạn 'quan sát' để chờ trang ổn định...
2025-09-08T13:14:15.0612874Z          - Trang đã ổn định (lần 1/2)...
2025-09-08T13:14:17.0898703Z          - Trang đã ổn định (lần 2/2)...
2025-09-08T13:14:17.0899506Z       -> Trang đã ổn định. Dữ liệu chi tiết đã được tải.
2025-09-08T13:14:17.0900220Z       -> Mô phỏng hành vi cuộn trang...
2025-09-08T13:14:17.9903476Z    -> Đã thu thập 50 tin từ trang 87.
2025-09-08T13:14:42.5788208Z    -> Đang khai thác trang 88/94 (còn 18 trang nữa sẽ biến hình)...
2025-09-08T13:14:44.4393412Z       -> Bắt đầu giai đoạn 'quan sát' để chờ trang ổn định...
2025-09-08T13:14:50.7202647Z          - Trang đã ổn định (lần 1/2)...
2025-09-08T13:14:52.7493876Z          - Trang đã ổn định (lần 2/2)...
2025-09-08T13:14:52.7494683Z       -> Trang đã ổn định. Dữ liệu chi tiết đã được tải.
2025-09-08T13:14:52.7495370Z       -> Mô phỏng hành vi cuộn trang...
2025-09-08T13:14:53.9394972Z    -> Đã thu thập 50 tin từ trang 88.
2025-09-08T13:15:17.9212521Z    -> Đang khai thác trang 89/94 (còn 17 trang nữa sẽ biến hình)...
2025-09-08T13:15:25.8489190Z       -> Bắt đầu giai đoạn 'quan sát' để chờ trang ổn định...
2025-09-08T13:15:30.1793450Z          - Trang đã ổn định (lần 1/2)...
2025-09-08T13:15:32.2147966Z          - Trang đã ổn định (lần 2/2)...
2025-09-08T13:15:32.2148751Z       -> Trang đã ổn định. Dữ liệu chi tiết đã được tải.
2025-09-08T13:15:32.2149377Z       -> Mô phỏng hành vi cuộn trang...
2025-09-08T13:15:33.0876259Z    -> Đã thu thập 50 tin từ trang 89.
2025-09-08T13:15:51.3515369Z    -> Đang khai thác trang 90/94 (còn 16 trang nữa sẽ biến hình)...
2025-09-08T13:15:53.6298604Z       -> Bắt đầu giai đoạn 'quan sát' để chờ trang ổn định...
2025-09-08T13:15:59.9238169Z          - Trang đã ổn định (lần 1/2)...
2025-09-08T13:16:01.9521475Z          - Trang đã ổn định (lần 2/2)...
2025-09-08T13:16:01.9522379Z       -> Trang đã ổn định. Dữ liệu chi tiết đã được tải.
2025-09-08T13:16:01.9523105Z       -> Mô phỏng hành vi cuộn trang...
2025-09-08T13:16:02.9701573Z    -> Đã thu thập 50 tin từ trang 90.
2025-09-08T13:16:27.0923712Z    -> Đang khai thác trang 91/94 (còn 15 trang nữa sẽ biến hình)...
2025-09-08T13:16:30.7598692Z       -> Bắt đầu giai đoạn 'quan sát' để chờ trang ổn định...
2025-09-08T13:16:37.2758665Z          - Trang đã ổn định (lần 1/2)...
2025-09-08T13:16:39.3078875Z          - Trang đã ổn định (lần 2/2)...
2025-09-08T13:16:39.3079717Z       -> Trang đã ổn định. Dữ liệu chi tiết đã được tải.
2025-09-08T13:16:39.3080361Z       -> Mô phỏng hành vi cuộn trang...
2025-09-08T13:16:40.4138646Z    -> Đã thu thập 50 tin từ trang 91.
2025-09-08T13:17:01.7703686Z    -> Đang khai thác trang 92/94 (còn 14 trang nữa sẽ biến hình)...
2025-09-08T13:17:04.8241097Z       -> Bắt đầu giai đoạn 'quan sát' để chờ trang ổn định...
2025-09-08T13:17:11.1972518Z          - Trang đã ổn định (lần 1/2)...
2025-09-08T13:17:13.2317541Z          - Trang đã ổn định (lần 2/2)...
2025-09-08T13:17:13.2318375Z       -> Trang đã ổn định. Dữ liệu chi tiết đã được tải.
2025-09-08T13:17:13.2319094Z       -> Mô phỏng hành vi cuộn trang...
2025-09-08T13:17:14.5914318Z    -> Đã thu thập 50 tin từ trang 92.
2025-09-08T13:17:36.2615600Z    -> Đang khai thác trang 93/94 (còn 13 trang nữa sẽ biến hình)...
2025-09-08T13:17:39.3819073Z       -> Bắt đầu giai đoạn 'quan sát' để chờ trang ổn định...
2025-09-08T13:17:45.6969531Z          - Trang đã ổn định (lần 1/2)...
2025-09-08T13:17:47.7259603Z          - Trang đã ổn định (lần 2/2)...
2025-09-08T13:17:47.7261276Z       -> Trang đã ổn định. Dữ liệu chi tiết đã được tải.
2025-09-08T13:17:47.7262221Z       -> Mô phỏng hành vi cuộn trang...
2025-09-08T13:17:48.9151337Z    -> Đã thu thập 46 tin từ trang 93.
2025-09-08T13:18:12.0494828Z    -> Đang khai thác trang 94/94 (còn 12 trang nữa sẽ biến hình)...
2025-09-08T13:18:16.2145352Z       -> Bắt đầu giai đoạn 'quan sát' để chờ trang ổn định...
2025-09-08T13:18:20.5307234Z          - Trang đã ổn định (lần 1/2)...
2025-09-08T13:18:22.5614884Z          - Trang đã ổn định (lần 2/2)...
2025-09-08T13:18:22.5615641Z       -> Trang đã ổn định. Dữ liệu chi tiết đã được tải.
2025-09-08T13:18:22.5616274Z       -> Mô phỏng hành vi cuộn trang...
2025-09-08T13:18:23.7768977Z    -> Đã thu thập 46 tin từ trang 94.
2025-09-08T13:18:46.2662107Z 
2025-09-08T13:18:46.2663664Z [Điệp viên] Rút lui an toàn, đã đóng trình duyệt.
2025-09-08T13:18:46.6396165Z 
2025-09-08T13:18:46.6398881Z --- BÁO CÁO NHIỆM VỤ ---
2025-09-08T13:18:46.6400326Z Đã tổng hợp 4692 tin duy nhất vào data/topcv_ke-toan_08-09-2025.csv
2025-09-08T13:18:46.7657158Z ##[group]Run # Đồng bộ hóa với các file dữ liệu cũ (nếu có) để tránh lỗi push
2025-09-08T13:18:46.7657672Z [36;1m# Đồng bộ hóa với các file dữ liệu cũ (nếu có) để tránh lỗi push[0m
2025-09-08T13:18:46.7658073Z [36;1mgit pull origin main --rebase[0m
2025-09-08T13:18:46.7658321Z [36;1m[0m
2025-09-08T13:18:46.7658574Z [36;1mgit config --global user.name 'GitHub Actions Scraper'[0m
2025-09-08T13:18:46.7658943Z [36;1mgit config --global user.email 'actions@github.com'[0m
2025-09-08T13:18:46.7659275Z [36;1mgit add data/topcv_ke-toan_08-09-2025.csv[0m
2025-09-08T13:18:46.7659693Z [36;1mgit commit -m "📊 Dữ liệu TopCV: Thêm 4692 tin mới vào data/topcv_ke-toan_08-09-2025.csv"[0m
2025-09-08T13:18:46.7660067Z [36;1mgit push[0m
2025-09-08T13:18:46.7690314Z shell: /usr/bin/bash -e {0}
2025-09-08T13:18:46.7690559Z ##[endgroup]
2025-09-08T13:18:46.9614069Z error: cannot pull with rebase: You have unstaged changes.
2025-09-08T13:18:46.9616371Z error: Please commit or stash them.
2025-09-08T13:18:46.9634403Z ##[error]Process completed with exit code 128.
2025-09-08T13:18:46.9706043Z Post job cleanup.
2025-09-08T13:18:47.0624575Z [command]/usr/bin/git version
2025-09-08T13:18:47.0661621Z git version 2.51.0
2025-09-08T13:18:47.0704519Z Temporarily overriding HOME='/home/runner/work/_temp/64ee4c6e-bfde-4ebd-9ad5-037231aaa225' before making global git config changes
2025-09-08T13:18:47.0705869Z Adding repository directory to the temporary git global config as a safe directory
2025-09-08T13:18:47.0709924Z [command]/usr/bin/git config --global --add safe.directory /home/runner/work/topcv-job-scraper/topcv-job-scraper
2025-09-08T13:18:47.0744994Z [command]/usr/bin/git config --local --name-only --get-regexp core\.sshCommand
2025-09-08T13:18:47.0776799Z [command]/usr/bin/git submodule foreach --recursive sh -c "git config --local --name-only --get-regexp 'core\.sshCommand' && git config --local --unset-all 'core.sshCommand' || :"
2025-09-08T13:18:47.1013710Z [command]/usr/bin/git config --local --name-only --get-regexp http\.https\:\/\/github\.com\/\.extraheader
2025-09-08T13:18:47.1034037Z http.https://github.com/.extraheader
2025-09-08T13:18:47.1046119Z [command]/usr/bin/git config --local --unset-all http.https://github.com/.extraheader
2025-09-08T13:18:47.1075556Z [command]/usr/bin/git submodule foreach --recursive sh -c "git config --local --name-only --get-regexp 'http\.https\:\/\/github\.com\/\.extraheader' && git config --local --unset-all 'http.https://github.com/.extraheader' || :"
2025-09-08T13:18:47.1401829Z Cleaning up orphan processes
