2025-09-08T08:23:32.8524284Z Current runner version: '2.328.0'
2025-09-08T08:23:32.8549341Z ##[group]Runner Image Provisioner
2025-09-08T08:23:32.8550188Z Hosted Compute Agent
2025-09-08T08:23:32.8550725Z Version: 20250829.383
2025-09-08T08:23:32.8551421Z Commit: 27cb235aab5b0e52e153a26cd86b4742e89dac5d
2025-09-08T08:23:32.8552126Z Build Date: 2025-08-29T13:48:48Z
2025-09-08T08:23:32.8552701Z ##[endgroup]
2025-09-08T08:23:32.8553330Z ##[group]Operating System
2025-09-08T08:23:32.8553887Z Ubuntu
2025-09-08T08:23:32.8554336Z 24.04.3
2025-09-08T08:23:32.8555230Z LTS
2025-09-08T08:23:32.8555731Z ##[endgroup]
2025-09-08T08:23:32.8556223Z ##[group]Runner Image
2025-09-08T08:23:32.8556888Z Image: ubuntu-24.04
2025-09-08T08:23:32.8557410Z Version: 20250831.1.0
2025-09-08T08:23:32.8558415Z Included Software: https://github.com/actions/runner-images/blob/ubuntu24/20250831.1/images/ubuntu/Ubuntu2404-Readme.md
2025-09-08T08:23:32.8560039Z Image Release: https://github.com/actions/runner-images/releases/tag/ubuntu24%2F20250831.1
2025-09-08T08:23:32.8561137Z ##[endgroup]
2025-09-08T08:23:32.8563616Z ##[group]GITHUB_TOKEN Permissions
2025-09-08T08:23:32.8566156Z Actions: write
2025-09-08T08:23:32.8566843Z Attestations: write
2025-09-08T08:23:32.8567339Z Checks: write
2025-09-08T08:23:32.8567866Z Contents: write
2025-09-08T08:23:32.8568444Z Deployments: write
2025-09-08T08:23:32.8568930Z Discussions: write
2025-09-08T08:23:32.8569434Z Issues: write
2025-09-08T08:23:32.8569999Z Metadata: read
2025-09-08T08:23:32.8570531Z Models: read
2025-09-08T08:23:32.8570989Z Packages: write
2025-09-08T08:23:32.8571656Z Pages: write
2025-09-08T08:23:32.8572173Z PullRequests: write
2025-09-08T08:23:32.8572665Z RepositoryProjects: write
2025-09-08T08:23:32.8573308Z SecurityEvents: write
2025-09-08T08:23:32.8573982Z Statuses: write
2025-09-08T08:23:32.8574714Z ##[endgroup]
2025-09-08T08:23:32.8577294Z Secret source: Actions
2025-09-08T08:23:32.8578224Z Prepare workflow directory
2025-09-08T08:23:32.8920823Z Prepare all required actions
2025-09-08T08:23:32.8961269Z Getting action download info
2025-09-08T08:23:33.3695530Z Download action repository 'actions/checkout@v4' (SHA:08eba0b27e820071cde6df949e0beb9ba4906955)
2025-09-08T08:23:33.7781615Z Download action repository 'actions/setup-node@v4' (SHA:49933ea5288caeca8642d1e84afbd3f7d6820020)
2025-09-08T08:23:33.9097203Z Download action repository 'browser-actions/setup-chrome@latest' (SHA:b94431e051d1c52dcbe9a7092a4f10f827795416)
2025-09-08T08:23:34.6150502Z Complete job name: scrape-and-commit
2025-09-08T08:23:34.6890532Z ##[group]Run actions/checkout@v4
2025-09-08T08:23:34.6891542Z with:
2025-09-08T08:23:34.6891972Z   fetch-depth: 0
2025-09-08T08:23:34.6892467Z   repository: thiensang1/topcv-job-scraper
2025-09-08T08:23:34.6893316Z   token: ***
2025-09-08T08:23:34.6893746Z   ssh-strict: true
2025-09-08T08:23:34.6894183Z   ssh-user: git
2025-09-08T08:23:34.6894894Z   persist-credentials: true
2025-09-08T08:23:34.6895395Z   clean: true
2025-09-08T08:23:34.6895859Z   sparse-checkout-cone-mode: true
2025-09-08T08:23:34.6896400Z   fetch-tags: false
2025-09-08T08:23:34.6896868Z   show-progress: true
2025-09-08T08:23:34.6897316Z   lfs: false
2025-09-08T08:23:34.6897751Z   submodules: false
2025-09-08T08:23:34.6898204Z   set-safe-directory: true
2025-09-08T08:23:34.6899211Z ##[endgroup]
2025-09-08T08:23:34.7991709Z Syncing repository: thiensang1/topcv-job-scraper
2025-09-08T08:23:34.7993648Z ##[group]Getting Git version info
2025-09-08T08:23:34.7994799Z Working directory is '/home/runner/work/topcv-job-scraper/topcv-job-scraper'
2025-09-08T08:23:34.7995963Z [command]/usr/bin/git version
2025-09-08T08:23:34.9160184Z git version 2.51.0
2025-09-08T08:23:34.9189732Z ##[endgroup]
2025-09-08T08:23:34.9206797Z Temporarily overriding HOME='/home/runner/work/_temp/44d22862-1ff8-4fcd-a0e1-ac38f6d54f9f' before making global git config changes
2025-09-08T08:23:34.9209572Z Adding repository directory to the temporary git global config as a safe directory
2025-09-08T08:23:34.9223153Z [command]/usr/bin/git config --global --add safe.directory /home/runner/work/topcv-job-scraper/topcv-job-scraper
2025-09-08T08:23:34.9308678Z Deleting the contents of '/home/runner/work/topcv-job-scraper/topcv-job-scraper'
2025-09-08T08:23:34.9314071Z ##[group]Initializing the repository
2025-09-08T08:23:34.9320729Z [command]/usr/bin/git init /home/runner/work/topcv-job-scraper/topcv-job-scraper
2025-09-08T08:23:34.9777257Z hint: Using 'master' as the name for the initial branch. This default branch name
2025-09-08T08:23:34.9778703Z hint: is subject to change. To configure the initial branch name to use in all
2025-09-08T08:23:34.9779874Z hint: of your new repositories, which will suppress this warning, call:
2025-09-08T08:23:34.9780584Z hint:
2025-09-08T08:23:34.9781132Z hint: 	git config --global init.defaultBranch <name>
2025-09-08T08:23:34.9781731Z hint:
2025-09-08T08:23:34.9782309Z hint: Names commonly chosen instead of 'master' are 'main', 'trunk' and
2025-09-08T08:23:34.9783243Z hint: 'development'. The just-created branch can be renamed via this command:
2025-09-08T08:23:34.9783985Z hint:
2025-09-08T08:23:34.9784395Z hint: 	git branch -m <name>
2025-09-08T08:23:34.9785193Z hint:
2025-09-08T08:23:34.9785811Z hint: Disable this message with "git config set advice.defaultBranchName false"
2025-09-08T08:23:34.9826322Z Initialized empty Git repository in /home/runner/work/topcv-job-scraper/topcv-job-scraper/.git/
2025-09-08T08:23:34.9839612Z [command]/usr/bin/git remote add origin https://github.com/thiensang1/topcv-job-scraper
2025-09-08T08:23:34.9973051Z ##[endgroup]
2025-09-08T08:23:34.9973922Z ##[group]Disabling automatic garbage collection
2025-09-08T08:23:34.9977439Z [command]/usr/bin/git config --local gc.auto 0
2025-09-08T08:23:35.0009319Z ##[endgroup]
2025-09-08T08:23:35.0010052Z ##[group]Setting up auth
2025-09-08T08:23:35.0016572Z [command]/usr/bin/git config --local --name-only --get-regexp core\.sshCommand
2025-09-08T08:23:35.0048926Z [command]/usr/bin/git submodule foreach --recursive sh -c "git config --local --name-only --get-regexp 'core\.sshCommand' && git config --local --unset-all 'core.sshCommand' || :"
2025-09-08T08:23:35.1799436Z [command]/usr/bin/git config --local --name-only --get-regexp http\.https\:\/\/github\.com\/\.extraheader
2025-09-08T08:23:35.1836245Z [command]/usr/bin/git submodule foreach --recursive sh -c "git config --local --name-only --get-regexp 'http\.https\:\/\/github\.com\/\.extraheader' && git config --local --unset-all 'http.https://github.com/.extraheader' || :"
2025-09-08T08:23:35.2068131Z [command]/usr/bin/git config --local http.https://github.com/.extraheader AUTHORIZATION: basic ***
2025-09-08T08:23:35.2105971Z ##[endgroup]
2025-09-08T08:23:35.2124180Z ##[group]Fetching the repository
2025-09-08T08:23:35.2126409Z [command]/usr/bin/git -c protocol.version=2 fetch --prune --no-recurse-submodules origin +refs/heads/*:refs/remotes/origin/* +refs/tags/*:refs/tags/*
2025-09-08T08:23:36.4830221Z From https://github.com/thiensang1/topcv-job-scraper
2025-09-08T08:23:36.4832973Z  * [new branch]      main       -> origin/main
2025-09-08T08:23:36.4925124Z [command]/usr/bin/git branch --list --remote origin/main
2025-09-08T08:23:36.4949033Z   origin/main
2025-09-08T08:23:36.4959238Z [command]/usr/bin/git rev-parse refs/remotes/origin/main
2025-09-08T08:23:36.4979568Z c8a991be0258ebba5dd92948ffca354fdc9e1b03
2025-09-08T08:23:36.4985961Z ##[endgroup]
2025-09-08T08:23:36.4987049Z ##[group]Determining the checkout info
2025-09-08T08:23:36.4988253Z ##[endgroup]
2025-09-08T08:23:36.4990862Z [command]/usr/bin/git sparse-checkout disable
2025-09-08T08:23:36.5075243Z [command]/usr/bin/git config --local --unset-all extensions.worktreeConfig
2025-09-08T08:23:36.5102175Z ##[group]Checking out the ref
2025-09-08T08:23:36.5105663Z [command]/usr/bin/git checkout --progress --force -B main refs/remotes/origin/main
2025-09-08T08:23:36.8601165Z Switched to a new branch 'main'
2025-09-08T08:23:36.8602305Z branch 'main' set up to track 'origin/main'.
2025-09-08T08:23:36.8621182Z ##[endgroup]
2025-09-08T08:23:36.8660037Z [command]/usr/bin/git log -1 --format=%H
2025-09-08T08:23:36.8682164Z c8a991be0258ebba5dd92948ffca354fdc9e1b03
2025-09-08T08:23:36.8903641Z ##[group]Run actions/setup-node@v4
2025-09-08T08:23:36.8904047Z with:
2025-09-08T08:23:36.8904318Z   node-version: 18
2025-09-08T08:23:36.8904814Z   cache: npm
2025-09-08T08:23:36.8905083Z   always-auth: false
2025-09-08T08:23:36.8905375Z   check-latest: false
2025-09-08T08:23:36.8905837Z   token: ***
2025-09-08T08:23:36.8906116Z ##[endgroup]
2025-09-08T08:23:37.1043112Z Found in cache @ /opt/hostedtoolcache/node/18.20.8/x64
2025-09-08T08:23:37.1049747Z ##[group]Environment details
2025-09-08T08:23:38.8777449Z node: v18.20.8
2025-09-08T08:23:38.8778767Z npm: 10.8.2
2025-09-08T08:23:38.8779169Z yarn: 1.22.22
2025-09-08T08:23:38.8779865Z ##[endgroup]
2025-09-08T08:23:38.8805300Z [command]/opt/hostedtoolcache/node/18.20.8/x64/bin/npm config get cache
2025-09-08T08:23:39.1695744Z /home/runner/.npm
2025-09-08T08:23:39.5302008Z Cache hit for: node-cache-Linux-x64-npm-416e735b9ac2a76a2dd6b9ec1a6fe63cc3ce0bfa9ce4a61af4a52cdd46502d8f
2025-09-08T08:23:40.8129153Z Received 5511798 of 5511798 (100.0%), 5.4 MBs/sec
2025-09-08T08:23:40.8129813Z Cache Size: ~5 MB (5511798 B)
2025-09-08T08:23:40.8156420Z [command]/usr/bin/tar -xf /home/runner/work/_temp/6bf78f2c-3219-4e61-ba19-80f5010a08bc/cache.tzst -P -C /home/runner/work/topcv-job-scraper/topcv-job-scraper --use-compress-program unzstd
2025-09-08T08:23:40.8609623Z Cache restored successfully
2025-09-08T08:23:40.8625648Z Cache restored from key: node-cache-Linux-x64-npm-416e735b9ac2a76a2dd6b9ec1a6fe63cc3ce0bfa9ce4a61af4a52cdd46502d8f
2025-09-08T08:23:40.8753354Z ##[group]Run browser-actions/setup-chrome@latest
2025-09-08T08:23:40.8753660Z with:
2025-09-08T08:23:40.8753848Z   chrome-version: stable
2025-09-08T08:23:40.8754071Z   install-dependencies: false
2025-09-08T08:23:40.8754299Z   install-chromedriver: false
2025-09-08T08:23:40.8754782Z   no-sudo: false
2025-09-08T08:23:40.8754976Z ##[endgroup]
2025-09-08T08:23:40.9530193Z Setup chrome stable
2025-09-08T08:23:40.9534885Z Attempting to download chrome stable...
2025-09-08T08:23:41.0053057Z Acquiring chrome stable from https://storage.googleapis.com/chrome-for-testing-public/140.0.7339.80/linux64/chrome-linux64.zip
2025-09-08T08:23:41.9772120Z Installing chrome...
2025-09-08T08:23:41.9806911Z [command]/usr/bin/unzip -o -q /home/runner/work/_temp/d8dc331c-4b61-4328-aa27-24ce7faa55a1
2025-09-08T08:23:45.7763422Z Successfully Installed chrome to /opt/hostedtoolcache/setup-chrome/chrome/stable/x64
2025-09-08T08:23:45.7772539Z [command]/opt/hostedtoolcache/setup-chrome/chrome/stable/x64/chrome --version
2025-09-08T08:23:46.0714663Z Google Chrome for Testing 140.0.7339.80 
2025-09-08T08:23:46.1031255Z Successfully setup chrome 140.0.7339.80
2025-09-08T08:23:46.1169193Z ##[group]Run npm install
2025-09-08T08:23:46.1169507Z [36;1mnpm install[0m
2025-09-08T08:23:46.1424417Z shell: /usr/bin/bash -e {0}
2025-09-08T08:23:46.1425023Z ##[endgroup]
2025-09-08T08:23:47.6968252Z npm warn EBADENGINE Unsupported engine {
2025-09-08T08:23:47.6969264Z npm warn EBADENGINE   package: 'cheerio@1.1.2',
2025-09-08T08:23:47.6970119Z npm warn EBADENGINE   required: { node: '>=20.18.1' },
2025-09-08T08:23:47.6970996Z npm warn EBADENGINE   current: { node: 'v18.20.8', npm: '10.8.2' }
2025-09-08T08:23:47.6971664Z npm warn EBADENGINE }
2025-09-08T08:23:48.1330212Z 
2025-09-08T08:23:48.1330972Z up to date, audited 187 packages in 2s
2025-09-08T08:23:48.1331423Z 
2025-09-08T08:23:48.1332970Z 34 packages are looking for funding
2025-09-08T08:23:48.1333508Z   run `npm fund` for details
2025-09-08T08:23:48.1430860Z 
2025-09-08T08:23:48.1431377Z 2 vulnerabilities (1 low, 1 moderate)
2025-09-08T08:23:48.1431702Z 
2025-09-08T08:23:48.1431901Z To address all issues, run:
2025-09-08T08:23:48.1432460Z   npm audit fix
2025-09-08T08:23:48.1432663Z 
2025-09-08T08:23:48.1432855Z Run `npm audit` for details.
2025-09-08T08:23:48.1571578Z ##[group]Run node scraper.js
2025-09-08T08:23:48.1571875Z [36;1mnode scraper.js[0m
2025-09-08T08:23:48.1602554Z shell: /usr/bin/bash -e {0}
2025-09-08T08:23:48.1602972Z env:
2025-09-08T08:23:48.1603369Z   PROXY_API_ENDPOINT: ***
2025-09-08T08:23:48.1603653Z   PROXY_API_KEY: ***
2025-09-08T08:23:48.1603967Z   CHROME_PATH: /opt/hostedtoolcache/setup-chrome/chrome/stable/x64/chrome
2025-09-08T08:23:48.1604312Z ##[endgroup]
2025-09-08T08:23:48.5552419Z --- CHIẾN DỊCH 'ĐIỆP VIÊN TỐI THƯỢNG' BẮT ĐẦU ---
2025-09-08T08:23:48.5556439Z -> [Điệp viên] Đang yêu cầu một danh tính proxy MỚI từ API...
2025-09-08T08:23:48.9787759Z -> [Điệp viên] Đã nhận proxy mới thành công: 115.77.124.163:31646
2025-09-08T08:23:48.9788219Z 
2025-09-08T08:23:48.9788807Z [Điệp viên] Đang khởi tạo trình duyệt với danh tính 115.77.124.163...
2025-09-08T08:23:50.2649267Z 
2025-09-08T08:23:50.2650355Z --- [Điệp viên] Bắt đầu giai đoạn DO THÁM ---
2025-09-08T08:23:50.2651372Z    -> Đang thám hiểm trang 1...
2025-09-08T08:24:03.5765834Z    -> Đang thám hiểm trang 2...
2025-09-08T08:24:06.4107044Z    -> Đang thám hiểm trang 3...
2025-09-08T08:24:09.5460314Z    -> Đang thám hiểm trang 4...
2025-09-08T08:24:12.1713860Z    -> Đang thám hiểm trang 5...
2025-09-08T08:24:14.6688437Z    -> Đang thám hiểm trang 6...
2025-09-08T08:24:17.0572332Z    -> Đang thám hiểm trang 7...
2025-09-08T08:24:19.3197797Z    -> Đang thám hiểm trang 8...
2025-09-08T08:24:21.3036866Z    -> Đang thám hiểm trang 9...
2025-09-08T08:24:21.9619619Z    -> Đang thám hiểm trang 10...
2025-09-08T08:24:22.3826703Z    -> Đang thám hiểm trang 11...
2025-09-08T08:24:22.8061313Z    -> Đang thám hiểm trang 12...
2025-09-08T08:24:23.2454048Z    -> Đang thám hiểm trang 13...
2025-09-08T08:24:23.7223741Z    -> Đang thám hiểm trang 14...
2025-09-08T08:24:24.1554188Z    -> Đang thám hiểm trang 15...
2025-09-08T08:24:24.5928083Z    -> Đang thám hiểm trang 16...
2025-09-08T08:24:24.9658091Z    -> Đang thám hiểm trang 17...
2025-09-08T08:24:25.4599707Z    -> Đang thám hiểm trang 18...
2025-09-08T08:24:25.9230838Z    -> Đang thám hiểm trang 19...
2025-09-08T08:24:26.3066994Z    -> Đang thám hiểm trang 20...
2025-09-08T08:24:26.7281125Z    -> Đang thám hiểm trang 21...
2025-09-08T08:24:27.1682222Z    -> Đang thám hiểm trang 22...
2025-09-08T08:24:27.5740948Z    -> Đang thám hiểm trang 23...
2025-09-08T08:24:27.9843929Z    -> Đang thám hiểm trang 24...
2025-09-08T08:24:28.3956417Z    -> Đang thám hiểm trang 25...
2025-09-08T08:24:28.8220117Z    -> Đang thám hiểm trang 26...
2025-09-08T08:24:29.2335995Z    -> Đang thám hiểm trang 27...
2025-09-08T08:24:29.6603331Z    -> Đang thám hiểm trang 28...
2025-09-08T08:24:30.0674426Z    -> Đang thám hiểm trang 29...
2025-09-08T08:24:30.4854203Z    -> Đang thám hiểm trang 30...
2025-09-08T08:24:30.8766079Z    -> Đang thám hiểm trang 31...
2025-09-08T08:24:31.3257580Z    -> Đang thám hiểm trang 32...
2025-09-08T08:24:31.7285971Z    -> Đang thám hiểm trang 33...
2025-09-08T08:24:32.1489890Z    -> Đang thám hiểm trang 34...
2025-09-08T08:24:32.5752864Z    -> Đang thám hiểm trang 35...
2025-09-08T08:24:32.9975145Z    -> Đang thám hiểm trang 36...
2025-09-08T08:24:33.4377364Z    -> Đang thám hiểm trang 37...
2025-09-08T08:24:33.8702066Z    -> Đang thám hiểm trang 38...
2025-09-08T08:24:34.2870844Z    -> Đang thám hiểm trang 39...
2025-09-08T08:24:34.7477401Z    -> Đang thám hiểm trang 40...
2025-09-08T08:24:35.1710105Z    -> Đang thám hiểm trang 41...
2025-09-08T08:24:35.6206582Z    -> Đang thám hiểm trang 42...
2025-09-08T08:24:36.0265937Z    -> Đang thám hiểm trang 43...
2025-09-08T08:24:36.4643419Z    -> Đang thám hiểm trang 44...
2025-09-08T08:24:36.8674818Z    -> Đang thám hiểm trang 45...
2025-09-08T08:24:37.2894937Z    -> Đang thám hiểm trang 46...
2025-09-08T08:24:37.7407776Z    -> Đang thám hiểm trang 47...
2025-09-08T08:24:38.0409921Z    -> Đang thám hiểm trang 48...
2025-09-08T08:24:38.3936419Z    -> Đang thám hiểm trang 49...
2025-09-08T08:24:38.8340816Z    -> Đang thám hiểm trang 50...
2025-09-08T08:24:39.2566557Z    -> Đang thám hiểm trang 51...
2025-09-08T08:24:39.6605906Z    -> Đang thám hiểm trang 52...
2025-09-08T08:24:40.1062846Z    -> Đang thám hiểm trang 53...
2025-09-08T08:24:40.5385862Z    -> Đang thám hiểm trang 54...
2025-09-08T08:24:40.9425612Z    -> Đang thám hiểm trang 55...
2025-09-08T08:24:41.4341538Z    -> Đang thám hiểm trang 56...
2025-09-08T08:24:41.8287034Z    -> Đang thám hiểm trang 57...
2025-09-08T08:24:42.2558678Z    -> Đang thám hiểm trang 58...
2025-09-08T08:24:42.6799748Z    -> Đang thám hiểm trang 59...
2025-09-08T08:24:43.0634747Z    -> Đang thám hiểm trang 60...
2025-09-08T08:24:43.4960401Z    -> Đang thám hiểm trang 61...
2025-09-08T08:24:43.8957940Z    -> Đang thám hiểm trang 62...
2025-09-08T08:24:44.3215409Z    -> Đang thám hiểm trang 63...
2025-09-08T08:24:44.7394383Z    -> Đang thám hiểm trang 64...
2025-09-08T08:24:45.1848691Z    -> Đang thám hiểm trang 65...
2025-09-08T08:24:45.8323153Z    -> Đang thám hiểm trang 66...
2025-09-08T08:24:46.2609597Z    -> Đang thám hiểm trang 67...
2025-09-08T08:24:46.6374910Z    -> Đang thám hiểm trang 68...
2025-09-08T08:24:47.0432819Z    -> Đang thám hiểm trang 69...
2025-09-08T08:24:47.4602519Z    -> Đang thám hiểm trang 70...
2025-09-08T08:24:47.9215019Z    -> Đang thám hiểm trang 71...
2025-09-08T08:24:48.3398743Z    -> Đang thám hiểm trang 72...
2025-09-08T08:24:48.7606764Z    -> Đang thám hiểm trang 73...
2025-09-08T08:24:49.1787323Z    -> Đang thám hiểm trang 74...
2025-09-08T08:24:49.6097032Z    -> Đang thám hiểm trang 75...
2025-09-08T08:24:50.0126855Z    -> Đang thám hiểm trang 76...
2025-09-08T08:24:50.4281694Z    -> Đang thám hiểm trang 77...
2025-09-08T08:24:50.8437311Z    -> Đang thám hiểm trang 78...
2025-09-08T08:24:51.2580473Z    -> Đang thám hiểm trang 79...
2025-09-08T08:24:51.6327075Z    -> Đang thám hiểm trang 80...
2025-09-08T08:24:52.0639445Z    -> Đang thám hiểm trang 81...
2025-09-08T08:24:52.4834007Z    -> Đang thám hiểm trang 82...
2025-09-08T08:24:52.9024100Z    -> Đang thám hiểm trang 83...
2025-09-08T08:24:53.3069065Z    -> Đang thám hiểm trang 84...
2025-09-08T08:24:53.7398355Z    -> Đang thám hiểm trang 85...
2025-09-08T08:24:54.1555825Z    -> Đang thám hiểm trang 86...
2025-09-08T08:24:54.5607766Z    -> Đang thám hiểm trang 87...
2025-09-08T08:24:54.9939303Z    -> Đang thám hiểm trang 88...
2025-09-08T08:24:55.4163546Z    -> Đang thám hiểm trang 89...
2025-09-08T08:24:55.8345445Z    -> Đang thám hiểm trang 90...
2025-09-08T08:24:56.2520103Z    -> Đang thám hiểm trang 91...
2025-09-08T08:24:56.6565790Z    -> Đang thám hiểm trang 92...
2025-09-08T08:24:57.1294335Z    -> Đang thám hiểm trang 93...
2025-09-08T08:24:57.5607690Z    -> Đang thám hiểm trang 94...
2025-09-08T08:24:58.0578835Z    -> Đang thám hiểm trang 95...
2025-09-08T08:24:58.5550663Z    -> Đang thám hiểm trang 96...
2025-09-08T08:24:58.9592967Z    -> Đang thám hiểm trang 97...
2025-09-08T08:24:59.3739824Z    -> Đang thám hiểm trang 98...
2025-09-08T08:24:59.8051204Z    -> Đang thám hiểm trang 99...
2025-09-08T08:25:00.2100723Z    -> Đang thám hiểm trang 100...
2025-09-08T08:25:01.3669735Z    -> Đã đến rìa thế giới! Bị đưa về trang 91 khi cố gắng đến trang 100.
2025-09-08T08:25:01.3670804Z [Điệp viên] Báo cáo tình báo: Phát hiện có tổng cộng 99 trang.
2025-09-08T08:25:01.3671253Z 
2025-09-08T08:25:01.3671854Z [Điệp viên] Do thám hoàn tất. Tạm nghỉ 10.83 giây...
2025-09-08T08:25:12.1998789Z [Điệp viên] Độ bền nhân dạng ban đầu: 21 trang.
2025-09-08T08:25:12.1999264Z 
2025-09-08T08:25:12.1999771Z --- [Điệp viên] Bắt đầu giai đoạn KHAI THÁC ---
2025-09-08T08:25:12.2000712Z    -> Đang khai thác trang 1/99 (còn 21 trang nữa sẽ biến hình)...
2025-09-08T08:25:14.8546936Z       -> Bắt đầu giai đoạn 'quan sát' để chờ trang ổn định...
2025-09-08T08:25:21.2850318Z          - Trang đã ổn định (lần 1/2)...
2025-09-08T08:25:23.3180807Z          - Trang đã ổn định (lần 2/2)...
2025-09-08T08:25:23.3181622Z       -> Trang đã ổn định. Dữ liệu chi tiết đã được tải.
2025-09-08T08:25:23.3182288Z       -> Mô phỏng hành vi cuộn trang...
2025-09-08T08:25:24.3180020Z    -> Đã thu thập 50 tin từ trang 1.
2025-09-08T08:25:49.2379197Z    -> Đang khai thác trang 2/99 (còn 20 trang nữa sẽ biến hình)...
2025-09-08T08:26:15.2876765Z       -> Bắt đầu giai đoạn 'quan sát' để chờ trang ổn định...
2025-09-08T08:26:21.8017683Z          - Trang đã ổn định (lần 1/2)...
2025-09-08T08:26:23.8325614Z          - Trang đã ổn định (lần 2/2)...
2025-09-08T08:26:23.8326886Z       -> Trang đã ổn định. Dữ liệu chi tiết đã được tải.
2025-09-08T08:26:23.8327612Z       -> Mô phỏng hành vi cuộn trang...
2025-09-08T08:26:25.1368665Z    -> Đã thu thập 50 tin từ trang 2.
2025-09-08T08:26:47.8170121Z    -> Đang khai thác trang 3/99 (còn 19 trang nữa sẽ biến hình)...
2025-09-08T08:26:52.1933089Z       -> Bắt đầu giai đoạn 'quan sát' để chờ trang ổn định...
2025-09-08T08:26:56.5943499Z          - Trang đã ổn định (lần 1/2)...
2025-09-08T08:26:58.6270183Z          - Trang đã ổn định (lần 2/2)...
2025-09-08T08:26:58.6272944Z       -> Trang đã ổn định. Dữ liệu chi tiết đã được tải.
2025-09-08T08:26:58.6274182Z       -> Mô phỏng hành vi cuộn trang...
2025-09-08T08:26:59.6227402Z    -> Đã thu thập 50 tin từ trang 3.
2025-09-08T08:27:22.7715419Z    -> Đang khai thác trang 4/99 (còn 18 trang nữa sẽ biến hình)...
2025-09-08T08:27:26.1384400Z       -> Bắt đầu giai đoạn 'quan sát' để chờ trang ổn định...
2025-09-08T08:27:30.5973998Z          - Trang đã ổn định (lần 1/2)...
2025-09-08T08:27:32.6294806Z          - Trang đã ổn định (lần 2/2)...
2025-09-08T08:27:32.6295321Z       -> Trang đã ổn định. Dữ liệu chi tiết đã được tải.
2025-09-08T08:27:32.6295712Z       -> Mô phỏng hành vi cuộn trang...
2025-09-08T08:27:33.6763826Z    -> Đã thu thập 50 tin từ trang 4.
2025-09-08T08:27:51.8650649Z    -> Đang khai thác trang 5/99 (còn 17 trang nữa sẽ biến hình)...
2025-09-08T08:27:54.8730219Z       -> Bắt đầu giai đoạn 'quan sát' để chờ trang ổn định...
2025-09-08T08:27:59.4064703Z          - Trang đã ổn định (lần 1/2)...
2025-09-08T08:28:01.4463876Z          - Trang đã ổn định (lần 2/2)...
2025-09-08T08:28:01.4464656Z       -> Trang đã ổn định. Dữ liệu chi tiết đã được tải.
2025-09-08T08:28:01.4465122Z       -> Mô phỏng hành vi cuộn trang...
2025-09-08T08:28:02.6187500Z    -> Đã thu thập 50 tin từ trang 5.
2025-09-08T08:28:25.0748571Z    -> Đang khai thác trang 6/99 (còn 16 trang nữa sẽ biến hình)...
2025-09-08T08:28:38.8753854Z       -> Bắt đầu giai đoạn 'quan sát' để chờ trang ổn định...
2025-09-08T08:28:43.3015766Z          - Trang đã ổn định (lần 1/2)...
2025-09-08T08:28:45.3425345Z          - Trang đã ổn định (lần 2/2)...
2025-09-08T08:28:45.3427795Z       -> Trang đã ổn định. Dữ liệu chi tiết đã được tải.
2025-09-08T08:28:45.3428500Z       -> Mô phỏng hành vi cuộn trang...
2025-09-08T08:28:46.3246152Z    -> Đã thu thập 50 tin từ trang 6.
2025-09-08T08:29:04.7812574Z    -> Đang khai thác trang 7/99 (còn 15 trang nữa sẽ biến hình)...
2025-09-08T08:29:07.8053819Z       -> Bắt đầu giai đoạn 'quan sát' để chờ trang ổn định...
2025-09-08T08:29:12.1546726Z          - Trang đã ổn định (lần 1/2)...
2025-09-08T08:29:14.1856587Z          - Trang đã ổn định (lần 2/2)...
2025-09-08T08:29:14.1859390Z       -> Trang đã ổn định. Dữ liệu chi tiết đã được tải.
2025-09-08T08:29:14.1860330Z       -> Mô phỏng hành vi cuộn trang...
2025-09-08T08:29:15.2369219Z    -> Đã thu thập 50 tin từ trang 7.
2025-09-08T08:29:39.5283695Z    -> Đang khai thác trang 8/99 (còn 14 trang nữa sẽ biến hình)...
2025-09-08T08:29:42.3021815Z       -> Bắt đầu giai đoạn 'quan sát' để chờ trang ổn định...
2025-09-08T08:29:46.5701397Z          - Trang đã ổn định (lần 1/2)...
2025-09-08T08:29:48.6002038Z          - Trang đã ổn định (lần 2/2)...
2025-09-08T08:29:48.6002776Z       -> Trang đã ổn định. Dữ liệu chi tiết đã được tải.
2025-09-08T08:29:48.6003365Z       -> Mô phỏng hành vi cuộn trang...
2025-09-08T08:29:49.8462358Z    -> Đã thu thập 50 tin từ trang 8.
2025-09-08T08:30:11.4680632Z    -> Đang khai thác trang 9/99 (còn 13 trang nữa sẽ biến hình)...
2025-09-08T08:30:33.7309951Z       -> Bắt đầu giai đoạn 'quan sát' để chờ trang ổn định...
2025-09-08T08:30:40.2729513Z          - Trang đã ổn định (lần 1/2)...
2025-09-08T08:30:42.3161360Z          - Trang đã ổn định (lần 2/2)...
2025-09-08T08:30:42.3163290Z       -> Trang đã ổn định. Dữ liệu chi tiết đã được tải.
2025-09-08T08:30:42.3163999Z       -> Mô phỏng hành vi cuộn trang...
2025-09-08T08:30:43.3299638Z    -> Đã thu thập 50 tin từ trang 9.
2025-09-08T08:31:03.0283565Z    -> Đang khai thác trang 10/99 (còn 12 trang nữa sẽ biến hình)...
2025-09-08T08:31:05.4062061Z       -> Bắt đầu giai đoạn 'quan sát' để chờ trang ổn định...
2025-09-08T08:31:09.8194915Z          - Trang đã ổn định (lần 1/2)...
2025-09-08T08:31:11.8491012Z          - Trang đã ổn định (lần 2/2)...
2025-09-08T08:31:11.8493040Z       -> Trang đã ổn định. Dữ liệu chi tiết đã được tải.
2025-09-08T08:31:11.8493759Z       -> Mô phỏng hành vi cuộn trang...
2025-09-08T08:31:12.9053535Z    -> Đã thu thập 50 tin từ trang 10.
2025-09-08T08:31:35.6050412Z    -> Đang khai thác trang 11/99 (còn 11 trang nữa sẽ biến hình)...
2025-09-08T08:31:37.8492953Z       -> Bắt đầu giai đoạn 'quan sát' để chờ trang ổn định...
2025-09-08T08:31:42.2157908Z          - Trang đã ổn định (lần 1/2)...
2025-09-08T08:31:44.2498924Z          - Trang đã ổn định (lần 2/2)...
2025-09-08T08:31:44.2502042Z       -> Trang đã ổn định. Dữ liệu chi tiết đã được tải.
2025-09-08T08:31:44.2503171Z       -> Mô phỏng hành vi cuộn trang...
2025-09-08T08:31:45.1180198Z    -> Đã thu thập 50 tin từ trang 11.
2025-09-08T08:32:08.9416820Z    -> Đang khai thác trang 12/99 (còn 10 trang nữa sẽ biến hình)...
2025-09-08T08:32:11.2763392Z       -> Bắt đầu giai đoạn 'quan sát' để chờ trang ổn định...
2025-09-08T08:32:15.6454366Z          - Trang đã ổn định (lần 1/2)...
2025-09-08T08:32:17.6803389Z          - Trang đã ổn định (lần 2/2)...
2025-09-08T08:32:17.6804226Z       -> Trang đã ổn định. Dữ liệu chi tiết đã được tải.
2025-09-08T08:32:17.6805079Z       -> Mô phỏng hành vi cuộn trang...
2025-09-08T08:32:18.6595008Z    -> Đã thu thập 50 tin từ trang 12.
2025-09-08T08:32:37.2020026Z    -> Đang khai thác trang 13/99 (còn 9 trang nữa sẽ biến hình)...
2025-09-08T08:32:39.4193330Z       -> Bắt đầu giai đoạn 'quan sát' để chờ trang ổn định...
2025-09-08T08:32:45.7422168Z          - Trang đã ổn định (lần 1/2)...
2025-09-08T08:32:47.7740686Z          - Trang đã ổn định (lần 2/2)...
2025-09-08T08:32:47.7742491Z       -> Trang đã ổn định. Dữ liệu chi tiết đã được tải.
2025-09-08T08:32:47.7743156Z       -> Mô phỏng hành vi cuộn trang...
2025-09-08T08:32:49.0784979Z    -> Đã thu thập 50 tin từ trang 13.
2025-09-08T08:33:13.2791099Z    -> Đang khai thác trang 14/99 (còn 8 trang nữa sẽ biến hình)...
2025-09-08T08:33:15.6396095Z       -> Bắt đầu giai đoạn 'quan sát' để chờ trang ổn định...
2025-09-08T08:33:21.9220273Z          - Trang đã ổn định (lần 1/2)...
2025-09-08T08:33:23.9551110Z          - Trang đã ổn định (lần 2/2)...
2025-09-08T08:33:23.9551610Z       -> Trang đã ổn định. Dữ liệu chi tiết đã được tải.
2025-09-08T08:33:23.9552008Z       -> Mô phỏng hành vi cuộn trang...
2025-09-08T08:33:25.0475822Z    -> Đã thu thập 50 tin từ trang 14.
2025-09-08T08:33:49.9816089Z    -> Đang khai thác trang 15/99 (còn 7 trang nữa sẽ biến hình)...
2025-09-08T08:33:54.2712634Z       -> Bắt đầu giai đoạn 'quan sát' để chờ trang ổn định...
2025-09-08T08:33:58.7412632Z          - Trang đã ổn định (lần 1/2)...
2025-09-08T08:34:00.7766696Z          - Trang đã ổn định (lần 2/2)...
2025-09-08T08:34:00.7767664Z       -> Trang đã ổn định. Dữ liệu chi tiết đã được tải.
2025-09-08T08:34:00.7768646Z       -> Mô phỏng hành vi cuộn trang...
2025-09-08T08:34:02.0741518Z    -> Đã thu thập 50 tin từ trang 15.
2025-09-08T08:34:22.0220482Z    -> Đang khai thác trang 16/99 (còn 6 trang nữa sẽ biến hình)...
2025-09-08T08:34:25.1218039Z       -> Bắt đầu giai đoạn 'quan sát' để chờ trang ổn định...
2025-09-08T08:34:29.4646986Z          - Trang đã ổn định (lần 1/2)...
2025-09-08T08:34:31.4985630Z          - Trang đã ổn định (lần 2/2)...
2025-09-08T08:34:31.4986385Z       -> Trang đã ổn định. Dữ liệu chi tiết đã được tải.
2025-09-08T08:34:31.4987019Z       -> Mô phỏng hành vi cuộn trang...
2025-09-08T08:34:32.8042103Z    -> Đã thu thập 50 tin từ trang 16.
2025-09-08T08:34:57.5107050Z    -> Đang khai thác trang 17/99 (còn 5 trang nữa sẽ biến hình)...
2025-09-08T08:35:00.0195560Z       -> Bắt đầu giai đoạn 'quan sát' để chờ trang ổn định...
2025-09-08T08:35:04.3464035Z          - Trang đã ổn định (lần 1/2)...
2025-09-08T08:35:06.3792344Z          - Trang đã ổn định (lần 2/2)...
2025-09-08T08:35:06.3793806Z       -> Trang đã ổn định. Dữ liệu chi tiết đã được tải.
2025-09-08T08:35:06.3794765Z       -> Mô phỏng hành vi cuộn trang...
2025-09-08T08:35:07.7269822Z    -> Đã thu thập 50 tin từ trang 17.
2025-09-08T08:35:27.0283091Z    -> Đang khai thác trang 18/99 (còn 4 trang nữa sẽ biến hình)...
2025-09-08T08:35:29.2236202Z       -> Bắt đầu giai đoạn 'quan sát' để chờ trang ổn định...
2025-09-08T08:35:33.5789591Z          - Trang đã ổn định (lần 1/2)...
2025-09-08T08:35:35.6161531Z          - Trang đã ổn định (lần 2/2)...
2025-09-08T08:35:35.6162142Z       -> Trang đã ổn định. Dữ liệu chi tiết đã được tải.
2025-09-08T08:35:35.6162681Z       -> Mô phỏng hành vi cuộn trang...
2025-09-08T08:35:36.6513467Z    -> Đã thu thập 50 tin từ trang 18.
2025-09-08T08:35:55.3958732Z    -> Đang khai thác trang 19/99 (còn 3 trang nữa sẽ biến hình)...
2025-09-08T08:35:57.6881673Z       -> Bắt đầu giai đoạn 'quan sát' để chờ trang ổn định...
2025-09-08T08:36:01.9687578Z          - Trang đã ổn định (lần 1/2)...
2025-09-08T08:36:04.0091739Z          - Trang đã ổn định (lần 2/2)...
2025-09-08T08:36:04.0092559Z       -> Trang đã ổn định. Dữ liệu chi tiết đã được tải.
2025-09-08T08:36:04.0093211Z       -> Mô phỏng hành vi cuộn trang...
2025-09-08T08:36:05.0915820Z    -> Đã thu thập 50 tin từ trang 19.
2025-09-08T08:36:27.7370873Z    -> Đang khai thác trang 20/99 (còn 2 trang nữa sẽ biến hình)...
2025-09-08T08:36:30.0025440Z       -> Bắt đầu giai đoạn 'quan sát' để chờ trang ổn định...
2025-09-08T08:36:34.4524706Z          - Trang đã ổn định (lần 1/2)...
2025-09-08T08:36:36.4847885Z          - Trang đã ổn định (lần 2/2)...
2025-09-08T08:36:36.4849069Z       -> Trang đã ổn định. Dữ liệu chi tiết đã được tải.
2025-09-08T08:36:36.4849815Z       -> Mô phỏng hành vi cuộn trang...
2025-09-08T08:36:37.4435058Z    -> Đã thu thập 50 tin từ trang 20.
2025-09-08T08:36:57.8264341Z    -> Đang khai thác trang 21/99 (còn 1 trang nữa sẽ biến hình)...
2025-09-08T08:37:00.1965247Z       -> Bắt đầu giai đoạn 'quan sát' để chờ trang ổn định...
2025-09-08T08:37:06.5114328Z          - Trang đã ổn định (lần 1/2)...
2025-09-08T08:37:08.5437689Z          - Trang đã ổn định (lần 2/2)...
2025-09-08T08:37:08.5438212Z       -> Trang đã ổn định. Dữ liệu chi tiết đã được tải.
2025-09-08T08:37:08.5438642Z       -> Mô phỏng hành vi cuộn trang...
2025-09-08T08:37:09.7639989Z    -> Đã thu thập 50 tin từ trang 21.
2025-09-08T08:37:33.0543679Z 
2025-09-08T08:37:33.0545009Z    -> [Điệp viên] Hết độ bền nhân dạng. Bắt đầu "biến hình"...
2025-09-08T08:37:33.1716465Z -> [Điệp viên] Đang yêu cầu một danh tính proxy MỚI từ API...
2025-09-08T08:37:33.6281699Z -> [Điệp viên] Đã nhận proxy mới thành công: 1.54.36.212:13750
2025-09-08T08:37:33.6282016Z 
2025-09-08T08:37:33.6282357Z [Điệp viên] Đang khởi tạo trình duyệt với danh tính 1.54.36.212...
2025-09-08T08:37:33.9080146Z    -> [Điệp viên] "Biến hình" thành công. Độ bền nhân dạng mới: 29 trang.
2025-09-08T08:37:33.9083981Z    -> Đang khai thác trang 22/99 (còn 29 trang nữa sẽ biến hình)...
2025-09-08T08:37:47.4973184Z       -> Bắt đầu giai đoạn 'quan sát' để chờ trang ổn định...
2025-09-08T08:37:54.0159756Z          - Trang đã ổn định (lần 1/2)...
2025-09-08T08:37:56.1036710Z          - Trang đã ổn định (lần 2/2)...
2025-09-08T08:37:56.1037461Z       -> Trang đã ổn định. Dữ liệu chi tiết đã được tải.
2025-09-08T08:37:56.1038102Z       -> Mô phỏng hành vi cuộn trang...
2025-09-08T08:37:57.0346440Z    -> Đã thu thập 50 tin từ trang 22.
2025-09-08T08:38:20.2190536Z    -> Đang khai thác trang 23/99 (còn 28 trang nữa sẽ biến hình)...
2025-09-08T08:38:23.4967814Z       -> Bắt đầu giai đoạn 'quan sát' để chờ trang ổn định...
2025-09-08T08:38:27.7313961Z          - Trang đã ổn định (lần 1/2)...
2025-09-08T08:38:29.7619249Z          - Trang đã ổn định (lần 2/2)...
2025-09-08T08:38:29.7619772Z       -> Trang đã ổn định. Dữ liệu chi tiết đã được tải.
2025-09-08T08:38:29.7620234Z       -> Mô phỏng hành vi cuộn trang...
2025-09-08T08:38:30.7604340Z    -> Đã thu thập 50 tin từ trang 23.
2025-09-08T08:38:55.3849587Z    -> Đang khai thác trang 24/99 (còn 27 trang nữa sẽ biến hình)...
2025-09-08T08:38:57.2791659Z       -> Bắt đầu giai đoạn 'quan sát' để chờ trang ổn định...
2025-09-08T08:39:01.5809975Z          - Trang đã ổn định (lần 1/2)...
2025-09-08T08:39:03.6137330Z          - Trang đã ổn định (lần 2/2)...
2025-09-08T08:39:03.6138272Z       -> Trang đã ổn định. Dữ liệu chi tiết đã được tải.
2025-09-08T08:39:03.6139238Z       -> Mô phỏng hành vi cuộn trang...
2025-09-08T08:39:04.8861967Z    -> Đã thu thập 50 tin từ trang 24.
2025-09-08T08:39:28.9558842Z    -> Đang khai thác trang 25/99 (còn 26 trang nữa sẽ biến hình)...
2025-09-08T08:39:31.4989605Z       -> Bắt đầu giai đoạn 'quan sát' để chờ trang ổn định...
2025-09-08T08:39:35.7458086Z          - Trang đã ổn định (lần 1/2)...
2025-09-08T08:39:37.7770136Z          - Trang đã ổn định (lần 2/2)...
2025-09-08T08:39:37.7770847Z       -> Trang đã ổn định. Dữ liệu chi tiết đã được tải.
2025-09-08T08:39:37.7771330Z       -> Mô phỏng hành vi cuộn trang...
2025-09-08T08:39:38.7966528Z    -> Đã thu thập 50 tin từ trang 25.
2025-09-08T08:39:57.1627581Z    -> Đang khai thác trang 26/99 (còn 25 trang nữa sẽ biến hình)...
2025-09-08T08:39:59.3753691Z       -> Bắt đầu giai đoạn 'quan sát' để chờ trang ổn định...
2025-09-08T08:40:03.6983747Z          - Trang đã ổn định (lần 1/2)...
2025-09-08T08:40:05.7300901Z          - Trang đã ổn định (lần 2/2)...
2025-09-08T08:40:05.7301711Z       -> Trang đã ổn định. Dữ liệu chi tiết đã được tải.
2025-09-08T08:40:05.7302342Z       -> Mô phỏng hành vi cuộn trang...
2025-09-08T08:40:06.7001566Z    -> Đã thu thập 50 tin từ trang 26.
2025-09-08T08:40:30.0110019Z    -> Đang khai thác trang 27/99 (còn 24 trang nữa sẽ biến hình)...
2025-09-08T08:40:32.1119823Z       -> Bắt đầu giai đoạn 'quan sát' để chờ trang ổn định...
2025-09-08T08:40:38.4792356Z          - Trang đã ổn định (lần 1/2)...
2025-09-08T08:40:40.5104739Z          - Trang đã ổn định (lần 2/2)...
2025-09-08T08:40:40.5105705Z       -> Trang đã ổn định. Dữ liệu chi tiết đã được tải.
2025-09-08T08:40:40.5106479Z       -> Mô phỏng hành vi cuộn trang...
2025-09-08T08:40:41.5421372Z    -> Đã thu thập 50 tin từ trang 27.
2025-09-08T08:41:02.0913889Z    -> Đang khai thác trang 28/99 (còn 23 trang nữa sẽ biến hình)...
2025-09-08T08:41:04.1202275Z       -> Bắt đầu giai đoạn 'quan sát' để chờ trang ổn định...
2025-09-08T08:41:08.4735091Z          - Trang đã ổn định (lần 1/2)...
2025-09-08T08:41:10.5067265Z          - Trang đã ổn định (lần 2/2)...
2025-09-08T08:41:10.5069018Z       -> Trang đã ổn định. Dữ liệu chi tiết đã được tải.
2025-09-08T08:41:10.5069866Z       -> Mô phỏng hành vi cuộn trang...
2025-09-08T08:41:11.6641647Z    -> Đã thu thập 50 tin từ trang 28.
2025-09-08T08:41:35.9993035Z    -> Đang khai thác trang 29/99 (còn 22 trang nữa sẽ biến hình)...
2025-09-08T08:41:38.1678000Z       -> Bắt đầu giai đoạn 'quan sát' để chờ trang ổn định...
2025-09-08T08:41:42.5823018Z          - Trang đã ổn định (lần 1/2)...
2025-09-08T08:41:44.6119010Z          - Trang đã ổn định (lần 2/2)...
2025-09-08T08:41:44.6119621Z       -> Trang đã ổn định. Dữ liệu chi tiết đã được tải.
2025-09-08T08:41:44.6120101Z       -> Mô phỏng hành vi cuộn trang...
2025-09-08T08:41:45.8364199Z    -> Đã thu thập 50 tin từ trang 29.
2025-09-08T08:42:06.4143833Z    -> Đang khai thác trang 30/99 (còn 21 trang nữa sẽ biến hình)...
2025-09-08T08:42:08.3357202Z       -> Bắt đầu giai đoạn 'quan sát' để chờ trang ổn định...
2025-09-08T08:42:12.6069245Z          - Trang đã ổn định (lần 1/2)...
2025-09-08T08:42:14.6378851Z          - Trang đã ổn định (lần 2/2)...
2025-09-08T08:42:14.6379638Z       -> Trang đã ổn định. Dữ liệu chi tiết đã được tải.
2025-09-08T08:42:14.6380281Z       -> Mô phỏng hành vi cuộn trang...
2025-09-08T08:42:15.7337797Z    -> Đã thu thập 50 tin từ trang 30.
2025-09-08T08:42:40.0725409Z    -> Đang khai thác trang 31/99 (còn 20 trang nữa sẽ biến hình)...
2025-09-08T08:42:52.6479459Z       -> Bắt đầu giai đoạn 'quan sát' để chờ trang ổn định...
2025-09-08T08:42:57.0139649Z          - Trang đã ổn định (lần 1/2)...
2025-09-08T08:42:59.0456017Z          - Trang đã ổn định (lần 2/2)...
2025-09-08T08:42:59.0457846Z       -> Trang đã ổn định. Dữ liệu chi tiết đã được tải.
2025-09-08T08:42:59.0458684Z       -> Mô phỏng hành vi cuộn trang...
2025-09-08T08:43:00.0741053Z    -> Đã thu thập 50 tin từ trang 31.
2025-09-08T08:43:21.8133045Z    -> Đang khai thác trang 32/99 (còn 19 trang nữa sẽ biến hình)...
2025-09-08T08:43:23.8063146Z       -> Bắt đầu giai đoạn 'quan sát' để chờ trang ổn định...
2025-09-08T08:43:28.1941728Z          - Trang đã ổn định (lần 1/2)...
2025-09-08T08:43:30.2326308Z          - Trang đã ổn định (lần 2/2)...
2025-09-08T08:43:30.2327586Z       -> Trang đã ổn định. Dữ liệu chi tiết đã được tải.
2025-09-08T08:43:30.2328262Z       -> Mô phỏng hành vi cuộn trang...
2025-09-08T08:43:31.3649082Z    -> Đã thu thập 50 tin từ trang 32.
2025-09-08T08:43:51.2292834Z    -> Đang khai thác trang 33/99 (còn 18 trang nữa sẽ biến hình)...
2025-09-08T08:43:53.3318365Z       -> Bắt đầu giai đoạn 'quan sát' để chờ trang ổn định...
2025-09-08T08:43:57.7232057Z          - Trang đã ổn định (lần 1/2)...
2025-09-08T08:43:59.7564192Z          - Trang đã ổn định (lần 2/2)...
2025-09-08T08:43:59.7565155Z       -> Trang đã ổn định. Dữ liệu chi tiết đã được tải.
2025-09-08T08:43:59.7565775Z       -> Mô phỏng hành vi cuộn trang...
2025-09-08T08:44:00.7672332Z    -> Đã thu thập 50 tin từ trang 33.
2025-09-08T08:44:23.0753340Z    -> Đang khai thác trang 34/99 (còn 17 trang nữa sẽ biến hình)...
2025-09-08T08:44:25.0121245Z       -> Bắt đầu giai đoạn 'quan sát' để chờ trang ổn định...
2025-09-08T08:44:31.2988288Z          - Trang đã ổn định (lần 1/2)...
2025-09-08T08:44:33.3309848Z          - Trang đã ổn định (lần 2/2)...
2025-09-08T08:44:33.3310703Z       -> Trang đã ổn định. Dữ liệu chi tiết đã được tải.
2025-09-08T08:44:33.3311342Z       -> Mô phỏng hành vi cuộn trang...
2025-09-08T08:44:34.5867200Z    -> Đã thu thập 50 tin từ trang 34.
2025-09-08T08:44:53.0205213Z    -> Đang khai thác trang 35/99 (còn 16 trang nữa sẽ biến hình)...
2025-09-08T08:44:54.9808085Z       -> Bắt đầu giai đoạn 'quan sát' để chờ trang ổn định...
2025-09-08T08:44:59.3850632Z          - Trang đã ổn định (lần 1/2)...
2025-09-08T08:45:01.4157806Z          - Trang đã ổn định (lần 2/2)...
2025-09-08T08:45:01.4158602Z       -> Trang đã ổn định. Dữ liệu chi tiết đã được tải.
2025-09-08T08:45:01.4159314Z       -> Mô phỏng hành vi cuộn trang...
2025-09-08T08:45:02.6855657Z    -> Đã thu thập 50 tin từ trang 35.
2025-09-08T08:45:23.4631393Z    -> Đang khai thác trang 36/99 (còn 15 trang nữa sẽ biến hình)...
2025-09-08T08:45:25.5406830Z       -> Bắt đầu giai đoạn 'quan sát' để chờ trang ổn định...
2025-09-08T08:45:29.8975961Z          - Trang đã ổn định (lần 1/2)...
2025-09-08T08:45:31.9302356Z          - Trang đã ổn định (lần 2/2)...
2025-09-08T08:45:31.9303346Z       -> Trang đã ổn định. Dữ liệu chi tiết đã được tải.
2025-09-08T08:45:31.9304258Z       -> Mô phỏng hành vi cuộn trang...
2025-09-08T08:45:32.9215754Z    -> Đã thu thập 50 tin từ trang 36.
2025-09-08T08:45:55.1922556Z    -> Đang khai thác trang 37/99 (còn 14 trang nữa sẽ biến hình)...
2025-09-08T08:45:58.1950786Z       -> Bắt đầu giai đoạn 'quan sát' để chờ trang ổn định...
2025-09-08T08:46:02.6070764Z          - Trang đã ổn định (lần 1/2)...
2025-09-08T08:46:04.6450320Z          - Trang đã ổn định (lần 2/2)...
2025-09-08T08:46:04.6451748Z       -> Trang đã ổn định. Dữ liệu chi tiết đã được tải.
2025-09-08T08:46:04.6452453Z       -> Mô phỏng hành vi cuộn trang...
2025-09-08T08:46:05.9094327Z    -> Đã thu thập 50 tin từ trang 37.
2025-09-08T08:46:26.6130528Z    -> Đang khai thác trang 38/99 (còn 13 trang nữa sẽ biến hình)...
2025-09-08T08:46:29.7090874Z       -> Bắt đầu giai đoạn 'quan sát' để chờ trang ổn định...
2025-09-08T08:46:34.1108509Z          - Trang đã ổn định (lần 1/2)...
2025-09-08T08:46:36.1471711Z          - Trang đã ổn định (lần 2/2)...
2025-09-08T08:46:36.1475328Z       -> Trang đã ổn định. Dữ liệu chi tiết đã được tải.
2025-09-08T08:46:36.1476051Z       -> Mô phỏng hành vi cuộn trang...
2025-09-08T08:46:37.1155598Z    -> Đã thu thập 50 tin từ trang 38.
2025-09-08T08:47:00.3584430Z    -> Đang khai thác trang 39/99 (còn 12 trang nữa sẽ biến hình)...
2025-09-08T08:47:03.1488869Z       -> Bắt đầu giai đoạn 'quan sát' để chờ trang ổn định...
2025-09-08T08:47:07.5795637Z          - Trang đã ổn định (lần 1/2)...
2025-09-08T08:47:09.6148100Z          - Trang đã ổn định (lần 2/2)...
2025-09-08T08:47:09.6148970Z       -> Trang đã ổn định. Dữ liệu chi tiết đã được tải.
2025-09-08T08:47:09.6149657Z       -> Mô phỏng hành vi cuộn trang...
2025-09-08T08:47:10.8646793Z    -> Đã thu thập 50 tin từ trang 39.
2025-09-08T08:47:33.8897581Z    -> Đang khai thác trang 40/99 (còn 11 trang nữa sẽ biến hình)...
2025-09-08T08:47:35.9825804Z       -> Bắt đầu giai đoạn 'quan sát' để chờ trang ổn định...
2025-09-08T08:47:42.2751229Z          - Trang đã ổn định (lần 1/2)...
2025-09-08T08:47:44.3070543Z          - Trang đã ổn định (lần 2/2)...
2025-09-08T08:47:44.3071035Z       -> Trang đã ổn định. Dữ liệu chi tiết đã được tải.
2025-09-08T08:47:44.3071427Z       -> Mô phỏng hành vi cuộn trang...
2025-09-08T08:47:45.5429676Z    -> Đã thu thập 50 tin từ trang 40.
2025-09-08T08:48:10.2981045Z    -> Đang khai thác trang 41/99 (còn 10 trang nữa sẽ biến hình)...
2025-09-08T08:48:12.2317104Z       -> Bắt đầu giai đoạn 'quan sát' để chờ trang ổn định...
2025-09-08T08:48:16.5305117Z          - Trang đã ổn định (lần 1/2)...
2025-09-08T08:48:18.5641262Z          - Trang đã ổn định (lần 2/2)...
2025-09-08T08:48:18.5642034Z       -> Trang đã ổn định. Dữ liệu chi tiết đã được tải.
2025-09-08T08:48:18.5642670Z       -> Mô phỏng hành vi cuộn trang...
2025-09-08T08:48:19.4284711Z    -> Đã thu thập 50 tin từ trang 41.
2025-09-08T08:48:39.0800792Z    -> Đang khai thác trang 42/99 (còn 9 trang nữa sẽ biến hình)...
2025-09-08T08:48:41.1106817Z       -> Bắt đầu giai đoạn 'quan sát' để chờ trang ổn định...
2025-09-08T08:48:45.4893061Z          - Trang đã ổn định (lần 1/2)...
2025-09-08T08:48:47.5241251Z          - Trang đã ổn định (lần 2/2)...
2025-09-08T08:48:47.5242016Z       -> Trang đã ổn định. Dữ liệu chi tiết đã được tải.
2025-09-08T08:48:47.5242658Z       -> Mô phỏng hành vi cuộn trang...
2025-09-08T08:48:48.8777182Z    -> Đã thu thập 50 tin từ trang 42.
2025-09-08T08:49:06.8951691Z    -> Đang khai thác trang 43/99 (còn 8 trang nữa sẽ biến hình)...
2025-09-08T08:49:08.8600433Z       -> Bắt đầu giai đoạn 'quan sát' để chờ trang ổn định...
2025-09-08T08:49:13.2161085Z          - Trang đã ổn định (lần 1/2)...
2025-09-08T08:49:15.2505860Z          - Trang đã ổn định (lần 2/2)...
2025-09-08T08:49:15.2506456Z       -> Trang đã ổn định. Dữ liệu chi tiết đã được tải.
2025-09-08T08:49:15.2506938Z       -> Mô phỏng hành vi cuộn trang...
2025-09-08T08:49:16.2089793Z    -> Đã thu thập 50 tin từ trang 43.
2025-09-08T08:49:39.8990768Z    -> Đang khai thác trang 44/99 (còn 7 trang nữa sẽ biến hình)...
2025-09-08T08:49:41.8142917Z       -> Bắt đầu giai đoạn 'quan sát' để chờ trang ổn định...
2025-09-08T08:49:46.1197492Z          - Trang đã ổn định (lần 1/2)...
2025-09-08T08:49:48.1576582Z          - Trang đã ổn định (lần 2/2)...
2025-09-08T08:49:48.1577388Z       -> Trang đã ổn định. Dữ liệu chi tiết đã được tải.
2025-09-08T08:49:48.1577958Z       -> Mô phỏng hành vi cuộn trang...
2025-09-08T08:49:49.1821219Z    -> Đã thu thập 50 tin từ trang 44.
2025-09-08T08:50:08.9659622Z    -> Đang khai thác trang 45/99 (còn 6 trang nữa sẽ biến hình)...
2025-09-08T08:50:11.1033296Z       -> Bắt đầu giai đoạn 'quan sát' để chờ trang ổn định...
2025-09-08T08:50:15.5059591Z          - Trang đã ổn định (lần 1/2)...
2025-09-08T08:50:17.5399668Z          - Trang đã ổn định (lần 2/2)...
2025-09-08T08:50:17.5400195Z       -> Trang đã ổn định. Dữ liệu chi tiết đã được tải.
2025-09-08T08:50:17.5401001Z       -> Mô phỏng hành vi cuộn trang...
2025-09-08T08:50:18.8301440Z    -> Đã thu thập 50 tin từ trang 45.
2025-09-08T08:50:42.4389545Z    -> Đang khai thác trang 46/99 (còn 5 trang nữa sẽ biến hình)...
2025-09-08T08:50:45.9393984Z       -> Bắt đầu giai đoạn 'quan sát' để chờ trang ổn định...
2025-09-08T08:50:50.3424198Z          - Trang đã ổn định (lần 1/2)...
2025-09-08T08:50:52.3738006Z          - Trang đã ổn định (lần 2/2)...
2025-09-08T08:50:52.3738512Z       -> Trang đã ổn định. Dữ liệu chi tiết đã được tải.
2025-09-08T08:50:52.3738895Z       -> Mô phỏng hành vi cuộn trang...
2025-09-08T08:50:53.2815565Z    -> Đã thu thập 50 tin từ trang 46.
2025-09-08T08:51:16.5040700Z    -> Đang khai thác trang 47/99 (còn 4 trang nữa sẽ biến hình)...
2025-09-08T08:51:19.6680578Z       -> Bắt đầu giai đoạn 'quan sát' để chờ trang ổn định...
2025-09-08T08:51:24.0853650Z          - Trang đã ổn định (lần 1/2)...
2025-09-08T08:51:26.1238012Z          - Trang đã ổn định (lần 2/2)...
2025-09-08T08:51:26.1238577Z       -> Trang đã ổn định. Dữ liệu chi tiết đã được tải.
2025-09-08T08:51:26.1238984Z       -> Mô phỏng hành vi cuộn trang...
2025-09-08T08:51:27.3726872Z    -> Đã thu thập 50 tin từ trang 47.
2025-09-08T08:51:50.1135698Z    -> Đang khai thác trang 48/99 (còn 3 trang nữa sẽ biến hình)...
2025-09-08T08:51:52.6619027Z       -> Bắt đầu giai đoạn 'quan sát' để chờ trang ổn định...
2025-09-08T08:51:58.9980979Z          - Trang đã ổn định (lần 1/2)...
2025-09-08T08:52:01.0322627Z          - Trang đã ổn định (lần 2/2)...
2025-09-08T08:52:01.0323355Z       -> Trang đã ổn định. Dữ liệu chi tiết đã được tải.
2025-09-08T08:52:01.0323972Z       -> Mô phỏng hành vi cuộn trang...
2025-09-08T08:52:02.1959859Z    -> Đã thu thập 50 tin từ trang 48.
2025-09-08T08:52:22.2896212Z    -> Đang khai thác trang 49/99 (còn 2 trang nữa sẽ biến hình)...
2025-09-08T08:52:24.5434651Z       -> Bắt đầu giai đoạn 'quan sát' để chờ trang ổn định...
2025-09-08T08:52:30.8503149Z          - Trang đã ổn định (lần 1/2)...
2025-09-08T08:52:32.8811562Z          - Trang đã ổn định (lần 2/2)...
2025-09-08T08:52:32.8812352Z       -> Trang đã ổn định. Dữ liệu chi tiết đã được tải.
2025-09-08T08:52:32.8813049Z       -> Mô phỏng hành vi cuộn trang...
2025-09-08T08:52:33.7545770Z    -> Đã thu thập 50 tin từ trang 49.
2025-09-08T08:52:55.1282275Z    -> Đang khai thác trang 50/99 (còn 1 trang nữa sẽ biến hình)...
2025-09-08T08:52:57.1657261Z       -> Bắt đầu giai đoạn 'quan sát' để chờ trang ổn định...
2025-09-08T08:53:01.5679141Z          - Trang đã ổn định (lần 1/2)...
2025-09-08T08:53:03.6010553Z          - Trang đã ổn định (lần 2/2)...
2025-09-08T08:53:03.6011112Z       -> Trang đã ổn định. Dữ liệu chi tiết đã được tải.
2025-09-08T08:53:03.6011505Z       -> Mô phỏng hành vi cuộn trang...
2025-09-08T08:53:04.7829204Z    -> Đã thu thập 50 tin từ trang 50.
2025-09-08T08:53:25.4471053Z 
2025-09-08T08:53:25.4472077Z    -> [Điệp viên] Hết độ bền nhân dạng. Bắt đầu "biến hình"...
2025-09-08T08:53:25.5858200Z -> [Điệp viên] Đang yêu cầu một danh tính proxy MỚI từ API...
2025-09-08T08:53:26.4322631Z -> [Điệp viên] Đã nhận proxy mới thành công: 171.255.236.120:31591
2025-09-08T08:53:26.4323932Z 
2025-09-08T08:53:26.4325054Z [Điệp viên] Đang khởi tạo trình duyệt với danh tính 171.255.236.120...
2025-09-08T08:53:26.7162348Z    -> [Điệp viên] "Biến hình" thành công. Độ bền nhân dạng mới: 25 trang.
2025-09-08T08:53:26.7163834Z    -> Đang khai thác trang 51/99 (còn 25 trang nữa sẽ biến hình)...
2025-09-08T08:53:39.6996428Z       -> Bắt đầu giai đoạn 'quan sát' để chờ trang ổn định...
2025-09-08T08:53:43.8081630Z          - Trang đã ổn định (lần 1/2)...
2025-09-08T08:53:47.8720320Z          - Trang đã ổn định (lần 1/2)...
2025-09-08T08:53:49.9016076Z          - Trang đã ổn định (lần 2/2)...
2025-09-08T08:53:49.9018001Z       -> Trang đã ổn định. Dữ liệu chi tiết đã được tải.
2025-09-08T08:53:49.9018717Z       -> Mô phỏng hành vi cuộn trang...
2025-09-08T08:53:50.8311162Z    -> Đã thu thập 50 tin từ trang 51.
2025-09-08T08:54:10.5856549Z    -> Đang khai thác trang 52/99 (còn 24 trang nữa sẽ biến hình)...
2025-09-08T08:54:14.2749961Z       -> Bắt đầu giai đoạn 'quan sát' để chờ trang ổn định...
2025-09-08T08:54:20.5676221Z          - Trang đã ổn định (lần 1/2)...
2025-09-08T08:54:22.5995024Z          - Trang đã ổn định (lần 2/2)...
2025-09-08T08:54:22.6045143Z       -> Trang đã ổn định. Dữ liệu chi tiết đã được tải.
2025-09-08T08:54:22.6045557Z       -> Mô phỏng hành vi cuộn trang...
2025-09-08T08:54:23.9631545Z    -> Đã thu thập 50 tin từ trang 52.
2025-09-08T08:54:48.6927322Z    -> Đang khai thác trang 53/99 (còn 23 trang nữa sẽ biến hình)...
2025-09-08T08:54:51.9082746Z       -> Bắt đầu giai đoạn 'quan sát' để chờ trang ổn định...
2025-09-08T08:54:56.2747553Z          - Trang đã ổn định (lần 1/2)...
2025-09-08T08:54:58.3088131Z          - Trang đã ổn định (lần 2/2)...
2025-09-08T08:54:58.3088887Z       -> Trang đã ổn định. Dữ liệu chi tiết đã được tải.
2025-09-08T08:54:58.3089772Z       -> Mô phỏng hành vi cuộn trang...
2025-09-08T08:54:59.4832107Z    -> Đã thu thập 50 tin từ trang 53.
2025-09-08T08:55:20.4678941Z    -> Đang khai thác trang 54/99 (còn 22 trang nữa sẽ biến hình)...
2025-09-08T08:55:23.3365071Z       -> Bắt đầu giai đoạn 'quan sát' để chờ trang ổn định...
2025-09-08T08:55:27.8390013Z          - Trang đã ổn định (lần 1/2)...
2025-09-08T08:55:29.8746701Z          - Trang đã ổn định (lần 2/2)...
2025-09-08T08:55:29.8747459Z       -> Trang đã ổn định. Dữ liệu chi tiết đã được tải.
2025-09-08T08:55:29.8748083Z       -> Mô phỏng hành vi cuộn trang...
2025-09-08T08:55:31.0840362Z    -> Đã thu thập 50 tin từ trang 54.
2025-09-08T08:55:55.3686021Z    -> Đang khai thác trang 55/99 (còn 21 trang nữa sẽ biến hình)...
2025-09-08T08:55:59.1017714Z       -> Bắt đầu giai đoạn 'quan sát' để chờ trang ổn định...
2025-09-08T08:56:03.4972593Z          - Trang đã ổn định (lần 1/2)...
2025-09-08T08:56:05.5274131Z          - Trang đã ổn định (lần 2/2)...
2025-09-08T08:56:05.5275101Z       -> Trang đã ổn định. Dữ liệu chi tiết đã được tải.
2025-09-08T08:56:05.5275555Z       -> Mô phỏng hành vi cuộn trang...
2025-09-08T08:56:06.4335069Z    -> Đã thu thập 50 tin từ trang 55.
2025-09-08T08:56:30.6899394Z    -> Đang khai thác trang 56/99 (còn 20 trang nữa sẽ biến hình)...
2025-09-08T08:56:33.8514318Z       -> Bắt đầu giai đoạn 'quan sát' để chờ trang ổn định...
2025-09-08T08:56:38.1605987Z          - Trang đã ổn định (lần 1/2)...
2025-09-08T08:56:40.1927045Z          - Trang đã ổn định (lần 2/2)...
2025-09-08T08:56:40.1927831Z       -> Trang đã ổn định. Dữ liệu chi tiết đã được tải.
2025-09-08T08:56:40.1928465Z       -> Mô phỏng hành vi cuộn trang...
2025-09-08T08:56:41.1049368Z    -> Đã thu thập 50 tin từ trang 56.
2025-09-08T08:57:04.4843302Z    -> Đang khai thác trang 57/99 (còn 19 trang nữa sẽ biến hình)...
2025-09-08T08:57:07.3779580Z       -> Bắt đầu giai đoạn 'quan sát' để chờ trang ổn định...
2025-09-08T08:57:11.6720771Z          - Trang đã ổn định (lần 1/2)...
2025-09-08T08:57:13.7044179Z          - Trang đã ổn định (lần 2/2)...
2025-09-08T08:57:13.7045353Z       -> Trang đã ổn định. Dữ liệu chi tiết đã được tải.
2025-09-08T08:57:13.7045767Z       -> Mô phỏng hành vi cuộn trang...
2025-09-08T08:57:14.7869938Z    -> Đã thu thập 50 tin từ trang 57.
2025-09-08T08:57:35.9361853Z    -> Đang khai thác trang 58/99 (còn 18 trang nữa sẽ biến hình)...
2025-09-08T08:57:38.8383325Z       -> Bắt đầu giai đoạn 'quan sát' để chờ trang ổn định...
2025-09-08T08:57:43.2279399Z          - Trang đã ổn định (lần 1/2)...
2025-09-08T08:57:45.2573663Z          - Trang đã ổn định (lần 2/2)...
2025-09-08T08:57:45.2575570Z       -> Trang đã ổn định. Dữ liệu chi tiết đã được tải.
2025-09-08T08:57:45.2576219Z       -> Mô phỏng hành vi cuộn trang...
2025-09-08T08:57:46.2386184Z    -> Đã thu thập 50 tin từ trang 58.
2025-09-08T08:58:09.2603389Z    -> Đang khai thác trang 59/99 (còn 17 trang nữa sẽ biến hình)...
2025-09-08T08:58:13.5738193Z       -> Bắt đầu giai đoạn 'quan sát' để chờ trang ổn định...
2025-09-08T08:58:17.9842859Z          - Trang đã ổn định (lần 1/2)...
2025-09-08T08:58:20.0210003Z          - Trang đã ổn định (lần 2/2)...
2025-09-08T08:58:20.0210737Z       -> Trang đã ổn định. Dữ liệu chi tiết đã được tải.
2025-09-08T08:58:20.0211348Z       -> Mô phỏng hành vi cuộn trang...
2025-09-08T08:58:21.0730376Z    -> Đã thu thập 50 tin từ trang 59.
2025-09-08T08:58:42.4838568Z    -> Đang khai thác trang 60/99 (còn 16 trang nữa sẽ biến hình)...
2025-09-08T08:58:46.0046583Z       -> Bắt đầu giai đoạn 'quan sát' để chờ trang ổn định...
2025-09-08T08:58:50.3831426Z          - Trang đã ổn định (lần 1/2)...
2025-09-08T08:58:52.4162532Z          - Trang đã ổn định (lần 2/2)...
2025-09-08T08:58:52.4163337Z       -> Trang đã ổn định. Dữ liệu chi tiết đã được tải.
2025-09-08T08:58:52.4164004Z       -> Mô phỏng hành vi cuộn trang...
2025-09-08T08:58:53.3106486Z    -> Đã thu thập 50 tin từ trang 60.
2025-09-08T08:59:16.7671149Z    -> Đang khai thác trang 61/99 (còn 15 trang nữa sẽ biến hình)...
2025-09-08T08:59:19.8705003Z       -> Bắt đầu giai đoạn 'quan sát' để chờ trang ổn định...
2025-09-08T08:59:24.4198116Z          - Trang đã ổn định (lần 1/2)...
2025-09-08T08:59:26.4495923Z          - Trang đã ổn định (lần 2/2)...
2025-09-08T08:59:26.4496738Z       -> Trang đã ổn định. Dữ liệu chi tiết đã được tải.
2025-09-08T08:59:26.4497481Z       -> Mô phỏng hành vi cuộn trang...
2025-09-08T08:59:27.7760554Z    -> Đã thu thập 50 tin từ trang 61.
2025-09-08T08:59:47.3059116Z    -> Đang khai thác trang 62/99 (còn 14 trang nữa sẽ biến hình)...
2025-09-08T08:59:50.5678256Z       -> Bắt đầu giai đoạn 'quan sát' để chờ trang ổn định...
2025-09-08T08:59:55.0168948Z          - Trang đã ổn định (lần 1/2)...
2025-09-08T08:59:57.0500522Z          - Trang đã ổn định (lần 2/2)...
2025-09-08T08:59:57.0501282Z       -> Trang đã ổn định. Dữ liệu chi tiết đã được tải.
2025-09-08T08:59:57.0501840Z       -> Mô phỏng hành vi cuộn trang...
2025-09-08T08:59:57.9667307Z    -> Đã thu thập 50 tin từ trang 62.
2025-09-08T09:00:22.3773340Z    -> Đang khai thác trang 63/99 (còn 13 trang nữa sẽ biến hình)...
2025-09-08T09:00:25.2482264Z       -> Bắt đầu giai đoạn 'quan sát' để chờ trang ổn định...
2025-09-08T09:00:29.5273372Z          - Trang đã ổn định (lần 1/2)...
2025-09-08T09:00:31.5595579Z          - Trang đã ổn định (lần 2/2)...
2025-09-08T09:00:31.5596143Z       -> Trang đã ổn định. Dữ liệu chi tiết đã được tải.
2025-09-08T09:00:31.5596538Z       -> Mô phỏng hành vi cuộn trang...
2025-09-08T09:00:32.7214385Z    -> Đã thu thập 50 tin từ trang 63.
2025-09-08T09:00:53.1533407Z    -> Đang khai thác trang 64/99 (còn 12 trang nữa sẽ biến hình)...
2025-09-08T09:00:55.8317160Z       -> Bắt đầu giai đoạn 'quan sát' để chờ trang ổn định...
2025-09-08T09:01:00.1596550Z          - Trang đã ổn định (lần 1/2)...
2025-09-08T09:01:02.1960489Z          - Trang đã ổn định (lần 2/2)...
2025-09-08T09:01:02.1961357Z       -> Trang đã ổn định. Dữ liệu chi tiết đã được tải.
2025-09-08T09:01:02.1962091Z       -> Mô phỏng hành vi cuộn trang...
2025-09-08T09:01:03.2246810Z    -> Đã thu thập 50 tin từ trang 64.
2025-09-08T09:01:27.7356281Z    -> Đang khai thác trang 65/99 (còn 11 trang nữa sẽ biến hình)...
2025-09-08T09:01:30.7975803Z       -> Bắt đầu giai đoạn 'quan sát' để chờ trang ổn định...
2025-09-08T09:01:35.0904837Z          - Trang đã ổn định (lần 1/2)...
2025-09-08T09:01:37.1267293Z          - Trang đã ổn định (lần 2/2)...
2025-09-08T09:01:37.1268064Z       -> Trang đã ổn định. Dữ liệu chi tiết đã được tải.
2025-09-08T09:01:37.1268686Z       -> Mô phỏng hành vi cuộn trang...
2025-09-08T09:01:38.0026130Z    -> Đã thu thập 50 tin từ trang 65.
2025-09-08T09:02:01.1140566Z    -> Đang khai thác trang 66/99 (còn 10 trang nữa sẽ biến hình)...
2025-09-08T09:02:03.7617178Z       -> Bắt đầu giai đoạn 'quan sát' để chờ trang ổn định...
2025-09-08T09:02:08.0373783Z          - Trang đã ổn định (lần 1/2)...
2025-09-08T09:02:10.0674460Z          - Trang đã ổn định (lần 2/2)...
2025-09-08T09:02:10.0675459Z       -> Trang đã ổn định. Dữ liệu chi tiết đã được tải.
2025-09-08T09:02:10.0676069Z       -> Mô phỏng hành vi cuộn trang...
2025-09-08T09:02:11.3997010Z    -> Đã thu thập 50 tin từ trang 66.
2025-09-08T09:02:31.2395995Z    -> Đang khai thác trang 67/99 (còn 9 trang nữa sẽ biến hình)...
2025-09-08T09:02:33.7781137Z       -> Bắt đầu giai đoạn 'quan sát' để chờ trang ổn định...
2025-09-08T09:02:38.0731687Z          - Trang đã ổn định (lần 1/2)...
2025-09-08T09:02:40.1041136Z          - Trang đã ổn định (lần 2/2)...
2025-09-08T09:02:40.1042009Z       -> Trang đã ổn định. Dữ liệu chi tiết đã được tải.
2025-09-08T09:02:40.1042748Z       -> Mô phỏng hành vi cuộn trang...
2025-09-08T09:02:41.1488346Z    -> Đã thu thập 50 tin từ trang 67.
2025-09-08T09:03:04.2023723Z    -> Đang khai thác trang 68/99 (còn 8 trang nữa sẽ biến hình)...
2025-09-08T09:03:06.6311951Z       -> Bắt đầu giai đoạn 'quan sát' để chờ trang ổn định...
2025-09-08T09:03:12.9119584Z          - Trang đã ổn định (lần 1/2)...
2025-09-08T09:03:14.9478774Z          - Trang đã ổn định (lần 2/2)...
2025-09-08T09:03:14.9480418Z       -> Trang đã ổn định. Dữ liệu chi tiết đã được tải.
2025-09-08T09:03:14.9481235Z       -> Mô phỏng hành vi cuộn trang...
2025-09-08T09:03:15.8112692Z    -> Đã thu thập 50 tin từ trang 68.
2025-09-08T09:03:36.2179143Z    -> Đang khai thác trang 69/99 (còn 7 trang nữa sẽ biến hình)...
2025-09-08T09:03:38.9800046Z       -> Bắt đầu giai đoạn 'quan sát' để chờ trang ổn định...
2025-09-08T09:03:45.3978834Z          - Trang đã ổn định (lần 1/2)...
2025-09-08T09:03:47.4297431Z          - Trang đã ổn định (lần 2/2)...
2025-09-08T09:03:47.4298019Z       -> Trang đã ổn định. Dữ liệu chi tiết đã được tải.
2025-09-08T09:03:47.4298415Z       -> Mô phỏng hành vi cuộn trang...
2025-09-08T09:03:48.3792287Z    -> Đã thu thập 50 tin từ trang 69.
2025-09-08T09:04:07.4915068Z    -> Đang khai thác trang 70/99 (còn 6 trang nữa sẽ biến hình)...
2025-09-08T09:04:09.7633677Z       -> Bắt đầu giai đoạn 'quan sát' để chờ trang ổn định...
2025-09-08T09:04:16.0659490Z          - Trang đã ổn định (lần 1/2)...
2025-09-08T09:04:18.0989542Z          - Trang đã ổn định (lần 2/2)...
2025-09-08T09:04:18.0990486Z       -> Trang đã ổn định. Dữ liệu chi tiết đã được tải.
2025-09-08T09:04:18.0990963Z       -> Mô phỏng hành vi cuộn trang...
2025-09-08T09:04:19.1250515Z    -> Đã thu thập 50 tin từ trang 70.
2025-09-08T09:04:39.2942705Z    -> Đang khai thác trang 71/99 (còn 5 trang nữa sẽ biến hình)...
2025-09-08T09:04:41.7919810Z       -> Bắt đầu giai đoạn 'quan sát' để chờ trang ổn định...
2025-09-08T09:04:46.0544186Z          - Trang đã ổn định (lần 1/2)...
2025-09-08T09:04:48.0856867Z          - Trang đã ổn định (lần 2/2)...
2025-09-08T09:04:48.0857685Z       -> Trang đã ổn định. Dữ liệu chi tiết đã được tải.
2025-09-08T09:04:48.0858452Z       -> Mô phỏng hành vi cuộn trang...
2025-09-08T09:04:49.2117507Z    -> Đã thu thập 50 tin từ trang 71.
2025-09-08T09:05:09.4592707Z    -> Đang khai thác trang 72/99 (còn 4 trang nữa sẽ biến hình)...
2025-09-08T09:05:12.3175295Z       -> Bắt đầu giai đoạn 'quan sát' để chờ trang ổn định...
2025-09-08T09:05:16.6363863Z          - Trang đã ổn định (lần 1/2)...
2025-09-08T09:05:18.6677520Z          - Trang đã ổn định (lần 2/2)...
2025-09-08T09:05:18.6678343Z       -> Trang đã ổn định. Dữ liệu chi tiết đã được tải.
2025-09-08T09:05:18.6678976Z       -> Mô phỏng hành vi cuộn trang...
2025-09-08T09:05:19.5534827Z    -> Đã thu thập 50 tin từ trang 72.
2025-09-08T09:05:40.2931539Z    -> Đang khai thác trang 73/99 (còn 3 trang nữa sẽ biến hình)...
2025-09-08T09:05:43.1015469Z       -> Bắt đầu giai đoạn 'quan sát' để chờ trang ổn định...
2025-09-08T09:05:47.3945951Z          - Trang đã ổn định (lần 1/2)...
2025-09-08T09:05:49.4236871Z          - Trang đã ổn định (lần 2/2)...
2025-09-08T09:05:49.4237638Z       -> Trang đã ổn định. Dữ liệu chi tiết đã được tải.
2025-09-08T09:05:49.4238263Z       -> Mô phỏng hành vi cuộn trang...
2025-09-08T09:05:50.7106501Z    -> Đã thu thập 50 tin từ trang 73.
2025-09-08T09:06:14.6121011Z    -> Đang khai thác trang 74/99 (còn 2 trang nữa sẽ biến hình)...
2025-09-08T09:06:17.1610090Z       -> Bắt đầu giai đoạn 'quan sát' để chờ trang ổn định...
2025-09-08T09:06:21.4313570Z          - Trang đã ổn định (lần 1/2)...
2025-09-08T09:06:23.4614363Z          - Trang đã ổn định (lần 2/2)...
2025-09-08T09:06:23.4615403Z       -> Trang đã ổn định. Dữ liệu chi tiết đã được tải.
2025-09-08T09:06:23.4616144Z       -> Mô phỏng hành vi cuộn trang...
2025-09-08T09:06:24.3208199Z    -> Đã thu thập 50 tin từ trang 74.
2025-09-08T09:06:48.3968410Z    -> Đang khai thác trang 75/99 (còn 1 trang nữa sẽ biến hình)...
2025-09-08T09:06:51.8492257Z       -> Bắt đầu giai đoạn 'quan sát' để chờ trang ổn định...
2025-09-08T09:06:56.2416235Z          - Trang đã ổn định (lần 1/2)...
2025-09-08T09:06:58.2723353Z          - Trang đã ổn định (lần 2/2)...
2025-09-08T09:06:58.2724908Z       -> Trang đã ổn định. Dữ liệu chi tiết đã được tải.
2025-09-08T09:06:58.2725719Z       -> Mô phỏng hành vi cuộn trang...
2025-09-08T09:06:59.3681881Z    -> Đã thu thập 50 tin từ trang 75.
2025-09-08T09:07:19.6872112Z 
2025-09-08T09:07:19.6873305Z    -> [Điệp viên] Hết độ bền nhân dạng. Bắt đầu "biến hình"...
2025-09-08T09:07:19.8243480Z -> [Điệp viên] Đang yêu cầu một danh tính proxy MỚI từ API...
2025-09-08T09:07:20.5775978Z -> [Điệp viên] Đã nhận proxy mới thành công: 171.235.97.166:23145
2025-09-08T09:07:20.5776467Z 
2025-09-08T09:07:20.5777086Z [Điệp viên] Đang khởi tạo trình duyệt với danh tính 171.235.97.166...
2025-09-08T09:07:20.8375054Z    -> [Điệp viên] "Biến hình" thành công. Độ bền nhân dạng mới: 18 trang.
2025-09-08T09:07:20.8375664Z    -> Đang khai thác trang 76/99 (còn 18 trang nữa sẽ biến hình)...
2025-09-08T09:07:33.9244786Z       -> Bắt đầu giai đoạn 'quan sát' để chờ trang ổn định...
2025-09-08T09:07:38.0796980Z          - Trang đã ổn định (lần 1/2)...
2025-09-08T09:07:40.1096092Z          - Trang đã ổn định (lần 2/2)...
2025-09-08T09:07:40.1097006Z       -> Trang đã ổn định. Dữ liệu chi tiết đã được tải.
2025-09-08T09:07:40.1097672Z       -> Mô phỏng hành vi cuộn trang...
2025-09-08T09:07:40.9936781Z    -> Đã thu thập 50 tin từ trang 76.
2025-09-08T09:08:00.0049404Z    -> Đang khai thác trang 77/99 (còn 17 trang nữa sẽ biến hình)...
2025-09-08T09:08:02.7419029Z       -> Bắt đầu giai đoạn 'quan sát' để chờ trang ổn định...
2025-09-08T09:08:07.1289545Z          - Trang đã ổn định (lần 1/2)...
2025-09-08T09:08:09.1564121Z          - Trang đã ổn định (lần 2/2)...
2025-09-08T09:08:09.1565234Z       -> Trang đã ổn định. Dữ liệu chi tiết đã được tải.
2025-09-08T09:08:09.1565637Z       -> Mô phỏng hành vi cuộn trang...
2025-09-08T09:08:10.0659443Z    -> Đã thu thập 50 tin từ trang 77.
2025-09-08T09:08:31.8983773Z    -> Đang khai thác trang 78/99 (còn 16 trang nữa sẽ biến hình)...
2025-09-08T09:08:34.4476717Z       -> Bắt đầu giai đoạn 'quan sát' để chờ trang ổn định...
2025-09-08T09:08:38.7449005Z          - Trang đã ổn định (lần 1/2)...
2025-09-08T09:08:40.7744962Z          - Trang đã ổn định (lần 2/2)...
2025-09-08T09:08:40.7745933Z       -> Trang đã ổn định. Dữ liệu chi tiết đã được tải.
2025-09-08T09:08:40.7746743Z       -> Mô phỏng hành vi cuộn trang...
2025-09-08T09:08:41.6300253Z    -> Đã thu thập 50 tin từ trang 78.
2025-09-08T09:09:06.2237462Z    -> Đang khai thác trang 79/99 (còn 15 trang nữa sẽ biến hình)...
2025-09-08T09:09:08.7987402Z       -> Bắt đầu giai đoạn 'quan sát' để chờ trang ổn định...
2025-09-08T09:09:15.1628364Z          - Trang đã ổn định (lần 1/2)...
2025-09-08T09:09:17.1983075Z          - Trang đã ổn định (lần 2/2)...
2025-09-08T09:09:17.1985080Z       -> Trang đã ổn định. Dữ liệu chi tiết đã được tải.
2025-09-08T09:09:17.1985941Z       -> Mô phỏng hành vi cuộn trang...
2025-09-08T09:09:18.4676124Z    -> Đã thu thập 50 tin từ trang 79.
2025-09-08T09:09:41.0397604Z    -> Đang khai thác trang 80/99 (còn 14 trang nữa sẽ biến hình)...
2025-09-08T09:09:44.2385526Z       -> Bắt đầu giai đoạn 'quan sát' để chờ trang ổn định...
2025-09-08T09:09:48.6155237Z          - Trang đã ổn định (lần 1/2)...
2025-09-08T09:09:50.6503500Z          - Trang đã ổn định (lần 2/2)...
2025-09-08T09:09:50.6504003Z       -> Trang đã ổn định. Dữ liệu chi tiết đã được tải.
2025-09-08T09:09:50.6504400Z       -> Mô phỏng hành vi cuộn trang...
2025-09-08T09:09:51.8855299Z    -> Đã thu thập 50 tin từ trang 80.
2025-09-08T09:10:13.3432359Z    -> Đang khai thác trang 81/99 (còn 13 trang nữa sẽ biến hình)...
2025-09-08T09:10:16.7467306Z       -> Bắt đầu giai đoạn 'quan sát' để chờ trang ổn định...
2025-09-08T09:10:21.1759533Z          - Trang đã ổn định (lần 1/2)...
2025-09-08T09:10:23.2060333Z          - Trang đã ổn định (lần 2/2)...
2025-09-08T09:10:23.2061215Z       -> Trang đã ổn định. Dữ liệu chi tiết đã được tải.
2025-09-08T09:10:23.2062063Z       -> Mô phỏng hành vi cuộn trang...
2025-09-08T09:10:24.3507436Z    -> Đã thu thập 50 tin từ trang 81.
2025-09-08T09:10:43.4822487Z    -> Đang khai thác trang 82/99 (còn 12 trang nữa sẽ biến hình)...
2025-09-08T09:10:46.7516998Z       -> Bắt đầu giai đoạn 'quan sát' để chờ trang ổn định...
2025-09-08T09:10:51.1702106Z          - Trang đã ổn định (lần 1/2)...
2025-09-08T09:10:53.2037681Z          - Trang đã ổn định (lần 2/2)...
2025-09-08T09:10:53.2038442Z       -> Trang đã ổn định. Dữ liệu chi tiết đã được tải.
2025-09-08T09:10:53.2039593Z       -> Mô phỏng hành vi cuộn trang...
2025-09-08T09:10:54.0858319Z    -> Đã thu thập 50 tin từ trang 82.
2025-09-08T09:11:18.2492978Z    -> Đang khai thác trang 83/99 (còn 11 trang nữa sẽ biến hình)...
2025-09-08T09:11:21.4685432Z       -> Bắt đầu giai đoạn 'quan sát' để chờ trang ổn định...
2025-09-08T09:11:25.8582706Z          - Trang đã ổn định (lần 1/2)...
2025-09-08T09:11:27.8881872Z          - Trang đã ổn định (lần 2/2)...
2025-09-08T09:11:27.8882698Z       -> Trang đã ổn định. Dữ liệu chi tiết đã được tải.
2025-09-08T09:11:27.8883359Z       -> Mô phỏng hành vi cuộn trang...
2025-09-08T09:11:28.8020875Z    -> Đã thu thập 50 tin từ trang 83.
2025-09-08T09:11:52.9505740Z    -> Đang khai thác trang 84/99 (còn 10 trang nữa sẽ biến hình)...
2025-09-08T09:11:55.8107764Z       -> Bắt đầu giai đoạn 'quan sát' để chờ trang ổn định...
2025-09-08T09:12:00.1554983Z          - Trang đã ổn định (lần 1/2)...
2025-09-08T09:12:02.1906885Z          - Trang đã ổn định (lần 2/2)...
2025-09-08T09:12:02.1907817Z       -> Trang đã ổn định. Dữ liệu chi tiết đã được tải.
2025-09-08T09:12:02.1908554Z       -> Mô phỏng hành vi cuộn trang...
2025-09-08T09:12:03.1447518Z    -> Đã thu thập 50 tin từ trang 84.
2025-09-08T09:12:21.9452750Z    -> Đang khai thác trang 85/99 (còn 9 trang nữa sẽ biến hình)...
2025-09-08T09:12:24.8105994Z       -> Bắt đầu giai đoạn 'quan sát' để chờ trang ổn định...
2025-09-08T09:12:29.2028176Z          - Trang đã ổn định (lần 1/2)...
2025-09-08T09:12:31.2379276Z          - Trang đã ổn định (lần 2/2)...
2025-09-08T09:12:31.2380675Z       -> Trang đã ổn định. Dữ liệu chi tiết đã được tải.
2025-09-08T09:12:31.2381508Z       -> Mô phỏng hành vi cuộn trang...
2025-09-08T09:12:32.0905519Z    -> Đã thu thập 50 tin từ trang 85.
2025-09-08T09:12:55.8001149Z    -> Đang khai thác trang 86/99 (còn 8 trang nữa sẽ biến hình)...
2025-09-08T09:12:58.8267885Z       -> Bắt đầu giai đoạn 'quan sát' để chờ trang ổn định...
2025-09-08T09:13:03.2637711Z          - Trang đã ổn định (lần 1/2)...
2025-09-08T09:13:05.3014758Z          - Trang đã ổn định (lần 2/2)...
2025-09-08T09:13:05.3015606Z       -> Trang đã ổn định. Dữ liệu chi tiết đã được tải.
2025-09-08T09:13:05.3016228Z       -> Mô phỏng hành vi cuộn trang...
2025-09-08T09:13:06.5100286Z    -> Đã thu thập 50 tin từ trang 86.
2025-09-08T09:13:26.4264261Z    -> Đang khai thác trang 87/99 (còn 7 trang nữa sẽ biến hình)...
2025-09-08T09:13:29.4784708Z       -> Bắt đầu giai đoạn 'quan sát' để chờ trang ổn định...
2025-09-08T09:13:33.8633662Z          - Trang đã ổn định (lần 1/2)...
2025-09-08T09:13:35.8977792Z          - Trang đã ổn định (lần 2/2)...
2025-09-08T09:13:35.8978608Z       -> Trang đã ổn định. Dữ liệu chi tiết đã được tải.
2025-09-08T09:13:35.8979163Z       -> Mô phỏng hành vi cuộn trang...
2025-09-08T09:13:36.8914871Z    -> Đã thu thập 50 tin từ trang 87.
2025-09-08T09:13:55.0531181Z    -> Đang khai thác trang 88/99 (còn 6 trang nữa sẽ biến hình)...
2025-09-08T09:13:58.9249260Z       -> Bắt đầu giai đoạn 'quan sát' để chờ trang ổn định...
2025-09-08T09:14:03.3595875Z          - Trang đã ổn định (lần 1/2)...
2025-09-08T09:14:05.3951270Z          - Trang đã ổn định (lần 2/2)...
2025-09-08T09:14:05.3952116Z       -> Trang đã ổn định. Dữ liệu chi tiết đã được tải.
2025-09-08T09:14:05.3963577Z       -> Mô phỏng hành vi cuộn trang...
2025-09-08T09:14:06.5694646Z    -> Đã thu thập 50 tin từ trang 88.
2025-09-08T09:14:31.2470572Z    -> Đang khai thác trang 89/99 (còn 5 trang nữa sẽ biến hình)...
2025-09-08T09:14:34.6658790Z       -> Bắt đầu giai đoạn 'quan sát' để chờ trang ổn định...
2025-09-08T09:14:39.1123192Z          - Trang đã ổn định (lần 1/2)...
2025-09-08T09:14:41.1432467Z          - Trang đã ổn định (lần 2/2)...
2025-09-08T09:14:41.1433305Z       -> Trang đã ổn định. Dữ liệu chi tiết đã được tải.
2025-09-08T09:14:41.1433932Z       -> Mô phỏng hành vi cuộn trang...
2025-09-08T09:14:42.3359973Z    -> Đã thu thập 50 tin từ trang 89.
2025-09-08T09:15:00.4530932Z    -> Đang khai thác trang 90/99 (còn 4 trang nữa sẽ biến hình)...
2025-09-08T09:15:03.9485254Z       -> Bắt đầu giai đoạn 'quan sát' để chờ trang ổn định...
2025-09-08T09:15:10.4461057Z          - Trang đã ổn định (lần 1/2)...
2025-09-08T09:15:12.4780341Z          - Trang đã ổn định (lần 2/2)...
2025-09-08T09:15:12.4782243Z       -> Trang đã ổn định. Dữ liệu chi tiết đã được tải.
2025-09-08T09:15:12.4783268Z       -> Mô phỏng hành vi cuộn trang...
2025-09-08T09:15:13.5771740Z    -> Đã thu thập 50 tin từ trang 90.
2025-09-08T09:15:32.9414116Z    -> Đang khai thác trang 91/99 (còn 3 trang nữa sẽ biến hình)...
2025-09-08T09:15:36.1695181Z       -> Bắt đầu giai đoạn 'quan sát' để chờ trang ổn định...
2025-09-08T09:15:40.5405819Z          - Trang đã ổn định (lần 1/2)...
2025-09-08T09:15:42.5738912Z          - Trang đã ổn định (lần 2/2)...
2025-09-08T09:15:42.5739439Z       -> Trang đã ổn định. Dữ liệu chi tiết đã được tải.
2025-09-08T09:15:42.5739863Z       -> Mô phỏng hành vi cuộn trang...
2025-09-08T09:15:43.7473862Z    -> Đã thu thập 50 tin từ trang 91.
2025-09-08T09:16:05.8665502Z    -> Đang khai thác trang 92/99 (còn 2 trang nữa sẽ biến hình)...
2025-09-08T09:16:08.3450428Z       -> Bắt đầu giai đoạn 'quan sát' để chờ trang ổn định...
2025-09-08T09:16:12.5854857Z          - Trang đã ổn định (lần 1/2)...
2025-09-08T09:16:14.6043746Z          - Trang đã ổn định (lần 2/2)...
2025-09-08T09:16:14.6044264Z       -> Trang đã ổn định. Dữ liệu chi tiết đã được tải.
2025-09-08T09:16:14.6044956Z       -> Mô phỏng hành vi cuộn trang...
2025-09-08T09:16:15.8747078Z    -> Đã thu thập 27 tin từ trang 92.
2025-09-08T09:16:34.4853273Z    -> Đang khai thác trang 93/99 (còn 1 trang nữa sẽ biến hình)...
2025-09-08T09:16:38.1355686Z       -> Bắt đầu giai đoạn 'quan sát' để chờ trang ổn định...
2025-09-08T09:16:42.3997306Z          - Trang đã ổn định (lần 1/2)...
2025-09-08T09:16:44.4193996Z          - Trang đã ổn định (lần 2/2)...
2025-09-08T09:16:44.4194795Z       -> Trang đã ổn định. Dữ liệu chi tiết đã được tải.
2025-09-08T09:16:44.4195284Z       -> Mô phỏng hành vi cuộn trang...
2025-09-08T09:16:45.2419617Z    -> Đã thu thập 27 tin từ trang 93.
2025-09-08T09:17:09.2933868Z 
2025-09-08T09:17:09.2935165Z    -> [Điệp viên] Hết độ bền nhân dạng. Bắt đầu "biến hình"...
2025-09-08T09:17:09.3904698Z -> [Điệp viên] Đang yêu cầu một danh tính proxy MỚI từ API...
2025-09-08T09:17:10.1346184Z -> [Điệp viên] Đã nhận proxy mới thành công: 1.54.30.49:29750
2025-09-08T09:17:10.1346668Z 
2025-09-08T09:17:10.1347263Z [Điệp viên] Đang khởi tạo trình duyệt với danh tính 1.54.30.49...
2025-09-08T09:17:10.3943907Z    -> [Điệp viên] "Biến hình" thành công. Độ bền nhân dạng mới: 25 trang.
2025-09-08T09:17:10.3944789Z    -> Đang khai thác trang 94/99 (còn 25 trang nữa sẽ biến hình)...
2025-09-08T09:17:23.3251629Z       -> Bắt đầu giai đoạn 'quan sát' để chờ trang ổn định...
2025-09-08T09:17:27.4219730Z          - Trang đã ổn định (lần 1/2)...
2025-09-08T09:17:29.4441428Z          - Trang đã ổn định (lần 2/2)...
2025-09-08T09:17:29.4441939Z       -> Trang đã ổn định. Dữ liệu chi tiết đã được tải.
2025-09-08T09:17:29.4442330Z       -> Mô phỏng hành vi cuộn trang...
2025-09-08T09:17:30.5319049Z    -> Đã thu thập 28 tin từ trang 94.
2025-09-08T09:17:48.7340651Z    -> Đang khai thác trang 95/99 (còn 24 trang nữa sẽ biến hình)...
2025-09-08T09:17:51.6899908Z       -> Bắt đầu giai đoạn 'quan sát' để chờ trang ổn định...
2025-09-08T09:17:58.0121829Z          - Trang đã ổn định (lần 1/2)...
2025-09-08T09:18:00.0292431Z          - Trang đã ổn định (lần 2/2)...
2025-09-08T09:18:00.0292932Z       -> Trang đã ổn định. Dữ liệu chi tiết đã được tải.
2025-09-08T09:18:00.0293322Z       -> Mô phỏng hành vi cuộn trang...
2025-09-08T09:18:00.9319788Z    -> Đã thu thập 28 tin từ trang 95.
2025-09-08T09:18:23.9531437Z    -> Đang khai thác trang 96/99 (còn 23 trang nữa sẽ biến hình)...
2025-09-08T09:18:26.4447230Z       -> Bắt đầu giai đoạn 'quan sát' để chờ trang ổn định...
2025-09-08T09:18:30.6858285Z          - Trang đã ổn định (lần 1/2)...
2025-09-08T09:18:32.7050667Z          - Trang đã ổn định (lần 2/2)...
2025-09-08T09:18:32.7051430Z       -> Trang đã ổn định. Dữ liệu chi tiết đã được tải.
2025-09-08T09:18:32.7052109Z       -> Mô phỏng hành vi cuộn trang...
2025-09-08T09:18:33.6482345Z    -> Đã thu thập 28 tin từ trang 96.
2025-09-08T09:18:52.3309402Z    -> Đang khai thác trang 97/99 (còn 22 trang nữa sẽ biến hình)...
2025-09-08T09:18:54.7470133Z       -> Bắt đầu giai đoạn 'quan sát' để chờ trang ổn định...
2025-09-08T09:18:58.9675530Z          - Trang đã ổn định (lần 1/2)...
2025-09-08T09:19:00.9842186Z          - Trang đã ổn định (lần 2/2)...
2025-09-08T09:19:00.9843028Z       -> Trang đã ổn định. Dữ liệu chi tiết đã được tải.
2025-09-08T09:19:00.9843593Z       -> Mô phỏng hành vi cuộn trang...
2025-09-08T09:19:01.8676688Z    -> Đã thu thập 28 tin từ trang 97.
2025-09-08T09:19:23.1948111Z    -> Đang khai thác trang 98/99 (còn 21 trang nữa sẽ biến hình)...
2025-09-08T09:19:25.5703448Z       -> Bắt đầu giai đoạn 'quan sát' để chờ trang ổn định...
2025-09-08T09:19:31.9595319Z          - Trang đã ổn định (lần 1/2)...
2025-09-08T09:19:33.9783666Z          - Trang đã ổn định (lần 2/2)...
2025-09-08T09:19:33.9784816Z       -> Trang đã ổn định. Dữ liệu chi tiết đã được tải.
2025-09-08T09:19:33.9785596Z       -> Mô phỏng hành vi cuộn trang...
2025-09-08T09:19:35.0860034Z    -> Đã thu thập 28 tin từ trang 98.
2025-09-08T09:19:59.2323956Z    -> Đang khai thác trang 99/99 (còn 20 trang nữa sẽ biến hình)...
2025-09-08T09:20:02.2066119Z       -> Bắt đầu giai đoạn 'quan sát' để chờ trang ổn định...
2025-09-08T09:20:06.5298635Z          - Trang đã ổn định (lần 1/2)...
2025-09-08T09:20:08.5530335Z          - Trang đã ổn định (lần 2/2)...
2025-09-08T09:20:08.5531095Z       -> Trang đã ổn định. Dữ liệu chi tiết đã được tải.
2025-09-08T09:20:08.5531733Z       -> Mô phỏng hành vi cuộn trang...
2025-09-08T09:20:09.6423157Z    -> Đã thu thập 28 tin từ trang 99.
2025-09-08T09:20:33.8651829Z 
2025-09-08T09:20:33.8653126Z [Điệp viên] Rút lui an toàn, đã đóng trình duyệt.
2025-09-08T09:20:34.2083392Z 
2025-09-08T09:20:34.2085874Z --- BÁO CÁO NHIỆM VỤ ---
2025-09-08T09:20:34.2086642Z Đã tổng hợp 4772 tin duy nhất vào data/topcv_ke-toan_08-09-2025.csv
2025-09-08T09:20:34.3423367Z ##[group]Run # Đồng bộ hóa với các file dữ liệu cũ (nếu có) để tránh lỗi push
2025-09-08T09:20:34.3423880Z [36;1m# Đồng bộ hóa với các file dữ liệu cũ (nếu có) để tránh lỗi push[0m
2025-09-08T09:20:34.3424292Z [36;1mgit pull origin main --rebase[0m
2025-09-08T09:20:34.3424930Z [36;1m[0m
2025-09-08T09:20:34.3425198Z [36;1mgit config --global user.name 'GitHub Actions Scraper'[0m
2025-09-08T09:20:34.3425590Z [36;1mgit config --global user.email 'actions@github.com'[0m
2025-09-08T09:20:34.3425933Z [36;1mgit add data/topcv_ke-toan_08-09-2025.csv[0m
2025-09-08T09:20:34.3426356Z [36;1mgit commit -m "📊 Dữ liệu TopCV: Thêm 4772 tin mới vào data/topcv_ke-toan_08-09-2025.csv"[0m
2025-09-08T09:20:34.3426750Z [36;1mgit push[0m
2025-09-08T09:20:34.3456360Z shell: /usr/bin/bash -e {0}
2025-09-08T09:20:34.3456605Z ##[endgroup]
2025-09-08T09:20:34.5468735Z error: cannot pull with rebase: You have unstaged changes.
2025-09-08T09:20:34.5470627Z error: Please commit or stash them.
2025-09-08T09:20:34.5488171Z ##[error]Process completed with exit code 128.
2025-09-08T09:20:34.5560357Z Post job cleanup.
2025-09-08T09:20:34.6480114Z [command]/usr/bin/git version
2025-09-08T09:20:34.6515573Z git version 2.51.0
2025-09-08T09:20:34.6558420Z Temporarily overriding HOME='/home/runner/work/_temp/f48bbd2e-e115-4dd6-bca8-f51e6f89d862' before making global git config changes
2025-09-08T09:20:34.6559930Z Adding repository directory to the temporary git global config as a safe directory
2025-09-08T09:20:34.6565207Z [command]/usr/bin/git config --global --add safe.directory /home/runner/work/topcv-job-scraper/topcv-job-scraper
2025-09-08T09:20:34.6600164Z [command]/usr/bin/git config --local --name-only --get-regexp core\.sshCommand
2025-09-08T09:20:34.6632239Z [command]/usr/bin/git submodule foreach --recursive sh -c "git config --local --name-only --get-regexp 'core\.sshCommand' && git config --local --unset-all 'core.sshCommand' || :"
2025-09-08T09:20:34.6862391Z [command]/usr/bin/git config --local --name-only --get-regexp http\.https\:\/\/github\.com\/\.extraheader
2025-09-08T09:20:34.6882534Z http.https://github.com/.extraheader
2025-09-08T09:20:34.6895113Z [command]/usr/bin/git config --local --unset-all http.https://github.com/.extraheader
2025-09-08T09:20:34.6924455Z [command]/usr/bin/git submodule foreach --recursive sh -c "git config --local --name-only --get-regexp 'http\.https\:\/\/github\.com\/\.extraheader' && git config --local --unset-all 'http.https://github.com/.extraheader' || :"
2025-09-08T09:20:34.7251128Z Cleaning up orphan processes
