2025-09-08T05:36:42.5598548Z Current runner version: '2.328.0'
2025-09-08T05:36:42.5622529Z ##[group]Runner Image Provisioner
2025-09-08T05:36:42.5623341Z Hosted Compute Agent
2025-09-08T05:36:42.5623979Z Version: 20250829.383
2025-09-08T05:36:42.5624600Z Commit: 27cb235aab5b0e52e153a26cd86b4742e89dac5d
2025-09-08T05:36:42.5625311Z Build Date: 2025-08-29T13:48:48Z
2025-09-08T05:36:42.5626319Z ##[endgroup]
2025-09-08T05:36:42.5627313Z ##[group]Operating System
2025-09-08T05:36:42.5627853Z Ubuntu
2025-09-08T05:36:42.5628466Z 24.04.3
2025-09-08T05:36:42.5629047Z LTS
2025-09-08T05:36:42.5629479Z ##[endgroup]
2025-09-08T05:36:42.5630023Z ##[group]Runner Image
2025-09-08T05:36:42.5630638Z Image: ubuntu-24.04
2025-09-08T05:36:42.5631117Z Version: 20250831.1.0
2025-09-08T05:36:42.5632201Z Included Software: https://github.com/actions/runner-images/blob/ubuntu24/20250831.1/images/ubuntu/Ubuntu2404-Readme.md
2025-09-08T05:36:42.5633798Z Image Release: https://github.com/actions/runner-images/releases/tag/ubuntu24%2F20250831.1
2025-09-08T05:36:42.5634867Z ##[endgroup]
2025-09-08T05:36:42.5637528Z ##[group]GITHUB_TOKEN Permissions
2025-09-08T05:36:42.5639924Z Actions: write
2025-09-08T05:36:42.5640529Z Attestations: write
2025-09-08T05:36:42.5641065Z Checks: write
2025-09-08T05:36:42.5641654Z Contents: write
2025-09-08T05:36:42.5642147Z Deployments: write
2025-09-08T05:36:42.5642717Z Discussions: write
2025-09-08T05:36:42.5643281Z Issues: write
2025-09-08T05:36:42.5643748Z Metadata: read
2025-09-08T05:36:42.5644247Z Models: read
2025-09-08T05:36:42.5644795Z Packages: write
2025-09-08T05:36:42.5645286Z Pages: write
2025-09-08T05:36:42.5645830Z PullRequests: write
2025-09-08T05:36:42.5646416Z RepositoryProjects: write
2025-09-08T05:36:42.5647302Z SecurityEvents: write
2025-09-08T05:36:42.5647947Z Statuses: write
2025-09-08T05:36:42.5648536Z ##[endgroup]
2025-09-08T05:36:42.5650710Z Secret source: Actions
2025-09-08T05:36:42.5651415Z Prepare workflow directory
2025-09-08T05:36:42.5981274Z Prepare all required actions
2025-09-08T05:36:42.6020690Z Getting action download info
2025-09-08T05:36:42.9653433Z Download action repository 'actions/checkout@v4' (SHA:08eba0b27e820071cde6df949e0beb9ba4906955)
2025-09-08T05:36:43.1235301Z Download action repository 'actions/setup-node@v4' (SHA:49933ea5288caeca8642d1e84afbd3f7d6820020)
2025-09-08T05:36:43.2229956Z Download action repository 'browser-actions/setup-chrome@latest' (SHA:b94431e051d1c52dcbe9a7092a4f10f827795416)
2025-09-08T05:36:43.8290912Z Complete job name: scrape-and-commit
2025-09-08T05:36:43.8982038Z ##[group]Run actions/checkout@v4
2025-09-08T05:36:43.8982870Z with:
2025-09-08T05:36:43.8983246Z   fetch-depth: 0
2025-09-08T05:36:43.8983693Z   repository: thiensang1/topcv-job-scraper
2025-09-08T05:36:43.8984387Z   token: ***
2025-09-08T05:36:43.8984773Z   ssh-strict: true
2025-09-08T05:36:43.8985161Z   ssh-user: git
2025-09-08T05:36:43.8985567Z   persist-credentials: true
2025-09-08T05:36:43.8986018Z   clean: true
2025-09-08T05:36:43.8986418Z   sparse-checkout-cone-mode: true
2025-09-08T05:36:43.8987068Z   fetch-tags: false
2025-09-08T05:36:43.8987500Z   show-progress: true
2025-09-08T05:36:43.8987901Z   lfs: false
2025-09-08T05:36:43.8988281Z   submodules: false
2025-09-08T05:36:43.8988686Z   set-safe-directory: true
2025-09-08T05:36:43.8989347Z ##[endgroup]
2025-09-08T05:36:44.0089842Z Syncing repository: thiensang1/topcv-job-scraper
2025-09-08T05:36:44.0091611Z ##[group]Getting Git version info
2025-09-08T05:36:44.0092470Z Working directory is '/home/runner/work/topcv-job-scraper/topcv-job-scraper'
2025-09-08T05:36:44.0093596Z [command]/usr/bin/git version
2025-09-08T05:36:44.0175918Z git version 2.51.0
2025-09-08T05:36:44.0204411Z ##[endgroup]
2025-09-08T05:36:44.0221274Z Temporarily overriding HOME='/home/runner/work/_temp/5f19d019-8f98-41d8-aacf-f39f0bb6c03d' before making global git config changes
2025-09-08T05:36:44.0223672Z Adding repository directory to the temporary git global config as a safe directory
2025-09-08T05:36:44.0228778Z [command]/usr/bin/git config --global --add safe.directory /home/runner/work/topcv-job-scraper/topcv-job-scraper
2025-09-08T05:36:44.0271026Z Deleting the contents of '/home/runner/work/topcv-job-scraper/topcv-job-scraper'
2025-09-08T05:36:44.0274845Z ##[group]Initializing the repository
2025-09-08T05:36:44.0280091Z [command]/usr/bin/git init /home/runner/work/topcv-job-scraper/topcv-job-scraper
2025-09-08T05:36:44.0413180Z hint: Using 'master' as the name for the initial branch. This default branch name
2025-09-08T05:36:44.0414776Z hint: is subject to change. To configure the initial branch name to use in all
2025-09-08T05:36:44.0415911Z hint: of your new repositories, which will suppress this warning, call:
2025-09-08T05:36:44.0417433Z hint:
2025-09-08T05:36:44.0418051Z hint: 	git config --global init.defaultBranch <name>
2025-09-08T05:36:44.0418935Z hint:
2025-09-08T05:36:44.0420038Z hint: Names commonly chosen instead of 'master' are 'main', 'trunk' and
2025-09-08T05:36:44.0421884Z hint: 'development'. The just-created branch can be renamed via this command:
2025-09-08T05:36:44.0423426Z hint:
2025-09-08T05:36:44.0424176Z hint: 	git branch -m <name>
2025-09-08T05:36:44.0425029Z hint:
2025-09-08T05:36:44.0426106Z hint: Disable this message with "git config set advice.defaultBranchName false"
2025-09-08T05:36:44.0428206Z Initialized empty Git repository in /home/runner/work/topcv-job-scraper/topcv-job-scraper/.git/
2025-09-08T05:36:44.0432250Z [command]/usr/bin/git remote add origin https://github.com/thiensang1/topcv-job-scraper
2025-09-08T05:36:44.0472805Z ##[endgroup]
2025-09-08T05:36:44.0474026Z ##[group]Disabling automatic garbage collection
2025-09-08T05:36:44.0477844Z [command]/usr/bin/git config --local gc.auto 0
2025-09-08T05:36:44.0506356Z ##[endgroup]
2025-09-08T05:36:44.0507837Z ##[group]Setting up auth
2025-09-08T05:36:44.0514156Z [command]/usr/bin/git config --local --name-only --get-regexp core\.sshCommand
2025-09-08T05:36:44.0547211Z [command]/usr/bin/git submodule foreach --recursive sh -c "git config --local --name-only --get-regexp 'core\.sshCommand' && git config --local --unset-all 'core.sshCommand' || :"
2025-09-08T05:36:44.0881251Z [command]/usr/bin/git config --local --name-only --get-regexp http\.https\:\/\/github\.com\/\.extraheader
2025-09-08T05:36:44.0910773Z [command]/usr/bin/git submodule foreach --recursive sh -c "git config --local --name-only --get-regexp 'http\.https\:\/\/github\.com\/\.extraheader' && git config --local --unset-all 'http.https://github.com/.extraheader' || :"
2025-09-08T05:36:44.1137420Z [command]/usr/bin/git config --local http.https://github.com/.extraheader AUTHORIZATION: basic ***
2025-09-08T05:36:44.1172496Z ##[endgroup]
2025-09-08T05:36:44.1173943Z ##[group]Fetching the repository
2025-09-08T05:36:44.1182687Z [command]/usr/bin/git -c protocol.version=2 fetch --prune --no-recurse-submodules origin +refs/heads/*:refs/remotes/origin/* +refs/tags/*:refs/tags/*
2025-09-08T05:36:45.1237952Z From https://github.com/thiensang1/topcv-job-scraper
2025-09-08T05:36:45.1239311Z  * [new branch]      main       -> origin/main
2025-09-08T05:36:45.1277812Z [command]/usr/bin/git branch --list --remote origin/main
2025-09-08T05:36:45.1303211Z   origin/main
2025-09-08T05:36:45.1313022Z [command]/usr/bin/git rev-parse refs/remotes/origin/main
2025-09-08T05:36:45.1333431Z 5134382431233ea6258bcd2eba52d67c2f18b90e
2025-09-08T05:36:45.1340004Z ##[endgroup]
2025-09-08T05:36:45.1341722Z ##[group]Determining the checkout info
2025-09-08T05:36:45.1342976Z ##[endgroup]
2025-09-08T05:36:45.1345279Z [command]/usr/bin/git sparse-checkout disable
2025-09-08T05:36:45.1388783Z [command]/usr/bin/git config --local --unset-all extensions.worktreeConfig
2025-09-08T05:36:45.1415416Z ##[group]Checking out the ref
2025-09-08T05:36:45.1418808Z [command]/usr/bin/git checkout --progress --force -B main refs/remotes/origin/main
2025-09-08T05:36:45.4817313Z Switched to a new branch 'main'
2025-09-08T05:36:45.4833374Z branch 'main' set up to track 'origin/main'.
2025-09-08T05:36:45.4835364Z ##[endgroup]
2025-09-08T05:36:45.4873784Z [command]/usr/bin/git log -1 --format=%H
2025-09-08T05:36:45.4895456Z 5134382431233ea6258bcd2eba52d67c2f18b90e
2025-09-08T05:36:45.5110631Z ##[group]Run actions/setup-node@v4
2025-09-08T05:36:45.5110987Z with:
2025-09-08T05:36:45.5111204Z   node-version: 18
2025-09-08T05:36:45.5111427Z   cache: npm
2025-09-08T05:36:45.5111646Z   always-auth: false
2025-09-08T05:36:45.5111883Z   check-latest: false
2025-09-08T05:36:45.5112254Z   token: ***
2025-09-08T05:36:45.5112487Z ##[endgroup]
2025-09-08T05:36:45.6885152Z Found in cache @ /opt/hostedtoolcache/node/18.20.8/x64
2025-09-08T05:36:45.6893105Z ##[group]Environment details
2025-09-08T05:36:48.2172216Z node: v18.20.8
2025-09-08T05:36:48.2173024Z npm: 10.8.2
2025-09-08T05:36:48.2174634Z yarn: 1.22.22
2025-09-08T05:36:48.2175753Z ##[endgroup]
2025-09-08T05:36:48.2199768Z [command]/opt/hostedtoolcache/node/18.20.8/x64/bin/npm config get cache
2025-09-08T05:36:48.5541209Z /home/runner/.npm
2025-09-08T05:36:48.7749918Z Cache hit for: node-cache-Linux-x64-npm-416e735b9ac2a76a2dd6b9ec1a6fe63cc3ce0bfa9ce4a61af4a52cdd46502d8f
2025-09-08T05:36:49.6260590Z Received 5511798 of 5511798 (100.0%), 7.8 MBs/sec
2025-09-08T05:36:49.6261379Z Cache Size: ~5 MB (5511798 B)
2025-09-08T05:36:49.6288403Z [command]/usr/bin/tar -xf /home/runner/work/_temp/562a9519-e6ff-4b5e-a74d-e55a7aa95cc3/cache.tzst -P -C /home/runner/work/topcv-job-scraper/topcv-job-scraper --use-compress-program unzstd
2025-09-08T05:36:49.6637222Z Cache restored successfully
2025-09-08T05:36:49.6654037Z Cache restored from key: node-cache-Linux-x64-npm-416e735b9ac2a76a2dd6b9ec1a6fe63cc3ce0bfa9ce4a61af4a52cdd46502d8f
2025-09-08T05:36:49.6805733Z ##[group]Run browser-actions/setup-chrome@latest
2025-09-08T05:36:49.6806062Z with:
2025-09-08T05:36:49.6806255Z   chrome-version: stable
2025-09-08T05:36:49.6806503Z   install-dependencies: false
2025-09-08T05:36:49.6807334Z   install-chromedriver: false
2025-09-08T05:36:49.6807570Z   no-sudo: false
2025-09-08T05:36:49.6807762Z ##[endgroup]
2025-09-08T05:36:49.7592683Z Setup chrome stable
2025-09-08T05:36:49.7598563Z Attempting to download chrome stable...
2025-09-08T05:36:49.8784873Z Acquiring chrome stable from https://storage.googleapis.com/chrome-for-testing-public/140.0.7339.80/linux64/chrome-linux64.zip
2025-09-08T05:36:51.0104878Z Installing chrome...
2025-09-08T05:36:51.0140573Z [command]/usr/bin/unzip -o -q /home/runner/work/_temp/e6247167-c366-492b-950c-5c744ac0f04d
2025-09-08T05:36:54.7682855Z Successfully Installed chrome to /opt/hostedtoolcache/setup-chrome/chrome/stable/x64
2025-09-08T05:36:54.7693736Z [command]/opt/hostedtoolcache/setup-chrome/chrome/stable/x64/chrome --version
2025-09-08T05:36:54.9115844Z Google Chrome for Testing 140.0.7339.80 
2025-09-08T05:36:54.9365012Z Successfully setup chrome 140.0.7339.80
2025-09-08T05:36:54.9495091Z ##[group]Run npm install
2025-09-08T05:36:54.9495419Z [36;1mnpm install[0m
2025-09-08T05:36:54.9641853Z shell: /usr/bin/bash -e {0}
2025-09-08T05:36:54.9642182Z ##[endgroup]
2025-09-08T05:36:59.1124747Z npm warn EBADENGINE Unsupported engine {
2025-09-08T05:36:59.1125691Z npm warn EBADENGINE   package: 'cheerio@1.1.2',
2025-09-08T05:36:59.1126534Z npm warn EBADENGINE   required: { node: '>=20.18.1' },
2025-09-08T05:36:59.1127814Z npm warn EBADENGINE   current: { node: 'v18.20.8', npm: '10.8.2' }
2025-09-08T05:36:59.1128491Z npm warn EBADENGINE }
2025-09-08T05:36:59.7188432Z 
2025-09-08T05:36:59.7189078Z up to date, audited 187 packages in 5s
2025-09-08T05:36:59.7189480Z 
2025-09-08T05:36:59.7191279Z 34 packages are looking for funding
2025-09-08T05:36:59.7191921Z   run `npm fund` for details
2025-09-08T05:36:59.7253587Z 
2025-09-08T05:36:59.7254045Z 2 vulnerabilities (1 low, 1 moderate)
2025-09-08T05:36:59.7254394Z 
2025-09-08T05:36:59.7254618Z To address all issues, run:
2025-09-08T05:36:59.7255150Z   npm audit fix
2025-09-08T05:36:59.7255387Z 
2025-09-08T05:36:59.7255618Z Run `npm audit` for details.
2025-09-08T05:36:59.7395368Z ##[group]Run node scraper.js
2025-09-08T05:36:59.7395675Z [36;1mnode scraper.js[0m
2025-09-08T05:36:59.7426403Z shell: /usr/bin/bash -e {0}
2025-09-08T05:36:59.7427049Z env:
2025-09-08T05:36:59.7427438Z   PROXY_API_ENDPOINT: ***
2025-09-08T05:36:59.7427720Z   PROXY_API_KEY: ***
2025-09-08T05:36:59.7428037Z   CHROME_PATH: /opt/hostedtoolcache/setup-chrome/chrome/stable/x64/chrome
2025-09-08T05:36:59.7428401Z ##[endgroup]
2025-09-08T05:37:00.1508780Z --- CHIẾN DỊCH 'ĐIỆP VIÊN TỐI THƯỢNG' BẮT ĐẦU ---
2025-09-08T05:37:00.1513006Z -> [Điệp viên] Đang yêu cầu một danh tính proxy MỚI từ API...
2025-09-08T05:37:00.7250705Z -> [Điệp viên] Đã nhận proxy mới thành công: 116.101.168.151:15202
2025-09-08T05:37:00.7251139Z 
2025-09-08T05:37:00.7251777Z [Điệp viên] Đang khởi tạo trình duyệt với danh tính 116.101.168.151...
2025-09-08T05:37:02.3388405Z 
2025-09-08T05:37:02.3389454Z --- [Điệp viên] Bắt đầu giai đoạn DO THÁM ---
2025-09-08T05:37:02.3390163Z    -> Đang thám hiểm trang 1...
2025-09-08T05:37:15.4143933Z    -> Đang thám hiểm trang 2...
2025-09-08T05:37:17.1179459Z    -> Đang thám hiểm trang 3...
2025-09-08T05:37:18.9635505Z    -> Đang thám hiểm trang 4...
2025-09-08T05:37:20.7450227Z    -> Đang thám hiểm trang 5...
2025-09-08T05:37:22.5288469Z    -> Đang thám hiểm trang 6...
2025-09-08T05:37:24.3042980Z    -> Đang thám hiểm trang 7...
2025-09-08T05:37:26.0498665Z    -> Đang thám hiểm trang 8...
2025-09-08T05:37:27.7324612Z    -> Đang thám hiểm trang 9...
2025-09-08T05:37:28.5040078Z    -> Đang thám hiểm trang 10...
2025-09-08T05:37:28.9748689Z    -> Đang thám hiểm trang 11...
2025-09-08T05:37:29.4536126Z    -> Đang thám hiểm trang 12...
2025-09-08T05:37:29.9447260Z    -> Đang thám hiểm trang 13...
2025-09-08T05:37:30.4136313Z    -> Đang thám hiểm trang 14...
2025-09-08T05:37:30.8928177Z    -> Đang thám hiểm trang 15...
2025-09-08T05:37:31.4228571Z    -> Đang thám hiểm trang 16...
2025-09-08T05:37:31.9053855Z    -> Đang thám hiểm trang 17...
2025-09-08T05:37:32.4056844Z    -> Đang thám hiểm trang 18...
2025-09-08T05:37:32.8784025Z    -> Đang thám hiểm trang 19...
2025-09-08T05:37:33.3698802Z    -> Đang thám hiểm trang 20...
2025-09-08T05:37:33.8520700Z    -> Đang thám hiểm trang 21...
2025-09-08T05:37:34.3479859Z    -> Đang thám hiểm trang 22...
2025-09-08T05:37:34.8538334Z    -> Đang thám hiểm trang 23...
2025-09-08T05:37:35.3775547Z    -> Đang thám hiểm trang 24...
2025-09-08T05:37:35.8538043Z    -> Đang thám hiểm trang 25...
2025-09-08T05:37:36.3259875Z    -> Đang thám hiểm trang 26...
2025-09-08T05:37:36.7951231Z    -> Đang thám hiểm trang 27...
2025-09-08T05:37:37.2662779Z    -> Đang thám hiểm trang 28...
2025-09-08T05:37:37.7523829Z    -> Đang thám hiểm trang 29...
2025-09-08T05:37:38.2329093Z    -> Đang thám hiểm trang 30...
2025-09-08T05:37:38.7167826Z    -> Đang thám hiểm trang 31...
2025-09-08T05:37:39.1946904Z    -> Đang thám hiểm trang 32...
2025-09-08T05:37:39.6771356Z    -> Đang thám hiểm trang 33...
2025-09-08T05:37:40.1746506Z    -> Đang thám hiểm trang 34...
2025-09-08T05:37:40.6486270Z    -> Đang thám hiểm trang 35...
2025-09-08T05:37:41.1448258Z    -> Đang thám hiểm trang 36...
2025-09-08T05:37:41.6542188Z    -> Đang thám hiểm trang 37...
2025-09-08T05:37:42.1771417Z    -> Đang thám hiểm trang 38...
2025-09-08T05:37:42.6561839Z    -> Đang thám hiểm trang 39...
2025-09-08T05:37:43.1510050Z    -> Đang thám hiểm trang 40...
2025-09-08T05:37:43.6355116Z    -> Đang thám hiểm trang 41...
2025-09-08T05:37:44.0923193Z    -> Đang thám hiểm trang 42...
2025-09-08T05:37:44.5918202Z    -> Đang thám hiểm trang 43...
2025-09-08T05:37:45.0562875Z    -> Đang thám hiểm trang 44...
2025-09-08T05:37:45.5525118Z    -> Đang thám hiểm trang 45...
2025-09-08T05:37:46.0200026Z    -> Đang thám hiểm trang 46...
2025-09-08T05:37:46.5078585Z    -> Đang thám hiểm trang 47...
2025-09-08T05:37:46.9880110Z    -> Đang thám hiểm trang 48...
2025-09-08T05:37:47.4787331Z    -> Đang thám hiểm trang 49...
2025-09-08T05:37:47.9657813Z    -> Đang thám hiểm trang 50...
2025-09-08T05:37:48.4562939Z    -> Đang thám hiểm trang 51...
2025-09-08T05:37:48.9405170Z    -> Đang thám hiểm trang 52...
2025-09-08T05:37:49.4203786Z    -> Đang thám hiểm trang 53...
2025-09-08T05:37:49.8983159Z    -> Đang thám hiểm trang 54...
2025-09-08T05:37:50.3802749Z    -> Đang thám hiểm trang 55...
2025-09-08T05:37:50.8589885Z    -> Đang thám hiểm trang 56...
2025-09-08T05:37:51.3552043Z    -> Đang thám hiểm trang 57...
2025-09-08T05:37:51.8421916Z    -> Đang thám hiểm trang 58...
2025-09-08T05:37:52.3165895Z    -> Đang thám hiểm trang 59...
2025-09-08T05:37:52.8126241Z    -> Đang thám hiểm trang 60...
2025-09-08T05:37:53.2931243Z    -> Đang thám hiểm trang 61...
2025-09-08T05:37:53.7591420Z    -> Đang thám hiểm trang 62...
2025-09-08T05:37:54.2449105Z    -> Đang thám hiểm trang 63...
2025-09-08T05:37:54.7224956Z    -> Đang thám hiểm trang 64...
2025-09-08T05:37:55.2039088Z    -> Đang thám hiểm trang 65...
2025-09-08T05:37:55.6986107Z    -> Đang thám hiểm trang 66...
2025-09-08T05:37:56.1740063Z    -> Đang thám hiểm trang 67...
2025-09-08T05:37:56.6489531Z    -> Đang thám hiểm trang 68...
2025-09-08T05:37:57.1485669Z    -> Đang thám hiểm trang 69...
2025-09-08T05:37:57.6054314Z    -> Đang thám hiểm trang 70...
2025-09-08T05:37:57.8878228Z    -> Đang thám hiểm trang 71...
2025-09-08T05:37:58.3689150Z    -> Đang thám hiểm trang 72...
2025-09-08T05:37:58.8434290Z    -> Đang thám hiểm trang 73...
2025-09-08T05:37:59.3406233Z    -> Đang thám hiểm trang 74...
2025-09-08T05:37:59.7909042Z    -> Đang thám hiểm trang 75...
2025-09-08T05:38:00.2750933Z    -> Đang thám hiểm trang 76...
2025-09-08T05:38:00.7724996Z    -> Đang thám hiểm trang 77...
2025-09-08T05:38:01.2468534Z    -> Đang thám hiểm trang 78...
2025-09-08T05:38:01.7206458Z    -> Đang thám hiểm trang 79...
2025-09-08T05:38:02.1671530Z    -> Đang thám hiểm trang 80...
2025-09-08T05:38:02.6614508Z    -> Đang thám hiểm trang 81...
2025-09-08T05:38:03.1164850Z    -> Đang thám hiểm trang 82...
2025-09-08T05:38:04.9134950Z    -> Đang thám hiểm trang 83...
2025-09-08T05:38:05.3315178Z    -> Đang thám hiểm trang 84...
2025-09-08T05:38:05.6553424Z    -> Đang thám hiểm trang 85...
2025-09-08T05:38:07.4398455Z    -> Đang thám hiểm trang 86...
2025-09-08T05:38:07.8492468Z    -> Đang thám hiểm trang 87...
2025-09-08T05:38:08.1895246Z    -> Đang thám hiểm trang 88...
2025-09-08T05:38:08.6787210Z    -> Đang thám hiểm trang 89...
2025-09-08T05:38:10.5070619Z    -> Đang thám hiểm trang 90...
2025-09-08T05:38:10.9250349Z    -> Đang thám hiểm trang 91...
2025-09-08T05:38:11.2729124Z    -> Đang thám hiểm trang 92...
2025-09-08T05:38:11.7706809Z    -> Đang thám hiểm trang 93...
2025-09-08T05:38:13.0027298Z    -> Đã đến rìa thế giới! Bị đưa về trang 90 khi cố gắng đến trang 93.
2025-09-08T05:38:13.0029883Z [Điệp viên] Báo cáo tình báo: Phát hiện có tổng cộng 92 trang.
2025-09-08T05:38:13.0030302Z 
2025-09-08T05:38:13.0030716Z [Điệp viên] Do thám hoàn tất. Tạm nghỉ 11.73 giây...
2025-09-08T05:38:24.7326452Z [Điệp viên] Độ bền nhân dạng ban đầu: 19 trang.
2025-09-08T05:38:24.7327148Z 
2025-09-08T05:38:24.7327651Z --- [Điệp viên] Bắt đầu giai đoạn KHAI THÁC ---
2025-09-08T05:38:24.7328461Z    -> Đang khai thác trang 1/92 (còn 19 trang nữa sẽ biến hình)...
2025-09-08T05:38:27.3297938Z       -> Bắt đầu giai đoạn 'quan sát' để chờ trang ổn định...
2025-09-08T05:38:31.6279913Z          - Trang đã ổn định (lần 1/2)...
2025-09-08T05:38:35.6918383Z          - Trang đã ổn định (lần 1/2)...
2025-09-08T05:38:37.7256379Z          - Trang đã ổn định (lần 2/2)...
2025-09-08T05:38:37.7257465Z       -> Trang đã ổn định. Dữ liệu chi tiết đã được tải.
2025-09-08T05:38:37.7258127Z       -> Mô phỏng hành vi cuộn trang...
2025-09-08T05:38:38.9383402Z    -> Đã thu thập 50 tin từ trang 1.
2025-09-08T05:39:00.3742924Z    -> Đang khai thác trang 2/92 (còn 18 trang nữa sẽ biến hình)...
2025-09-08T05:39:03.0826192Z       -> Bắt đầu giai đoạn 'quan sát' để chờ trang ổn định...
2025-09-08T05:39:07.4609441Z          - Trang đã ổn định (lần 1/2)...
2025-09-08T05:39:09.4958472Z          - Trang đã ổn định (lần 2/2)...
2025-09-08T05:39:09.4960454Z       -> Trang đã ổn định. Dữ liệu chi tiết đã được tải.
2025-09-08T05:39:09.4961124Z       -> Mô phỏng hành vi cuộn trang...
2025-09-08T05:39:10.6924123Z    -> Đã thu thập 50 tin từ trang 2.
2025-09-08T05:39:32.2244542Z    -> Đang khai thác trang 3/92 (còn 17 trang nữa sẽ biến hình)...
2025-09-08T05:39:34.2194577Z       -> Bắt đầu giai đoạn 'quan sát' để chờ trang ổn định...
2025-09-08T05:39:38.4915899Z          - Trang đã ổn định (lần 1/2)...
2025-09-08T05:39:40.5232648Z          - Trang đã ổn định (lần 2/2)...
2025-09-08T05:39:40.5233902Z       -> Trang đã ổn định. Dữ liệu chi tiết đã được tải.
2025-09-08T05:39:40.5239204Z       -> Mô phỏng hành vi cuộn trang...
2025-09-08T05:39:41.4029077Z    -> Đã thu thập 50 tin từ trang 3.
2025-09-08T05:40:05.6263449Z    -> Đang khai thác trang 4/92 (còn 16 trang nữa sẽ biến hình)...
2025-09-08T05:40:07.7713970Z       -> Bắt đầu giai đoạn 'quan sát' để chờ trang ổn định...
2025-09-08T05:40:12.0376883Z          - Trang đã ổn định (lần 1/2)...
2025-09-08T05:40:14.0702471Z          - Trang đã ổn định (lần 2/2)...
2025-09-08T05:40:14.0705830Z       -> Trang đã ổn định. Dữ liệu chi tiết đã được tải.
2025-09-08T05:40:14.0707071Z       -> Mô phỏng hành vi cuộn trang...
2025-09-08T05:40:15.2558355Z    -> Đã thu thập 50 tin từ trang 4.
2025-09-08T05:40:35.6567862Z    -> Đang khai thác trang 5/92 (còn 15 trang nữa sẽ biến hình)...
2025-09-08T05:40:37.8852121Z       -> Bắt đầu giai đoạn 'quan sát' để chờ trang ổn định...
2025-09-08T05:40:42.2254430Z          - Trang đã ổn định (lần 1/2)...
2025-09-08T05:40:44.2580131Z          - Trang đã ổn định (lần 2/2)...
2025-09-08T05:40:44.2580872Z       -> Trang đã ổn định. Dữ liệu chi tiết đã được tải.
2025-09-08T05:40:44.2581527Z       -> Mô phỏng hành vi cuộn trang...
2025-09-08T05:40:45.2199599Z    -> Đã thu thập 50 tin từ trang 5.
2025-09-08T05:41:09.7433563Z    -> Đang khai thác trang 6/92 (còn 14 trang nữa sẽ biến hình)...
2025-09-08T05:41:11.9312398Z       -> Bắt đầu giai đoạn 'quan sát' để chờ trang ổn định...
2025-09-08T05:41:16.3118978Z          - Trang đã ổn định (lần 1/2)...
2025-09-08T05:41:18.3414058Z          - Trang đã ổn định (lần 2/2)...
2025-09-08T05:41:18.3414575Z       -> Trang đã ổn định. Dữ liệu chi tiết đã được tải.
2025-09-08T05:41:18.3415017Z       -> Mô phỏng hành vi cuộn trang...
2025-09-08T05:41:19.2930051Z    -> Đã thu thập 50 tin từ trang 6.
2025-09-08T05:41:38.0648373Z    -> Đang khai thác trang 7/92 (còn 13 trang nữa sẽ biến hình)...
2025-09-08T05:41:40.2529543Z       -> Bắt đầu giai đoạn 'quan sát' để chờ trang ổn định...
2025-09-08T05:41:44.5478367Z          - Trang đã ổn định (lần 1/2)...
2025-09-08T05:41:46.5835955Z          - Trang đã ổn định (lần 2/2)...
2025-09-08T05:41:46.5837102Z       -> Trang đã ổn định. Dữ liệu chi tiết đã được tải.
2025-09-08T05:41:46.5838109Z       -> Mô phỏng hành vi cuộn trang...
2025-09-08T05:41:47.5546400Z    -> Đã thu thập 50 tin từ trang 7.
2025-09-08T05:42:09.0394543Z    -> Đang khai thác trang 8/92 (còn 12 trang nữa sẽ biến hình)...
2025-09-08T05:42:11.0538844Z       -> Bắt đầu giai đoạn 'quan sát' để chờ trang ổn định...
2025-09-08T05:42:17.3637032Z          - Trang đã ổn định (lần 1/2)...
2025-09-08T05:42:19.3943296Z          - Trang đã ổn định (lần 2/2)...
2025-09-08T05:42:19.3944342Z       -> Trang đã ổn định. Dữ liệu chi tiết đã được tải.
2025-09-08T05:42:19.3945140Z       -> Mô phỏng hành vi cuộn trang...
2025-09-08T05:42:20.3800580Z    -> Đã thu thập 50 tin từ trang 8.
2025-09-08T05:42:43.4412878Z    -> Đang khai thác trang 9/92 (còn 11 trang nữa sẽ biến hình)...
2025-09-08T05:42:45.7012988Z       -> Bắt đầu giai đoạn 'quan sát' để chờ trang ổn định...
2025-09-08T05:42:51.9814273Z          - Trang đã ổn định (lần 1/2)...
2025-09-08T05:42:54.0132740Z          - Trang đã ổn định (lần 2/2)...
2025-09-08T05:42:54.0133496Z       -> Trang đã ổn định. Dữ liệu chi tiết đã được tải.
2025-09-08T05:42:54.0134124Z       -> Mô phỏng hành vi cuộn trang...
2025-09-08T05:42:55.0924896Z    -> Đã thu thập 50 tin từ trang 9.
2025-09-08T05:43:15.5282378Z    -> Đang khai thác trang 10/92 (còn 10 trang nữa sẽ biến hình)...
2025-09-08T05:43:17.7623141Z       -> Bắt đầu giai đoạn 'quan sát' để chờ trang ổn định...
2025-09-08T05:43:22.1118449Z          - Trang đã ổn định (lần 1/2)...
2025-09-08T05:43:24.1470621Z          - Trang đã ổn định (lần 2/2)...
2025-09-08T05:43:24.1471380Z       -> Trang đã ổn định. Dữ liệu chi tiết đã được tải.
2025-09-08T05:43:24.1472029Z       -> Mô phỏng hành vi cuộn trang...
2025-09-08T05:43:25.3091890Z    -> Đã thu thập 50 tin từ trang 10.
2025-09-08T05:43:43.3150921Z    -> Đang khai thác trang 11/92 (còn 9 trang nữa sẽ biến hình)...
2025-09-08T05:43:45.3993185Z       -> Bắt đầu giai đoạn 'quan sát' để chờ trang ổn định...
2025-09-08T05:43:49.6805474Z          - Trang đã ổn định (lần 1/2)...
2025-09-08T05:43:51.7102209Z          - Trang đã ổn định (lần 2/2)...
2025-09-08T05:43:51.7103114Z       -> Trang đã ổn định. Dữ liệu chi tiết đã được tải.
2025-09-08T05:43:51.7103825Z       -> Mô phỏng hành vi cuộn trang...
2025-09-08T05:43:52.9719506Z    -> Đã thu thập 50 tin từ trang 11.
2025-09-08T05:44:15.3339020Z    -> Đang khai thác trang 12/92 (còn 8 trang nữa sẽ biến hình)...
2025-09-08T05:44:17.5052169Z       -> Bắt đầu giai đoạn 'quan sát' để chờ trang ổn định...
2025-09-08T05:44:23.8500866Z          - Trang đã ổn định (lần 1/2)...
2025-09-08T05:44:25.8803350Z          - Trang đã ổn định (lần 2/2)...
2025-09-08T05:44:25.8803858Z       -> Trang đã ổn định. Dữ liệu chi tiết đã được tải.
2025-09-08T05:44:25.8804251Z       -> Mô phỏng hành vi cuộn trang...
2025-09-08T05:44:26.9194758Z    -> Đã thu thập 50 tin từ trang 12.
2025-09-08T05:44:50.9337804Z    -> Đang khai thác trang 13/92 (còn 7 trang nữa sẽ biến hình)...
2025-09-08T05:44:53.0868651Z       -> Bắt đầu giai đoạn 'quan sát' để chờ trang ổn định...
2025-09-08T05:44:57.4827309Z          - Trang đã ổn định (lần 1/2)...
2025-09-08T05:44:59.5167749Z          - Trang đã ổn định (lần 2/2)...
2025-09-08T05:44:59.5168445Z       -> Trang đã ổn định. Dữ liệu chi tiết đã được tải.
2025-09-08T05:44:59.5168925Z       -> Mô phỏng hành vi cuộn trang...
2025-09-08T05:45:00.4285571Z    -> Đã thu thập 50 tin từ trang 13.
2025-09-08T05:45:22.8248484Z    -> Đang khai thác trang 14/92 (còn 6 trang nữa sẽ biến hình)...
2025-09-08T05:45:25.1086420Z       -> Bắt đầu giai đoạn 'quan sát' để chờ trang ổn định...
2025-09-08T05:45:29.4236194Z          - Trang đã ổn định (lần 1/2)...
2025-09-08T05:45:31.4586156Z          - Trang đã ổn định (lần 2/2)...
2025-09-08T05:45:31.4587176Z       -> Trang đã ổn định. Dữ liệu chi tiết đã được tải.
2025-09-08T05:45:31.4587859Z       -> Mô phỏng hành vi cuộn trang...
2025-09-08T05:45:32.3887168Z    -> Đã thu thập 50 tin từ trang 14.
2025-09-08T05:45:50.7446484Z    -> Đang khai thác trang 15/92 (còn 5 trang nữa sẽ biến hình)...
2025-09-08T05:45:52.9407063Z       -> Bắt đầu giai đoạn 'quan sát' để chờ trang ổn định...
2025-09-08T05:45:57.2457470Z          - Trang đã ổn định (lần 1/2)...
2025-09-08T05:45:59.2764797Z          - Trang đã ổn định (lần 2/2)...
2025-09-08T05:45:59.2766222Z       -> Trang đã ổn định. Dữ liệu chi tiết đã được tải.
2025-09-08T05:45:59.2767201Z       -> Mô phỏng hành vi cuộn trang...
2025-09-08T05:46:00.1374201Z    -> Đã thu thập 50 tin từ trang 15.
2025-09-08T05:46:19.5623379Z    -> Đang khai thác trang 16/92 (còn 4 trang nữa sẽ biến hình)...
2025-09-08T05:46:21.8628991Z       -> Bắt đầu giai đoạn 'quan sát' để chờ trang ổn định...
2025-09-08T05:46:26.2563082Z          - Trang đã ổn định (lần 1/2)...
2025-09-08T05:46:28.2910495Z          - Trang đã ổn định (lần 2/2)...
2025-09-08T05:46:28.2911256Z       -> Trang đã ổn định. Dữ liệu chi tiết đã được tải.
2025-09-08T05:46:28.2911906Z       -> Mô phỏng hành vi cuộn trang...
2025-09-08T05:46:29.5704214Z    -> Đã thu thập 50 tin từ trang 16.
2025-09-08T05:46:50.1853850Z    -> Đang khai thác trang 17/92 (còn 3 trang nữa sẽ biến hình)...
2025-09-08T05:46:52.4391105Z       -> Bắt đầu giai đoạn 'quan sát' để chờ trang ổn định...
2025-09-08T05:46:56.7252143Z          - Trang đã ổn định (lần 1/2)...
2025-09-08T05:46:58.7549860Z          - Trang đã ổn định (lần 2/2)...
2025-09-08T05:46:58.7550720Z       -> Trang đã ổn định. Dữ liệu chi tiết đã được tải.
2025-09-08T05:46:58.7551396Z       -> Mô phỏng hành vi cuộn trang...
2025-09-08T05:46:59.8399598Z    -> Đã thu thập 50 tin từ trang 17.
2025-09-08T05:47:19.8674970Z    -> Đang khai thác trang 18/92 (còn 2 trang nữa sẽ biến hình)...
2025-09-08T05:47:22.0786877Z       -> Bắt đầu giai đoạn 'quan sát' để chờ trang ổn định...
2025-09-08T05:47:26.4974014Z          - Trang đã ổn định (lần 1/2)...
2025-09-08T05:47:28.5285152Z          - Trang đã ổn định (lần 2/2)...
2025-09-08T05:47:28.5285969Z       -> Trang đã ổn định. Dữ liệu chi tiết đã được tải.
2025-09-08T05:47:28.5286836Z       -> Mô phỏng hành vi cuộn trang...
2025-09-08T05:47:29.8452385Z    -> Đã thu thập 50 tin từ trang 18.
2025-09-08T05:47:52.6931252Z    -> Đang khai thác trang 19/92 (còn 1 trang nữa sẽ biến hình)...
2025-09-08T05:47:54.8526013Z       -> Bắt đầu giai đoạn 'quan sát' để chờ trang ổn định...
2025-09-08T05:47:59.2670812Z          - Trang đã ổn định (lần 1/2)...
2025-09-08T05:48:01.3027109Z          - Trang đã ổn định (lần 2/2)...
2025-09-08T05:48:01.3027915Z       -> Trang đã ổn định. Dữ liệu chi tiết đã được tải.
2025-09-08T05:48:01.3028567Z       -> Mô phỏng hành vi cuộn trang...
2025-09-08T05:48:02.2494460Z    -> Đã thu thập 50 tin từ trang 19.
2025-09-08T05:48:21.1019418Z 
2025-09-08T05:48:21.1020399Z    -> [Điệp viên] Hết độ bền nhân dạng. Bắt đầu "biến hình"...
2025-09-08T05:48:21.2252172Z -> [Điệp viên] Đang yêu cầu một danh tính proxy MỚI từ API...
2025-09-08T05:48:21.8000446Z -> [Điệp viên] Đã nhận proxy mới thành công: 117.5.59.34:26828
2025-09-08T05:48:21.8001004Z 
2025-09-08T05:48:21.8001612Z [Điệp viên] Đang khởi tạo trình duyệt với danh tính 117.5.59.34...
2025-09-08T05:48:22.0689071Z    -> [Điệp viên] "Biến hình" thành công. Độ bền nhân dạng mới: 20 trang.
2025-09-08T05:48:22.0699651Z    -> Đang khai thác trang 20/92 (còn 20 trang nữa sẽ biến hình)...
2025-09-08T05:48:35.9165702Z       -> Bắt đầu giai đoạn 'quan sát' để chờ trang ổn định...
2025-09-08T05:48:38.0099762Z          - Trang đã ổn định (lần 1/2)...
2025-09-08T05:48:40.0431894Z          - Trang đã ổn định (lần 2/2)...
2025-09-08T05:48:40.0432840Z       -> Trang đã ổn định. Dữ liệu chi tiết đã được tải.
2025-09-08T05:48:40.0434038Z       -> Mô phỏng hành vi cuộn trang...
2025-09-08T05:48:41.0588266Z    -> Đã thu thập 50 tin từ trang 20.
2025-09-08T05:48:59.7128646Z    -> Đang khai thác trang 21/92 (còn 19 trang nữa sẽ biến hình)...
2025-09-08T05:49:02.4215400Z       -> Bắt đầu giai đoạn 'quan sát' để chờ trang ổn định...
2025-09-08T05:49:08.7571877Z          - Trang đã ổn định (lần 1/2)...
2025-09-08T05:49:10.7895923Z          - Trang đã ổn định (lần 2/2)...
2025-09-08T05:49:10.7896904Z       -> Trang đã ổn định. Dữ liệu chi tiết đã được tải.
2025-09-08T05:49:10.7897567Z       -> Mô phỏng hành vi cuộn trang...
2025-09-08T05:49:11.8052867Z    -> Đã thu thập 50 tin từ trang 21.
2025-09-08T05:49:31.9983282Z    -> Đang khai thác trang 22/92 (còn 18 trang nữa sẽ biến hình)...
2025-09-08T05:49:34.1054441Z       -> Bắt đầu giai đoạn 'quan sát' để chờ trang ổn định...
2025-09-08T05:49:38.3892522Z          - Trang đã ổn định (lần 1/2)...
2025-09-08T05:49:40.4230439Z          - Trang đã ổn định (lần 2/2)...
2025-09-08T05:49:40.4231047Z       -> Trang đã ổn định. Dữ liệu chi tiết đã được tải.
2025-09-08T05:49:40.4231496Z       -> Mô phỏng hành vi cuộn trang...
2025-09-08T05:49:41.5854021Z    -> Đã thu thập 50 tin từ trang 22.
2025-09-08T05:50:02.5156239Z    -> Đang khai thác trang 23/92 (còn 17 trang nữa sẽ biến hình)...
2025-09-08T05:50:04.6271191Z       -> Bắt đầu giai đoạn 'quan sát' để chờ trang ổn định...
2025-09-08T05:50:10.9276047Z          - Trang đã ổn định (lần 1/2)...
2025-09-08T05:50:12.9592796Z          - Trang đã ổn định (lần 2/2)...
2025-09-08T05:50:12.9593418Z       -> Trang đã ổn định. Dữ liệu chi tiết đã được tải.
2025-09-08T05:50:12.9593886Z       -> Mô phỏng hành vi cuộn trang...
2025-09-08T05:50:13.9547742Z    -> Đã thu thập 50 tin từ trang 23.
2025-09-08T05:50:35.0732959Z    -> Đang khai thác trang 24/92 (còn 16 trang nữa sẽ biến hình)...
2025-09-08T05:50:37.3746989Z       -> Bắt đầu giai đoạn 'quan sát' để chờ trang ổn định...
2025-09-08T05:50:43.6658465Z          - Trang đã ổn định (lần 1/2)...
2025-09-08T05:50:45.7013467Z          - Trang đã ổn định (lần 2/2)...
2025-09-08T05:50:45.7014181Z       -> Trang đã ổn định. Dữ liệu chi tiết đã được tải.
2025-09-08T05:50:45.7014770Z       -> Mô phỏng hành vi cuộn trang...
2025-09-08T05:50:46.9155760Z    -> Đã thu thập 50 tin từ trang 24.
2025-09-08T05:51:05.0693932Z    -> Đang khai thác trang 25/92 (còn 15 trang nữa sẽ biến hình)...
2025-09-08T05:51:07.0814302Z       -> Bắt đầu giai đoạn 'quan sát' để chờ trang ổn định...
2025-09-08T05:51:11.3778511Z          - Trang đã ổn định (lần 1/2)...
2025-09-08T05:51:13.4111054Z          - Trang đã ổn định (lần 2/2)...
2025-09-08T05:51:13.4111823Z       -> Trang đã ổn định. Dữ liệu chi tiết đã được tải.
2025-09-08T05:51:13.4112475Z       -> Mô phỏng hành vi cuộn trang...
2025-09-08T05:51:14.4001815Z    -> Đã thu thập 50 tin từ trang 25.
2025-09-08T05:51:35.2026954Z    -> Đang khai thác trang 26/92 (còn 14 trang nữa sẽ biến hình)...
2025-09-08T05:51:38.0171489Z       -> Bắt đầu giai đoạn 'quan sát' để chờ trang ổn định...
2025-09-08T05:51:42.3210526Z          - Trang đã ổn định (lần 1/2)...
2025-09-08T05:51:44.3530594Z          - Trang đã ổn định (lần 2/2)...
2025-09-08T05:51:44.3531177Z       -> Trang đã ổn định. Dữ liệu chi tiết đã được tải.
2025-09-08T05:51:44.3531656Z       -> Mô phỏng hành vi cuộn trang...
2025-09-08T05:51:45.2640137Z    -> Đã thu thập 50 tin từ trang 26.
2025-09-08T05:52:09.2747594Z    -> Đang khai thác trang 27/92 (còn 13 trang nữa sẽ biến hình)...
2025-09-08T05:52:11.4416421Z       -> Bắt đầu giai đoạn 'quan sát' để chờ trang ổn định...
2025-09-08T05:52:17.7944535Z          - Trang đã ổn định (lần 1/2)...
2025-09-08T05:52:19.8315174Z          - Trang đã ổn định (lần 2/2)...
2025-09-08T05:52:19.8316095Z       -> Trang đã ổn định. Dữ liệu chi tiết đã được tải.
2025-09-08T05:52:19.8317417Z       -> Mô phỏng hành vi cuộn trang...
2025-09-08T05:52:21.0014975Z    -> Đã thu thập 50 tin từ trang 27.
2025-09-08T05:52:39.3912564Z    -> Đang khai thác trang 28/92 (còn 12 trang nữa sẽ biến hình)...
2025-09-08T05:52:41.4718441Z       -> Bắt đầu giai đoạn 'quan sát' để chờ trang ổn định...
2025-09-08T05:52:45.8130599Z          - Trang đã ổn định (lần 1/2)...
2025-09-08T05:52:47.8445576Z          - Trang đã ổn định (lần 2/2)...
2025-09-08T05:52:47.8446132Z       -> Trang đã ổn định. Dữ liệu chi tiết đã được tải.
2025-09-08T05:52:47.8446827Z       -> Mô phỏng hành vi cuộn trang...
2025-09-08T05:52:48.8055052Z    -> Đã thu thập 50 tin từ trang 28.
2025-09-08T05:53:07.6306530Z    -> Đang khai thác trang 29/92 (còn 11 trang nữa sẽ biến hình)...
2025-09-08T05:53:09.7007253Z       -> Bắt đầu giai đoạn 'quan sát' để chờ trang ổn định...
2025-09-08T05:53:14.0414492Z          - Trang đã ổn định (lần 1/2)...
2025-09-08T05:53:16.0738421Z          - Trang đã ổn định (lần 2/2)...
2025-09-08T05:53:16.0739382Z       -> Trang đã ổn định. Dữ liệu chi tiết đã được tải.
2025-09-08T05:53:16.0739966Z       -> Mô phỏng hành vi cuộn trang...
2025-09-08T05:53:16.9502398Z    -> Đã thu thập 50 tin từ trang 29.
2025-09-08T05:53:40.2050393Z    -> Đang khai thác trang 30/92 (còn 10 trang nữa sẽ biến hình)...
2025-09-08T05:53:42.2396976Z       -> Bắt đầu giai đoạn 'quan sát' để chờ trang ổn định...
2025-09-08T05:53:46.5222769Z          - Trang đã ổn định (lần 1/2)...
2025-09-08T05:53:48.5567225Z          - Trang đã ổn định (lần 2/2)...
2025-09-08T05:53:48.5568059Z       -> Trang đã ổn định. Dữ liệu chi tiết đã được tải.
2025-09-08T05:53:48.5568732Z       -> Mô phỏng hành vi cuộn trang...
2025-09-08T05:53:49.8247547Z    -> Đã thu thập 50 tin từ trang 30.
2025-09-08T05:54:11.9735790Z    -> Đang khai thác trang 31/92 (còn 9 trang nữa sẽ biến hình)...
2025-09-08T05:54:14.1073835Z       -> Bắt đầu giai đoạn 'quan sát' để chờ trang ổn định...
2025-09-08T05:54:18.4544198Z          - Trang đã ổn định (lần 1/2)...
2025-09-08T05:54:20.4901998Z          - Trang đã ổn định (lần 2/2)...
2025-09-08T05:54:20.4902832Z       -> Trang đã ổn định. Dữ liệu chi tiết đã được tải.
2025-09-08T05:54:20.4904755Z       -> Mô phỏng hành vi cuộn trang...
2025-09-08T05:54:21.8798775Z    -> Đã thu thập 50 tin từ trang 31.
2025-09-08T05:54:40.9693819Z    -> Đang khai thác trang 32/92 (còn 8 trang nữa sẽ biến hình)...
2025-09-08T05:54:43.0427979Z       -> Bắt đầu giai đoạn 'quan sát' để chờ trang ổn định...
2025-09-08T05:54:49.4443808Z          - Trang đã ổn định (lần 1/2)...
2025-09-08T05:54:51.4786058Z          - Trang đã ổn định (lần 2/2)...
2025-09-08T05:54:51.4786931Z       -> Trang đã ổn định. Dữ liệu chi tiết đã được tải.
2025-09-08T05:54:51.4787419Z       -> Mô phỏng hành vi cuộn trang...
2025-09-08T05:54:52.5831482Z    -> Đã thu thập 50 tin từ trang 32.
2025-09-08T05:55:16.6993161Z    -> Đang khai thác trang 33/92 (còn 7 trang nữa sẽ biến hình)...
2025-09-08T05:55:18.8162733Z       -> Bắt đầu giai đoạn 'quan sát' để chờ trang ổn định...
2025-09-08T05:55:23.1922037Z          - Trang đã ổn định (lần 1/2)...
2025-09-08T05:55:25.2248136Z          - Trang đã ổn định (lần 2/2)...
2025-09-08T05:55:25.2248655Z       -> Trang đã ổn định. Dữ liệu chi tiết đã được tải.
2025-09-08T05:55:25.2249513Z       -> Mô phỏng hành vi cuộn trang...
2025-09-08T05:55:26.4901585Z    -> Đã thu thập 50 tin từ trang 33.
2025-09-08T05:55:48.7802166Z    -> Đang khai thác trang 34/92 (còn 6 trang nữa sẽ biến hình)...
2025-09-08T05:55:50.8710364Z       -> Bắt đầu giai đoạn 'quan sát' để chờ trang ổn định...
2025-09-08T05:55:55.1499715Z          - Trang đã ổn định (lần 1/2)...
2025-09-08T05:55:57.1838698Z          - Trang đã ổn định (lần 2/2)...
2025-09-08T05:55:57.1839438Z       -> Trang đã ổn định. Dữ liệu chi tiết đã được tải.
2025-09-08T05:55:57.1840055Z       -> Mô phỏng hành vi cuộn trang...
2025-09-08T05:55:58.4360114Z    -> Đã thu thập 50 tin từ trang 34.
2025-09-08T05:56:23.3193307Z    -> Đang khai thác trang 35/92 (còn 5 trang nữa sẽ biến hình)...
2025-09-08T05:56:25.3896256Z       -> Bắt đầu giai đoạn 'quan sát' để chờ trang ổn định...
2025-09-08T05:56:29.8371605Z          - Trang đã ổn định (lần 1/2)...
2025-09-08T05:56:31.8695427Z          - Trang đã ổn định (lần 2/2)...
2025-09-08T05:56:31.8696385Z       -> Trang đã ổn định. Dữ liệu chi tiết đã được tải.
2025-09-08T05:56:31.8697390Z       -> Mô phỏng hành vi cuộn trang...
2025-09-08T05:56:33.2213046Z    -> Đã thu thập 50 tin từ trang 35.
2025-09-08T05:56:54.8400673Z    -> Đang khai thác trang 36/92 (còn 4 trang nữa sẽ biến hình)...
2025-09-08T05:56:56.8575830Z       -> Bắt đầu giai đoạn 'quan sát' để chờ trang ổn định...
2025-09-08T05:57:01.1196462Z          - Trang đã ổn định (lần 1/2)...
2025-09-08T05:57:03.1512048Z          - Trang đã ổn định (lần 2/2)...
2025-09-08T05:57:03.1512584Z       -> Trang đã ổn định. Dữ liệu chi tiết đã được tải.
2025-09-08T05:57:03.1513053Z       -> Mô phỏng hành vi cuộn trang...
2025-09-08T05:57:03.9903127Z    -> Đã thu thập 50 tin từ trang 36.
2025-09-08T05:57:23.9814800Z    -> Đang khai thác trang 37/92 (còn 3 trang nữa sẽ biến hình)...
2025-09-08T05:57:26.1313305Z       -> Bắt đầu giai đoạn 'quan sát' để chờ trang ổn định...
2025-09-08T05:57:30.3947252Z          - Trang đã ổn định (lần 1/2)...
2025-09-08T05:57:32.4259478Z          - Trang đã ổn định (lần 2/2)...
2025-09-08T05:57:32.4260225Z       -> Trang đã ổn định. Dữ liệu chi tiết đã được tải.
2025-09-08T05:57:32.4261018Z       -> Mô phỏng hành vi cuộn trang...
2025-09-08T05:57:33.5634715Z    -> Đã thu thập 50 tin từ trang 37.
2025-09-08T05:57:53.4458062Z    -> Đang khai thác trang 38/92 (còn 2 trang nữa sẽ biến hình)...
2025-09-08T05:57:55.5339919Z       -> Bắt đầu giai đoạn 'quan sát' để chờ trang ổn định...
2025-09-08T05:57:59.8320633Z          - Trang đã ổn định (lần 1/2)...
2025-09-08T05:58:01.8678263Z          - Trang đã ổn định (lần 2/2)...
2025-09-08T05:58:01.8678935Z       -> Trang đã ổn định. Dữ liệu chi tiết đã được tải.
2025-09-08T05:58:01.8683612Z       -> Mô phỏng hành vi cuộn trang...
2025-09-08T05:58:03.1689873Z    -> Đã thu thập 50 tin từ trang 38.
2025-09-08T05:58:22.4435874Z    -> Đang khai thác trang 39/92 (còn 1 trang nữa sẽ biến hình)...
2025-09-08T05:58:24.4899444Z       -> Bắt đầu giai đoạn 'quan sát' để chờ trang ổn định...
2025-09-08T05:58:28.7824304Z          - Trang đã ổn định (lần 1/2)...
2025-09-08T05:58:30.8143958Z          - Trang đã ổn định (lần 2/2)...
2025-09-08T05:58:30.8144534Z       -> Trang đã ổn định. Dữ liệu chi tiết đã được tải.
2025-09-08T05:58:30.8144926Z       -> Mô phỏng hành vi cuộn trang...
2025-09-08T05:58:32.0999787Z    -> Đã thu thập 50 tin từ trang 39.
2025-09-08T05:58:51.9709689Z 
2025-09-08T05:58:51.9710879Z    -> [Điệp viên] Hết độ bền nhân dạng. Bắt đầu "biến hình"...
2025-09-08T05:58:52.0878366Z -> [Điệp viên] Đang yêu cầu một danh tính proxy MỚI từ API...
2025-09-08T05:58:52.8198286Z -> [Điệp viên] Đã nhận proxy mới thành công: 1.54.240.164:19600
2025-09-08T05:58:52.8198613Z 
2025-09-08T05:58:52.8198974Z [Điệp viên] Đang khởi tạo trình duyệt với danh tính 1.54.240.164...
2025-09-08T05:58:53.0935981Z    -> [Điệp viên] "Biến hình" thành công. Độ bền nhân dạng mới: 17 trang.
2025-09-08T05:58:53.0937245Z    -> Đang khai thác trang 40/92 (còn 17 trang nữa sẽ biến hình)...
2025-09-08T05:59:08.3222260Z       -> Bắt đầu giai đoạn 'quan sát' để chờ trang ổn định...
2025-09-08T05:59:10.4022029Z          - Trang đã ổn định (lần 1/2)...
2025-09-08T05:59:14.4638559Z          - Trang đã ổn định (lần 1/2)...
2025-09-08T05:59:16.4941079Z          - Trang đã ổn định (lần 2/2)...
2025-09-08T05:59:16.4941849Z       -> Trang đã ổn định. Dữ liệu chi tiết đã được tải.
2025-09-08T05:59:16.4942441Z       -> Mô phỏng hành vi cuộn trang...
2025-09-08T05:59:17.5647937Z    -> Đã thu thập 50 tin từ trang 40.
2025-09-08T05:59:35.9273662Z    -> Đang khai thác trang 41/92 (còn 16 trang nữa sẽ biến hình)...
2025-09-08T05:59:38.7252614Z       -> Bắt đầu giai đoạn 'quan sát' để chờ trang ổn định...
2025-09-08T05:59:45.1124396Z          - Trang đã ổn định (lần 1/2)...
2025-09-08T05:59:47.1476374Z          - Trang đã ổn định (lần 2/2)...
2025-09-08T05:59:47.1477457Z       -> Trang đã ổn định. Dữ liệu chi tiết đã được tải.
2025-09-08T05:59:47.1477866Z       -> Mô phỏng hành vi cuộn trang...
2025-09-08T05:59:48.1483636Z    -> Đã thu thập 50 tin từ trang 41.
2025-09-08T06:00:09.8489085Z    -> Đang khai thác trang 42/92 (còn 15 trang nữa sẽ biến hình)...
2025-09-08T06:00:11.8874050Z       -> Bắt đầu giai đoạn 'quan sát' để chờ trang ổn định...
2025-09-08T06:00:16.1716791Z          - Trang đã ổn định (lần 1/2)...
2025-09-08T06:00:18.2080882Z          - Trang đã ổn định (lần 2/2)...
2025-09-08T06:00:18.2081674Z       -> Trang đã ổn định. Dữ liệu chi tiết đã được tải.
2025-09-08T06:00:18.2082327Z       -> Mô phỏng hành vi cuộn trang...
2025-09-08T06:00:19.1558760Z    -> Đã thu thập 50 tin từ trang 42.
2025-09-08T06:00:38.4925075Z    -> Đang khai thác trang 43/92 (còn 14 trang nữa sẽ biến hình)...
2025-09-08T06:00:40.6080276Z       -> Bắt đầu giai đoạn 'quan sát' để chờ trang ổn định...
2025-09-08T06:00:45.0663168Z          - Trang đã ổn định (lần 1/2)...
2025-09-08T06:00:47.0997283Z          - Trang đã ổn định (lần 2/2)...
2025-09-08T06:00:47.0997842Z       -> Trang đã ổn định. Dữ liệu chi tiết đã được tải.
2025-09-08T06:00:47.0998299Z       -> Mô phỏng hành vi cuộn trang...
2025-09-08T06:00:48.2867711Z    -> Đã thu thập 50 tin từ trang 43.
2025-09-08T06:01:10.8466075Z    -> Đang khai thác trang 44/92 (còn 13 trang nữa sẽ biến hình)...
2025-09-08T06:01:12.9957762Z       -> Bắt đầu giai đoạn 'quan sát' để chờ trang ổn định...
2025-09-08T06:01:17.3382318Z          - Trang đã ổn định (lần 1/2)...
2025-09-08T06:01:19.3743154Z          - Trang đã ổn định (lần 2/2)...
2025-09-08T06:01:19.3743743Z       -> Trang đã ổn định. Dữ liệu chi tiết đã được tải.
2025-09-08T06:01:19.3744151Z       -> Mô phỏng hành vi cuộn trang...
2025-09-08T06:01:20.6077208Z    -> Đã thu thập 50 tin từ trang 44.
2025-09-08T06:01:43.5905844Z    -> Đang khai thác trang 45/92 (còn 12 trang nữa sẽ biến hình)...
2025-09-08T06:01:45.6340326Z       -> Bắt đầu giai đoạn 'quan sát' để chờ trang ổn định...
2025-09-08T06:01:49.8989815Z          - Trang đã ổn định (lần 1/2)...
2025-09-08T06:01:51.9296362Z          - Trang đã ổn định (lần 2/2)...
2025-09-08T06:01:51.9297339Z       -> Trang đã ổn định. Dữ liệu chi tiết đã được tải.
2025-09-08T06:01:51.9298613Z       -> Mô phỏng hành vi cuộn trang...
2025-09-08T06:01:52.8144138Z    -> Đã thu thập 50 tin từ trang 45.
2025-09-08T06:02:14.1039052Z    -> Đang khai thác trang 46/92 (còn 11 trang nữa sẽ biến hình)...
2025-09-08T06:02:16.3690036Z       -> Bắt đầu giai đoạn 'quan sát' để chờ trang ổn định...
2025-09-08T06:02:22.6410896Z          - Trang đã ổn định (lần 1/2)...
2025-09-08T06:02:24.6737200Z          - Trang đã ổn định (lần 2/2)...
2025-09-08T06:02:24.6737719Z       -> Trang đã ổn định. Dữ liệu chi tiết đã được tải.
2025-09-08T06:02:24.6738102Z       -> Mô phỏng hành vi cuộn trang...
2025-09-08T06:02:25.9336191Z    -> Đã thu thập 50 tin từ trang 46.
2025-09-08T06:02:50.9051071Z    -> Đang khai thác trang 47/92 (còn 10 trang nữa sẽ biến hình)...
2025-09-08T06:02:52.9325481Z       -> Bắt đầu giai đoạn 'quan sát' để chờ trang ổn định...
2025-09-08T06:02:59.2561218Z          - Trang đã ổn định (lần 1/2)...
2025-09-08T06:03:01.2900723Z          - Trang đã ổn định (lần 2/2)...
2025-09-08T06:03:01.2901324Z       -> Trang đã ổn định. Dữ liệu chi tiết đã được tải.
2025-09-08T06:03:01.2901726Z       -> Mô phỏng hành vi cuộn trang...
2025-09-08T06:03:02.2743845Z    -> Đã thu thập 50 tin từ trang 47.
2025-09-08T06:03:21.4878794Z    -> Đang khai thác trang 48/92 (còn 9 trang nữa sẽ biến hình)...
2025-09-08T06:03:23.6085818Z       -> Bắt đầu giai đoạn 'quan sát' để chờ trang ổn định...
2025-09-08T06:03:29.9195277Z          - Trang đã ổn định (lần 1/2)...
2025-09-08T06:03:31.9513213Z          - Trang đã ổn định (lần 2/2)...
2025-09-08T06:03:31.9513828Z       -> Trang đã ổn định. Dữ liệu chi tiết đã được tải.
2025-09-08T06:03:31.9514249Z       -> Mô phỏng hành vi cuộn trang...
2025-09-08T06:03:33.0470045Z    -> Đã thu thập 50 tin từ trang 48.
2025-09-08T06:03:56.4670053Z    -> Đang khai thác trang 49/92 (còn 8 trang nữa sẽ biến hình)...
2025-09-08T06:03:58.6131544Z       -> Bắt đầu giai đoạn 'quan sát' để chờ trang ổn định...
2025-09-08T06:04:02.9241473Z          - Trang đã ổn định (lần 1/2)...
2025-09-08T06:04:04.9600152Z          - Trang đã ổn định (lần 2/2)...
2025-09-08T06:04:04.9600754Z       -> Trang đã ổn định. Dữ liệu chi tiết đã được tải.
2025-09-08T06:04:04.9601224Z       -> Mô phỏng hành vi cuộn trang...
2025-09-08T06:04:06.3470895Z    -> Đã thu thập 50 tin từ trang 49.
2025-09-08T06:04:29.5560358Z    -> Đang khai thác trang 50/92 (còn 7 trang nữa sẽ biến hình)...
2025-09-08T06:04:31.6596258Z       -> Bắt đầu giai đoạn 'quan sát' để chờ trang ổn định...
2025-09-08T06:04:35.9480211Z          - Trang đã ổn định (lần 1/2)...
2025-09-08T06:04:37.9805704Z          - Trang đã ổn định (lần 2/2)...
2025-09-08T06:04:37.9806540Z       -> Trang đã ổn định. Dữ liệu chi tiết đã được tải.
2025-09-08T06:04:37.9807470Z       -> Mô phỏng hành vi cuộn trang...
2025-09-08T06:04:39.3048622Z    -> Đã thu thập 50 tin từ trang 50.
2025-09-08T06:04:59.5404591Z    -> Đang khai thác trang 51/92 (còn 6 trang nữa sẽ biến hình)...
2025-09-08T06:05:01.8121180Z       -> Bắt đầu giai đoạn 'quan sát' để chờ trang ổn định...
2025-09-08T06:05:06.1282549Z          - Trang đã ổn định (lần 1/2)...
2025-09-08T06:05:08.1620824Z          - Trang đã ổn định (lần 2/2)...
2025-09-08T06:05:08.1621571Z       -> Trang đã ổn định. Dữ liệu chi tiết đã được tải.
2025-09-08T06:05:08.1622184Z       -> Mô phỏng hành vi cuộn trang...
2025-09-08T06:05:09.4355390Z    -> Đã thu thập 50 tin từ trang 51.
2025-09-08T06:05:27.5245197Z    -> Đang khai thác trang 52/92 (còn 5 trang nữa sẽ biến hình)...
2025-09-08T06:05:29.5824823Z       -> Bắt đầu giai đoạn 'quan sát' để chờ trang ổn định...
2025-09-08T06:05:33.8566064Z          - Trang đã ổn định (lần 1/2)...
2025-09-08T06:05:35.8891389Z          - Trang đã ổn định (lần 2/2)...
2025-09-08T06:05:35.8892034Z       -> Trang đã ổn định. Dữ liệu chi tiết đã được tải.
2025-09-08T06:05:35.8892972Z       -> Mô phỏng hành vi cuộn trang...
2025-09-08T06:05:37.0244917Z    -> Đã thu thập 50 tin từ trang 52.
2025-09-08T06:06:01.8651979Z    -> Đang khai thác trang 53/92 (còn 4 trang nữa sẽ biến hình)...
2025-09-08T06:06:04.0319753Z       -> Bắt đầu giai đoạn 'quan sát' để chờ trang ổn định...
2025-09-08T06:06:08.4663031Z          - Trang đã ổn định (lần 1/2)...
2025-09-08T06:06:10.4990068Z          - Trang đã ổn định (lần 2/2)...
2025-09-08T06:06:10.4990600Z       -> Trang đã ổn định. Dữ liệu chi tiết đã được tải.
2025-09-08T06:06:10.4990982Z       -> Mô phỏng hành vi cuộn trang...
2025-09-08T06:06:11.6205490Z    -> Đã thu thập 50 tin từ trang 53.
2025-09-08T06:06:33.1164517Z    -> Đang khai thác trang 54/92 (còn 3 trang nữa sẽ biến hình)...
2025-09-08T06:06:35.3774889Z       -> Bắt đầu giai đoạn 'quan sát' để chờ trang ổn định...
2025-09-08T06:06:39.6617352Z          - Trang đã ổn định (lần 1/2)...
2025-09-08T06:06:41.6933285Z          - Trang đã ổn định (lần 2/2)...
2025-09-08T06:06:41.6934232Z       -> Trang đã ổn định. Dữ liệu chi tiết đã được tải.
2025-09-08T06:06:41.6935181Z       -> Mô phỏng hành vi cuộn trang...
2025-09-08T06:06:42.9628611Z    -> Đã thu thập 50 tin từ trang 54.
2025-09-08T06:07:03.3868213Z    -> Đang khai thác trang 55/92 (còn 2 trang nữa sẽ biến hình)...
2025-09-08T06:07:05.5753075Z       -> Bắt đầu giai đoạn 'quan sát' để chờ trang ổn định...
2025-09-08T06:07:09.9398796Z          - Trang đã ổn định (lần 1/2)...
2025-09-08T06:07:11.9773417Z          - Trang đã ổn định (lần 2/2)...
2025-09-08T06:07:11.9774872Z       -> Trang đã ổn định. Dữ liệu chi tiết đã được tải.
2025-09-08T06:07:11.9775951Z       -> Mô phỏng hành vi cuộn trang...
2025-09-08T06:07:13.2650970Z    -> Đã thu thập 50 tin từ trang 55.
2025-09-08T06:07:31.3151970Z    -> Đang khai thác trang 56/92 (còn 1 trang nữa sẽ biến hình)...
2025-09-08T06:07:33.5534035Z       -> Bắt đầu giai đoạn 'quan sát' để chờ trang ổn định...
2025-09-08T06:07:39.9125741Z          - Trang đã ổn định (lần 1/2)...
2025-09-08T06:07:41.9449448Z          - Trang đã ổn định (lần 2/2)...
2025-09-08T06:07:41.9449982Z       -> Trang đã ổn định. Dữ liệu chi tiết đã được tải.
2025-09-08T06:07:41.9450402Z       -> Mô phỏng hành vi cuộn trang...
2025-09-08T06:07:43.0398775Z    -> Đã thu thập 50 tin từ trang 56.
2025-09-08T06:08:05.7558863Z 
2025-09-08T06:08:05.7560222Z    -> [Điệp viên] Hết độ bền nhân dạng. Bắt đầu "biến hình"...
2025-09-08T06:08:05.9018683Z -> [Điệp viên] Đang yêu cầu một danh tính proxy MỚI từ API...
2025-09-08T06:08:06.6091861Z -> [Điệp viên] Đã nhận proxy mới thành công: 1.53.184.237:15830
2025-09-08T06:08:06.6092306Z 
2025-09-08T06:08:06.6092741Z [Điệp viên] Đang khởi tạo trình duyệt với danh tính 1.53.184.237...
2025-09-08T06:08:06.8852520Z    -> [Điệp viên] "Biến hình" thành công. Độ bền nhân dạng mới: 30 trang.
2025-09-08T06:08:06.8853152Z    -> Đang khai thác trang 57/92 (còn 30 trang nữa sẽ biến hình)...
2025-09-08T06:08:19.0722530Z       -> Bắt đầu giai đoạn 'quan sát' để chờ trang ổn định...
2025-09-08T06:08:23.2095404Z          - Trang đã ổn định (lần 1/2)...
2025-09-08T06:08:25.2419509Z          - Trang đã ổn định (lần 2/2)...
2025-09-08T06:08:25.2420768Z       -> Trang đã ổn định. Dữ liệu chi tiết đã được tải.
2025-09-08T06:08:25.2424041Z       -> Mô phỏng hành vi cuộn trang...
2025-09-08T06:08:26.4947529Z    -> Đã thu thập 50 tin từ trang 57.
2025-09-08T06:08:47.7149142Z    -> Đang khai thác trang 58/92 (còn 29 trang nữa sẽ biến hình)...
2025-09-08T06:08:50.4260508Z       -> Bắt đầu giai đoạn 'quan sát' để chờ trang ổn định...
2025-09-08T06:08:54.7150885Z          - Trang đã ổn định (lần 1/2)...
2025-09-08T06:08:56.7465521Z          - Trang đã ổn định (lần 2/2)...
2025-09-08T06:08:56.7466076Z       -> Trang đã ổn định. Dữ liệu chi tiết đã được tải.
2025-09-08T06:08:56.7466566Z       -> Mô phỏng hành vi cuộn trang...
2025-09-08T06:08:57.7400159Z    -> Đã thu thập 50 tin từ trang 58.
2025-09-08T06:09:16.8523778Z    -> Đang khai thác trang 59/92 (còn 28 trang nữa sẽ biến hình)...
2025-09-08T06:09:18.8859598Z       -> Bắt đầu giai đoạn 'quan sát' để chờ trang ổn định...
2025-09-08T06:09:25.1847572Z          - Trang đã ổn định (lần 1/2)...
2025-09-08T06:09:27.2129766Z          - Trang đã ổn định (lần 2/2)...
2025-09-08T06:09:27.2130784Z       -> Trang đã ổn định. Dữ liệu chi tiết đã được tải.
2025-09-08T06:09:27.2131574Z       -> Mô phỏng hành vi cuộn trang...
2025-09-08T06:09:28.2841919Z    -> Đã thu thập 50 tin từ trang 59.
2025-09-08T06:09:50.2643084Z    -> Đang khai thác trang 60/92 (còn 27 trang nữa sẽ biến hình)...
2025-09-08T06:09:52.4324297Z       -> Bắt đầu giai đoạn 'quan sát' để chờ trang ổn định...
2025-09-08T06:09:58.7082851Z          - Trang đã ổn định (lần 1/2)...
2025-09-08T06:10:00.7394814Z          - Trang đã ổn định (lần 2/2)...
2025-09-08T06:10:00.7395324Z       -> Trang đã ổn định. Dữ liệu chi tiết đã được tải.
2025-09-08T06:10:00.7395707Z       -> Mô phỏng hành vi cuộn trang...
2025-09-08T06:10:01.9508377Z    -> Đã thu thập 50 tin từ trang 60.
2025-09-08T06:10:22.6714702Z    -> Đang khai thác trang 61/92 (còn 26 trang nữa sẽ biến hình)...
2025-09-08T06:10:24.7089879Z       -> Bắt đầu giai đoạn 'quan sát' để chờ trang ổn định...
2025-09-08T06:10:28.9961920Z          - Trang đã ổn định (lần 1/2)...
2025-09-08T06:10:31.0291970Z          - Trang đã ổn định (lần 2/2)...
2025-09-08T06:10:31.0292733Z       -> Trang đã ổn định. Dữ liệu chi tiết đã được tải.
2025-09-08T06:10:31.0293367Z       -> Mô phỏng hành vi cuộn trang...
2025-09-08T06:10:32.1401632Z    -> Đã thu thập 50 tin từ trang 61.
2025-09-08T06:10:52.5752904Z    -> Đang khai thác trang 62/92 (còn 25 trang nữa sẽ biến hình)...
2025-09-08T06:10:54.9931336Z       -> Bắt đầu giai đoạn 'quan sát' để chờ trang ổn định...
2025-09-08T06:10:59.2376374Z          - Trang đã ổn định (lần 1/2)...
2025-09-08T06:11:01.2697402Z          - Trang đã ổn định (lần 2/2)...
2025-09-08T06:11:01.2698039Z       -> Trang đã ổn định. Dữ liệu chi tiết đã được tải.
2025-09-08T06:11:01.2698514Z       -> Mô phỏng hành vi cuộn trang...
2025-09-08T06:11:02.5221263Z    -> Đã thu thập 50 tin từ trang 62.
2025-09-08T06:11:22.3599463Z    -> Đang khai thác trang 63/92 (còn 24 trang nữa sẽ biến hình)...
2025-09-08T06:11:24.6353160Z       -> Bắt đầu giai đoạn 'quan sát' để chờ trang ổn định...
2025-09-08T06:11:28.9001242Z          - Trang đã ổn định (lần 1/2)...
2025-09-08T06:11:30.9301765Z          - Trang đã ổn định (lần 2/2)...
2025-09-08T06:11:30.9302523Z       -> Trang đã ổn định. Dữ liệu chi tiết đã được tải.
2025-09-08T06:11:30.9303157Z       -> Mô phỏng hành vi cuộn trang...
2025-09-08T06:11:31.8685498Z    -> Đã thu thập 50 tin từ trang 63.
2025-09-08T06:11:54.5959977Z    -> Đang khai thác trang 64/92 (còn 23 trang nữa sẽ biến hình)...
2025-09-08T06:11:56.8652288Z       -> Bắt đầu giai đoạn 'quan sát' để chờ trang ổn định...
2025-09-08T06:12:01.2867050Z          - Trang đã ổn định (lần 1/2)...
2025-09-08T06:12:03.3169757Z          - Trang đã ổn định (lần 2/2)...
2025-09-08T06:12:03.3170533Z       -> Trang đã ổn định. Dữ liệu chi tiết đã được tải.
2025-09-08T06:12:03.3171676Z       -> Mô phỏng hành vi cuộn trang...
2025-09-08T06:12:04.1672849Z    -> Đã thu thập 50 tin từ trang 64.
2025-09-08T06:12:22.3929800Z    -> Đang khai thác trang 65/92 (còn 22 trang nữa sẽ biến hình)...
2025-09-08T06:12:24.6207346Z       -> Bắt đầu giai đoạn 'quan sát' để chờ trang ổn định...
2025-09-08T06:12:30.9373408Z          - Trang đã ổn định (lần 1/2)...
2025-09-08T06:12:32.9702807Z          - Trang đã ổn định (lần 2/2)...
2025-09-08T06:12:32.9703401Z       -> Trang đã ổn định. Dữ liệu chi tiết đã được tải.
2025-09-08T06:12:32.9703878Z       -> Mô phỏng hành vi cuộn trang...
2025-09-08T06:12:33.8449512Z    -> Đã thu thập 50 tin từ trang 65.
2025-09-08T06:12:58.6481984Z    -> Đang khai thác trang 66/92 (còn 21 trang nữa sẽ biến hình)...
2025-09-08T06:13:00.7143835Z       -> Bắt đầu giai đoạn 'quan sát' để chờ trang ổn định...
2025-09-08T06:13:05.1213010Z          - Trang đã ổn định (lần 1/2)...
2025-09-08T06:13:07.1557126Z          - Trang đã ổn định (lần 2/2)...
2025-09-08T06:13:07.1558087Z       -> Trang đã ổn định. Dữ liệu chi tiết đã được tải.
2025-09-08T06:13:07.1558825Z       -> Mô phỏng hành vi cuộn trang...
2025-09-08T06:13:08.4290172Z    -> Đã thu thập 50 tin từ trang 66.
2025-09-08T06:13:28.5331580Z    -> Đang khai thác trang 67/92 (còn 20 trang nữa sẽ biến hình)...
2025-09-08T06:13:30.6813392Z       -> Bắt đầu giai đoạn 'quan sát' để chờ trang ổn định...
2025-09-08T06:13:35.0673004Z          - Trang đã ổn định (lần 1/2)...
2025-09-08T06:13:37.0987059Z          - Trang đã ổn định (lần 2/2)...
2025-09-08T06:13:37.0987565Z       -> Trang đã ổn định. Dữ liệu chi tiết đã được tải.
2025-09-08T06:13:37.0987942Z       -> Mô phỏng hành vi cuộn trang...
2025-09-08T06:13:38.0549627Z    -> Đã thu thập 50 tin từ trang 67.
2025-09-08T06:13:59.3169327Z    -> Đang khai thác trang 68/92 (còn 19 trang nữa sẽ biến hình)...
2025-09-08T06:14:01.4208726Z       -> Bắt đầu giai đoạn 'quan sát' để chờ trang ổn định...
2025-09-08T06:14:05.8838156Z          - Trang đã ổn định (lần 1/2)...
2025-09-08T06:14:07.9119414Z          - Trang đã ổn định (lần 2/2)...
2025-09-08T06:14:07.9120186Z       -> Trang đã ổn định. Dữ liệu chi tiết đã được tải.
2025-09-08T06:14:07.9120806Z       -> Mô phỏng hành vi cuộn trang...
2025-09-08T06:14:08.8633092Z    -> Đã thu thập 50 tin từ trang 68.
2025-09-08T06:14:31.0049721Z    -> Đang khai thác trang 69/92 (còn 18 trang nữa sẽ biến hình)...
2025-09-08T06:14:33.1485413Z       -> Bắt đầu giai đoạn 'quan sát' để chờ trang ổn định...
2025-09-08T06:14:37.4094604Z          - Trang đã ổn định (lần 1/2)...
2025-09-08T06:14:39.4411547Z          - Trang đã ổn định (lần 2/2)...
2025-09-08T06:14:39.4412088Z       -> Trang đã ổn định. Dữ liệu chi tiết đã được tải.
2025-09-08T06:14:39.4412475Z       -> Mô phỏng hành vi cuộn trang...
2025-09-08T06:14:40.6040039Z    -> Đã thu thập 50 tin từ trang 69.
2025-09-08T06:15:04.6382668Z    -> Đang khai thác trang 70/92 (còn 17 trang nữa sẽ biến hình)...
2025-09-08T06:15:06.7014458Z       -> Bắt đầu giai đoạn 'quan sát' để chờ trang ổn định...
2025-09-08T06:15:13.0162290Z          - Trang đã ổn định (lần 1/2)...
2025-09-08T06:15:15.0487750Z          - Trang đã ổn định (lần 2/2)...
2025-09-08T06:15:15.0488255Z       -> Trang đã ổn định. Dữ liệu chi tiết đã được tải.
2025-09-08T06:15:15.0489104Z       -> Mô phỏng hành vi cuộn trang...
2025-09-08T06:15:16.0081838Z    -> Đã thu thập 50 tin từ trang 70.
2025-09-08T06:15:37.5398071Z    -> Đang khai thác trang 71/92 (còn 16 trang nữa sẽ biến hình)...
2025-09-08T06:15:39.9043911Z       -> Bắt đầu giai đoạn 'quan sát' để chờ trang ổn định...
2025-09-08T06:15:44.2928003Z          - Trang đã ổn định (lần 1/2)...
2025-09-08T06:15:46.3230524Z          - Trang đã ổn định (lần 2/2)...
2025-09-08T06:15:46.3231029Z       -> Trang đã ổn định. Dữ liệu chi tiết đã được tải.
2025-09-08T06:15:46.3231412Z       -> Mô phỏng hành vi cuộn trang...
2025-09-08T06:15:47.6760253Z    -> Đã thu thập 50 tin từ trang 71.
2025-09-08T06:16:11.4683660Z    -> Đang khai thác trang 72/92 (còn 15 trang nữa sẽ biến hình)...
2025-09-08T06:16:13.7785299Z       -> Bắt đầu giai đoạn 'quan sát' để chờ trang ổn định...
2025-09-08T06:16:18.1009184Z          - Trang đã ổn định (lần 1/2)...
2025-09-08T06:16:20.1358384Z          - Trang đã ổn định (lần 2/2)...
2025-09-08T06:16:20.1359332Z       -> Trang đã ổn định. Dữ liệu chi tiết đã được tải.
2025-09-08T06:16:20.1360053Z       -> Mô phỏng hành vi cuộn trang...
2025-09-08T06:16:21.4877044Z    -> Đã thu thập 50 tin từ trang 72.
2025-09-08T06:16:40.2608128Z    -> Đang khai thác trang 73/92 (còn 14 trang nữa sẽ biến hình)...
2025-09-08T06:16:42.4376284Z       -> Bắt đầu giai đoạn 'quan sát' để chờ trang ổn định...
2025-09-08T06:16:46.8230435Z          - Trang đã ổn định (lần 1/2)...
2025-09-08T06:16:48.8549703Z          - Trang đã ổn định (lần 2/2)...
2025-09-08T06:16:48.8550435Z       -> Trang đã ổn định. Dữ liệu chi tiết đã được tải.
2025-09-08T06:16:48.8551053Z       -> Mô phỏng hành vi cuộn trang...
2025-09-08T06:16:49.9020228Z    -> Đã thu thập 50 tin từ trang 73.
2025-09-08T06:17:08.2450242Z    -> Đang khai thác trang 74/92 (còn 13 trang nữa sẽ biến hình)...
2025-09-08T06:17:10.3672594Z       -> Bắt đầu giai đoạn 'quan sát' để chờ trang ổn định...
2025-09-08T06:17:14.7672209Z          - Trang đã ổn định (lần 1/2)...
2025-09-08T06:17:16.8001427Z          - Trang đã ổn định (lần 2/2)...
2025-09-08T06:17:16.8002161Z       -> Trang đã ổn định. Dữ liệu chi tiết đã được tải.
2025-09-08T06:17:16.8002783Z       -> Mô phỏng hành vi cuộn trang...
2025-09-08T06:17:17.7538163Z    -> Đã thu thập 50 tin từ trang 74.
2025-09-08T06:17:35.8530575Z    -> Đang khai thác trang 75/92 (còn 12 trang nữa sẽ biến hình)...
2025-09-08T06:17:38.0730376Z       -> Bắt đầu giai đoạn 'quan sát' để chờ trang ổn định...
2025-09-08T06:17:42.4667934Z          - Trang đã ổn định (lần 1/2)...
2025-09-08T06:17:44.4988339Z          - Trang đã ổn định (lần 2/2)...
2025-09-08T06:17:44.4989169Z       -> Trang đã ổn định. Dữ liệu chi tiết đã được tải.
2025-09-08T06:17:44.4989878Z       -> Mô phỏng hành vi cuộn trang...
2025-09-08T06:17:45.8231742Z    -> Đã thu thập 50 tin từ trang 75.
2025-09-08T06:18:05.7673304Z    -> Đang khai thác trang 76/92 (còn 11 trang nữa sẽ biến hình)...
2025-09-08T06:18:07.9347346Z       -> Bắt đầu giai đoạn 'quan sát' để chờ trang ổn định...
2025-09-08T06:18:12.4446873Z          - Trang đã ổn định (lần 1/2)...
2025-09-08T06:18:14.4830070Z          - Trang đã ổn định (lần 2/2)...
2025-09-08T06:18:14.4830842Z       -> Trang đã ổn định. Dữ liệu chi tiết đã được tải.
2025-09-08T06:18:14.4831461Z       -> Mô phỏng hành vi cuộn trang...
2025-09-08T06:18:15.5467281Z    -> Đã thu thập 50 tin từ trang 76.
2025-09-08T06:18:33.9327519Z    -> Đang khai thác trang 77/92 (còn 10 trang nữa sẽ biến hình)...
2025-09-08T06:18:35.9801980Z       -> Bắt đầu giai đoạn 'quan sát' để chờ trang ổn định...
2025-09-08T06:18:40.2950401Z          - Trang đã ổn định (lần 1/2)...
2025-09-08T06:18:42.3295730Z          - Trang đã ổn định (lần 2/2)...
2025-09-08T06:18:42.3296828Z       -> Trang đã ổn định. Dữ liệu chi tiết đã được tải.
2025-09-08T06:18:42.3297571Z       -> Mô phỏng hành vi cuộn trang...
2025-09-08T06:18:43.5172722Z    -> Đã thu thập 50 tin từ trang 77.
2025-09-08T06:19:07.5881408Z    -> Đang khai thác trang 78/92 (còn 9 trang nữa sẽ biến hình)...
2025-09-08T06:19:08.3008531Z       -> Bắt đầu giai đoạn 'quan sát' để chờ trang ổn định...
2025-09-08T06:19:38.3065024Z    -> Lỗi khi xử lý trang 78: Waiting for selector `div.job-list-search-result` failed: Waiting failed: 30000ms exceeded. Chuyển sang trang tiếp theo.
2025-09-08T06:19:38.3066864Z    -> Đang khai thác trang 79/92 (còn 8 trang nữa sẽ biến hình)...
2025-09-08T06:19:40.5012864Z       -> Bắt đầu giai đoạn 'quan sát' để chờ trang ổn định...
2025-09-08T06:19:44.8590405Z          - Trang đã ổn định (lần 1/2)...
2025-09-08T06:19:46.8932795Z          - Trang đã ổn định (lần 2/2)...
2025-09-08T06:19:46.8933550Z       -> Trang đã ổn định. Dữ liệu chi tiết đã được tải.
2025-09-08T06:19:46.8934215Z       -> Mô phỏng hành vi cuộn trang...
2025-09-08T06:19:48.2538452Z    -> Đã thu thập 50 tin từ trang 79.
2025-09-08T06:20:11.3365942Z    -> Đang khai thác trang 80/92 (còn 7 trang nữa sẽ biến hình)...
2025-09-08T06:20:13.5159747Z       -> Bắt đầu giai đoạn 'quan sát' để chờ trang ổn định...
2025-09-08T06:20:17.8425700Z          - Trang đã ổn định (lần 1/2)...
2025-09-08T06:20:19.8747552Z          - Trang đã ổn định (lần 2/2)...
2025-09-08T06:20:19.8748332Z       -> Trang đã ổn định. Dữ liệu chi tiết đã được tải.
2025-09-08T06:20:19.8748993Z       -> Mô phỏng hành vi cuộn trang...
2025-09-08T06:20:20.7565822Z    -> Đã thu thập 50 tin từ trang 80.
2025-09-08T06:20:39.7190000Z    -> Đang khai thác trang 81/92 (còn 6 trang nữa sẽ biến hình)...
2025-09-08T06:20:41.7666876Z       -> Bắt đầu giai đoạn 'quan sát' để chờ trang ổn định...
2025-09-08T06:20:46.0221470Z          - Trang đã ổn định (lần 1/2)...
2025-09-08T06:20:48.0582277Z          - Trang đã ổn định (lần 2/2)...
2025-09-08T06:20:48.0583087Z       -> Trang đã ổn định. Dữ liệu chi tiết đã được tải.
2025-09-08T06:20:48.0583779Z       -> Mô phỏng hành vi cuộn trang...
2025-09-08T06:20:49.0933590Z    -> Đã thu thập 50 tin từ trang 81.
2025-09-08T06:21:09.2396396Z    -> Đang khai thác trang 82/92 (còn 5 trang nữa sẽ biến hình)...
2025-09-08T06:21:11.7203659Z       -> Bắt đầu giai đoạn 'quan sát' để chờ trang ổn định...
2025-09-08T06:21:16.1116015Z          - Trang đã ổn định (lần 1/2)...
2025-09-08T06:21:18.1447277Z          - Trang đã ổn định (lần 2/2)...
2025-09-08T06:21:18.1447922Z       -> Trang đã ổn định. Dữ liệu chi tiết đã được tải.
2025-09-08T06:21:18.1448401Z       -> Mô phỏng hành vi cuộn trang...
2025-09-08T06:21:19.2199748Z    -> Đã thu thập 50 tin từ trang 82.
2025-09-08T06:21:43.6588864Z    -> Đang khai thác trang 83/92 (còn 4 trang nữa sẽ biến hình)...
2025-09-08T06:21:45.7038998Z       -> Bắt đầu giai đoạn 'quan sát' để chờ trang ổn định...
2025-09-08T06:21:50.0306048Z          - Trang đã ổn định (lần 1/2)...
2025-09-08T06:21:52.0607409Z          - Trang đã ổn định (lần 2/2)...
2025-09-08T06:21:52.0608246Z       -> Trang đã ổn định. Dữ liệu chi tiết đã được tải.
2025-09-08T06:21:52.0609454Z       -> Mô phỏng hành vi cuộn trang...
2025-09-08T06:21:53.3434082Z    -> Đã thu thập 50 tin từ trang 83.
2025-09-08T06:22:11.6263561Z    -> Đang khai thác trang 84/92 (còn 3 trang nữa sẽ biến hình)...
2025-09-08T06:22:13.7565217Z       -> Bắt đầu giai đoạn 'quan sát' để chờ trang ổn định...
2025-09-08T06:22:18.0342923Z          - Trang đã ổn định (lần 1/2)...
2025-09-08T06:22:20.0721472Z          - Trang đã ổn định (lần 2/2)...
2025-09-08T06:22:20.0722254Z       -> Trang đã ổn định. Dữ liệu chi tiết đã được tải.
2025-09-08T06:22:20.0722873Z       -> Mô phỏng hành vi cuộn trang...
2025-09-08T06:22:21.0409429Z    -> Đã thu thập 50 tin từ trang 84.
2025-09-08T06:22:41.7745555Z    -> Đang khai thác trang 85/92 (còn 2 trang nữa sẽ biến hình)...
2025-09-08T06:22:43.8704248Z       -> Bắt đầu giai đoạn 'quan sát' để chờ trang ổn định...
2025-09-08T06:22:48.1515184Z          - Trang đã ổn định (lần 1/2)...
2025-09-08T06:22:50.1850951Z          - Trang đã ổn định (lần 2/2)...
2025-09-08T06:22:50.1851903Z       -> Trang đã ổn định. Dữ liệu chi tiết đã được tải.
2025-09-08T06:22:50.1852674Z       -> Mô phỏng hành vi cuộn trang...
2025-09-08T06:22:51.1903758Z    -> Đã thu thập 50 tin từ trang 85.
2025-09-08T06:23:13.3729743Z    -> Đang khai thác trang 86/92 (còn 1 trang nữa sẽ biến hình)...
2025-09-08T06:23:15.5741105Z       -> Bắt đầu giai đoạn 'quan sát' để chờ trang ổn định...
2025-09-08T06:23:19.9991358Z          - Trang đã ổn định (lần 1/2)...
2025-09-08T06:23:22.0336539Z          - Trang đã ổn định (lần 2/2)...
2025-09-08T06:23:22.0337652Z       -> Trang đã ổn định. Dữ liệu chi tiết đã được tải.
2025-09-08T06:23:22.0338402Z       -> Mô phỏng hành vi cuộn trang...
2025-09-08T06:23:22.9585780Z    -> Đã thu thập 50 tin từ trang 86.
2025-09-08T06:23:45.4969293Z 
2025-09-08T06:23:45.4970337Z    -> [Điệp viên] Hết độ bền nhân dạng. Bắt đầu "biến hình"...
2025-09-08T06:23:45.7028341Z -> [Điệp viên] Đang yêu cầu một danh tính proxy MỚI từ API...
2025-09-08T06:23:46.7945365Z -> [Điệp viên] Đã nhận proxy mới thành công: 171.226.211.127:27711
2025-09-08T06:23:46.7945716Z 
2025-09-08T06:23:46.7946117Z [Điệp viên] Đang khởi tạo trình duyệt với danh tính 171.226.211.127...
2025-09-08T06:23:47.0713314Z    -> [Điệp viên] "Biến hình" thành công. Độ bền nhân dạng mới: 29 trang.
2025-09-08T06:23:47.0714344Z    -> Đang khai thác trang 87/92 (còn 29 trang nữa sẽ biến hình)...
2025-09-08T06:24:01.4089942Z       -> Bắt đầu giai đoạn 'quan sát' để chờ trang ổn định...
2025-09-08T06:24:05.8166778Z          - Trang đã ổn định (lần 1/2)...
2025-09-08T06:24:09.8858525Z          - Trang đã ổn định (lần 1/2)...
2025-09-08T06:24:11.9153768Z          - Trang đã ổn định (lần 2/2)...
2025-09-08T06:24:11.9154585Z       -> Trang đã ổn định. Dữ liệu chi tiết đã được tải.
2025-09-08T06:24:11.9155184Z       -> Mô phỏng hành vi cuộn trang...
2025-09-08T06:24:13.1751754Z    -> Đã thu thập 50 tin từ trang 87.
2025-09-08T06:24:35.7525305Z    -> Đang khai thác trang 88/92 (còn 28 trang nữa sẽ biến hình)...
2025-09-08T06:24:38.6455191Z       -> Bắt đầu giai đoạn 'quan sát' để chờ trang ổn định...
2025-09-08T06:24:43.0618560Z          - Trang đã ổn định (lần 1/2)...
2025-09-08T06:24:45.0976558Z          - Trang đã ổn định (lần 2/2)...
2025-09-08T06:24:45.0977625Z       -> Trang đã ổn định. Dữ liệu chi tiết đã được tải.
2025-09-08T06:24:45.0978250Z       -> Mô phỏng hành vi cuộn trang...
2025-09-08T06:24:46.3227417Z    -> Đã thu thập 50 tin từ trang 88.
2025-09-08T06:25:09.3789892Z    -> Đang khai thác trang 89/92 (còn 27 trang nữa sẽ biến hình)...
2025-09-08T06:25:11.7081042Z       -> Bắt đầu giai đoạn 'quan sát' để chờ trang ổn định...
2025-09-08T06:25:18.0115685Z          - Trang đã ổn định (lần 1/2)...
2025-09-08T06:25:20.0451155Z          - Trang đã ổn định (lần 2/2)...
2025-09-08T06:25:20.0451912Z       -> Trang đã ổn định. Dữ liệu chi tiết đã được tải.
2025-09-08T06:25:20.0452545Z       -> Mô phỏng hành vi cuộn trang...
2025-09-08T06:25:21.0973451Z    -> Đã thu thập 50 tin từ trang 89.
2025-09-08T06:25:41.8599773Z    -> Đang khai thác trang 90/92 (còn 26 trang nữa sẽ biến hình)...
2025-09-08T06:25:46.0837871Z       -> Bắt đầu giai đoạn 'quan sát' để chờ trang ổn định...
2025-09-08T06:25:50.3929404Z          - Trang đã ổn định (lần 1/2)...
2025-09-08T06:25:52.4111401Z          - Trang đã ổn định (lần 2/2)...
2025-09-08T06:25:52.4112188Z       -> Trang đã ổn định. Dữ liệu chi tiết đã được tải.
2025-09-08T06:25:52.4112895Z       -> Mô phỏng hành vi cuộn trang...
2025-09-08T06:25:53.3506124Z    -> Đã thu thập 19 tin từ trang 90.
2025-09-08T06:26:13.0141859Z    -> Đang khai thác trang 91/92 (còn 25 trang nữa sẽ biến hình)...
2025-09-08T06:26:16.8902861Z       -> Bắt đầu giai đoạn 'quan sát' để chờ trang ổn định...
2025-09-08T06:26:21.3132603Z          - Trang đã ổn định (lần 1/2)...
2025-09-08T06:26:23.3327039Z          - Trang đã ổn định (lần 2/2)...
2025-09-08T06:26:23.3327829Z       -> Trang đã ổn định. Dữ liệu chi tiết đã được tải.
2025-09-08T06:26:23.3328484Z       -> Mô phỏng hành vi cuộn trang...
2025-09-08T06:26:24.4060542Z    -> Đã thu thập 19 tin từ trang 91.
2025-09-08T06:26:48.1518796Z    -> Đang khai thác trang 92/92 (còn 24 trang nữa sẽ biến hình)...
2025-09-08T06:26:51.9615784Z       -> Bắt đầu giai đoạn 'quan sát' để chờ trang ổn định...
2025-09-08T06:26:58.3113685Z          - Trang đã ổn định (lần 1/2)...
2025-09-08T06:27:00.3289468Z          - Trang đã ổn định (lần 2/2)...
2025-09-08T06:27:00.3290450Z       -> Trang đã ổn định. Dữ liệu chi tiết đã được tải.
2025-09-08T06:27:00.3291292Z       -> Mô phỏng hành vi cuộn trang...
2025-09-08T06:27:01.2537252Z    -> Đã thu thập 19 tin từ trang 92.
2025-09-08T06:27:25.0188495Z 
2025-09-08T06:27:25.0191689Z [Điệp viên] Rút lui an toàn, đã đóng trình duyệt.
2025-09-08T06:27:25.3847208Z 
2025-09-08T06:27:25.3850581Z --- BÁO CÁO NHIỆM VỤ ---
2025-09-08T06:27:25.3851573Z Đã tổng hợp 4457 tin duy nhất vào data/topcv_ke-toan_08-09-2025.csv
2025-09-08T06:27:25.4245069Z ##[group]Run # Đồng bộ hóa với các file dữ liệu cũ (nếu có) để tránh lỗi push
2025-09-08T06:27:25.4245590Z [36;1m# Đồng bộ hóa với các file dữ liệu cũ (nếu có) để tránh lỗi push[0m
2025-09-08T06:27:25.4246522Z [36;1mgit pull origin main --rebase[0m
2025-09-08T06:27:25.4247007Z [36;1m[0m
2025-09-08T06:27:25.4247264Z [36;1mgit config --global user.name 'GitHub Actions Scraper'[0m
2025-09-08T06:27:25.4247695Z [36;1mgit config --global user.email 'actions@github.com'[0m
2025-09-08T06:27:25.4248042Z [36;1mgit add data/topcv_ke-toan_08-09-2025.csv[0m
2025-09-08T06:27:25.4248487Z [36;1mgit commit -m "📊 Dữ liệu TopCV: Thêm 4457 tin mới vào data/topcv_ke-toan_08-09-2025.csv"[0m
2025-09-08T06:27:25.4248870Z [36;1mgit push[0m
2025-09-08T06:27:25.4280130Z shell: /usr/bin/bash -e {0}
2025-09-08T06:27:25.4280375Z ##[endgroup]
2025-09-08T06:27:25.8955556Z From https://github.com/thiensang1/topcv-job-scraper
2025-09-08T06:27:25.8956395Z  * branch            main       -> FETCH_HEAD
2025-09-08T06:27:25.9036780Z Already up to date.
2025-09-08T06:27:25.9503542Z [main c8a991b] 📊 Dữ liệu TopCV: Thêm 4457 tin mới vào data/topcv_ke-toan_08-09-2025.csv
2025-09-08T06:27:25.9504103Z  1 file changed, 4458 insertions(+)
2025-09-08T06:27:25.9504499Z  create mode 100644 data/topcv_ke-toan_08-09-2025.csv
2025-09-08T06:27:26.6248139Z To https://github.com/thiensang1/topcv-job-scraper
2025-09-08T06:27:26.6249128Z    5134382..c8a991b  main -> main
2025-09-08T06:27:26.6340898Z Post job cleanup.
2025-09-08T06:27:26.7952394Z Cache hit occurred on the primary key node-cache-Linux-x64-npm-416e735b9ac2a76a2dd6b9ec1a6fe63cc3ce0bfa9ce4a61af4a52cdd46502d8f, not saving cache.
2025-09-08T06:27:26.8086399Z Post job cleanup.
2025-09-08T06:27:26.9103558Z [command]/usr/bin/git version
2025-09-08T06:27:26.9147268Z git version 2.51.0
2025-09-08T06:27:26.9189932Z Copying '/home/runner/.gitconfig' to '/home/runner/work/_temp/3f54d118-217e-4967-a350-148aa19d0fd7/.gitconfig'
2025-09-08T06:27:26.9203896Z Temporarily overriding HOME='/home/runner/work/_temp/3f54d118-217e-4967-a350-148aa19d0fd7' before making global git config changes
2025-09-08T06:27:26.9205335Z Adding repository directory to the temporary git global config as a safe directory
2025-09-08T06:27:26.9211268Z [command]/usr/bin/git config --global --add safe.directory /home/runner/work/topcv-job-scraper/topcv-job-scraper
2025-09-08T06:27:26.9257581Z [command]/usr/bin/git config --local --name-only --get-regexp core\.sshCommand
2025-09-08T06:27:26.9293967Z [command]/usr/bin/git submodule foreach --recursive sh -c "git config --local --name-only --get-regexp 'core\.sshCommand' && git config --local --unset-all 'core.sshCommand' || :"
2025-09-08T06:27:26.9536278Z [command]/usr/bin/git config --local --name-only --get-regexp http\.https\:\/\/github\.com\/\.extraheader
2025-09-08T06:27:26.9562925Z http.https://github.com/.extraheader
2025-09-08T06:27:26.9577736Z [command]/usr/bin/git config --local --unset-all http.https://github.com/.extraheader
2025-09-08T06:27:26.9612213Z [command]/usr/bin/git submodule foreach --recursive sh -c "git config --local --name-only --get-regexp 'http\.https\:\/\/github\.com\/\.extraheader' && git config --local --unset-all 'http.https://github.com/.extraheader' || :"
2025-09-08T06:27:26.9974259Z Cleaning up orphan processes
