2025-09-06T16:36:21.9343175Z Current runner version: '2.328.0'
2025-09-06T16:36:21.9366214Z ##[group]Runner Image Provisioner
2025-09-06T16:36:21.9367066Z Hosted Compute Agent
2025-09-06T16:36:21.9367631Z Version: 20250829.383
2025-09-06T16:36:21.9368327Z Commit: 27cb235aab5b0e52e153a26cd86b4742e89dac5d
2025-09-06T16:36:21.9369033Z Build Date: 2025-08-29T13:48:48Z
2025-09-06T16:36:21.9369620Z ##[endgroup]
2025-09-06T16:36:21.9370207Z ##[group]Operating System
2025-09-06T16:36:21.9370756Z Ubuntu
2025-09-06T16:36:21.9371207Z 24.04.3
2025-09-06T16:36:21.9371696Z LTS
2025-09-06T16:36:21.9372158Z ##[endgroup]
2025-09-06T16:36:21.9372671Z ##[group]Runner Image
2025-09-06T16:36:21.9373630Z Image: ubuntu-24.04
2025-09-06T16:36:21.9374178Z Version: 20250831.1.0
2025-09-06T16:36:21.9375215Z Included Software: https://github.com/actions/runner-images/blob/ubuntu24/20250831.1/images/ubuntu/Ubuntu2404-Readme.md
2025-09-06T16:36:21.9376845Z Image Release: https://github.com/actions/runner-images/releases/tag/ubuntu24%2F20250831.1
2025-09-06T16:36:21.9378096Z ##[endgroup]
2025-09-06T16:36:21.9380565Z ##[group]GITHUB_TOKEN Permissions
2025-09-06T16:36:21.9382483Z Actions: write
2025-09-06T16:36:21.9383396Z Attestations: write
2025-09-06T16:36:21.9383936Z Checks: write
2025-09-06T16:36:21.9384422Z Contents: write
2025-09-06T16:36:21.9385020Z Deployments: write
2025-09-06T16:36:21.9385546Z Discussions: write
2025-09-06T16:36:21.9386007Z Issues: write
2025-09-06T16:36:21.9386573Z Metadata: read
2025-09-06T16:36:21.9387097Z Models: read
2025-09-06T16:36:21.9387628Z Packages: write
2025-09-06T16:36:21.9388119Z Pages: write
2025-09-06T16:36:21.9388622Z PullRequests: write
2025-09-06T16:36:21.9389197Z RepositoryProjects: write
2025-09-06T16:36:21.9389752Z SecurityEvents: write
2025-09-06T16:36:21.9390419Z Statuses: write
2025-09-06T16:36:21.9390988Z ##[endgroup]
2025-09-06T16:36:21.9393702Z Secret source: Actions
2025-09-06T16:36:21.9394620Z Prepare workflow directory
2025-09-06T16:36:21.9710425Z Prepare all required actions
2025-09-06T16:36:21.9747504Z Getting action download info
2025-09-06T16:36:22.4288256Z Download action repository 'actions/checkout@v4' (SHA:08eba0b27e820071cde6df949e0beb9ba4906955)
2025-09-06T16:36:22.4968485Z Download action repository 'actions/setup-node@v4' (SHA:49933ea5288caeca8642d1e84afbd3f7d6820020)
2025-09-06T16:36:22.6393761Z Download action repository 'browser-actions/setup-chrome@latest' (SHA:b94431e051d1c52dcbe9a7092a4f10f827795416)
2025-09-06T16:36:23.1888731Z Complete job name: scrape-and-commit
2025-09-06T16:36:23.2605511Z ##[group]Run actions/checkout@v4
2025-09-06T16:36:23.2606417Z with:
2025-09-06T16:36:23.2606843Z   fetch-depth: 0
2025-09-06T16:36:23.2607343Z   repository: thiensang1/topcv-job-scraper
2025-09-06T16:36:23.2608130Z   token: ***
2025-09-06T16:36:23.2608559Z   ssh-strict: true
2025-09-06T16:36:23.2608992Z   ssh-user: git
2025-09-06T16:36:23.2609447Z   persist-credentials: true
2025-09-06T16:36:23.2609932Z   clean: true
2025-09-06T16:36:23.2610387Z   sparse-checkout-cone-mode: true
2025-09-06T16:36:23.2610932Z   fetch-tags: false
2025-09-06T16:36:23.2611394Z   show-progress: true
2025-09-06T16:36:23.2611841Z   lfs: false
2025-09-06T16:36:23.2612256Z   submodules: false
2025-09-06T16:36:23.2612714Z   set-safe-directory: true
2025-09-06T16:36:23.2613638Z ##[endgroup]
2025-09-06T16:36:23.3675343Z Syncing repository: thiensang1/topcv-job-scraper
2025-09-06T16:36:23.3677441Z ##[group]Getting Git version info
2025-09-06T16:36:23.3678399Z Working directory is '/home/runner/work/topcv-job-scraper/topcv-job-scraper'
2025-09-06T16:36:23.3679557Z [command]/usr/bin/git version
2025-09-06T16:36:23.3719133Z git version 2.51.0
2025-09-06T16:36:23.3745031Z ##[endgroup]
2025-09-06T16:36:23.3760852Z Temporarily overriding HOME='/home/runner/work/_temp/ac425810-40f7-419f-917f-298fcf502b75' before making global git config changes
2025-09-06T16:36:23.3763810Z Adding repository directory to the temporary git global config as a safe directory
2025-09-06T16:36:23.3775015Z [command]/usr/bin/git config --global --add safe.directory /home/runner/work/topcv-job-scraper/topcv-job-scraper
2025-09-06T16:36:23.3809851Z Deleting the contents of '/home/runner/work/topcv-job-scraper/topcv-job-scraper'
2025-09-06T16:36:23.3813573Z ##[group]Initializing the repository
2025-09-06T16:36:23.3818671Z [command]/usr/bin/git init /home/runner/work/topcv-job-scraper/topcv-job-scraper
2025-09-06T16:36:23.3894457Z hint: Using 'master' as the name for the initial branch. This default branch name
2025-09-06T16:36:23.3896136Z hint: is subject to change. To configure the initial branch name to use in all
2025-09-06T16:36:23.3897674Z hint: of your new repositories, which will suppress this warning, call:
2025-09-06T16:36:23.3899062Z hint:
2025-09-06T16:36:23.3900054Z hint: 	git config --global init.defaultBranch <name>
2025-09-06T16:36:23.3901300Z hint:
2025-09-06T16:36:23.3902495Z hint: Names commonly chosen instead of 'master' are 'main', 'trunk' and
2025-09-06T16:36:23.3904588Z hint: 'development'. The just-created branch can be renamed via this command:
2025-09-06T16:36:23.3906044Z hint:
2025-09-06T16:36:23.3906777Z hint: 	git branch -m <name>
2025-09-06T16:36:23.3907616Z hint:
2025-09-06T16:36:23.3908780Z hint: Disable this message with "git config set advice.defaultBranchName false"
2025-09-06T16:36:23.3911041Z Initialized empty Git repository in /home/runner/work/topcv-job-scraper/topcv-job-scraper/.git/
2025-09-06T16:36:23.3914875Z [command]/usr/bin/git remote add origin https://github.com/thiensang1/topcv-job-scraper
2025-09-06T16:36:23.3949694Z ##[endgroup]
2025-09-06T16:36:23.3951073Z ##[group]Disabling automatic garbage collection
2025-09-06T16:36:23.3954755Z [command]/usr/bin/git config --local gc.auto 0
2025-09-06T16:36:23.3984111Z ##[endgroup]
2025-09-06T16:36:23.3985473Z ##[group]Setting up auth
2025-09-06T16:36:23.3991844Z [command]/usr/bin/git config --local --name-only --get-regexp core\.sshCommand
2025-09-06T16:36:23.4023217Z [command]/usr/bin/git submodule foreach --recursive sh -c "git config --local --name-only --get-regexp 'core\.sshCommand' && git config --local --unset-all 'core.sshCommand' || :"
2025-09-06T16:36:23.4289887Z [command]/usr/bin/git config --local --name-only --get-regexp http\.https\:\/\/github\.com\/\.extraheader
2025-09-06T16:36:23.4320489Z [command]/usr/bin/git submodule foreach --recursive sh -c "git config --local --name-only --get-regexp 'http\.https\:\/\/github\.com\/\.extraheader' && git config --local --unset-all 'http.https://github.com/.extraheader' || :"
2025-09-06T16:36:23.4539443Z [command]/usr/bin/git config --local http.https://github.com/.extraheader AUTHORIZATION: basic ***
2025-09-06T16:36:23.4573625Z ##[endgroup]
2025-09-06T16:36:23.4575092Z ##[group]Fetching the repository
2025-09-06T16:36:23.4583643Z [command]/usr/bin/git -c protocol.version=2 fetch --prune --no-recurse-submodules origin +refs/heads/*:refs/remotes/origin/* +refs/tags/*:refs/tags/*
2025-09-06T16:36:24.4957836Z From https://github.com/thiensang1/topcv-job-scraper
2025-09-06T16:36:24.4959231Z  * [new branch]      main       -> origin/main
2025-09-06T16:36:24.4996109Z [command]/usr/bin/git branch --list --remote origin/main
2025-09-06T16:36:24.5017815Z   origin/main
2025-09-06T16:36:24.5027339Z [command]/usr/bin/git rev-parse refs/remotes/origin/main
2025-09-06T16:36:24.5046461Z 8409a8106f3fe973ca190d335e781e869ee4ead6
2025-09-06T16:36:24.5053034Z ##[endgroup]
2025-09-06T16:36:24.5054426Z ##[group]Determining the checkout info
2025-09-06T16:36:24.5055924Z ##[endgroup]
2025-09-06T16:36:24.5057166Z [command]/usr/bin/git sparse-checkout disable
2025-09-06T16:36:24.5092643Z [command]/usr/bin/git config --local --unset-all extensions.worktreeConfig
2025-09-06T16:36:24.5117785Z ##[group]Checking out the ref
2025-09-06T16:36:24.5120473Z [command]/usr/bin/git checkout --progress --force -B main refs/remotes/origin/main
2025-09-06T16:36:24.8672793Z Switched to a new branch 'main'
2025-09-06T16:36:24.8675904Z branch 'main' set up to track 'origin/main'.
2025-09-06T16:36:24.8694354Z ##[endgroup]
2025-09-06T16:36:24.8730378Z [command]/usr/bin/git log -1 --format=%H
2025-09-06T16:36:24.8752089Z 8409a8106f3fe973ca190d335e781e869ee4ead6
2025-09-06T16:36:24.9046199Z ##[group]Run actions/setup-node@v4
2025-09-06T16:36:24.9047351Z with:
2025-09-06T16:36:24.9048189Z   node-version: 18
2025-09-06T16:36:24.9049079Z   cache: npm
2025-09-06T16:36:24.9049932Z   always-auth: false
2025-09-06T16:36:24.9050858Z   check-latest: false
2025-09-06T16:36:24.9052043Z   token: ***
2025-09-06T16:36:24.9053051Z ##[endgroup]
2025-09-06T16:36:25.1197479Z Found in cache @ /opt/hostedtoolcache/node/18.20.8/x64
2025-09-06T16:36:25.1204425Z ##[group]Environment details
2025-09-06T16:36:27.3407882Z node: v18.20.8
2025-09-06T16:36:27.3408578Z npm: 10.8.2
2025-09-06T16:36:27.3408910Z yarn: 1.22.22
2025-09-06T16:36:27.3410655Z ##[endgroup]
2025-09-06T16:36:27.3432399Z [command]/opt/hostedtoolcache/node/18.20.8/x64/bin/npm config get cache
2025-09-06T16:36:27.6867762Z /home/runner/.npm
2025-09-06T16:36:28.0246369Z Cache hit for: node-cache-Linux-x64-npm-416e735b9ac2a76a2dd6b9ec1a6fe63cc3ce0bfa9ce4a61af4a52cdd46502d8f
2025-09-06T16:36:29.2560556Z Received 5511798 of 5511798 (100.0%), 5.7 MBs/sec
2025-09-06T16:36:29.2560955Z Cache Size: ~5 MB (5511798 B)
2025-09-06T16:36:29.2588051Z [command]/usr/bin/tar -xf /home/runner/work/_temp/cb545cc9-373f-4b29-b62f-92bbbac6a55e/cache.tzst -P -C /home/runner/work/topcv-job-scraper/topcv-job-scraper --use-compress-program unzstd
2025-09-06T16:36:29.3030729Z Cache restored successfully
2025-09-06T16:36:29.3046767Z Cache restored from key: node-cache-Linux-x64-npm-416e735b9ac2a76a2dd6b9ec1a6fe63cc3ce0bfa9ce4a61af4a52cdd46502d8f
2025-09-06T16:36:29.3180492Z ##[group]Run browser-actions/setup-chrome@latest
2025-09-06T16:36:29.3180808Z with:
2025-09-06T16:36:29.3181007Z   chrome-version: stable
2025-09-06T16:36:29.3181249Z   install-dependencies: false
2025-09-06T16:36:29.3181489Z   install-chromedriver: false
2025-09-06T16:36:29.3181710Z   no-sudo: false
2025-09-06T16:36:29.3181897Z ##[endgroup]
2025-09-06T16:36:29.3945126Z Setup chrome stable
2025-09-06T16:36:29.3949415Z Attempting to download chrome stable...
2025-09-06T16:36:29.4447744Z Acquiring chrome stable from https://storage.googleapis.com/chrome-for-testing-public/140.0.7339.80/linux64/chrome-linux64.zip
2025-09-06T16:36:31.1188382Z Installing chrome...
2025-09-06T16:36:31.1224769Z [command]/usr/bin/unzip -o -q /home/runner/work/_temp/be2d231f-04b3-4ba7-a0cf-add7961b4b23
2025-09-06T16:36:34.8860129Z Successfully Installed chrome to /opt/hostedtoolcache/setup-chrome/chrome/stable/x64
2025-09-06T16:36:34.8872085Z [command]/opt/hostedtoolcache/setup-chrome/chrome/stable/x64/chrome --version
2025-09-06T16:36:35.0412065Z Google Chrome for Testing 140.0.7339.80 
2025-09-06T16:36:35.0637356Z Successfully setup chrome 140.0.7339.80
2025-09-06T16:36:35.0766199Z ##[group]Run npm install
2025-09-06T16:36:35.0766570Z [36;1mnpm install[0m
2025-09-06T16:36:35.0818565Z shell: /usr/bin/bash -e {0}
2025-09-06T16:36:35.0818831Z ##[endgroup]
2025-09-06T16:36:37.1629031Z npm warn EBADENGINE Unsupported engine {
2025-09-06T16:36:37.1629891Z npm warn EBADENGINE   package: 'cheerio@1.1.2',
2025-09-06T16:36:37.1630690Z npm warn EBADENGINE   required: { node: '>=20.18.1' },
2025-09-06T16:36:37.1631553Z npm warn EBADENGINE   current: { node: 'v18.20.8', npm: '10.8.2' }
2025-09-06T16:36:37.1632221Z npm warn EBADENGINE }
2025-09-06T16:36:37.6148522Z 
2025-09-06T16:36:37.6149252Z up to date, audited 187 packages in 2s
2025-09-06T16:36:37.6149618Z 
2025-09-06T16:36:37.6149877Z 34 packages are looking for funding
2025-09-06T16:36:37.6151979Z   run `npm fund` for details
2025-09-06T16:36:37.6225484Z 
2025-09-06T16:36:37.6225983Z 2 vulnerabilities (1 low, 1 moderate)
2025-09-06T16:36:37.6226323Z 
2025-09-06T16:36:37.6226564Z To address all issues, run:
2025-09-06T16:36:37.6227234Z   npm audit fix
2025-09-06T16:36:37.6227463Z 
2025-09-06T16:36:37.6227700Z Run `npm audit` for details.
2025-09-06T16:36:37.6364612Z ##[group]Run node scraper.js
2025-09-06T16:36:37.6364912Z [36;1mnode scraper.js[0m
2025-09-06T16:36:37.6394969Z shell: /usr/bin/bash -e {0}
2025-09-06T16:36:37.6395368Z env:
2025-09-06T16:36:37.6395749Z   PROXY_API_ENDPOINT: ***
2025-09-06T16:36:37.6396031Z   PROXY_API_KEY: ***
2025-09-06T16:36:37.6396346Z   CHROME_PATH: /opt/hostedtoolcache/setup-chrome/chrome/stable/x64/chrome
2025-09-06T16:36:37.6396688Z ##[endgroup]
2025-09-06T16:36:38.0367932Z --- CHIẾN DỊCH 'ĐIỆP VIÊN TỐI THƯỢNG' BẮT ĐẦU ---
2025-09-06T16:36:38.0372741Z -> [Điệp viên] Đang yêu cầu một danh tính proxy MỚI từ API...
2025-09-06T16:36:38.6007225Z -> [Điệp viên] Đã nhận proxy mới thành công: 171.250.50.191:14942
2025-09-06T16:36:38.6007701Z 
2025-09-06T16:36:38.6014097Z [Điệp viên] Đang khởi tạo trình duyệt với danh tính 171.250.50.191...
2025-09-06T16:36:40.3745621Z 
2025-09-06T16:36:40.3746604Z --- [Điệp viên] Bắt đầu giai đoạn DO THÁM ---
2025-09-06T16:36:40.3747412Z    -> Đang thám hiểm trang 1...
2025-09-06T16:36:53.2256472Z    -> Đang thám hiểm trang 2...
2025-09-06T16:36:55.0683864Z    -> Đang thám hiểm trang 3...
2025-09-06T16:36:56.8951552Z    -> Đang thám hiểm trang 4...
2025-09-06T16:36:58.9121040Z    -> Đang thám hiểm trang 5...
2025-09-06T16:37:01.7771244Z    -> Đang thám hiểm trang 6...
2025-09-06T16:37:03.6575534Z    -> Đang thám hiểm trang 7...
2025-09-06T16:37:05.7307185Z    -> Đang thám hiểm trang 8...
2025-09-06T16:37:07.6326551Z    -> Đang thám hiểm trang 9...
2025-09-06T16:37:08.2953585Z    -> Đang thám hiểm trang 10...
2025-09-06T16:37:08.6113984Z    -> Đang thám hiểm trang 11...
2025-09-06T16:37:08.9400613Z    -> Đang thám hiểm trang 12...
2025-09-06T16:37:09.3573523Z    -> Đang thám hiểm trang 13...
2025-09-06T16:37:11.2350728Z    -> Đang thám hiểm trang 14...
2025-09-06T16:37:11.6451911Z    -> Đang thám hiểm trang 15...
2025-09-06T16:37:12.0785646Z    -> Đang thám hiểm trang 16...
2025-09-06T16:37:12.5075666Z    -> Đang thám hiểm trang 17...
2025-09-06T16:37:12.9516240Z    -> Đang thám hiểm trang 18...
2025-09-06T16:37:13.3810741Z    -> Đang thám hiểm trang 19...
2025-09-06T16:37:13.8212033Z    -> Đang thám hiểm trang 20...
2025-09-06T16:37:15.7413299Z    -> Đang thám hiểm trang 21...
2025-09-06T16:37:16.1212031Z    -> Đang thám hiểm trang 22...
2025-09-06T16:37:16.5698067Z    -> Đang thám hiểm trang 23...
2025-09-06T16:37:16.9870989Z    -> Đang thám hiểm trang 24...
2025-09-06T16:37:17.4103570Z    -> Đang thám hiểm trang 25...
2025-09-06T16:37:17.8463205Z    -> Đang thám hiểm trang 26...
2025-09-06T16:37:18.2693354Z    -> Đang thám hiểm trang 27...
2025-09-06T16:37:18.6905161Z    -> Đang thám hiểm trang 28...
2025-09-06T16:37:20.7886999Z    -> Đang thám hiểm trang 29...
2025-09-06T16:37:21.1368674Z    -> Đang thám hiểm trang 30...
2025-09-06T16:37:21.6276828Z    -> Đang thám hiểm trang 31...
2025-09-06T16:37:22.0602029Z    -> Đang thám hiểm trang 32...
2025-09-06T16:37:22.4785405Z    -> Đang thám hiểm trang 33...
2025-09-06T16:37:22.8973101Z    -> Đang thám hiểm trang 34...
2025-09-06T16:37:23.3177137Z    -> Đang thám hiểm trang 35...
2025-09-06T16:37:25.0998739Z    -> Đang thám hiểm trang 36...
2025-09-06T16:37:25.4619040Z    -> Đang thám hiểm trang 37...
2025-09-06T16:37:25.7611126Z    -> Đang thám hiểm trang 38...
2025-09-06T16:37:26.1827879Z    -> Đang thám hiểm trang 39...
2025-09-06T16:37:26.6133252Z    -> Đang thám hiểm trang 40...
2025-09-06T16:37:27.0341501Z    -> Đang thám hiểm trang 41...
2025-09-06T16:37:27.4581359Z    -> Đang thám hiểm trang 42...
2025-09-06T16:37:27.8757061Z    -> Đang thám hiểm trang 43...
2025-09-06T16:37:29.6998687Z    -> Đang thám hiểm trang 44...
2025-09-06T16:37:30.0590220Z    -> Đang thám hiểm trang 45...
2025-09-06T16:37:30.5592038Z    -> Đang thám hiểm trang 46...
2025-09-06T16:37:31.0049854Z    -> Đang thám hiểm trang 47...
2025-09-06T16:37:31.4538431Z    -> Đang thám hiểm trang 48...
2025-09-06T16:37:31.9055392Z    -> Đang thám hiểm trang 49...
2025-09-06T16:37:32.3263100Z    -> Đang thám hiểm trang 50...
2025-09-06T16:37:34.0834399Z    -> Đang thám hiểm trang 51...
2025-09-06T16:37:34.4850345Z    -> Đang thám hiểm trang 52...
2025-09-06T16:37:34.9413949Z    -> Đang thám hiểm trang 53...
2025-09-06T16:37:35.3768288Z    -> Đang thám hiểm trang 54...
2025-09-06T16:37:35.6530930Z    -> Đang thám hiểm trang 55...
2025-09-06T16:37:36.4479207Z    -> Đang thám hiểm trang 56...
2025-09-06T16:37:36.8785071Z    -> Đang thám hiểm trang 57...
2025-09-06T16:37:37.3060119Z    -> Đang thám hiểm trang 58...
2025-09-06T16:37:39.4869852Z    -> Đang thám hiểm trang 59...
2025-09-06T16:37:40.0874345Z    -> Đang thám hiểm trang 60...
2025-09-06T16:37:40.7378999Z    -> Đang thám hiểm trang 61...
2025-09-06T16:37:41.2453824Z    -> Đang thám hiểm trang 62...
2025-09-06T16:37:41.6820939Z    -> Đang thám hiểm trang 63...
2025-09-06T16:37:44.0102715Z    -> Đang thám hiểm trang 64...
2025-09-06T16:37:44.3825200Z    -> Đang thám hiểm trang 65...
2025-09-06T16:37:45.1806809Z    -> Đang thám hiểm trang 66...
2025-09-06T16:37:45.8016596Z    -> Đang thám hiểm trang 67...
2025-09-06T16:37:46.6096387Z    -> Đang thám hiểm trang 68...
2025-09-06T16:37:49.1683813Z    -> Đang thám hiểm trang 69...
2025-09-06T16:37:49.5230981Z    -> Đang thám hiểm trang 70...
2025-09-06T16:37:50.2786157Z    -> Đang thám hiểm trang 71...
2025-09-06T16:37:50.9553151Z    -> Đang thám hiểm trang 72...
2025-09-06T16:37:53.7337997Z    -> Đang thám hiểm trang 73...
2025-09-06T16:37:54.1047803Z    -> Đang thám hiểm trang 74...
2025-09-06T16:37:54.9176046Z    -> Đang thám hiểm trang 75...
2025-09-06T16:37:55.7267844Z    -> Đang thám hiểm trang 76...
2025-09-06T16:37:59.1738999Z    -> Đang thám hiểm trang 77...
2025-09-06T16:37:59.6804108Z    -> Đang thám hiểm trang 78...
2025-09-06T16:38:00.6654031Z    -> Đang thám hiểm trang 79...
2025-09-06T16:38:04.0096027Z    -> Đang thám hiểm trang 80...
2025-09-06T16:38:04.4111962Z    -> Đang thám hiểm trang 81...
2025-09-06T16:38:05.2088931Z    -> Đang thám hiểm trang 82...
2025-09-06T16:38:06.0037678Z    -> Đang thám hiểm trang 83...
2025-09-06T16:38:08.7974198Z    -> Đang thám hiểm trang 84...
2025-09-06T16:38:09.2938171Z    -> Đang thám hiểm trang 85...
2025-09-06T16:38:09.9083036Z    -> Đang thám hiểm trang 86...
2025-09-06T16:38:10.5250539Z    -> Đang thám hiểm trang 87...
2025-09-06T16:38:11.1615423Z    -> Đang thám hiểm trang 88...
2025-09-06T16:38:11.8165043Z    -> Đang thám hiểm trang 89...
2025-09-06T16:38:12.2442573Z    -> Đang thám hiểm trang 90...
2025-09-06T16:38:14.2295071Z    -> Đang thám hiểm trang 91...
2025-09-06T16:38:14.5581075Z    -> Đang thám hiểm trang 92...
2025-09-06T16:38:14.9928098Z    -> Đang thám hiểm trang 93...
2025-09-06T16:38:15.4305130Z    -> Đang thám hiểm trang 94...
2025-09-06T16:38:17.3179949Z    -> Đang thám hiểm trang 95...
2025-09-06T16:38:17.6377472Z    -> Đang thám hiểm trang 96...
2025-09-06T16:38:17.9992559Z    -> Đang thám hiểm trang 97...
2025-09-06T16:38:18.5223239Z    -> Đang thám hiểm trang 98...
2025-09-06T16:38:19.6387916Z    -> Đã đến rìa thế giới! Bị đưa về trang 97 khi cố gắng đến trang 98.
2025-09-06T16:38:19.6389009Z [Điệp viên] Báo cáo tình báo: Phát hiện có tổng cộng 97 trang.
2025-09-06T16:38:19.6389420Z 
2025-09-06T16:38:19.6389861Z [Điệp viên] Do thám hoàn tất. Tạm nghỉ 12.62 giây...
2025-09-06T16:38:32.2568601Z [Điệp viên] Độ bền nhân dạng ban đầu: 14 trang.
2025-09-06T16:38:32.2568887Z 
2025-09-06T16:38:32.2569162Z --- [Điệp viên] Bắt đầu giai đoạn KHAI THÁC ---
2025-09-06T16:38:32.2569686Z    -> Đang khai thác trang 1/97 (còn 14 trang nữa sẽ biến hình)...
2025-09-06T16:38:34.5160222Z       -> Bắt đầu giai đoạn 'quan sát' để chờ trang ổn định...
2025-09-06T16:38:40.8431739Z          - Trang đã ổn định (lần 1/2)...
2025-09-06T16:38:42.8979746Z          - Trang đã ổn định (lần 2/2)...
2025-09-06T16:38:42.8980284Z       -> Trang đã ổn định. Dữ liệu chi tiết đã được tải.
2025-09-06T16:38:42.8980663Z       -> Mô phỏng hành vi cuộn trang...
2025-09-06T16:38:44.1710090Z    -> Đã thu thập 50 tin từ trang 1.
2025-09-06T16:39:06.9499351Z    -> Đang khai thác trang 2/97 (còn 13 trang nữa sẽ biến hình)...
2025-09-06T16:39:09.5048875Z       -> Bắt đầu giai đoạn 'quan sát' để chờ trang ổn định...
2025-09-06T16:39:13.7948086Z          - Trang đã ổn định (lần 1/2)...
2025-09-06T16:39:15.8289810Z          - Trang đã ổn định (lần 2/2)...
2025-09-06T16:39:15.8290978Z       -> Trang đã ổn định. Dữ liệu chi tiết đã được tải.
2025-09-06T16:39:15.8291608Z       -> Mô phỏng hành vi cuộn trang...
2025-09-06T16:39:17.1334418Z    -> Đã thu thập 50 tin từ trang 2.
2025-09-06T16:39:36.9933717Z    -> Đang khai thác trang 3/97 (còn 12 trang nữa sẽ biến hình)...
2025-09-06T16:39:38.9155243Z       -> Bắt đầu giai đoạn 'quan sát' để chờ trang ổn định...
2025-09-06T16:39:43.1985702Z          - Trang đã ổn định (lần 1/2)...
2025-09-06T16:39:45.2321657Z          - Trang đã ổn định (lần 2/2)...
2025-09-06T16:39:45.2328089Z       -> Trang đã ổn định. Dữ liệu chi tiết đã được tải.
2025-09-06T16:39:45.2328780Z       -> Mô phỏng hành vi cuộn trang...
2025-09-06T16:39:46.3467241Z    -> Đã thu thập 50 tin từ trang 3.
2025-09-06T16:40:11.0338965Z    -> Đang khai thác trang 4/97 (còn 11 trang nữa sẽ biến hình)...
2025-09-06T16:40:14.2737638Z       -> Bắt đầu giai đoạn 'quan sát' để chờ trang ổn định...
2025-09-06T16:40:18.7717614Z          - Trang đã ổn định (lần 1/2)...
2025-09-06T16:40:20.8020813Z          - Trang đã ổn định (lần 2/2)...
2025-09-06T16:40:20.8021380Z       -> Trang đã ổn định. Dữ liệu chi tiết đã được tải.
2025-09-06T16:40:20.8021761Z       -> Mô phỏng hành vi cuộn trang...
2025-09-06T16:40:22.0249999Z    -> Đã thu thập 50 tin từ trang 4.
2025-09-06T16:40:41.7711572Z    -> Đang khai thác trang 5/97 (còn 10 trang nữa sẽ biến hình)...
2025-09-06T16:40:45.1057566Z       -> Bắt đầu giai đoạn 'quan sát' để chờ trang ổn định...
2025-09-06T16:40:47.5068318Z          - Trang đã ổn định (lần 1/2)...
2025-09-06T16:40:49.5431295Z          - Trang đã ổn định (lần 2/2)...
2025-09-06T16:40:49.5431966Z       -> Trang đã ổn định. Dữ liệu chi tiết đã được tải.
2025-09-06T16:40:49.5432552Z       -> Mô phỏng hành vi cuộn trang...
2025-09-06T16:40:50.8149011Z    -> Đã thu thập 50 tin từ trang 5.
2025-09-06T16:41:11.7039482Z    -> Đang khai thác trang 6/97 (còn 9 trang nữa sẽ biến hình)...
2025-09-06T16:41:14.6907271Z       -> Bắt đầu giai đoạn 'quan sát' để chờ trang ổn định...
2025-09-06T16:41:19.0542636Z          - Trang đã ổn định (lần 1/2)...
2025-09-06T16:41:21.0855469Z          - Trang đã ổn định (lần 2/2)...
2025-09-06T16:41:21.0856278Z       -> Trang đã ổn định. Dữ liệu chi tiết đã được tải.
2025-09-06T16:41:21.0856932Z       -> Mô phỏng hành vi cuộn trang...
2025-09-06T16:41:22.3123680Z    -> Đã thu thập 50 tin từ trang 6.
2025-09-06T16:41:45.6258626Z    -> Đang khai thác trang 7/97 (còn 8 trang nữa sẽ biến hình)...
2025-09-06T16:41:49.3124914Z       -> Bắt đầu giai đoạn 'quan sát' để chờ trang ổn định...
2025-09-06T16:41:53.6461909Z          - Trang đã ổn định (lần 1/2)...
2025-09-06T16:41:55.6793844Z          - Trang đã ổn định (lần 2/2)...
2025-09-06T16:41:55.6794642Z       -> Trang đã ổn định. Dữ liệu chi tiết đã được tải.
2025-09-06T16:41:55.6795787Z       -> Mô phỏng hành vi cuộn trang...
2025-09-06T16:41:56.6646861Z    -> Đã thu thập 50 tin từ trang 7.
2025-09-06T16:42:18.5590290Z    -> Đang khai thác trang 8/97 (còn 7 trang nữa sẽ biến hình)...
2025-09-06T16:42:23.0048684Z       -> Bắt đầu giai đoạn 'quan sát' để chờ trang ổn định...
2025-09-06T16:42:27.3817639Z          - Trang đã ổn định (lần 1/2)...
2025-09-06T16:42:29.4142695Z          - Trang đã ổn định (lần 2/2)...
2025-09-06T16:42:29.4143733Z       -> Trang đã ổn định. Dữ liệu chi tiết đã được tải.
2025-09-06T16:42:29.4144448Z       -> Mô phỏng hành vi cuộn trang...
2025-09-06T16:42:30.6164602Z    -> Đã thu thập 50 tin từ trang 8.
2025-09-06T16:42:48.8311387Z    -> Đang khai thác trang 9/97 (còn 6 trang nữa sẽ biến hình)...
2025-09-06T16:42:54.6928019Z       -> Bắt đầu giai đoạn 'quan sát' để chờ trang ổn định...
2025-09-06T16:42:59.0563283Z          - Trang đã ổn định (lần 1/2)...
2025-09-06T16:43:01.0886657Z          - Trang đã ổn định (lần 2/2)...
2025-09-06T16:43:01.0887285Z       -> Trang đã ổn định. Dữ liệu chi tiết đã được tải.
2025-09-06T16:43:01.0887678Z       -> Mô phỏng hành vi cuộn trang...
2025-09-06T16:43:02.0486563Z    -> Đã thu thập 50 tin từ trang 9.
2025-09-06T16:43:22.6943359Z    -> Đang khai thác trang 10/97 (còn 5 trang nữa sẽ biến hình)...
2025-09-06T16:43:28.1682237Z       -> Bắt đầu giai đoạn 'quan sát' để chờ trang ổn định...
2025-09-06T16:43:32.5975449Z          - Trang đã ổn định (lần 1/2)...
2025-09-06T16:43:34.6275007Z          - Trang đã ổn định (lần 2/2)...
2025-09-06T16:43:34.6275958Z       -> Trang đã ổn định. Dữ liệu chi tiết đã được tải.
2025-09-06T16:43:34.6277761Z       -> Mô phỏng hành vi cuộn trang...
2025-09-06T16:43:35.7103749Z    -> Đã thu thập 50 tin từ trang 10.
2025-09-06T16:43:54.7548445Z    -> Đang khai thác trang 11/97 (còn 4 trang nữa sẽ biến hình)...
2025-09-06T16:43:59.4892626Z       -> Bắt đầu giai đoạn 'quan sát' để chờ trang ổn định...
2025-09-06T16:44:03.9167372Z          - Trang đã ổn định (lần 1/2)...
2025-09-06T16:44:05.9484734Z          - Trang đã ổn định (lần 2/2)...
2025-09-06T16:44:05.9485563Z       -> Trang đã ổn định. Dữ liệu chi tiết đã được tải.
2025-09-06T16:44:05.9486221Z       -> Mô phỏng hành vi cuộn trang...
2025-09-06T16:44:07.1223463Z    -> Đã thu thập 50 tin từ trang 11.
2025-09-06T16:44:28.9289597Z    -> Đang khai thác trang 12/97 (còn 3 trang nữa sẽ biến hình)...
2025-09-06T16:44:33.4821035Z       -> Bắt đầu giai đoạn 'quan sát' để chờ trang ổn định...
2025-09-06T16:44:37.8703303Z          - Trang đã ổn định (lần 1/2)...
2025-09-06T16:44:39.9018700Z          - Trang đã ổn định (lần 2/2)...
2025-09-06T16:44:39.9019208Z       -> Trang đã ổn định. Dữ liệu chi tiết đã được tải.
2025-09-06T16:44:39.9019583Z       -> Mô phỏng hành vi cuộn trang...
2025-09-06T16:44:40.8229906Z    -> Đã thu thập 50 tin từ trang 12.
2025-09-06T16:45:04.9126225Z    -> Đang khai thác trang 13/97 (còn 2 trang nữa sẽ biến hình)...
2025-09-06T16:45:09.8443845Z       -> Bắt đầu giai đoạn 'quan sát' để chờ trang ổn định...
2025-09-06T16:45:14.2950937Z          - Trang đã ổn định (lần 1/2)...
2025-09-06T16:45:16.3251770Z          - Trang đã ổn định (lần 2/2)...
2025-09-06T16:45:16.3252598Z       -> Trang đã ổn định. Dữ liệu chi tiết đã được tải.
2025-09-06T16:45:16.3253573Z       -> Mô phỏng hành vi cuộn trang...
2025-09-06T16:45:17.4024141Z    -> Đã thu thập 50 tin từ trang 13.
2025-09-06T16:45:38.8874941Z    -> Đang khai thác trang 14/97 (còn 1 trang nữa sẽ biến hình)...
2025-09-06T16:45:45.2176528Z       -> Bắt đầu giai đoạn 'quan sát' để chờ trang ổn định...
2025-09-06T16:45:49.6621733Z          - Trang đã ổn định (lần 1/2)...
2025-09-06T16:45:51.6998975Z          - Trang đã ổn định (lần 2/2)...
2025-09-06T16:45:51.6999817Z       -> Trang đã ổn định. Dữ liệu chi tiết đã được tải.
2025-09-06T16:45:51.7000546Z       -> Mô phỏng hành vi cuộn trang...
2025-09-06T16:45:52.6408107Z    -> Đã thu thập 50 tin từ trang 14.
2025-09-06T16:46:10.8888404Z 
2025-09-06T16:46:10.8889440Z    -> [Điệp viên] Hết độ bền nhân dạng. Bắt đầu "biến hình"...
2025-09-06T16:46:10.9895256Z -> [Điệp viên] Đang yêu cầu một danh tính proxy MỚI từ API...
2025-09-06T16:46:11.6937712Z -> [Điệp viên] Đã nhận proxy mới thành công: 113.22.253.126:25740
2025-09-06T16:46:11.6938042Z 
2025-09-06T16:46:11.6938888Z [Điệp viên] Đang khởi tạo trình duyệt với danh tính 113.22.253.126...
2025-09-06T16:46:11.9635413Z    -> [Điệp viên] "Biến hình" thành công. Độ bền nhân dạng mới: 29 trang.
2025-09-06T16:46:11.9636334Z    -> Đang khai thác trang 15/97 (còn 29 trang nữa sẽ biến hình)...
2025-09-06T16:46:23.9448436Z       -> Bắt đầu giai đoạn 'quan sát' để chờ trang ổn định...
2025-09-06T16:46:26.1219996Z          - Trang đã ổn định (lần 1/2)...
2025-09-06T16:46:30.1902500Z          - Trang đã ổn định (lần 1/2)...
2025-09-06T16:46:32.2234159Z          - Trang đã ổn định (lần 2/2)...
2025-09-06T16:46:32.2234886Z       -> Trang đã ổn định. Dữ liệu chi tiết đã được tải.
2025-09-06T16:46:32.2235509Z       -> Mô phỏng hành vi cuộn trang...
2025-09-06T16:46:33.2095245Z    -> Đã thu thập 50 tin từ trang 15.
2025-09-06T16:46:53.5762317Z    -> Đang khai thác trang 16/97 (còn 28 trang nữa sẽ biến hình)...
2025-09-06T16:46:55.4327185Z       -> Bắt đầu giai đoạn 'quan sát' để chờ trang ổn định...
2025-09-06T16:46:59.8794192Z          - Trang đã ổn định (lần 1/2)...
2025-09-06T16:47:01.9092466Z          - Trang đã ổn định (lần 2/2)...
2025-09-06T16:47:01.9093173Z       -> Trang đã ổn định. Dữ liệu chi tiết đã được tải.
2025-09-06T16:47:01.9093570Z       -> Mô phỏng hành vi cuộn trang...
2025-09-06T16:47:03.0414531Z    -> Đã thu thập 50 tin từ trang 16.
2025-09-06T16:47:24.1507494Z    -> Đang khai thác trang 17/97 (còn 27 trang nữa sẽ biến hình)...
2025-09-06T16:47:25.9949579Z       -> Bắt đầu giai đoạn 'quan sát' để chờ trang ổn định...
2025-09-06T16:47:30.2843610Z          - Trang đã ổn định (lần 1/2)...
2025-09-06T16:47:32.3151934Z          - Trang đã ổn định (lần 2/2)...
2025-09-06T16:47:32.3152651Z       -> Trang đã ổn định. Dữ liệu chi tiết đã được tải.
2025-09-06T16:47:32.3153366Z       -> Mô phỏng hành vi cuộn trang...
2025-09-06T16:47:33.6113326Z    -> Đã thu thập 50 tin từ trang 17.
2025-09-06T16:47:58.4855502Z    -> Đang khai thác trang 18/97 (còn 26 trang nữa sẽ biến hình)...
2025-09-06T16:48:00.3849704Z       -> Bắt đầu giai đoạn 'quan sát' để chờ trang ổn định...
2025-09-06T16:48:06.6797983Z          - Trang đã ổn định (lần 1/2)...
2025-09-06T16:48:08.7168583Z          - Trang đã ổn định (lần 2/2)...
2025-09-06T16:48:08.7169385Z       -> Trang đã ổn định. Dữ liệu chi tiết đã được tải.
2025-09-06T16:48:08.7170017Z       -> Mô phỏng hành vi cuộn trang...
2025-09-06T16:48:09.9108374Z    -> Đã thu thập 50 tin từ trang 18.
2025-09-06T16:48:30.9206144Z    -> Đang khai thác trang 19/97 (còn 25 trang nữa sẽ biến hình)...
2025-09-06T16:48:33.3587821Z       -> Bắt đầu giai đoạn 'quan sát' để chờ trang ổn định...
2025-09-06T16:48:37.6396893Z          - Trang đã ổn định (lần 1/2)...
2025-09-06T16:48:39.6693223Z          - Trang đã ổn định (lần 2/2)...
2025-09-06T16:48:39.6693930Z       -> Trang đã ổn định. Dữ liệu chi tiết đã được tải.
2025-09-06T16:48:39.6694942Z       -> Mô phỏng hành vi cuộn trang...
2025-09-06T16:48:40.9224286Z    -> Đã thu thập 50 tin từ trang 19.
2025-09-06T16:49:02.4909444Z    -> Đang khai thác trang 20/97 (còn 24 trang nữa sẽ biến hình)...
2025-09-06T16:49:04.4109185Z       -> Bắt đầu giai đoạn 'quan sát' để chờ trang ổn định...
2025-09-06T16:49:10.6808780Z          - Trang đã ổn định (lần 1/2)...
2025-09-06T16:49:12.7159750Z          - Trang đã ổn định (lần 2/2)...
2025-09-06T16:49:12.7160524Z       -> Trang đã ổn định. Dữ liệu chi tiết đã được tải.
2025-09-06T16:49:12.7161188Z       -> Mô phỏng hành vi cuộn trang...
2025-09-06T16:49:13.7665466Z    -> Đã thu thập 50 tin từ trang 20.
2025-09-06T16:49:32.5391935Z    -> Đang khai thác trang 21/97 (còn 23 trang nữa sẽ biến hình)...
2025-09-06T16:49:34.5265843Z       -> Bắt đầu giai đoạn 'quan sát' để chờ trang ổn định...
2025-09-06T16:49:40.8132539Z          - Trang đã ổn định (lần 1/2)...
2025-09-06T16:49:42.8463935Z          - Trang đã ổn định (lần 2/2)...
2025-09-06T16:49:42.8464778Z       -> Trang đã ổn định. Dữ liệu chi tiết đã được tải.
2025-09-06T16:49:42.8465465Z       -> Mô phỏng hành vi cuộn trang...
2025-09-06T16:49:43.9705930Z    -> Đã thu thập 50 tin từ trang 21.
2025-09-06T16:50:08.2991598Z    -> Đang khai thác trang 22/97 (còn 22 trang nữa sẽ biến hình)...
2025-09-06T16:50:10.6112710Z       -> Bắt đầu giai đoạn 'quan sát' để chờ trang ổn định...
2025-09-06T16:50:14.8490827Z          - Trang đã ổn định (lần 1/2)...
2025-09-06T16:50:16.8819825Z          - Trang đã ổn định (lần 2/2)...
2025-09-06T16:50:16.8820403Z       -> Trang đã ổn định. Dữ liệu chi tiết đã được tải.
2025-09-06T16:50:16.8820878Z       -> Mô phỏng hành vi cuộn trang...
2025-09-06T16:50:18.0664546Z    -> Đã thu thập 50 tin từ trang 22.
2025-09-06T16:50:41.6176524Z    -> Đang khai thác trang 23/97 (còn 21 trang nữa sẽ biến hình)...
2025-09-06T16:50:43.4621521Z       -> Bắt đầu giai đoạn 'quan sát' để chờ trang ổn định...
2025-09-06T16:50:47.7527479Z          - Trang đã ổn định (lần 1/2)...
2025-09-06T16:50:49.7838702Z          - Trang đã ổn định (lần 2/2)...
2025-09-06T16:50:49.7839472Z       -> Trang đã ổn định. Dữ liệu chi tiết đã được tải.
2025-09-06T16:50:49.7840127Z       -> Mô phỏng hành vi cuộn trang...
2025-09-06T16:50:50.7317655Z    -> Đã thu thập 50 tin từ trang 23.
2025-09-06T16:51:11.7009348Z    -> Đang khai thác trang 24/97 (còn 20 trang nữa sẽ biến hình)...
2025-09-06T16:51:13.6481833Z       -> Bắt đầu giai đoạn 'quan sát' để chờ trang ổn định...
2025-09-06T16:51:17.9620967Z          - Trang đã ổn định (lần 1/2)...
2025-09-06T16:51:19.9941357Z          - Trang đã ổn định (lần 2/2)...
2025-09-06T16:51:19.9942186Z       -> Trang đã ổn định. Dữ liệu chi tiết đã được tải.
2025-09-06T16:51:19.9943093Z       -> Mô phỏng hành vi cuộn trang...
2025-09-06T16:51:21.1063332Z    -> Đã thu thập 50 tin từ trang 24.
2025-09-06T16:51:43.7996213Z    -> Đang khai thác trang 25/97 (còn 19 trang nữa sẽ biến hình)...
2025-09-06T16:51:45.8163460Z       -> Bắt đầu giai đoạn 'quan sát' để chờ trang ổn định...
2025-09-06T16:51:50.1737218Z          - Trang đã ổn định (lần 1/2)...
2025-09-06T16:51:52.2101096Z          - Trang đã ổn định (lần 2/2)...
2025-09-06T16:51:52.2101858Z       -> Trang đã ổn định. Dữ liệu chi tiết đã được tải.
2025-09-06T16:51:52.2102607Z       -> Mô phỏng hành vi cuộn trang...
2025-09-06T16:51:53.4287572Z    -> Đã thu thập 50 tin từ trang 25.
2025-09-06T16:52:15.8714954Z    -> Đang khai thác trang 26/97 (còn 18 trang nữa sẽ biến hình)...
2025-09-06T16:52:17.8403613Z       -> Bắt đầu giai đoạn 'quan sát' để chờ trang ổn định...
2025-09-06T16:52:22.1898100Z          - Trang đã ổn định (lần 1/2)...
2025-09-06T16:52:24.2225351Z          - Trang đã ổn định (lần 2/2)...
2025-09-06T16:52:24.2225849Z       -> Trang đã ổn định. Dữ liệu chi tiết đã được tải.
2025-09-06T16:52:24.2226227Z       -> Mô phỏng hành vi cuộn trang...
2025-09-06T16:52:25.4695232Z    -> Đã thu thập 50 tin từ trang 26.
2025-09-06T16:52:47.7562261Z    -> Đang khai thác trang 27/97 (còn 17 trang nữa sẽ biến hình)...
2025-09-06T16:52:49.7272305Z       -> Bắt đầu giai đoạn 'quan sát' để chờ trang ổn định...
2025-09-06T16:52:54.0224073Z          - Trang đã ổn định (lần 1/2)...
2025-09-06T16:52:56.0856599Z          - Trang đã ổn định (lần 2/2)...
2025-09-06T16:52:56.0857476Z       -> Trang đã ổn định. Dữ liệu chi tiết đã được tải.
2025-09-06T16:52:56.0857858Z       -> Mô phỏng hành vi cuộn trang...
2025-09-06T16:52:57.2321979Z    -> Đã thu thập 50 tin từ trang 27.
2025-09-06T16:53:17.7949385Z    -> Đang khai thác trang 28/97 (còn 16 trang nữa sẽ biến hình)...
2025-09-06T16:53:19.7202410Z       -> Bắt đầu giai đoạn 'quan sát' để chờ trang ổn định...
2025-09-06T16:53:24.1771775Z          - Trang đã ổn định (lần 1/2)...
2025-09-06T16:53:26.2108171Z          - Trang đã ổn định (lần 2/2)...
2025-09-06T16:53:26.2108782Z       -> Trang đã ổn định. Dữ liệu chi tiết đã được tải.
2025-09-06T16:53:26.2109266Z       -> Mô phỏng hành vi cuộn trang...
2025-09-06T16:53:27.2078723Z    -> Đã thu thập 50 tin từ trang 28.
2025-09-06T16:53:45.7092336Z    -> Đang khai thác trang 29/97 (còn 15 trang nữa sẽ biến hình)...
2025-09-06T16:53:47.6313572Z       -> Bắt đầu giai đoạn 'quan sát' để chờ trang ổn định...
2025-09-06T16:53:51.9467337Z          - Trang đã ổn định (lần 1/2)...
2025-09-06T16:53:53.9830912Z          - Trang đã ổn định (lần 2/2)...
2025-09-06T16:53:53.9831588Z       -> Trang đã ổn định. Dữ liệu chi tiết đã được tải.
2025-09-06T16:53:53.9832063Z       -> Mô phỏng hành vi cuộn trang...
2025-09-06T16:53:55.0417670Z    -> Đã thu thập 50 tin từ trang 29.
2025-09-06T16:54:19.8836481Z    -> Đang khai thác trang 30/97 (còn 14 trang nữa sẽ biến hình)...
2025-09-06T16:54:21.8039080Z       -> Bắt đầu giai đoạn 'quan sát' để chờ trang ổn định...
2025-09-06T16:54:26.1350719Z          - Trang đã ổn định (lần 1/2)...
2025-09-06T16:54:28.1714733Z          - Trang đã ổn định (lần 2/2)...
2025-09-06T16:54:28.1715502Z       -> Trang đã ổn định. Dữ liệu chi tiết đã được tải.
2025-09-06T16:54:28.1716150Z       -> Mô phỏng hành vi cuộn trang...
2025-09-06T16:54:29.3362804Z    -> Đã thu thập 50 tin từ trang 30.
2025-09-06T16:54:47.5459209Z    -> Đang khai thác trang 31/97 (còn 13 trang nữa sẽ biến hình)...
2025-09-06T16:54:49.5933419Z       -> Bắt đầu giai đoạn 'quan sát' để chờ trang ổn định...
2025-09-06T16:54:55.9188292Z          - Trang đã ổn định (lần 1/2)...
2025-09-06T16:54:57.9501127Z          - Trang đã ổn định (lần 2/2)...
2025-09-06T16:54:57.9501627Z       -> Trang đã ổn định. Dữ liệu chi tiết đã được tải.
2025-09-06T16:54:57.9502023Z       -> Mô phỏng hành vi cuộn trang...
2025-09-06T16:54:59.0638807Z    -> Đã thu thập 50 tin từ trang 31.
2025-09-06T16:55:20.4667943Z    -> Đang khai thác trang 32/97 (còn 12 trang nữa sẽ biến hình)...
2025-09-06T16:55:22.3028816Z       -> Bắt đầu giai đoạn 'quan sát' để chờ trang ổn định...
2025-09-06T16:55:26.6075516Z          - Trang đã ổn định (lần 1/2)...
2025-09-06T16:55:28.6416816Z          - Trang đã ổn định (lần 2/2)...
2025-09-06T16:55:28.6417589Z       -> Trang đã ổn định. Dữ liệu chi tiết đã được tải.
2025-09-06T16:55:28.6418583Z       -> Mô phỏng hành vi cuộn trang...
2025-09-06T16:55:29.9494084Z    -> Đã thu thập 50 tin từ trang 32.
2025-09-06T16:55:53.4449378Z    -> Đang khai thác trang 33/97 (còn 11 trang nữa sẽ biến hình)...
2025-09-06T16:55:55.3556725Z       -> Bắt đầu giai đoạn 'quan sát' để chờ trang ổn định...
2025-09-06T16:56:01.6949530Z          - Trang đã ổn định (lần 1/2)...
2025-09-06T16:56:03.7324226Z          - Trang đã ổn định (lần 2/2)...
2025-09-06T16:56:03.7325015Z       -> Trang đã ổn định. Dữ liệu chi tiết đã được tải.
2025-09-06T16:56:03.7325609Z       -> Mô phỏng hành vi cuộn trang...
2025-09-06T16:56:04.8017048Z    -> Đã thu thập 50 tin từ trang 33.
2025-09-06T16:56:22.9979627Z    -> Đang khai thác trang 34/97 (còn 10 trang nữa sẽ biến hình)...
2025-09-06T16:56:24.8685719Z       -> Bắt đầu giai đoạn 'quan sát' để chờ trang ổn định...
2025-09-06T16:56:29.2803391Z          - Trang đã ổn định (lần 1/2)...
2025-09-06T16:56:31.3131082Z          - Trang đã ổn định (lần 2/2)...
2025-09-06T16:56:31.3132049Z       -> Trang đã ổn định. Dữ liệu chi tiết đã được tải.
2025-09-06T16:56:31.3132776Z       -> Mô phỏng hành vi cuộn trang...
2025-09-06T16:56:32.4534190Z    -> Đã thu thập 50 tin từ trang 34.
2025-09-06T16:56:56.9959538Z    -> Đang khai thác trang 35/97 (còn 9 trang nữa sẽ biến hình)...
2025-09-06T16:56:58.8694945Z       -> Bắt đầu giai đoạn 'quan sát' để chờ trang ổn định...
2025-09-06T16:57:03.1719397Z          - Trang đã ổn định (lần 1/2)...
2025-09-06T16:57:05.2036350Z          - Trang đã ổn định (lần 2/2)...
2025-09-06T16:57:05.2037099Z       -> Trang đã ổn định. Dữ liệu chi tiết đã được tải.
2025-09-06T16:57:05.2037748Z       -> Mô phỏng hành vi cuộn trang...
2025-09-06T16:57:06.3394486Z    -> Đã thu thập 50 tin từ trang 35.
2025-09-06T16:57:28.3144300Z    -> Đang khai thác trang 36/97 (còn 8 trang nữa sẽ biến hình)...
2025-09-06T16:57:30.2800676Z       -> Bắt đầu giai đoạn 'quan sát' để chờ trang ổn định...
2025-09-06T16:57:34.5915416Z          - Trang đã ổn định (lần 1/2)...
2025-09-06T16:57:36.6290663Z          - Trang đã ổn định (lần 2/2)...
2025-09-06T16:57:36.6291474Z       -> Trang đã ổn định. Dữ liệu chi tiết đã được tải.
2025-09-06T16:57:36.6292139Z       -> Mô phỏng hành vi cuộn trang...
2025-09-06T16:57:37.8996469Z    -> Đã thu thập 50 tin từ trang 36.
2025-09-06T16:58:01.1201859Z    -> Đang khai thác trang 37/97 (còn 7 trang nữa sẽ biến hình)...
2025-09-06T16:58:02.9928023Z       -> Bắt đầu giai đoạn 'quan sát' để chờ trang ổn định...
2025-09-06T16:58:09.2577198Z          - Trang đã ổn định (lần 1/2)...
2025-09-06T16:58:11.2923063Z          - Trang đã ổn định (lần 2/2)...
2025-09-06T16:58:11.2923823Z       -> Trang đã ổn định. Dữ liệu chi tiết đã được tải.
2025-09-06T16:58:11.2924487Z       -> Mô phỏng hành vi cuộn trang...
2025-09-06T16:58:12.6256736Z    -> Đã thu thập 50 tin từ trang 37.
2025-09-06T16:58:36.1526261Z    -> Đang khai thác trang 38/97 (còn 6 trang nữa sẽ biến hình)...
2025-09-06T16:58:39.5508682Z       -> Bắt đầu giai đoạn 'quan sát' để chờ trang ổn định...
2025-09-06T16:58:44.0454285Z          - Trang đã ổn định (lần 1/2)...
2025-09-06T16:58:46.0830157Z          - Trang đã ổn định (lần 2/2)...
2025-09-06T16:58:46.0830708Z       -> Trang đã ổn định. Dữ liệu chi tiết đã được tải.
2025-09-06T16:58:46.0831170Z       -> Mô phỏng hành vi cuộn trang...
2025-09-06T16:58:47.4011397Z    -> Đã thu thập 50 tin từ trang 38.
2025-09-06T16:59:10.4374438Z    -> Đang khai thác trang 39/97 (còn 5 trang nữa sẽ biến hình)...
2025-09-06T16:59:13.7041340Z       -> Bắt đầu giai đoạn 'quan sát' để chờ trang ổn định...
2025-09-06T16:59:18.0601548Z          - Trang đã ổn định (lần 1/2)...
2025-09-06T16:59:20.0911462Z          - Trang đã ổn định (lần 2/2)...
2025-09-06T16:59:20.0912211Z       -> Trang đã ổn định. Dữ liệu chi tiết đã được tải.
2025-09-06T16:59:20.0913040Z       -> Mô phỏng hành vi cuộn trang...
2025-09-06T16:59:21.2063987Z    -> Đã thu thập 50 tin từ trang 39.
2025-09-06T16:59:42.9131605Z    -> Đang khai thác trang 40/97 (còn 4 trang nữa sẽ biến hình)...
2025-09-06T16:59:45.2686937Z       -> Bắt đầu giai đoạn 'quan sát' để chờ trang ổn định...
2025-09-06T16:59:51.5656610Z          - Trang đã ổn định (lần 1/2)...
2025-09-06T16:59:53.5985073Z          - Trang đã ổn định (lần 2/2)...
2025-09-06T16:59:53.5986372Z       -> Trang đã ổn định. Dữ liệu chi tiết đã được tải.
2025-09-06T16:59:53.5986981Z       -> Mô phỏng hành vi cuộn trang...
2025-09-06T16:59:54.8117604Z    -> Đã thu thập 50 tin từ trang 40.
2025-09-06T17:00:14.6384676Z    -> Đang khai thác trang 41/97 (còn 3 trang nữa sẽ biến hình)...
2025-09-06T17:00:17.0584551Z       -> Bắt đầu giai đoạn 'quan sát' để chờ trang ổn định...
2025-09-06T17:00:21.4225869Z          - Trang đã ổn định (lần 1/2)...
2025-09-06T17:00:23.4531595Z          - Trang đã ổn định (lần 2/2)...
2025-09-06T17:00:23.4532271Z       -> Trang đã ổn định. Dữ liệu chi tiết đã được tải.
2025-09-06T17:00:23.4532747Z       -> Mô phỏng hành vi cuộn trang...
2025-09-06T17:00:24.6134863Z    -> Đã thu thập 50 tin từ trang 41.
2025-09-06T17:00:48.9578517Z    -> Đang khai thác trang 42/97 (còn 2 trang nữa sẽ biến hình)...
2025-09-06T17:00:51.0045842Z       -> Bắt đầu giai đoạn 'quan sát' để chờ trang ổn định...
2025-09-06T17:00:55.3285514Z          - Trang đã ổn định (lần 1/2)...
2025-09-06T17:00:57.3617999Z          - Trang đã ổn định (lần 2/2)...
2025-09-06T17:00:57.3618498Z       -> Trang đã ổn định. Dữ liệu chi tiết đã được tải.
2025-09-06T17:00:57.3618869Z       -> Mô phỏng hành vi cuộn trang...
2025-09-06T17:00:58.5306945Z    -> Đã thu thập 50 tin từ trang 42.
2025-09-06T17:01:18.7747690Z    -> Đang khai thác trang 43/97 (còn 1 trang nữa sẽ biến hình)...
2025-09-06T17:01:21.2137474Z       -> Bắt đầu giai đoạn 'quan sát' để chờ trang ổn định...
2025-09-06T17:01:27.5020571Z          - Trang đã ổn định (lần 1/2)...
2025-09-06T17:01:29.5334134Z          - Trang đã ổn định (lần 2/2)...
2025-09-06T17:01:29.5334688Z       -> Trang đã ổn định. Dữ liệu chi tiết đã được tải.
2025-09-06T17:01:29.5335129Z       -> Mô phỏng hành vi cuộn trang...
2025-09-06T17:01:30.8519194Z    -> Đã thu thập 50 tin từ trang 43.
2025-09-06T17:01:55.6926432Z 
2025-09-06T17:01:55.6927537Z    -> [Điệp viên] Hết độ bền nhân dạng. Bắt đầu "biến hình"...
2025-09-06T17:01:55.8185512Z -> [Điệp viên] Đang yêu cầu một danh tính proxy MỚI từ API...
2025-09-06T17:01:56.9281704Z -> [Điệp viên] Đã nhận proxy mới thành công: 117.1.124.141:21854
2025-09-06T17:01:56.9282074Z 
2025-09-06T17:01:56.9282498Z [Điệp viên] Đang khởi tạo trình duyệt với danh tính 117.1.124.141...
2025-09-06T17:01:57.2031397Z    -> [Điệp viên] "Biến hình" thành công. Độ bền nhân dạng mới: 15 trang.
2025-09-06T17:01:57.2032331Z    -> Đang khai thác trang 44/97 (còn 15 trang nữa sẽ biến hình)...
2025-09-06T17:02:09.1092320Z       -> Bắt đầu giai đoạn 'quan sát' để chờ trang ổn định...
2025-09-06T17:02:15.3637323Z          - Trang đã ổn định (lần 1/2)...
2025-09-06T17:02:17.3984519Z          - Trang đã ổn định (lần 2/2)...
2025-09-06T17:02:17.3985157Z       -> Trang đã ổn định. Dữ liệu chi tiết đã được tải.
2025-09-06T17:02:17.3985667Z       -> Mô phỏng hành vi cuộn trang...
2025-09-06T17:02:18.5978785Z    -> Đã thu thập 50 tin từ trang 44.
2025-09-06T17:02:43.4809835Z    -> Đang khai thác trang 45/97 (còn 14 trang nữa sẽ biến hình)...
2025-09-06T17:02:46.8677721Z       -> Bắt đầu giai đoạn 'quan sát' để chờ trang ổn định...
2025-09-06T17:02:51.1657251Z          - Trang đã ổn định (lần 1/2)...
2025-09-06T17:02:53.1984005Z          - Trang đã ổn định (lần 2/2)...
2025-09-06T17:02:53.1984740Z       -> Trang đã ổn định. Dữ liệu chi tiết đã được tải.
2025-09-06T17:02:53.1985353Z       -> Mô phỏng hành vi cuộn trang...
2025-09-06T17:02:54.3840027Z    -> Đã thu thập 50 tin từ trang 45.
2025-09-06T17:03:15.3444837Z    -> Đang khai thác trang 46/97 (còn 13 trang nữa sẽ biến hình)...
2025-09-06T17:03:17.8713147Z       -> Bắt đầu giai đoạn 'quan sát' để chờ trang ổn định...
2025-09-06T17:03:22.2736656Z          - Trang đã ổn định (lần 1/2)...
2025-09-06T17:03:24.3062006Z          - Trang đã ổn định (lần 2/2)...
2025-09-06T17:03:24.3062554Z       -> Trang đã ổn định. Dữ liệu chi tiết đã được tải.
2025-09-06T17:03:24.3063261Z       -> Mô phỏng hành vi cuộn trang...
2025-09-06T17:03:25.4249535Z    -> Đã thu thập 50 tin từ trang 46.
2025-09-06T17:03:43.5724603Z    -> Đang khai thác trang 47/97 (còn 12 trang nữa sẽ biến hình)...
2025-09-06T17:03:46.0754396Z       -> Bắt đầu giai đoạn 'quan sát' để chờ trang ổn định...
2025-09-06T17:03:50.3677461Z          - Trang đã ổn định (lần 1/2)...
2025-09-06T17:03:52.4018619Z          - Trang đã ổn định (lần 2/2)...
2025-09-06T17:03:52.4019202Z       -> Trang đã ổn định. Dữ liệu chi tiết đã được tải.
2025-09-06T17:03:52.4019682Z       -> Mô phỏng hành vi cuộn trang...
2025-09-06T17:03:53.3861820Z    -> Đã thu thập 50 tin từ trang 47.
2025-09-06T17:04:17.2732327Z    -> Đang khai thác trang 48/97 (còn 11 trang nữa sẽ biến hình)...
2025-09-06T17:04:19.7157730Z       -> Bắt đầu giai đoạn 'quan sát' để chờ trang ổn định...
2025-09-06T17:04:24.1294628Z          - Trang đã ổn định (lần 1/2)...
2025-09-06T17:04:26.1667149Z          - Trang đã ổn định (lần 2/2)...
2025-09-06T17:04:26.1668025Z       -> Trang đã ổn định. Dữ liệu chi tiết đã được tải.
2025-09-06T17:04:26.1668489Z       -> Mô phỏng hành vi cuộn trang...
2025-09-06T17:04:27.4825298Z    -> Đã thu thập 50 tin từ trang 48.
2025-09-06T17:04:49.2329062Z    -> Đang khai thác trang 49/97 (còn 10 trang nữa sẽ biến hình)...
2025-09-06T17:04:51.7309458Z       -> Bắt đầu giai đoạn 'quan sát' để chờ trang ổn định...
2025-09-06T17:04:56.0188497Z          - Trang đã ổn định (lần 1/2)...
2025-09-06T17:04:58.0527678Z          - Trang đã ổn định (lần 2/2)...
2025-09-06T17:04:58.0528190Z       -> Trang đã ổn định. Dữ liệu chi tiết đã được tải.
2025-09-06T17:04:58.0528579Z       -> Mô phỏng hành vi cuộn trang...
2025-09-06T17:04:58.9010873Z    -> Đã thu thập 50 tin từ trang 49.
2025-09-06T17:05:21.7161618Z    -> Đang khai thác trang 50/97 (còn 9 trang nữa sẽ biến hình)...
2025-09-06T17:05:24.5765015Z       -> Bắt đầu giai đoạn 'quan sát' để chờ trang ổn định...
2025-09-06T17:05:29.0512207Z          - Trang đã ổn định (lần 1/2)...
2025-09-06T17:05:31.0819299Z          - Trang đã ổn định (lần 2/2)...
2025-09-06T17:05:31.0820093Z       -> Trang đã ổn định. Dữ liệu chi tiết đã được tải.
2025-09-06T17:05:31.0820733Z       -> Mô phỏng hành vi cuộn trang...
2025-09-06T17:05:32.1326890Z    -> Đã thu thập 50 tin từ trang 50.
2025-09-06T17:05:53.4582188Z    -> Đang khai thác trang 51/97 (còn 8 trang nữa sẽ biến hình)...
2025-09-06T17:05:56.2395606Z       -> Bắt đầu giai đoạn 'quan sát' để chờ trang ổn định...
2025-09-06T17:06:00.5894945Z          - Trang đã ổn định (lần 1/2)...
2025-09-06T17:06:02.6269800Z          - Trang đã ổn định (lần 2/2)...
2025-09-06T17:06:02.6270549Z       -> Trang đã ổn định. Dữ liệu chi tiết đã được tải.
2025-09-06T17:06:02.6271173Z       -> Mô phỏng hành vi cuộn trang...
2025-09-06T17:06:03.7957863Z    -> Đã thu thập 50 tin từ trang 51.
2025-09-06T17:06:28.4160237Z    -> Đang khai thác trang 52/97 (còn 7 trang nữa sẽ biến hình)...
2025-09-06T17:06:30.8926739Z       -> Bắt đầu giai đoạn 'quan sát' để chờ trang ổn định...
2025-09-06T17:06:37.2573438Z          - Trang đã ổn định (lần 1/2)...
2025-09-06T17:06:39.2902298Z          - Trang đã ổn định (lần 2/2)...
2025-09-06T17:06:39.2903293Z       -> Trang đã ổn định. Dữ liệu chi tiết đã được tải.
2025-09-06T17:06:39.2904439Z       -> Mô phỏng hành vi cuộn trang...
2025-09-06T17:06:40.2633887Z    -> Đã thu thập 50 tin từ trang 52.
2025-09-06T17:06:59.5320983Z    -> Đang khai thác trang 53/97 (còn 6 trang nữa sẽ biến hình)...
2025-09-06T17:07:01.7500497Z       -> Bắt đầu giai đoạn 'quan sát' để chờ trang ổn định...
2025-09-06T17:07:06.0761977Z          - Trang đã ổn định (lần 1/2)...
2025-09-06T17:07:08.1080035Z          - Trang đã ổn định (lần 2/2)...
2025-09-06T17:07:08.1080749Z       -> Trang đã ổn định. Dữ liệu chi tiết đã được tải.
2025-09-06T17:07:08.1081319Z       -> Mô phỏng hành vi cuộn trang...
2025-09-06T17:07:09.3775807Z    -> Đã thu thập 50 tin từ trang 53.
2025-09-06T17:07:29.2672263Z    -> Đang khai thác trang 54/97 (còn 5 trang nữa sẽ biến hình)...
2025-09-06T17:07:31.1355156Z       -> Bắt đầu giai đoạn 'quan sát' để chờ trang ổn định...
2025-09-06T17:07:35.4363866Z          - Trang đã ổn định (lần 1/2)...
2025-09-06T17:07:37.4694485Z          - Trang đã ổn định (lần 2/2)...
2025-09-06T17:07:37.4695037Z       -> Trang đã ổn định. Dữ liệu chi tiết đã được tải.
2025-09-06T17:07:37.4695416Z       -> Mô phỏng hành vi cuộn trang...
2025-09-06T17:07:38.7033710Z    -> Đã thu thập 50 tin từ trang 54.
2025-09-06T17:08:01.8495388Z    -> Đang khai thác trang 55/97 (còn 4 trang nữa sẽ biến hình)...
2025-09-06T17:08:04.4223421Z       -> Bắt đầu giai đoạn 'quan sát' để chờ trang ổn định...
2025-09-06T17:08:08.7902227Z          - Trang đã ổn định (lần 1/2)...
2025-09-06T17:08:10.8235976Z          - Trang đã ổn định (lần 2/2)...
2025-09-06T17:08:10.8236773Z       -> Trang đã ổn định. Dữ liệu chi tiết đã được tải.
2025-09-06T17:08:10.8237469Z       -> Mô phỏng hành vi cuộn trang...
2025-09-06T17:08:12.0345629Z    -> Đã thu thập 50 tin từ trang 55.
2025-09-06T17:08:36.1126768Z    -> Đang khai thác trang 56/97 (còn 3 trang nữa sẽ biến hình)...
2025-09-06T17:08:39.0111553Z       -> Bắt đầu giai đoạn 'quan sát' để chờ trang ổn định...
2025-09-06T17:08:43.4460591Z          - Trang đã ổn định (lần 1/2)...
2025-09-06T17:08:45.4774912Z          - Trang đã ổn định (lần 2/2)...
2025-09-06T17:08:45.4775650Z       -> Trang đã ổn định. Dữ liệu chi tiết đã được tải.
2025-09-06T17:08:45.4776290Z       -> Mô phỏng hành vi cuộn trang...
2025-09-06T17:08:46.4504561Z    -> Đã thu thập 50 tin từ trang 56.
2025-09-06T17:09:09.1380766Z    -> Đang khai thác trang 57/97 (còn 2 trang nữa sẽ biến hình)...
2025-09-06T17:09:12.4499640Z       -> Bắt đầu giai đoạn 'quan sát' để chờ trang ổn định...
2025-09-06T17:09:16.8661400Z          - Trang đã ổn định (lần 1/2)...
2025-09-06T17:09:18.8976623Z          - Trang đã ổn định (lần 2/2)...
2025-09-06T17:09:18.8977391Z       -> Trang đã ổn định. Dữ liệu chi tiết đã được tải.
2025-09-06T17:09:18.8978015Z       -> Mô phỏng hành vi cuộn trang...
2025-09-06T17:09:20.0775554Z    -> Đã thu thập 50 tin từ trang 57.
2025-09-06T17:09:38.4115380Z    -> Đang khai thác trang 58/97 (còn 1 trang nữa sẽ biến hình)...
2025-09-06T17:10:00.9594335Z       -> Bắt đầu giai đoạn 'quan sát' để chờ trang ổn định...
2025-09-06T17:10:30.9616746Z    -> Lỗi khi xử lý trang 58: Waiting for selector `div.job-list-search-result` failed: Waiting failed: 30000ms exceeded. Chuyển sang trang tiếp theo.
2025-09-06T17:10:30.9617597Z 
2025-09-06T17:10:30.9618087Z    -> [Điệp viên] Hết độ bền nhân dạng. Bắt đầu "biến hình"...
2025-09-06T17:10:31.0635676Z -> [Điệp viên] Đang yêu cầu một danh tính proxy MỚI từ API...
2025-09-06T17:10:31.6905082Z -> [Điệp viên] Đã nhận proxy mới thành công: 1.52.135.192:18307
2025-09-06T17:10:31.6905451Z 
2025-09-06T17:10:31.6905861Z [Điệp viên] Đang khởi tạo trình duyệt với danh tính 1.52.135.192...
2025-09-06T17:10:31.9765230Z    -> [Điệp viên] "Biến hình" thành công. Độ bền nhân dạng mới: 22 trang.
2025-09-06T17:10:31.9766350Z    -> Đang khai thác trang 59/97 (còn 22 trang nữa sẽ biến hình)...
2025-09-06T17:10:42.4725328Z       -> Bắt đầu giai đoạn 'quan sát' để chờ trang ổn định...
2025-09-06T17:10:46.6120350Z          - Trang đã ổn định (lần 1/2)...
2025-09-06T17:10:48.6735735Z          - Trang đã ổn định (lần 2/2)...
2025-09-06T17:10:48.6736701Z       -> Trang đã ổn định. Dữ liệu chi tiết đã được tải.
2025-09-06T17:10:48.6737374Z       -> Mô phỏng hành vi cuộn trang...
2025-09-06T17:10:49.6311659Z    -> Đã thu thập 50 tin từ trang 59.
2025-09-06T17:11:13.3457116Z    -> Đang khai thác trang 60/97 (còn 21 trang nữa sẽ biến hình)...
2025-09-06T17:11:15.4257824Z       -> Bắt đầu giai đoạn 'quan sát' để chờ trang ổn định...
2025-09-06T17:11:19.7274607Z          - Trang đã ổn định (lần 1/2)...
2025-09-06T17:11:21.7648074Z          - Trang đã ổn định (lần 2/2)...
2025-09-06T17:11:21.7649032Z       -> Trang đã ổn định. Dữ liệu chi tiết đã được tải.
2025-09-06T17:11:21.7649607Z       -> Mô phỏng hành vi cuộn trang...
2025-09-06T17:11:22.7389075Z    -> Đã thu thập 50 tin từ trang 60.
2025-09-06T17:11:44.2440162Z    -> Đang khai thác trang 61/97 (còn 20 trang nữa sẽ biến hình)...
2025-09-06T17:11:46.1964362Z       -> Bắt đầu giai đoạn 'quan sát' để chờ trang ổn định...
2025-09-06T17:11:50.5962214Z          - Trang đã ổn định (lần 1/2)...
2025-09-06T17:11:52.6262352Z          - Trang đã ổn định (lần 2/2)...
2025-09-06T17:11:52.6263150Z       -> Trang đã ổn định. Dữ liệu chi tiết đã được tải.
2025-09-06T17:11:52.6263691Z       -> Mô phỏng hành vi cuộn trang...
2025-09-06T17:11:53.7101631Z    -> Đã thu thập 50 tin từ trang 61.
2025-09-06T17:12:12.0893624Z    -> Đang khai thác trang 62/97 (còn 19 trang nữa sẽ biến hình)...
2025-09-06T17:12:14.0611809Z       -> Bắt đầu giai đoạn 'quan sát' để chờ trang ổn định...
2025-09-06T17:12:18.5086200Z          - Trang đã ổn định (lần 1/2)...
2025-09-06T17:12:20.5432686Z          - Trang đã ổn định (lần 2/2)...
2025-09-06T17:12:20.5434010Z       -> Trang đã ổn định. Dữ liệu chi tiết đã được tải.
2025-09-06T17:12:20.5434751Z       -> Mô phỏng hành vi cuộn trang...
2025-09-06T17:12:21.4775282Z    -> Đã thu thập 50 tin từ trang 62.
2025-09-06T17:12:40.2572581Z    -> Đang khai thác trang 63/97 (còn 18 trang nữa sẽ biến hình)...
2025-09-06T17:12:42.1279520Z       -> Bắt đầu giai đoạn 'quan sát' để chờ trang ổn định...
2025-09-06T17:12:48.5516083Z          - Trang đã ổn định (lần 1/2)...
2025-09-06T17:12:50.5851780Z          - Trang đã ổn định (lần 2/2)...
2025-09-06T17:12:50.5852285Z       -> Trang đã ổn định. Dữ liệu chi tiết đã được tải.
2025-09-06T17:12:50.5852657Z       -> Mô phỏng hành vi cuộn trang...
2025-09-06T17:12:51.7965785Z    -> Đã thu thập 50 tin từ trang 63.
2025-09-06T17:13:14.0606773Z    -> Đang khai thác trang 64/97 (còn 17 trang nữa sẽ biến hình)...
2025-09-06T17:13:15.9260529Z       -> Bắt đầu giai đoạn 'quan sát' để chờ trang ổn định...
2025-09-06T17:13:22.2593228Z          - Trang đã ổn định (lần 1/2)...
2025-09-06T17:13:24.2895507Z          - Trang đã ổn định (lần 2/2)...
2025-09-06T17:13:24.2896251Z       -> Trang đã ổn định. Dữ liệu chi tiết đã được tải.
2025-09-06T17:13:24.2897350Z       -> Mô phỏng hành vi cuộn trang...
2025-09-06T17:13:25.2656061Z    -> Đã thu thập 50 tin từ trang 64.
2025-09-06T17:13:50.2091640Z    -> Đang khai thác trang 65/97 (còn 16 trang nữa sẽ biến hình)...
2025-09-06T17:13:52.0599941Z       -> Bắt đầu giai đoạn 'quan sát' để chờ trang ổn định...
2025-09-06T17:13:58.3652320Z          - Trang đã ổn định (lần 1/2)...
2025-09-06T17:14:00.3947109Z          - Trang đã ổn định (lần 2/2)...
2025-09-06T17:14:00.3947769Z       -> Trang đã ổn định. Dữ liệu chi tiết đã được tải.
2025-09-06T17:14:00.3948238Z       -> Mô phỏng hành vi cuộn trang...
2025-09-06T17:14:01.5834604Z    -> Đã thu thập 50 tin từ trang 65.
2025-09-06T17:14:25.3588664Z    -> Đang khai thác trang 66/97 (còn 15 trang nữa sẽ biến hình)...
2025-09-06T17:14:27.3948365Z       -> Bắt đầu giai đoạn 'quan sát' để chờ trang ổn định...
2025-09-06T17:14:31.7358741Z          - Trang đã ổn định (lần 1/2)...
2025-09-06T17:14:33.7692482Z          - Trang đã ổn định (lần 2/2)...
2025-09-06T17:14:33.7693329Z       -> Trang đã ổn định. Dữ liệu chi tiết đã được tải.
2025-09-06T17:14:33.7693781Z       -> Mô phỏng hành vi cuộn trang...
2025-09-06T17:14:34.9750068Z    -> Đã thu thập 50 tin từ trang 66.
2025-09-06T17:14:57.3563101Z    -> Đang khai thác trang 67/97 (còn 14 trang nữa sẽ biến hình)...
2025-09-06T17:14:59.1910269Z       -> Bắt đầu giai đoạn 'quan sát' để chờ trang ổn định...
2025-09-06T17:15:03.4464195Z          - Trang đã ổn định (lần 1/2)...
2025-09-06T17:15:05.4751190Z          - Trang đã ổn định (lần 2/2)...
2025-09-06T17:15:05.4751945Z       -> Trang đã ổn định. Dữ liệu chi tiết đã được tải.
2025-09-06T17:15:05.4752566Z       -> Mô phỏng hành vi cuộn trang...
2025-09-06T17:15:06.6027665Z    -> Đã thu thập 50 tin từ trang 67.
2025-09-06T17:15:25.7059695Z    -> Đang khai thác trang 68/97 (còn 13 trang nữa sẽ biến hình)...
2025-09-06T17:15:27.7132402Z       -> Bắt đầu giai đoạn 'quan sát' để chờ trang ổn định...
2025-09-06T17:15:32.1370411Z          - Trang đã ổn định (lần 1/2)...
2025-09-06T17:15:34.1653954Z          - Trang đã ổn định (lần 2/2)...
2025-09-06T17:15:34.1654453Z       -> Trang đã ổn định. Dữ liệu chi tiết đã được tải.
2025-09-06T17:15:34.1654851Z       -> Mô phỏng hành vi cuộn trang...
2025-09-06T17:15:35.0184491Z    -> Đã thu thập 50 tin từ trang 68.
2025-09-06T17:15:56.8172189Z    -> Đang khai thác trang 69/97 (còn 12 trang nữa sẽ biến hình)...
2025-09-06T17:15:58.6794635Z       -> Bắt đầu giai đoạn 'quan sát' để chờ trang ổn định...
2025-09-06T17:16:04.9452404Z          - Trang đã ổn định (lần 1/2)...
2025-09-06T17:16:06.9769848Z          - Trang đã ổn định (lần 2/2)...
2025-09-06T17:16:06.9770369Z       -> Trang đã ổn định. Dữ liệu chi tiết đã được tải.
2025-09-06T17:16:06.9770757Z       -> Mô phỏng hành vi cuộn trang...
2025-09-06T17:16:08.1464248Z    -> Đã thu thập 50 tin từ trang 69.
2025-09-06T17:16:32.2850566Z    -> Đang khai thác trang 70/97 (còn 11 trang nữa sẽ biến hình)...
2025-09-06T17:16:34.1080365Z       -> Bắt đầu giai đoạn 'quan sát' để chờ trang ổn định...
2025-09-06T17:16:40.4141375Z          - Trang đã ổn định (lần 1/2)...
2025-09-06T17:16:42.4464118Z          - Trang đã ổn định (lần 2/2)...
2025-09-06T17:16:42.4464881Z       -> Trang đã ổn định. Dữ liệu chi tiết đã được tải.
2025-09-06T17:16:42.4466085Z       -> Mô phỏng hành vi cuộn trang...
2025-09-06T17:16:43.6929304Z    -> Đã thu thập 50 tin từ trang 70.
2025-09-06T17:17:05.8657566Z    -> Đang khai thác trang 71/97 (còn 10 trang nữa sẽ biến hình)...
2025-09-06T17:17:07.7154561Z       -> Bắt đầu giai đoạn 'quan sát' để chờ trang ổn định...
2025-09-06T17:17:12.0960811Z          - Trang đã ổn định (lần 1/2)...
2025-09-06T17:17:14.1296439Z          - Trang đã ổn định (lần 2/2)...
2025-09-06T17:17:14.1297174Z       -> Trang đã ổn định. Dữ liệu chi tiết đã được tải.
2025-09-06T17:17:14.1297799Z       -> Mô phỏng hành vi cuộn trang...
2025-09-06T17:17:15.0660616Z    -> Đã thu thập 50 tin từ trang 71.
2025-09-06T17:17:39.4949684Z    -> Đang khai thác trang 72/97 (còn 9 trang nữa sẽ biến hình)...
2025-09-06T17:17:41.3160124Z       -> Bắt đầu giai đoạn 'quan sát' để chờ trang ổn định...
2025-09-06T17:17:47.6098300Z          - Trang đã ổn định (lần 1/2)...
2025-09-06T17:17:49.6430502Z          - Trang đã ổn định (lần 2/2)...
2025-09-06T17:17:49.6431363Z       -> Trang đã ổn định. Dữ liệu chi tiết đã được tải.
2025-09-06T17:17:49.6432020Z       -> Mô phỏng hành vi cuộn trang...
2025-09-06T17:17:50.7870270Z    -> Đã thu thập 50 tin từ trang 72.
2025-09-06T17:18:12.5825458Z    -> Đang khai thác trang 73/97 (còn 8 trang nữa sẽ biến hình)...
2025-09-06T17:18:14.6263093Z       -> Bắt đầu giai đoạn 'quan sát' để chờ trang ổn định...
2025-09-06T17:18:19.0490872Z          - Trang đã ổn định (lần 1/2)...
2025-09-06T17:18:21.0832467Z          - Trang đã ổn định (lần 2/2)...
2025-09-06T17:18:21.0833184Z       -> Trang đã ổn định. Dữ liệu chi tiết đã được tải.
2025-09-06T17:18:21.0833630Z       -> Mô phỏng hành vi cuộn trang...
2025-09-06T17:18:22.3681464Z    -> Đã thu thập 50 tin từ trang 73.
2025-09-06T17:18:41.8791345Z    -> Đang khai thác trang 74/97 (còn 7 trang nữa sẽ biến hình)...
2025-09-06T17:18:43.7477096Z       -> Bắt đầu giai đoạn 'quan sát' để chờ trang ổn định...
2025-09-06T17:18:48.1429861Z          - Trang đã ổn định (lần 1/2)...
2025-09-06T17:18:50.1757708Z          - Trang đã ổn định (lần 2/2)...
2025-09-06T17:18:50.1758624Z       -> Trang đã ổn định. Dữ liệu chi tiết đã được tải.
2025-09-06T17:18:50.1759399Z       -> Mô phỏng hành vi cuộn trang...
2025-09-06T17:18:51.3714820Z    -> Đã thu thập 50 tin từ trang 74.
2025-09-06T17:19:09.5618649Z    -> Đang khai thác trang 75/97 (còn 6 trang nữa sẽ biến hình)...
2025-09-06T17:19:11.4597514Z       -> Bắt đầu giai đoạn 'quan sát' để chờ trang ổn định...
2025-09-06T17:19:15.9557618Z          - Trang đã ổn định (lần 1/2)...
2025-09-06T17:19:17.9869580Z          - Trang đã ổn định (lần 2/2)...
2025-09-06T17:19:17.9870307Z       -> Trang đã ổn định. Dữ liệu chi tiết đã được tải.
2025-09-06T17:19:17.9870931Z       -> Mô phỏng hành vi cuộn trang...
2025-09-06T17:19:19.2970863Z    -> Đã thu thập 50 tin từ trang 75.
2025-09-06T17:19:44.2510893Z    -> Đang khai thác trang 76/97 (còn 5 trang nữa sẽ biến hình)...
2025-09-06T17:19:44.9335489Z       -> Bắt đầu giai đoạn 'quan sát' để chờ trang ổn định...
2025-09-06T17:20:14.9395412Z    -> Lỗi khi xử lý trang 76: Waiting for selector `div.job-list-search-result` failed: Waiting failed: 30000ms exceeded. Chuyển sang trang tiếp theo.
2025-09-06T17:20:14.9397068Z    -> Đang khai thác trang 77/97 (còn 4 trang nữa sẽ biến hình)...
2025-09-06T17:20:16.8441849Z       -> Bắt đầu giai đoạn 'quan sát' để chờ trang ổn định...
2025-09-06T17:20:21.3026787Z          - Trang đã ổn định (lần 1/2)...
2025-09-06T17:20:23.3352765Z          - Trang đã ổn định (lần 2/2)...
2025-09-06T17:20:23.3353656Z       -> Trang đã ổn định. Dữ liệu chi tiết đã được tải.
2025-09-06T17:20:23.3354117Z       -> Mô phỏng hành vi cuộn trang...
2025-09-06T17:20:24.5904670Z    -> Đã thu thập 50 tin từ trang 77.
2025-09-06T17:20:43.1047900Z    -> Đang khai thác trang 78/97 (còn 3 trang nữa sẽ biến hình)...
2025-09-06T17:20:44.9833263Z       -> Bắt đầu giai đoạn 'quan sát' để chờ trang ổn định...
2025-09-06T17:20:49.3429834Z          - Trang đã ổn định (lần 1/2)...
2025-09-06T17:20:51.3789546Z          - Trang đã ổn định (lần 2/2)...
2025-09-06T17:20:51.3790064Z       -> Trang đã ổn định. Dữ liệu chi tiết đã được tải.
2025-09-06T17:20:51.3790443Z       -> Mô phỏng hành vi cuộn trang...
2025-09-06T17:20:52.4116719Z    -> Đã thu thập 50 tin từ trang 78.
2025-09-06T17:21:12.4345624Z    -> Đang khai thác trang 79/97 (còn 2 trang nữa sẽ biến hình)...
2025-09-06T17:21:14.2737462Z       -> Bắt đầu giai đoạn 'quan sát' để chờ trang ổn định...
2025-09-06T17:21:18.6370314Z          - Trang đã ổn định (lần 1/2)...
2025-09-06T17:21:20.6740035Z          - Trang đã ổn định (lần 2/2)...
2025-09-06T17:21:20.6740821Z       -> Trang đã ổn định. Dữ liệu chi tiết đã được tải.
2025-09-06T17:21:20.6741519Z       -> Mô phỏng hành vi cuộn trang...
2025-09-06T17:21:21.7754639Z    -> Đã thu thập 50 tin từ trang 79.
2025-09-06T17:21:46.6904277Z    -> Đang khai thác trang 80/97 (còn 1 trang nữa sẽ biến hình)...
2025-09-06T17:21:48.6220695Z       -> Bắt đầu giai đoạn 'quan sát' để chờ trang ổn định...
2025-09-06T17:21:52.8744639Z          - Trang đã ổn định (lần 1/2)...
2025-09-06T17:21:54.9089284Z          - Trang đã ổn định (lần 2/2)...
2025-09-06T17:21:54.9089880Z       -> Trang đã ổn định. Dữ liệu chi tiết đã được tải.
2025-09-06T17:21:54.9090277Z       -> Mô phỏng hành vi cuộn trang...
2025-09-06T17:21:55.7926535Z    -> Đã thu thập 50 tin từ trang 80.
2025-09-06T17:22:16.6046919Z 
2025-09-06T17:22:16.6047958Z    -> [Điệp viên] Hết độ bền nhân dạng. Bắt đầu "biến hình"...
2025-09-06T17:22:16.7179446Z -> [Điệp viên] Đang yêu cầu một danh tính proxy MỚI từ API...
2025-09-06T17:22:17.1925411Z -> [Điệp viên] Đã nhận proxy mới thành công: 171.239.24.6:18150
2025-09-06T17:22:17.1925859Z 
2025-09-06T17:22:17.1926392Z [Điệp viên] Đang khởi tạo trình duyệt với danh tính 171.239.24.6...
2025-09-06T17:22:17.4542420Z    -> [Điệp viên] "Biến hình" thành công. Độ bền nhân dạng mới: 21 trang.
2025-09-06T17:22:17.4543339Z    -> Đang khai thác trang 81/97 (còn 21 trang nữa sẽ biến hình)...
2025-09-06T17:22:29.7697730Z       -> Bắt đầu giai đoạn 'quan sát' để chờ trang ổn định...
2025-09-06T17:22:34.1238537Z          - Trang đã ổn định (lần 1/2)...
2025-09-06T17:22:38.1801280Z          - Trang đã ổn định (lần 1/2)...
2025-09-06T17:22:40.2100790Z          - Trang đã ổn định (lần 2/2)...
2025-09-06T17:22:40.2101351Z       -> Trang đã ổn định. Dữ liệu chi tiết đã được tải.
2025-09-06T17:22:40.2101799Z       -> Mô phỏng hành vi cuộn trang...
2025-09-06T17:22:41.2149451Z    -> Đã thu thập 50 tin từ trang 81.
2025-09-06T17:23:00.5939387Z    -> Đang khai thác trang 82/97 (còn 20 trang nữa sẽ biến hình)...
2025-09-06T17:23:03.1300404Z       -> Bắt đầu giai đoạn 'quan sát' để chờ trang ổn định...
2025-09-06T17:23:09.4374953Z          - Trang đã ổn định (lần 1/2)...
2025-09-06T17:23:11.4685439Z          - Trang đã ổn định (lần 2/2)...
2025-09-06T17:23:11.4688686Z       -> Trang đã ổn định. Dữ liệu chi tiết đã được tải.
2025-09-06T17:23:11.4689426Z       -> Mô phỏng hành vi cuộn trang...
2025-09-06T17:23:12.4581424Z    -> Đã thu thập 50 tin từ trang 82.
2025-09-06T17:23:30.4757800Z    -> Đang khai thác trang 83/97 (còn 19 trang nữa sẽ biến hình)...
2025-09-06T17:23:32.6580898Z       -> Bắt đầu giai đoạn 'quan sát' để chờ trang ổn định...
2025-09-06T17:23:36.9528968Z          - Trang đã ổn định (lần 1/2)...
2025-09-06T17:23:38.9837354Z          - Trang đã ổn định (lần 2/2)...
2025-09-06T17:23:38.9839721Z       -> Trang đã ổn định. Dữ liệu chi tiết đã được tải.
2025-09-06T17:23:38.9840323Z       -> Mô phỏng hành vi cuộn trang...
2025-09-06T17:23:40.2224517Z    -> Đã thu thập 50 tin từ trang 83.
2025-09-06T17:24:03.2159871Z    -> Đang khai thác trang 84/97 (còn 18 trang nữa sẽ biến hình)...
2025-09-06T17:24:05.4356491Z       -> Bắt đầu giai đoạn 'quan sát' để chờ trang ổn định...
2025-09-06T17:24:09.7442128Z          - Trang đã ổn định (lần 1/2)...
2025-09-06T17:24:11.7781527Z          - Trang đã ổn định (lần 2/2)...
2025-09-06T17:24:11.7782037Z       -> Trang đã ổn định. Dữ liệu chi tiết đã được tải.
2025-09-06T17:24:11.7782412Z       -> Mô phỏng hành vi cuộn trang...
2025-09-06T17:24:12.7961668Z    -> Đã thu thập 50 tin từ trang 84.
2025-09-06T17:24:35.2970700Z    -> Đang khai thác trang 85/97 (còn 17 trang nữa sẽ biến hình)...
2025-09-06T17:24:37.8521586Z       -> Bắt đầu giai đoạn 'quan sát' để chờ trang ổn định...
2025-09-06T17:24:42.1433212Z          - Trang đã ổn định (lần 1/2)...
2025-09-06T17:24:44.1719322Z          - Trang đã ổn định (lần 2/2)...
2025-09-06T17:24:44.1719836Z       -> Trang đã ổn định. Dữ liệu chi tiết đã được tải.
2025-09-06T17:24:44.1720251Z       -> Mô phỏng hành vi cuộn trang...
2025-09-06T17:24:45.4018161Z    -> Đã thu thập 50 tin từ trang 85.
2025-09-06T17:25:06.7110081Z    -> Đang khai thác trang 86/97 (còn 16 trang nữa sẽ biến hình)...
2025-09-06T17:25:09.1301082Z       -> Bắt đầu giai đoạn 'quan sát' để chờ trang ổn định...
2025-09-06T17:25:13.4935999Z          - Trang đã ổn định (lần 1/2)...
2025-09-06T17:25:15.5260130Z          - Trang đã ổn định (lần 2/2)...
2025-09-06T17:25:15.5260656Z       -> Trang đã ổn định. Dữ liệu chi tiết đã được tải.
2025-09-06T17:25:15.5261124Z       -> Mô phỏng hành vi cuộn trang...
2025-09-06T17:25:16.8616217Z    -> Đã thu thập 50 tin từ trang 86.
2025-09-06T17:25:40.2470205Z    -> Đang khai thác trang 87/97 (còn 15 trang nữa sẽ biến hình)...
2025-09-06T17:25:42.5836044Z       -> Bắt đầu giai đoạn 'quan sát' để chờ trang ổn định...
2025-09-06T17:25:46.9436612Z          - Trang đã ổn định (lần 1/2)...
2025-09-06T17:25:48.9756267Z          - Trang đã ổn định (lần 2/2)...
2025-09-06T17:25:48.9757035Z       -> Trang đã ổn định. Dữ liệu chi tiết đã được tải.
2025-09-06T17:25:48.9757655Z       -> Mô phỏng hành vi cuộn trang...
2025-09-06T17:25:50.1702449Z    -> Đã thu thập 50 tin từ trang 87.
2025-09-06T17:26:11.6827626Z    -> Đang khai thác trang 88/97 (còn 14 trang nữa sẽ biến hình)...
2025-09-06T17:26:14.1226838Z       -> Bắt đầu giai đoạn 'quan sát' để chờ trang ổn định...
2025-09-06T17:26:20.4028273Z          - Trang đã ổn định (lần 1/2)...
2025-09-06T17:26:22.4378863Z          - Trang đã ổn định (lần 2/2)...
2025-09-06T17:26:22.4379523Z       -> Trang đã ổn định. Dữ liệu chi tiết đã được tải.
2025-09-06T17:26:22.4379982Z       -> Mô phỏng hành vi cuộn trang...
2025-09-06T17:26:23.7717996Z    -> Đã thu thập 50 tin từ trang 88.
2025-09-06T17:26:45.7871533Z    -> Đang khai thác trang 89/97 (còn 13 trang nữa sẽ biến hình)...
2025-09-06T17:26:47.9580327Z       -> Bắt đầu giai đoạn 'quan sát' để chờ trang ổn định...
2025-09-06T17:26:54.2814131Z          - Trang đã ổn định (lần 1/2)...
2025-09-06T17:26:56.3147711Z          - Trang đã ổn định (lần 2/2)...
2025-09-06T17:26:56.3148501Z       -> Trang đã ổn định. Dữ liệu chi tiết đã được tải.
2025-09-06T17:26:56.3149200Z       -> Mô phỏng hành vi cuộn trang...
2025-09-06T17:26:57.1843164Z    -> Đã thu thập 50 tin từ trang 89.
2025-09-06T17:27:18.7340374Z    -> Đang khai thác trang 90/97 (còn 12 trang nữa sẽ biến hình)...
2025-09-06T17:27:22.1262120Z       -> Bắt đầu giai đoạn 'quan sát' để chờ trang ổn định...
2025-09-06T17:27:26.5645720Z          - Trang đã ổn định (lần 1/2)...
2025-09-06T17:27:28.5935287Z          - Trang đã ổn định (lần 2/2)...
2025-09-06T17:27:28.5936076Z       -> Trang đã ổn định. Dữ liệu chi tiết đã được tải.
2025-09-06T17:27:28.5936780Z       -> Mô phỏng hành vi cuộn trang...
2025-09-06T17:27:29.6990870Z    -> Đã thu thập 50 tin từ trang 90.
2025-09-06T17:27:48.7371619Z    -> Đang khai thác trang 91/97 (còn 11 trang nữa sẽ biến hình)...
2025-09-06T17:27:51.9831899Z       -> Bắt đầu giai đoạn 'quan sát' để chờ trang ổn định...
2025-09-06T17:27:56.3173518Z          - Trang đã ổn định (lần 1/2)...
2025-09-06T17:27:58.3489985Z          - Trang đã ổn định (lần 2/2)...
2025-09-06T17:27:58.3490491Z       -> Trang đã ổn định. Dữ liệu chi tiết đã được tải.
2025-09-06T17:27:58.3490920Z       -> Mô phỏng hành vi cuộn trang...
2025-09-06T17:27:59.6790886Z    -> Đã thu thập 50 tin từ trang 91.
2025-09-06T17:28:23.7117178Z    -> Đang khai thác trang 92/97 (còn 10 trang nữa sẽ biến hình)...
2025-09-06T17:28:27.1870948Z       -> Bắt đầu giai đoạn 'quan sát' để chờ trang ổn định...
2025-09-06T17:28:31.5356013Z          - Trang đã ổn định (lần 1/2)...
2025-09-06T17:28:33.5729586Z          - Trang đã ổn định (lần 2/2)...
2025-09-06T17:28:33.5730409Z       -> Trang đã ổn định. Dữ liệu chi tiết đã được tải.
2025-09-06T17:28:33.5731114Z       -> Mô phỏng hành vi cuộn trang...
2025-09-06T17:28:34.7711127Z    -> Đã thu thập 49 tin từ trang 92.
2025-09-06T17:28:54.4648065Z    -> Đang khai thác trang 93/97 (còn 9 trang nữa sẽ biến hình)...
2025-09-06T17:28:58.8180274Z       -> Bắt đầu giai đoạn 'quan sát' để chờ trang ổn định...
2025-09-06T17:29:03.2081580Z          - Trang đã ổn định (lần 1/2)...
2025-09-06T17:29:05.2361583Z          - Trang đã ổn định (lần 2/2)...
2025-09-06T17:29:05.2362536Z       -> Trang đã ổn định. Dữ liệu chi tiết đã được tải.
2025-09-06T17:29:05.2363689Z       -> Mô phỏng hành vi cuộn trang...
2025-09-06T17:29:06.2786888Z    -> Đã thu thập 49 tin từ trang 93.
2025-09-06T17:29:25.5873181Z    -> Đang khai thác trang 94/97 (còn 8 trang nữa sẽ biến hình)...
2025-09-06T17:29:29.3600134Z       -> Bắt đầu giai đoạn 'quan sát' để chờ trang ổn định...
2025-09-06T17:29:33.7478618Z          - Trang đã ổn định (lần 1/2)...
2025-09-06T17:29:35.7822274Z          - Trang đã ổn định (lần 2/2)...
2025-09-06T17:29:35.7823218Z       -> Trang đã ổn định. Dữ liệu chi tiết đã được tải.
2025-09-06T17:29:35.7823896Z       -> Mô phỏng hành vi cuộn trang...
2025-09-06T17:29:36.8364592Z    -> Đã thu thập 49 tin từ trang 94.
2025-09-06T17:29:55.0572758Z    -> Đang khai thác trang 95/97 (còn 7 trang nữa sẽ biến hình)...
2025-09-06T17:29:58.5216295Z       -> Bắt đầu giai đoạn 'quan sát' để chờ trang ổn định...
2025-09-06T17:30:02.8988689Z          - Trang đã ổn định (lần 1/2)...
2025-09-06T17:30:04.9297094Z          - Trang đã ổn định (lần 2/2)...
2025-09-06T17:30:04.9298092Z       -> Trang đã ổn định. Dữ liệu chi tiết đã được tải.
2025-09-06T17:30:04.9298585Z       -> Mô phỏng hành vi cuộn trang...
2025-09-06T17:30:06.0104187Z    -> Đã thu thập 49 tin từ trang 95.
2025-09-06T17:30:24.8097215Z    -> Đang khai thác trang 96/97 (còn 6 trang nữa sẽ biến hình)...
2025-09-06T17:30:28.6560064Z       -> Bắt đầu giai đoạn 'quan sát' để chờ trang ổn định...
2025-09-06T17:30:32.9648069Z          - Trang đã ổn định (lần 1/2)...
2025-09-06T17:30:34.9988306Z          - Trang đã ổn định (lần 2/2)...
2025-09-06T17:30:34.9989102Z       -> Trang đã ổn định. Dữ liệu chi tiết đã được tải.
2025-09-06T17:30:34.9989728Z       -> Mô phỏng hành vi cuộn trang...
2025-09-06T17:30:35.9484624Z    -> Đã thu thập 49 tin từ trang 96.
2025-09-06T17:30:57.5433449Z    -> Đang khai thác trang 97/97 (còn 5 trang nữa sẽ biến hình)...
2025-09-06T17:31:01.7003320Z       -> Bắt đầu giai đoạn 'quan sát' để chờ trang ổn định...
2025-09-06T17:31:06.1333805Z          - Trang đã ổn định (lần 1/2)...
2025-09-06T17:31:08.1653503Z          - Trang đã ổn định (lần 2/2)...
2025-09-06T17:31:08.1654313Z       -> Trang đã ổn định. Dữ liệu chi tiết đã được tải.
2025-09-06T17:31:08.1654992Z       -> Mô phỏng hành vi cuộn trang...
2025-09-06T17:31:09.2344031Z    -> Đã thu thập 49 tin từ trang 97.
2025-09-06T17:31:33.7531304Z 
2025-09-06T17:31:33.7532690Z [Điệp viên] Rút lui an toàn, đã đóng trình duyệt.
2025-09-06T17:31:34.0945803Z 
2025-09-06T17:31:34.0948523Z --- BÁO CÁO NHIỆM VỤ ---
2025-09-06T17:31:34.0949484Z Đã tổng hợp 4744 tin duy nhất vào data/topcv_ke-toan_07-09-2025.csv
2025-09-06T17:31:34.2266802Z ##[group]Run # Đồng bộ hóa với các file dữ liệu cũ (nếu có) để tránh lỗi push
2025-09-06T17:31:34.2267320Z [36;1m# Đồng bộ hóa với các file dữ liệu cũ (nếu có) để tránh lỗi push[0m
2025-09-06T17:31:34.2267660Z [36;1mgit pull origin main --rebase[0m
2025-09-06T17:31:34.2267913Z [36;1m[0m
2025-09-06T17:31:34.2268159Z [36;1mgit config --global user.name 'GitHub Actions Scraper'[0m
2025-09-06T17:31:34.2268529Z [36;1mgit config --global user.email 'actions@github.com'[0m
2025-09-06T17:31:34.2268854Z [36;1mgit add data/topcv_ke-toan_07-09-2025.csv[0m
2025-09-06T17:31:34.2269254Z [36;1mgit commit -m "📊 Dữ liệu TopCV: Thêm 4744 tin mới vào data/topcv_ke-toan_07-09-2025.csv"[0m
2025-09-06T17:31:34.2269656Z [36;1mgit push[0m
2025-09-06T17:31:34.2299322Z shell: /usr/bin/bash -e {0}
2025-09-06T17:31:34.2299562Z ##[endgroup]
2025-09-06T17:31:34.7465503Z From https://github.com/thiensang1/topcv-job-scraper
2025-09-06T17:31:34.7466097Z  * branch            main       -> FETCH_HEAD
2025-09-06T17:31:34.7540412Z Already up to date.
2025-09-06T17:31:34.7999915Z [main 5134382] 📊 Dữ liệu TopCV: Thêm 4744 tin mới vào data/topcv_ke-toan_07-09-2025.csv
2025-09-06T17:31:34.8000663Z  1 file changed, 4745 insertions(+)
2025-09-06T17:31:34.8001227Z  create mode 100644 data/topcv_ke-toan_07-09-2025.csv
2025-09-06T17:31:35.5698482Z To https://github.com/thiensang1/topcv-job-scraper
2025-09-06T17:31:35.5699266Z    8409a81..5134382  main -> main
2025-09-06T17:31:35.5784025Z Post job cleanup.
2025-09-06T17:31:35.7279978Z Cache hit occurred on the primary key node-cache-Linux-x64-npm-416e735b9ac2a76a2dd6b9ec1a6fe63cc3ce0bfa9ce4a61af4a52cdd46502d8f, not saving cache.
2025-09-06T17:31:35.7380962Z Post job cleanup.
2025-09-06T17:31:35.8298374Z [command]/usr/bin/git version
2025-09-06T17:31:35.8333486Z git version 2.51.0
2025-09-06T17:31:35.8369704Z Copying '/home/runner/.gitconfig' to '/home/runner/work/_temp/a0aad0a6-4cf8-499c-821b-b25499594d9b/.gitconfig'
2025-09-06T17:31:35.8379941Z Temporarily overriding HOME='/home/runner/work/_temp/a0aad0a6-4cf8-499c-821b-b25499594d9b' before making global git config changes
2025-09-06T17:31:35.8381041Z Adding repository directory to the temporary git global config as a safe directory
2025-09-06T17:31:35.8385756Z [command]/usr/bin/git config --global --add safe.directory /home/runner/work/topcv-job-scraper/topcv-job-scraper
2025-09-06T17:31:35.8419950Z [command]/usr/bin/git config --local --name-only --get-regexp core\.sshCommand
2025-09-06T17:31:35.8452320Z [command]/usr/bin/git submodule foreach --recursive sh -c "git config --local --name-only --get-regexp 'core\.sshCommand' && git config --local --unset-all 'core.sshCommand' || :"
2025-09-06T17:31:35.8683698Z [command]/usr/bin/git config --local --name-only --get-regexp http\.https\:\/\/github\.com\/\.extraheader
2025-09-06T17:31:35.8703666Z http.https://github.com/.extraheader
2025-09-06T17:31:35.8716278Z [command]/usr/bin/git config --local --unset-all http.https://github.com/.extraheader
2025-09-06T17:31:35.8747536Z [command]/usr/bin/git submodule foreach --recursive sh -c "git config --local --name-only --get-regexp 'http\.https\:\/\/github\.com\/\.extraheader' && git config --local --unset-all 'http.https://github.com/.extraheader' || :"
2025-09-06T17:31:35.9068812Z Cleaning up orphan processes
