2025-09-06T14:15:01.7001019Z Current runner version: '2.328.0'
2025-09-06T14:15:01.7034317Z ##[group]Runner Image Provisioner
2025-09-06T14:15:01.7035584Z Hosted Compute Agent
2025-09-06T14:15:01.7036629Z Version: 20250829.383
2025-09-06T14:15:01.7037688Z Commit: 27cb235aab5b0e52e153a26cd86b4742e89dac5d
2025-09-06T14:15:01.7039173Z Build Date: 2025-08-29T13:48:48Z
2025-09-06T14:15:01.7040403Z ##[endgroup]
2025-09-06T14:15:01.7041320Z ##[group]Operating System
2025-09-06T14:15:01.7042260Z Ubuntu
2025-09-06T14:15:01.7043223Z 24.04.3
2025-09-06T14:15:01.7043993Z LTS
2025-09-06T14:15:01.7044783Z ##[endgroup]
2025-09-06T14:15:01.7045899Z ##[group]Runner Image
2025-09-06T14:15:01.7046852Z Image: ubuntu-24.04
2025-09-06T14:15:01.7047760Z Version: 20250831.1.0
2025-09-06T14:15:01.7049970Z Included Software: https://github.com/actions/runner-images/blob/ubuntu24/20250831.1/images/ubuntu/Ubuntu2404-Readme.md
2025-09-06T14:15:01.7052774Z Image Release: https://github.com/actions/runner-images/releases/tag/ubuntu24%2F20250831.1
2025-09-06T14:15:01.7054789Z ##[endgroup]
2025-09-06T14:15:01.7058899Z ##[group]GITHUB_TOKEN Permissions
2025-09-06T14:15:01.7062210Z Actions: write
2025-09-06T14:15:01.7063081Z Attestations: write
2025-09-06T14:15:01.7064003Z Checks: write
2025-09-06T14:15:01.7064751Z Contents: write
2025-09-06T14:15:01.7065603Z Deployments: write
2025-09-06T14:15:01.7066536Z Discussions: write
2025-09-06T14:15:01.7067390Z Issues: write
2025-09-06T14:15:01.7068237Z Metadata: read
2025-09-06T14:15:01.7069382Z Models: read
2025-09-06T14:15:01.7070141Z Packages: write
2025-09-06T14:15:01.7070962Z Pages: write
2025-09-06T14:15:01.7071904Z PullRequests: write
2025-09-06T14:15:01.7072802Z RepositoryProjects: write
2025-09-06T14:15:01.7073707Z SecurityEvents: write
2025-09-06T14:15:01.7074988Z Statuses: write
2025-09-06T14:15:01.7075924Z ##[endgroup]
2025-09-06T14:15:01.7079379Z Secret source: Actions
2025-09-06T14:15:01.7080891Z Prepare workflow directory
2025-09-06T14:15:01.7542876Z Prepare all required actions
2025-09-06T14:15:01.7600328Z Getting action download info
2025-09-06T14:15:02.0365307Z Download action repository 'actions/checkout@v4' (SHA:08eba0b27e820071cde6df949e0beb9ba4906955)
2025-09-06T14:15:02.1010376Z Download action repository 'actions/setup-node@v4' (SHA:49933ea5288caeca8642d1e84afbd3f7d6820020)
2025-09-06T14:15:02.1949219Z Download action repository 'browser-actions/setup-chrome@latest' (SHA:b94431e051d1c52dcbe9a7092a4f10f827795416)
2025-09-06T14:15:02.7560277Z Complete job name: scrape-and-commit
2025-09-06T14:15:02.8254895Z ##[group]Run actions/checkout@v4
2025-09-06T14:15:02.8255762Z with:
2025-09-06T14:15:02.8256137Z   fetch-depth: 0
2025-09-06T14:15:02.8256598Z   repository: thiensang1/topcv-job-scraper
2025-09-06T14:15:02.8257322Z   token: ***
2025-09-06T14:15:02.8257709Z   ssh-strict: true
2025-09-06T14:15:02.8258108Z   ssh-user: git
2025-09-06T14:15:02.8258528Z   persist-credentials: true
2025-09-06T14:15:02.8259139Z   clean: true
2025-09-06T14:15:02.8259555Z   sparse-checkout-cone-mode: true
2025-09-06T14:15:02.8260080Z   fetch-tags: false
2025-09-06T14:15:02.8260503Z   show-progress: true
2025-09-06T14:15:02.8260909Z   lfs: false
2025-09-06T14:15:02.8261278Z   submodules: false
2025-09-06T14:15:02.8261683Z   set-safe-directory: true
2025-09-06T14:15:02.8262356Z ##[endgroup]
2025-09-06T14:15:02.9307889Z Syncing repository: thiensang1/topcv-job-scraper
2025-09-06T14:15:02.9309885Z ##[group]Getting Git version info
2025-09-06T14:15:02.9310745Z Working directory is '/home/runner/work/topcv-job-scraper/topcv-job-scraper'
2025-09-06T14:15:02.9311781Z [command]/usr/bin/git version
2025-09-06T14:15:02.9339550Z git version 2.51.0
2025-09-06T14:15:02.9365446Z ##[endgroup]
2025-09-06T14:15:02.9380525Z Temporarily overriding HOME='/home/runner/work/_temp/7e42a8e9-78f5-476c-8bb7-fa4ed9492b62' before making global git config changes
2025-09-06T14:15:02.9381917Z Adding repository directory to the temporary git global config as a safe directory
2025-09-06T14:15:02.9386021Z [command]/usr/bin/git config --global --add safe.directory /home/runner/work/topcv-job-scraper/topcv-job-scraper
2025-09-06T14:15:02.9421704Z Deleting the contents of '/home/runner/work/topcv-job-scraper/topcv-job-scraper'
2025-09-06T14:15:02.9424845Z ##[group]Initializing the repository
2025-09-06T14:15:02.9428787Z [command]/usr/bin/git init /home/runner/work/topcv-job-scraper/topcv-job-scraper
2025-09-06T14:15:02.9484824Z hint: Using 'master' as the name for the initial branch. This default branch name
2025-09-06T14:15:02.9486487Z hint: is subject to change. To configure the initial branch name to use in all
2025-09-06T14:15:02.9487665Z hint: of your new repositories, which will suppress this warning, call:
2025-09-06T14:15:02.9488709Z hint:
2025-09-06T14:15:02.9489765Z hint: 	git config --global init.defaultBranch <name>
2025-09-06T14:15:02.9490794Z hint:
2025-09-06T14:15:02.9491791Z hint: Names commonly chosen instead of 'master' are 'main', 'trunk' and
2025-09-06T14:15:02.9493419Z hint: 'development'. The just-created branch can be renamed via this command:
2025-09-06T14:15:02.9494729Z hint:
2025-09-06T14:15:02.9495381Z hint: 	git branch -m <name>
2025-09-06T14:15:02.9496130Z hint:
2025-09-06T14:15:02.9497127Z hint: Disable this message with "git config set advice.defaultBranchName false"
2025-09-06T14:15:02.9499287Z Initialized empty Git repository in /home/runner/work/topcv-job-scraper/topcv-job-scraper/.git/
2025-09-06T14:15:02.9502331Z [command]/usr/bin/git remote add origin https://github.com/thiensang1/topcv-job-scraper
2025-09-06T14:15:02.9532575Z ##[endgroup]
2025-09-06T14:15:02.9533767Z ##[group]Disabling automatic garbage collection
2025-09-06T14:15:02.9537186Z [command]/usr/bin/git config --local gc.auto 0
2025-09-06T14:15:02.9564957Z ##[endgroup]
2025-09-06T14:15:02.9566196Z ##[group]Setting up auth
2025-09-06T14:15:02.9572245Z [command]/usr/bin/git config --local --name-only --get-regexp core\.sshCommand
2025-09-06T14:15:02.9602235Z [command]/usr/bin/git submodule foreach --recursive sh -c "git config --local --name-only --get-regexp 'core\.sshCommand' && git config --local --unset-all 'core.sshCommand' || :"
2025-09-06T14:15:02.9849706Z [command]/usr/bin/git config --local --name-only --get-regexp http\.https\:\/\/github\.com\/\.extraheader
2025-09-06T14:15:02.9876558Z [command]/usr/bin/git submodule foreach --recursive sh -c "git config --local --name-only --get-regexp 'http\.https\:\/\/github\.com\/\.extraheader' && git config --local --unset-all 'http.https://github.com/.extraheader' || :"
2025-09-06T14:15:03.0094287Z [command]/usr/bin/git config --local http.https://github.com/.extraheader AUTHORIZATION: basic ***
2025-09-06T14:15:03.0127249Z ##[endgroup]
2025-09-06T14:15:03.0128080Z ##[group]Fetching the repository
2025-09-06T14:15:03.0136091Z [command]/usr/bin/git -c protocol.version=2 fetch --prune --no-recurse-submodules origin +refs/heads/*:refs/remotes/origin/* +refs/tags/*:refs/tags/*
2025-09-06T14:15:03.7775118Z From https://github.com/thiensang1/topcv-job-scraper
2025-09-06T14:15:03.7775803Z  * [new branch]      main       -> origin/main
2025-09-06T14:15:03.7810581Z [command]/usr/bin/git branch --list --remote origin/main
2025-09-06T14:15:03.7834674Z   origin/main
2025-09-06T14:15:03.7842957Z [command]/usr/bin/git rev-parse refs/remotes/origin/main
2025-09-06T14:15:03.7863115Z c6fb55117567a6dd3197c90e4a10abe655b440fe
2025-09-06T14:15:03.7868490Z ##[endgroup]
2025-09-06T14:15:03.7869344Z ##[group]Determining the checkout info
2025-09-06T14:15:03.7870359Z ##[endgroup]
2025-09-06T14:15:03.7873733Z [command]/usr/bin/git sparse-checkout disable
2025-09-06T14:15:03.7911570Z [command]/usr/bin/git config --local --unset-all extensions.worktreeConfig
2025-09-06T14:15:03.7936175Z ##[group]Checking out the ref
2025-09-06T14:15:03.7940249Z [command]/usr/bin/git checkout --progress --force -B main refs/remotes/origin/main
2025-09-06T14:15:04.1262984Z Switched to a new branch 'main'
2025-09-06T14:15:04.1264243Z branch 'main' set up to track 'origin/main'.
2025-09-06T14:15:04.1282382Z ##[endgroup]
2025-09-06T14:15:04.1321446Z [command]/usr/bin/git log -1 --format=%H
2025-09-06T14:15:04.1343542Z c6fb55117567a6dd3197c90e4a10abe655b440fe
2025-09-06T14:15:04.1561112Z ##[group]Run actions/setup-node@v4
2025-09-06T14:15:04.1561608Z with:
2025-09-06T14:15:04.1561974Z   node-version: 18
2025-09-06T14:15:04.1562334Z   cache: npm
2025-09-06T14:15:04.1562696Z   always-auth: false
2025-09-06T14:15:04.1563270Z   check-latest: false
2025-09-06T14:15:04.1563931Z   token: ***
2025-09-06T14:15:04.1564313Z ##[endgroup]
2025-09-06T14:15:04.3336748Z Found in cache @ /opt/hostedtoolcache/node/18.20.8/x64
2025-09-06T14:15:04.3342612Z ##[group]Environment details
2025-09-06T14:15:04.6957671Z node: v18.20.8
2025-09-06T14:15:04.6958324Z npm: 10.8.2
2025-09-06T14:15:04.6958768Z yarn: 1.22.22
2025-09-06T14:15:04.6960153Z ##[endgroup]
2025-09-06T14:15:04.6979595Z [command]/opt/hostedtoolcache/node/18.20.8/x64/bin/npm config get cache
2025-09-06T14:15:04.8205484Z /home/runner/.npm
2025-09-06T14:15:04.9976096Z Cache hit for: node-cache-Linux-x64-npm-416e735b9ac2a76a2dd6b9ec1a6fe63cc3ce0bfa9ce4a61af4a52cdd46502d8f
2025-09-06T14:15:05.5061555Z Received 5511798 of 5511798 (100.0%), 14.2 MBs/sec
2025-09-06T14:15:05.5062289Z Cache Size: ~5 MB (5511798 B)
2025-09-06T14:15:05.5089319Z [command]/usr/bin/tar -xf /home/runner/work/_temp/3a38345d-304f-4d1a-b1f6-9eb12f9e159a/cache.tzst -P -C /home/runner/work/topcv-job-scraper/topcv-job-scraper --use-compress-program unzstd
2025-09-06T14:15:05.5421538Z Cache restored successfully
2025-09-06T14:15:05.5438473Z Cache restored from key: node-cache-Linux-x64-npm-416e735b9ac2a76a2dd6b9ec1a6fe63cc3ce0bfa9ce4a61af4a52cdd46502d8f
2025-09-06T14:15:05.5584523Z ##[group]Run browser-actions/setup-chrome@latest
2025-09-06T14:15:05.5584850Z with:
2025-09-06T14:15:05.5585070Z   chrome-version: stable
2025-09-06T14:15:05.5585332Z   install-dependencies: false
2025-09-06T14:15:05.5585579Z   install-chromedriver: false
2025-09-06T14:15:05.5585813Z   no-sudo: false
2025-09-06T14:15:05.5586019Z ##[endgroup]
2025-09-06T14:15:05.6338013Z Setup chrome stable
2025-09-06T14:15:05.6342212Z Attempting to download chrome stable...
2025-09-06T14:15:05.6949838Z Acquiring chrome stable from https://storage.googleapis.com/chrome-for-testing-public/140.0.7339.80/linux64/chrome-linux64.zip
2025-09-06T14:15:06.7588229Z Installing chrome...
2025-09-06T14:15:06.7626205Z [command]/usr/bin/unzip -o -q /home/runner/work/_temp/0d954241-e9b9-4789-91b2-eff56de723ec
2025-09-06T14:15:10.5502701Z Successfully Installed chrome to /opt/hostedtoolcache/setup-chrome/chrome/stable/x64
2025-09-06T14:15:10.5513477Z [command]/opt/hostedtoolcache/setup-chrome/chrome/stable/x64/chrome --version
2025-09-06T14:15:10.9253335Z Google Chrome for Testing 140.0.7339.80 
2025-09-06T14:15:10.9552242Z Successfully setup chrome 140.0.7339.80
2025-09-06T14:15:10.9684064Z ##[group]Run npm install
2025-09-06T14:15:10.9684375Z [36;1mnpm install[0m
2025-09-06T14:15:10.9735838Z shell: /usr/bin/bash -e {0}
2025-09-06T14:15:10.9736123Z ##[endgroup]
2025-09-06T14:15:11.5114735Z npm warn EBADENGINE Unsupported engine {
2025-09-06T14:15:11.5115600Z npm warn EBADENGINE   package: 'cheerio@1.1.2',
2025-09-06T14:15:11.5116432Z npm warn EBADENGINE   required: { node: '>=20.18.1' },
2025-09-06T14:15:11.5117372Z npm warn EBADENGINE   current: { node: 'v18.20.8', npm: '10.8.2' }
2025-09-06T14:15:11.5118146Z npm warn EBADENGINE }
2025-09-06T14:15:11.9709376Z 
2025-09-06T14:15:11.9710033Z up to date, audited 187 packages in 923ms
2025-09-06T14:15:11.9711532Z 
2025-09-06T14:15:11.9711880Z 34 packages are looking for funding
2025-09-06T14:15:11.9712429Z   run `npm fund` for details
2025-09-06T14:15:11.9786836Z 
2025-09-06T14:15:11.9787290Z 2 vulnerabilities (1 low, 1 moderate)
2025-09-06T14:15:11.9787647Z 
2025-09-06T14:15:11.9787867Z To address all issues, run:
2025-09-06T14:15:11.9788401Z   npm audit fix
2025-09-06T14:15:11.9788635Z 
2025-09-06T14:15:11.9788861Z Run `npm audit` for details.
2025-09-06T14:15:11.9926581Z ##[group]Run node scraper.js
2025-09-06T14:15:11.9926899Z [36;1mnode scraper.js[0m
2025-09-06T14:15:11.9957506Z shell: /usr/bin/bash -e {0}
2025-09-06T14:15:11.9957958Z env:
2025-09-06T14:15:11.9958393Z   PROXY_API_ENDPOINT: ***
2025-09-06T14:15:11.9958684Z   PROXY_API_KEY: ***
2025-09-06T14:15:11.9959151Z   CHROME_PATH: /opt/hostedtoolcache/setup-chrome/chrome/stable/x64/chrome
2025-09-06T14:15:11.9959507Z ##[endgroup]
2025-09-06T14:15:12.3455235Z --- CHIẾN DỊCH 'ĐIỆP VIÊN TỐI THƯỢNG' BẮT ĐẦU ---
2025-09-06T14:15:12.3461225Z -> [Điệp viên] Đang yêu cầu một danh tính proxy MỚI từ API...
2025-09-06T14:15:12.9522940Z -> [Điệp viên] Đã nhận proxy mới thành công: 116.100.198.27:15979
2025-09-06T14:15:12.9523438Z 
2025-09-06T14:15:12.9524123Z [Điệp viên] Đang khởi tạo trình duyệt với danh tính 116.100.198.27...
2025-09-06T14:15:14.7081191Z 
2025-09-06T14:15:14.7082339Z --- [Điệp viên] Bắt đầu giai đoạn DO THÁM ---
2025-09-06T14:15:14.7083031Z    -> Đang thám hiểm trang 1...
2025-09-06T14:15:29.1537315Z    -> Đang thám hiểm trang 2...
2025-09-06T14:15:31.2416849Z    -> Đang thám hiểm trang 3...
2025-09-06T14:15:33.8441448Z    -> Đang thám hiểm trang 4...
2025-09-06T14:15:35.6167516Z    -> Đang thám hiểm trang 5...
2025-09-06T14:15:37.5714326Z    -> Đang thám hiểm trang 6...
2025-09-06T14:15:39.5315161Z    -> Đang thám hiểm trang 7...
2025-09-06T14:15:41.3426383Z    -> Đang thám hiểm trang 8...
2025-09-06T14:15:43.3578088Z    -> Đang thám hiểm trang 9...
2025-09-06T14:15:44.1601573Z    -> Đang thám hiểm trang 10...
2025-09-06T14:15:44.6663142Z    -> Đang thám hiểm trang 11...
2025-09-06T14:15:45.1564909Z    -> Đang thám hiểm trang 12...
2025-09-06T14:15:46.2748581Z    -> Đang thám hiểm trang 13...
2025-09-06T14:15:46.8124386Z    -> Đang thám hiểm trang 14...
2025-09-06T14:15:47.2680229Z    -> Đang thám hiểm trang 15...
2025-09-06T14:15:47.8113418Z    -> Đang thám hiểm trang 16...
2025-09-06T14:15:48.3280273Z    -> Đang thám hiểm trang 17...
2025-09-06T14:15:48.8340941Z    -> Đang thám hiểm trang 18...
2025-09-06T14:15:49.3237065Z    -> Đang thám hiểm trang 19...
2025-09-06T14:15:49.8080923Z    -> Đang thám hiểm trang 20...
2025-09-06T14:15:50.3287327Z    -> Đang thám hiểm trang 21...
2025-09-06T14:15:50.8177299Z    -> Đang thám hiểm trang 22...
2025-09-06T14:15:51.7885265Z    -> Đang thám hiểm trang 23...
2025-09-06T14:15:52.9189172Z    -> Đang thám hiểm trang 24...
2025-09-06T14:15:53.6333257Z    -> Đang thám hiểm trang 25...
2025-09-06T14:15:54.3724484Z    -> Đang thám hiểm trang 26...
2025-09-06T14:15:55.2271570Z    -> Đang thám hiểm trang 27...
2025-09-06T14:15:55.8114312Z    -> Đang thám hiểm trang 28...
2025-09-06T14:15:56.3887074Z    -> Đang thám hiểm trang 29...
2025-09-06T14:15:56.9571629Z    -> Đang thám hiểm trang 30...
2025-09-06T14:15:57.4109392Z    -> Đang thám hiểm trang 31...
2025-09-06T14:15:57.9039222Z    -> Đang thám hiểm trang 32...
2025-09-06T14:15:58.4974238Z    -> Đang thám hiểm trang 33...
2025-09-06T14:15:58.9878039Z    -> Đang thám hiểm trang 34...
2025-09-06T14:15:59.5552021Z    -> Đang thám hiểm trang 35...
2025-09-06T14:16:02.4073788Z    -> Đang thám hiểm trang 36...
2025-09-06T14:16:02.8693883Z    -> Đang thám hiểm trang 37...
2025-09-06T14:16:05.7073915Z    -> Đang thám hiểm trang 38...
2025-09-06T14:16:06.1776861Z    -> Đang thám hiểm trang 39...
2025-09-06T14:16:08.3384304Z    -> Đang thám hiểm trang 40...
2025-09-06T14:16:08.7985419Z    -> Đang thám hiểm trang 41...
2025-09-06T14:16:11.0497764Z    -> Đang thám hiểm trang 42...
2025-09-06T14:16:11.4925025Z    -> Đang thám hiểm trang 43...
2025-09-06T14:16:11.8781714Z    -> Đang thám hiểm trang 44...
2025-09-06T14:16:12.4032022Z    -> Đang thám hiểm trang 45...
2025-09-06T14:16:14.6230846Z    -> Đang thám hiểm trang 46...
2025-09-06T14:16:15.0172239Z    -> Đang thám hiểm trang 47...
2025-09-06T14:16:15.5218182Z    -> Đang thám hiểm trang 48...
2025-09-06T14:16:17.8758615Z    -> Đang thám hiểm trang 49...
2025-09-06T14:16:18.3229472Z    -> Đang thám hiểm trang 50...
2025-09-06T14:16:19.3109739Z    -> Đang thám hiểm trang 51...
2025-09-06T14:16:19.8459790Z    -> Đang thám hiểm trang 52...
2025-09-06T14:16:20.3543682Z    -> Đang thám hiểm trang 53...
2025-09-06T14:16:20.8738062Z    -> Đang thám hiểm trang 54...
2025-09-06T14:16:22.8645060Z    -> Đang thám hiểm trang 55...
2025-09-06T14:16:23.4306458Z    -> Đang thám hiểm trang 56...
2025-09-06T14:16:23.8625778Z    -> Đang thám hiểm trang 57...
2025-09-06T14:16:24.4292823Z    -> Đang thám hiểm trang 58...
2025-09-06T14:16:26.7386884Z    -> Đang thám hiểm trang 59...
2025-09-06T14:16:28.9636067Z    -> Đang thám hiểm trang 60...
2025-09-06T14:16:29.5991842Z    -> Đang thám hiểm trang 61...
2025-09-06T14:16:30.1246063Z    -> Đang thám hiểm trang 62...
2025-09-06T14:16:30.7846972Z    -> Đang thám hiểm trang 63...
2025-09-06T14:16:31.3440904Z    -> Đang thám hiểm trang 64...
2025-09-06T14:16:31.8590940Z    -> Đang thám hiểm trang 65...
2025-09-06T14:16:32.4079827Z    -> Đang thám hiểm trang 66...
2025-09-06T14:16:32.9751662Z    -> Đang thám hiểm trang 67...
2025-09-06T14:16:33.7802119Z    -> Đang thám hiểm trang 68...
2025-09-06T14:16:34.2978771Z    -> Đang thám hiểm trang 69...
2025-09-06T14:16:34.8046210Z    -> Đang thám hiểm trang 70...
2025-09-06T14:16:35.3758798Z    -> Đang thám hiểm trang 71...
2025-09-06T14:16:35.9401278Z    -> Đang thám hiểm trang 72...
2025-09-06T14:16:38.0760500Z    -> Đang thám hiểm trang 73...
2025-09-06T14:16:38.5699762Z    -> Đang thám hiểm trang 74...
2025-09-06T14:16:39.0723111Z    -> Đang thám hiểm trang 75...
2025-09-06T14:16:39.6222738Z    -> Đang thám hiểm trang 76...
2025-09-06T14:16:41.9899982Z    -> Đang thám hiểm trang 77...
2025-09-06T14:16:44.8469911Z    -> Đang thám hiểm trang 78...
2025-09-06T14:16:45.2857552Z    -> Đang thám hiểm trang 79...
2025-09-06T14:16:46.0240033Z    -> Đang thám hiểm trang 80...
2025-09-06T14:16:46.7639369Z    -> Đang thám hiểm trang 81...
2025-09-06T14:16:47.5825523Z    -> Đang thám hiểm trang 82...
2025-09-06T14:16:48.3395302Z    -> Đang thám hiểm trang 83...
2025-09-06T14:16:50.9510776Z    -> Đang thám hiểm trang 84...
2025-09-06T14:16:53.4742739Z    -> Đang thám hiểm trang 85...
2025-09-06T14:16:53.9072259Z    -> Đang thám hiểm trang 86...
2025-09-06T14:16:54.4618787Z    -> Đang thám hiểm trang 87...
2025-09-06T14:16:55.0122327Z    -> Đang thám hiểm trang 88...
2025-09-06T14:16:55.5663382Z    -> Đang thám hiểm trang 89...
2025-09-06T14:16:56.1172581Z    -> Đang thám hiểm trang 90...
2025-09-06T14:16:56.6632881Z    -> Đang thám hiểm trang 91...
2025-09-06T14:16:57.2105029Z    -> Đang thám hiểm trang 92...
2025-09-06T14:16:59.6149645Z    -> Đang thám hiểm trang 93...
2025-09-06T14:17:00.0453490Z    -> Đang thám hiểm trang 94...
2025-09-06T14:17:02.4056046Z    -> Đang thám hiểm trang 95...
2025-09-06T14:17:02.8320409Z    -> Đang thám hiểm trang 96...
2025-09-06T14:17:06.1980113Z    -> Đang thám hiểm trang 97...
2025-09-06T14:17:06.6446343Z    -> Đang thám hiểm trang 98...
2025-09-06T14:17:07.4884046Z    -> Đang thám hiểm trang 99...
2025-09-06T14:17:08.6302347Z    -> Đang thám hiểm trang 100...
2025-09-06T14:17:09.5130171Z    -> Đang thám hiểm trang 101...
2025-09-06T14:17:10.5405973Z    -> Đã đến rìa thế giới! Bị đưa về trang 97 khi cố gắng đến trang 101.
2025-09-06T14:17:10.5406962Z [Điệp viên] Báo cáo tình báo: Phát hiện có tổng cộng 100 trang.
2025-09-06T14:17:10.5407892Z 
2025-09-06T14:17:10.5408335Z [Điệp viên] Do thám hoàn tất. Tạm nghỉ 12.84 giây...
2025-09-06T14:17:23.3875898Z [Điệp viên] Độ bền nhân dạng ban đầu: 21 trang.
2025-09-06T14:17:23.3876369Z 
2025-09-06T14:17:23.3876730Z --- [Điệp viên] Bắt đầu giai đoạn KHAI THÁC ---
2025-09-06T14:17:23.3877415Z    -> Đang khai thác trang 1/100 (còn 21 trang nữa sẽ biến hình)...
2025-09-06T14:17:25.7594997Z       -> Bắt đầu giai đoạn 'quan sát' để chờ trang ổn định...
2025-09-06T14:17:30.1228213Z          - Trang đã ổn định (lần 1/2)...
2025-09-06T14:17:32.1574611Z          - Trang đã ổn định (lần 2/2)...
2025-09-06T14:17:32.1576388Z       -> Trang đã ổn định. Dữ liệu chi tiết đã được tải.
2025-09-06T14:17:32.1577242Z       -> Mô phỏng hành vi cuộn trang...
2025-09-06T14:17:33.4720361Z    -> Đã thu thập 50 tin từ trang 1.
2025-09-06T14:17:56.5849981Z    -> Đang khai thác trang 2/100 (còn 20 trang nữa sẽ biến hình)...
2025-09-06T14:18:01.6433002Z       -> Bắt đầu giai đoạn 'quan sát' để chờ trang ổn định...
2025-09-06T14:18:05.9453908Z          - Trang đã ổn định (lần 1/2)...
2025-09-06T14:18:07.9760155Z          - Trang đã ổn định (lần 2/2)...
2025-09-06T14:18:07.9760968Z       -> Trang đã ổn định. Dữ liệu chi tiết đã được tải.
2025-09-06T14:18:07.9761665Z       -> Mô phỏng hành vi cuộn trang...
2025-09-06T14:18:08.9235944Z    -> Đã thu thập 50 tin từ trang 2.
2025-09-06T14:18:29.4170377Z    -> Đang khai thác trang 3/100 (còn 19 trang nữa sẽ biến hình)...
2025-09-06T14:18:30.0631352Z       -> Bắt đầu giai đoạn 'quan sát' để chờ trang ổn định...
2025-09-06T14:19:00.0661264Z    -> Lỗi khi xử lý trang 3: Waiting for selector `div.job-list-search-result` failed: Waiting failed: 30000ms exceeded. Chuyển sang trang tiếp theo.
2025-09-06T14:19:00.0664036Z    -> Đang khai thác trang 4/100 (còn 18 trang nữa sẽ biến hình)...
2025-09-06T14:19:00.5916805Z       -> Bắt đầu giai đoạn 'quan sát' để chờ trang ổn định...
2025-09-06T14:19:30.6103928Z    -> Lỗi khi xử lý trang 4: Waiting for selector `div.job-list-search-result` failed: Waiting failed: 30000ms exceeded. Chuyển sang trang tiếp theo.
2025-09-06T14:19:30.6105670Z    -> Đang khai thác trang 5/100 (còn 17 trang nữa sẽ biến hình)...
2025-09-06T14:19:31.1364163Z       -> Bắt đầu giai đoạn 'quan sát' để chờ trang ổn định...
2025-09-06T14:20:01.1536239Z    -> Lỗi khi xử lý trang 5: Waiting for selector `div.job-list-search-result` failed: Waiting failed: 30000ms exceeded. Chuyển sang trang tiếp theo.
2025-09-06T14:20:01.1537551Z    -> Đang khai thác trang 6/100 (còn 16 trang nữa sẽ biến hình)...
2025-09-06T14:20:03.6944494Z       -> Bắt đầu giai đoạn 'quan sát' để chờ trang ổn định...
2025-09-06T14:20:10.0142597Z          - Trang đã ổn định (lần 1/2)...
2025-09-06T14:20:12.0462684Z          - Trang đã ổn định (lần 2/2)...
2025-09-06T14:20:12.0463587Z       -> Trang đã ổn định. Dữ liệu chi tiết đã được tải.
2025-09-06T14:20:12.0464330Z       -> Mô phỏng hành vi cuộn trang...
2025-09-06T14:20:13.0144686Z    -> Đã thu thập 50 tin từ trang 6.
2025-09-06T14:20:32.0635718Z    -> Đang khai thác trang 7/100 (còn 15 trang nữa sẽ biến hình)...
2025-09-06T14:20:34.7754753Z       -> Bắt đầu giai đoạn 'quan sát' để chờ trang ổn định...
2025-09-06T14:20:37.0674954Z          - Trang đã ổn định (lần 1/2)...
2025-09-06T14:20:41.1321920Z          - Trang đã ổn định (lần 1/2)...
2025-09-06T14:20:43.1672802Z          - Trang đã ổn định (lần 2/2)...
2025-09-06T14:20:43.1674103Z       -> Trang đã ổn định. Dữ liệu chi tiết đã được tải.
2025-09-06T14:20:43.1674765Z       -> Mô phỏng hành vi cuộn trang...
2025-09-06T14:20:44.1432637Z    -> Đã thu thập 50 tin từ trang 7.
2025-09-06T14:21:07.2090930Z    -> Đang khai thác trang 8/100 (còn 14 trang nữa sẽ biến hình)...
2025-09-06T14:21:11.7838619Z       -> Bắt đầu giai đoạn 'quan sát' để chờ trang ổn định...
2025-09-06T14:21:16.1107784Z          - Trang đã ổn định (lần 1/2)...
2025-09-06T14:21:18.1447837Z          - Trang đã ổn định (lần 2/2)...
2025-09-06T14:21:18.1449196Z       -> Trang đã ổn định. Dữ liệu chi tiết đã được tải.
2025-09-06T14:21:18.1450962Z       -> Mô phỏng hành vi cuộn trang...
2025-09-06T14:21:19.0272279Z    -> Đã thu thập 50 tin từ trang 8.
2025-09-06T14:21:38.0141579Z    -> Đang khai thác trang 9/100 (còn 13 trang nữa sẽ biến hình)...
2025-09-06T14:21:42.6925139Z       -> Bắt đầu giai đoạn 'quan sát' để chờ trang ổn định...
2025-09-06T14:21:49.0726935Z          - Trang đã ổn định (lần 1/2)...
2025-09-06T14:21:51.1041197Z          - Trang đã ổn định (lần 2/2)...
2025-09-06T14:21:51.1042900Z       -> Trang đã ổn định. Dữ liệu chi tiết đã được tải.
2025-09-06T14:21:51.1043600Z       -> Mô phỏng hành vi cuộn trang...
2025-09-06T14:21:52.2401224Z    -> Đã thu thập 50 tin từ trang 9.
2025-09-06T14:22:14.5535931Z    -> Đang khai thác trang 10/100 (còn 12 trang nữa sẽ biến hình)...
2025-09-06T14:22:19.3892426Z       -> Bắt đầu giai đoạn 'quan sát' để chờ trang ổn định...
2025-09-06T14:22:23.7907835Z          - Trang đã ổn định (lần 1/2)...
2025-09-06T14:22:25.8231879Z          - Trang đã ổn định (lần 2/2)...
2025-09-06T14:22:25.8232456Z       -> Trang đã ổn định. Dữ liệu chi tiết đã được tải.
2025-09-06T14:22:25.8232854Z       -> Mô phỏng hành vi cuộn trang...
2025-09-06T14:22:27.0062290Z    -> Đã thu thập 50 tin từ trang 10.
2025-09-06T14:22:47.1424206Z    -> Đang khai thác trang 11/100 (còn 11 trang nữa sẽ biến hình)...
2025-09-06T14:22:50.5883975Z       -> Bắt đầu giai đoạn 'quan sát' để chờ trang ổn định...
2025-09-06T14:22:54.9393731Z          - Trang đã ổn định (lần 1/2)...
2025-09-06T14:22:56.9702986Z          - Trang đã ổn định (lần 2/2)...
2025-09-06T14:22:56.9703699Z       -> Trang đã ổn định. Dữ liệu chi tiết đã được tải.
2025-09-06T14:22:56.9706778Z       -> Mô phỏng hành vi cuộn trang...
2025-09-06T14:22:58.1489401Z    -> Đã thu thập 50 tin từ trang 11.
2025-09-06T14:23:18.2576328Z    -> Đang khai thác trang 12/100 (còn 10 trang nữa sẽ biến hình)...
2025-09-06T14:23:21.3961314Z       -> Bắt đầu giai đoạn 'quan sát' để chờ trang ổn định...
2025-09-06T14:23:27.7549420Z          - Trang đã ổn định (lần 1/2)...
2025-09-06T14:23:29.7855978Z          - Trang đã ổn định (lần 2/2)...
2025-09-06T14:23:29.7856779Z       -> Trang đã ổn định. Dữ liệu chi tiết đã được tải.
2025-09-06T14:23:30.7961970Z       -> Mô phỏng hành vi cuộn trang...
2025-09-06T14:23:30.7962704Z    -> Đã thu thập 50 tin từ trang 12.
2025-09-06T14:23:50.5253877Z    -> Đang khai thác trang 13/100 (còn 9 trang nữa sẽ biến hình)...
2025-09-06T14:23:54.9461424Z       -> Bắt đầu giai đoạn 'quan sát' để chờ trang ổn định...
2025-09-06T14:23:59.3682448Z          - Trang đã ổn định (lần 1/2)...
2025-09-06T14:24:01.4028520Z          - Trang đã ổn định (lần 2/2)...
2025-09-06T14:24:01.4029336Z       -> Trang đã ổn định. Dữ liệu chi tiết đã được tải.
2025-09-06T14:24:01.4029782Z       -> Mô phỏng hành vi cuộn trang...
2025-09-06T14:24:02.3690146Z    -> Đã thu thập 50 tin từ trang 13.
2025-09-06T14:24:20.9026055Z    -> Đang khai thác trang 14/100 (còn 8 trang nữa sẽ biến hình)...
2025-09-06T14:24:25.3523062Z       -> Bắt đầu giai đoạn 'quan sát' để chờ trang ổn định...
2025-09-06T14:24:29.6918638Z          - Trang đã ổn định (lần 1/2)...
2025-09-06T14:24:31.7212486Z          - Trang đã ổn định (lần 2/2)...
2025-09-06T14:24:31.7214449Z       -> Trang đã ổn định. Dữ liệu chi tiết đã được tải.
2025-09-06T14:24:31.7215265Z       -> Mô phỏng hành vi cuộn trang...
2025-09-06T14:24:32.9792021Z    -> Đã thu thập 50 tin từ trang 14.
2025-09-06T14:24:51.9525215Z    -> Đang khai thác trang 15/100 (còn 7 trang nữa sẽ biến hình)...
2025-09-06T14:24:56.6610914Z       -> Bắt đầu giai đoạn 'quan sát' để chờ trang ổn định...
2025-09-06T14:25:01.1515650Z          - Trang đã ổn định (lần 1/2)...
2025-09-06T14:25:03.1871905Z          - Trang đã ổn định (lần 2/2)...
2025-09-06T14:25:03.1872707Z       -> Trang đã ổn định. Dữ liệu chi tiết đã được tải.
2025-09-06T14:25:03.1873854Z       -> Mô phỏng hành vi cuộn trang...
2025-09-06T14:25:04.4669903Z    -> Đã thu thập 50 tin từ trang 15.
2025-09-06T14:25:24.2551989Z    -> Đang khai thác trang 16/100 (còn 6 trang nữa sẽ biến hình)...
2025-09-06T14:25:27.4829421Z       -> Bắt đầu giai đoạn 'quan sát' để chờ trang ổn định...
2025-09-06T14:25:33.9172754Z          - Trang đã ổn định (lần 1/2)...
2025-09-06T14:25:35.9554700Z          - Trang đã ổn định (lần 2/2)...
2025-09-06T14:25:35.9555432Z       -> Trang đã ổn định. Dữ liệu chi tiết đã được tải.
2025-09-06T14:25:35.9556077Z       -> Mô phỏng hành vi cuộn trang...
2025-09-06T14:25:36.9798412Z    -> Đã thu thập 50 tin từ trang 16.
2025-09-06T14:25:56.9073469Z    -> Đang khai thác trang 17/100 (còn 5 trang nữa sẽ biến hình)...
2025-09-06T14:26:00.2027785Z       -> Bắt đầu giai đoạn 'quan sát' để chờ trang ổn định...
2025-09-06T14:26:06.6336648Z          - Trang đã ổn định (lần 1/2)...
2025-09-06T14:26:10.6910983Z          - Trang đã ổn định (lần 1/2)...
2025-09-06T14:26:12.7261141Z          - Trang đã ổn định (lần 2/2)...
2025-09-06T14:26:12.7305422Z       -> Trang đã ổn định. Dữ liệu chi tiết đã được tải.
2025-09-06T14:26:12.7306245Z       -> Mô phỏng hành vi cuộn trang...
2025-09-06T14:26:13.9769923Z    -> Đã thu thập 50 tin từ trang 17.
2025-09-06T14:26:35.1998113Z    -> Đang khai thác trang 18/100 (còn 4 trang nữa sẽ biến hình)...
2025-09-06T14:26:39.4876478Z       -> Bắt đầu giai đoạn 'quan sát' để chờ trang ổn định...
2025-09-06T14:26:43.8299266Z          - Trang đã ổn định (lần 1/2)...
2025-09-06T14:26:45.8649521Z          - Trang đã ổn định (lần 2/2)...
2025-09-06T14:26:45.8650374Z       -> Trang đã ổn định. Dữ liệu chi tiết đã được tải.
2025-09-06T14:26:45.8651017Z       -> Mô phỏng hành vi cuộn trang...
2025-09-06T14:26:46.9679950Z    -> Đã thu thập 50 tin từ trang 18.
2025-09-06T14:27:07.7098268Z    -> Đang khai thác trang 19/100 (còn 3 trang nữa sẽ biến hình)...
2025-09-06T14:27:11.5984826Z       -> Bắt đầu giai đoạn 'quan sát' để chờ trang ổn định...
2025-09-06T14:27:17.9811132Z          - Trang đã ổn định (lần 1/2)...
2025-09-06T14:27:20.0123102Z          - Trang đã ổn định (lần 2/2)...
2025-09-06T14:27:20.0124052Z       -> Trang đã ổn định. Dữ liệu chi tiết đã được tải.
2025-09-06T14:27:20.0124917Z       -> Mô phỏng hành vi cuộn trang...
2025-09-06T14:27:21.2036146Z    -> Đã thu thập 50 tin từ trang 19.
2025-09-06T14:27:43.2610785Z    -> Đang khai thác trang 20/100 (còn 2 trang nữa sẽ biến hình)...
2025-09-06T14:27:46.9631900Z       -> Bắt đầu giai đoạn 'quan sát' để chờ trang ổn định...
2025-09-06T14:27:51.2618471Z          - Trang đã ổn định (lần 1/2)...
2025-09-06T14:27:53.2983706Z          - Trang đã ổn định (lần 2/2)...
2025-09-06T14:27:53.2986179Z       -> Trang đã ổn định. Dữ liệu chi tiết đã được tải.
2025-09-06T14:27:53.2986841Z       -> Mô phỏng hành vi cuộn trang...
2025-09-06T14:27:54.6494621Z    -> Đã thu thập 50 tin từ trang 20.
2025-09-06T14:28:13.7479155Z    -> Đang khai thác trang 21/100 (còn 1 trang nữa sẽ biến hình)...
2025-09-06T14:28:17.5124559Z       -> Bắt đầu giai đoạn 'quan sát' để chờ trang ổn định...
2025-09-06T14:28:21.8586837Z          - Trang đã ổn định (lần 1/2)...
2025-09-06T14:28:23.8905352Z          - Trang đã ổn định (lần 2/2)...
2025-09-06T14:28:23.8906700Z       -> Trang đã ổn định. Dữ liệu chi tiết đã được tải.
2025-09-06T14:28:23.8907730Z       -> Mô phỏng hành vi cuộn trang...
2025-09-06T14:28:24.7256399Z    -> Đã thu thập 50 tin từ trang 21.
2025-09-06T14:28:47.5115293Z 
2025-09-06T14:28:47.5116940Z    -> [Điệp viên] Hết độ bền nhân dạng. Bắt đầu "biến hình"...
2025-09-06T14:28:47.6301539Z -> [Điệp viên] Đang yêu cầu một danh tính proxy MỚI từ API...
2025-09-06T14:28:49.0908033Z -> [Điệp viên] Đã nhận proxy mới thành công: 1.53.215.73:33556
2025-09-06T14:28:49.0908436Z 
2025-09-06T14:28:49.0908760Z [Điệp viên] Đang khởi tạo trình duyệt với danh tính 1.53.215.73...
2025-09-06T14:28:49.3606764Z    -> [Điệp viên] "Biến hình" thành công. Độ bền nhân dạng mới: 14 trang.
2025-09-06T14:28:49.3607855Z    -> Đang khai thác trang 22/100 (còn 14 trang nữa sẽ biến hình)...
2025-09-06T14:29:02.1634497Z       -> Bắt đầu giai đoạn 'quan sát' để chờ trang ổn định...
2025-09-06T14:29:06.3347136Z          - Trang đã ổn định (lần 1/2)...
2025-09-06T14:29:10.4427737Z          - Trang đã ổn định (lần 1/2)...
2025-09-06T14:29:12.4748179Z          - Trang đã ổn định (lần 2/2)...
2025-09-06T14:29:12.4748802Z       -> Trang đã ổn định. Dữ liệu chi tiết đã được tải.
2025-09-06T14:29:12.4749593Z       -> Mô phỏng hành vi cuộn trang...
2025-09-06T14:29:13.3696959Z    -> Đã thu thập 50 tin từ trang 22.
2025-09-06T14:29:37.9173106Z    -> Đang khai thác trang 23/100 (còn 13 trang nữa sẽ biến hình)...
2025-09-06T14:29:40.4688047Z       -> Bắt đầu giai đoạn 'quan sát' để chờ trang ổn định...
2025-09-06T14:29:46.7864599Z          - Trang đã ổn định (lần 1/2)...
2025-09-06T14:29:48.8188830Z          - Trang đã ổn định (lần 2/2)...
2025-09-06T14:29:48.8190392Z       -> Trang đã ổn định. Dữ liệu chi tiết đã được tải.
2025-09-06T14:29:48.8191055Z       -> Mô phỏng hành vi cuộn trang...
2025-09-06T14:29:50.1149135Z    -> Đã thu thập 50 tin từ trang 23.
2025-09-06T14:30:12.7565791Z    -> Đang khai thác trang 24/100 (còn 12 trang nữa sẽ biến hình)...
2025-09-06T14:30:14.8177727Z       -> Bắt đầu giai đoạn 'quan sát' để chờ trang ổn định...
2025-09-06T14:30:19.1581972Z          - Trang đã ổn định (lần 1/2)...
2025-09-06T14:30:21.1876523Z          - Trang đã ổn định (lần 2/2)...
2025-09-06T14:30:21.1877365Z       -> Trang đã ổn định. Dữ liệu chi tiết đã được tải.
2025-09-06T14:30:21.1878113Z       -> Mô phỏng hành vi cuộn trang...
2025-09-06T14:30:22.1881470Z    -> Đã thu thập 50 tin từ trang 24.
2025-09-06T14:30:44.0301221Z    -> Đang khai thác trang 25/100 (còn 11 trang nữa sẽ biến hình)...
2025-09-06T14:30:46.1259483Z       -> Bắt đầu giai đoạn 'quan sát' để chờ trang ổn định...
2025-09-06T14:30:52.4963629Z          - Trang đã ổn định (lần 1/2)...
2025-09-06T14:30:54.5313350Z          - Trang đã ổn định (lần 2/2)...
2025-09-06T14:30:54.5314004Z       -> Trang đã ổn định. Dữ liệu chi tiết đã được tải.
2025-09-06T14:30:54.5314484Z       -> Mô phỏng hành vi cuộn trang...
2025-09-06T14:30:55.4240654Z    -> Đã thu thập 50 tin từ trang 25.
2025-09-06T14:31:19.9769388Z    -> Đang khai thác trang 26/100 (còn 10 trang nữa sẽ biến hình)...
2025-09-06T14:31:22.1128252Z       -> Bắt đầu giai đoạn 'quan sát' để chờ trang ổn định...
2025-09-06T14:31:26.4735851Z          - Trang đã ổn định (lần 1/2)...
2025-09-06T14:31:28.5052775Z          - Trang đã ổn định (lần 2/2)...
2025-09-06T14:31:28.5053595Z       -> Trang đã ổn định. Dữ liệu chi tiết đã được tải.
2025-09-06T14:31:28.5054298Z       -> Mô phỏng hành vi cuộn trang...
2025-09-06T14:31:29.5376415Z    -> Đã thu thập 50 tin từ trang 26.
2025-09-06T14:31:48.0588552Z    -> Đang khai thác trang 27/100 (còn 9 trang nữa sẽ biến hình)...
2025-09-06T14:31:50.1878001Z       -> Bắt đầu giai đoạn 'quan sát' để chờ trang ổn định...
2025-09-06T14:31:56.4757585Z          - Trang đã ổn định (lần 1/2)...
2025-09-06T14:31:58.5092663Z          - Trang đã ổn định (lần 2/2)...
2025-09-06T14:31:58.5093502Z       -> Trang đã ổn định. Dữ liệu chi tiết đã được tải.
2025-09-06T14:31:58.5093976Z       -> Mô phỏng hành vi cuộn trang...
2025-09-06T14:31:59.5419516Z    -> Đã thu thập 50 tin từ trang 27.
2025-09-06T14:32:22.2145110Z    -> Đang khai thác trang 28/100 (còn 8 trang nữa sẽ biến hình)...
2025-09-06T14:32:24.2407245Z       -> Bắt đầu giai đoạn 'quan sát' để chờ trang ổn định...
2025-09-06T14:32:30.5299863Z          - Trang đã ổn định (lần 1/2)...
2025-09-06T14:32:32.5620066Z          - Trang đã ổn định (lần 2/2)...
2025-09-06T14:32:32.5621644Z       -> Trang đã ổn định. Dữ liệu chi tiết đã được tải.
2025-09-06T14:32:32.5622315Z       -> Mô phỏng hành vi cuộn trang...
2025-09-06T14:32:33.7229839Z    -> Đã thu thập 50 tin từ trang 28.
2025-09-06T14:32:57.9845545Z    -> Đang khai thác trang 29/100 (còn 7 trang nữa sẽ biến hình)...
2025-09-06T14:33:00.2115982Z       -> Bắt đầu giai đoạn 'quan sát' để chờ trang ổn định...
2025-09-06T14:33:04.5306145Z          - Trang đã ổn định (lần 1/2)...
2025-09-06T14:33:06.5641163Z          - Trang đã ổn định (lần 2/2)...
2025-09-06T14:33:06.5641751Z       -> Trang đã ổn định. Dữ liệu chi tiết đã được tải.
2025-09-06T14:33:06.5642206Z       -> Mô phỏng hành vi cuộn trang...
2025-09-06T14:33:07.8882984Z    -> Đã thu thập 50 tin từ trang 29.
2025-09-06T14:33:28.6005609Z    -> Đang khai thác trang 30/100 (còn 6 trang nữa sẽ biến hình)...
2025-09-06T14:33:30.7220005Z       -> Bắt đầu giai đoạn 'quan sát' để chờ trang ổn định...
2025-09-06T14:33:35.0454474Z          - Trang đã ổn định (lần 1/2)...
2025-09-06T14:33:37.0776968Z          - Trang đã ổn định (lần 2/2)...
2025-09-06T14:33:37.0778392Z       -> Trang đã ổn định. Dữ liệu chi tiết đã được tải.
2025-09-06T14:33:37.0779407Z       -> Mô phỏng hành vi cuộn trang...
2025-09-06T14:33:38.0138623Z    -> Đã thu thập 50 tin từ trang 30.
2025-09-06T14:33:56.7193896Z    -> Đang khai thác trang 31/100 (còn 5 trang nữa sẽ biến hình)...
2025-09-06T14:33:58.7628099Z       -> Bắt đầu giai đoạn 'quan sát' để chờ trang ổn định...
2025-09-06T14:34:05.0604371Z          - Trang đã ổn định (lần 1/2)...
2025-09-06T14:34:07.0954144Z          - Trang đã ổn định (lần 2/2)...
2025-09-06T14:34:07.0954732Z       -> Trang đã ổn định. Dữ liệu chi tiết đã được tải.
2025-09-06T14:34:07.0955131Z       -> Mô phỏng hành vi cuộn trang...
2025-09-06T14:34:08.1261749Z    -> Đã thu thập 50 tin từ trang 31.
2025-09-06T14:34:29.8864960Z    -> Đang khai thác trang 32/100 (còn 4 trang nữa sẽ biến hình)...
2025-09-06T14:34:31.8875017Z       -> Bắt đầu giai đoạn 'quan sát' để chờ trang ổn định...
2025-09-06T14:34:38.1942764Z          - Trang đã ổn định (lần 1/2)...
2025-09-06T14:34:40.2275059Z          - Trang đã ổn định (lần 2/2)...
2025-09-06T14:34:40.2275909Z       -> Trang đã ổn định. Dữ liệu chi tiết đã được tải.
2025-09-06T14:34:40.2276650Z       -> Mô phỏng hành vi cuộn trang...
2025-09-06T14:34:41.1974348Z    -> Đã thu thập 50 tin từ trang 32.
2025-09-06T14:35:05.8844056Z    -> Đang khai thác trang 33/100 (còn 3 trang nữa sẽ biến hình)...
2025-09-06T14:35:08.0540932Z       -> Bắt đầu giai đoạn 'quan sát' để chờ trang ổn định...
2025-09-06T14:35:14.3339596Z          - Trang đã ổn định (lần 1/2)...
2025-09-06T14:35:16.3670213Z          - Trang đã ổn định (lần 2/2)...
2025-09-06T14:35:16.3671923Z       -> Trang đã ổn định. Dữ liệu chi tiết đã được tải.
2025-09-06T14:35:16.3672785Z       -> Mô phỏng hành vi cuộn trang...
2025-09-06T14:35:17.3964251Z    -> Đã thu thập 50 tin từ trang 33.
2025-09-06T14:35:36.8515299Z    -> Đang khai thác trang 34/100 (còn 2 trang nữa sẽ biến hình)...
2025-09-06T14:35:39.0007044Z       -> Bắt đầu giai đoạn 'quan sát' để chờ trang ổn định...
2025-09-06T14:35:45.2941269Z          - Trang đã ổn định (lần 1/2)...
2025-09-06T14:35:47.3279340Z          - Trang đã ổn định (lần 2/2)...
2025-09-06T14:35:47.3280197Z       -> Trang đã ổn định. Dữ liệu chi tiết đã được tải.
2025-09-06T14:35:47.3280900Z       -> Mô phỏng hành vi cuộn trang...
2025-09-06T14:35:48.2031342Z    -> Đã thu thập 50 tin từ trang 34.
2025-09-06T14:36:06.5659567Z    -> Đang khai thác trang 35/100 (còn 1 trang nữa sẽ biến hình)...
2025-09-06T14:36:08.6160514Z       -> Bắt đầu giai đoạn 'quan sát' để chờ trang ổn định...
2025-09-06T14:36:14.9199139Z          - Trang đã ổn định (lần 1/2)...
2025-09-06T14:36:16.9553754Z          - Trang đã ổn định (lần 2/2)...
2025-09-06T14:36:16.9554376Z       -> Trang đã ổn định. Dữ liệu chi tiết đã được tải.
2025-09-06T14:36:16.9555054Z       -> Mô phỏng hành vi cuộn trang...
2025-09-06T14:36:18.2076045Z    -> Đã thu thập 50 tin từ trang 35.
2025-09-06T14:36:36.2338442Z 
2025-09-06T14:36:36.2339819Z    -> [Điệp viên] Hết độ bền nhân dạng. Bắt đầu "biến hình"...
2025-09-06T14:36:36.3621538Z -> [Điệp viên] Đang yêu cầu một danh tính proxy MỚI từ API...
2025-09-06T14:36:36.8626888Z -> [Điệp viên] Đã nhận proxy mới thành công: 171.224.230.7:21698
2025-09-06T14:36:36.8627399Z 
2025-09-06T14:36:36.8628020Z [Điệp viên] Đang khởi tạo trình duyệt với danh tính 171.224.230.7...
2025-09-06T14:36:37.1238146Z    -> [Điệp viên] "Biến hình" thành công. Độ bền nhân dạng mới: 22 trang.
2025-09-06T14:36:37.1239121Z    -> Đang khai thác trang 36/100 (còn 22 trang nữa sẽ biến hình)...
2025-09-06T14:36:52.3792924Z       -> Bắt đầu giai đoạn 'quan sát' để chờ trang ổn định...
2025-09-06T14:36:56.7805636Z          - Trang đã ổn định (lần 1/2)...
2025-09-06T14:37:00.8420316Z          - Trang đã ổn định (lần 1/2)...
2025-09-06T14:37:02.8706030Z          - Trang đã ổn định (lần 2/2)...
2025-09-06T14:37:02.8706539Z       -> Trang đã ổn định. Dữ liệu chi tiết đã được tải.
2025-09-06T14:37:02.8706940Z       -> Mô phỏng hành vi cuộn trang...
2025-09-06T14:37:03.7774140Z    -> Đã thu thập 50 tin từ trang 36.
2025-09-06T14:37:24.4294947Z    -> Đang khai thác trang 37/100 (còn 21 trang nữa sẽ biến hình)...
2025-09-06T14:37:27.7815880Z       -> Bắt đầu giai đoạn 'quan sát' để chờ trang ổn định...
2025-09-06T14:37:34.0976526Z          - Trang đã ổn định (lần 1/2)...
2025-09-06T14:37:36.1280277Z          - Trang đã ổn định (lần 2/2)...
2025-09-06T14:37:36.1281117Z       -> Trang đã ổn định. Dữ liệu chi tiết đã được tải.
2025-09-06T14:37:36.1281841Z       -> Mô phỏng hành vi cuộn trang...
2025-09-06T14:37:37.0930788Z    -> Đã thu thập 50 tin từ trang 37.
2025-09-06T14:38:01.7125079Z    -> Đang khai thác trang 38/100 (còn 20 trang nữa sẽ biến hình)...
2025-09-06T14:38:04.1786205Z       -> Bắt đầu giai đoạn 'quan sát' để chờ trang ổn định...
2025-09-06T14:38:08.5632853Z          - Trang đã ổn định (lần 1/2)...
2025-09-06T14:38:10.5952798Z          - Trang đã ổn định (lần 2/2)...
2025-09-06T14:38:10.5953436Z       -> Trang đã ổn định. Dữ liệu chi tiết đã được tải.
2025-09-06T14:38:10.5953911Z       -> Mô phỏng hành vi cuộn trang...
2025-09-06T14:38:11.8900449Z    -> Đã thu thập 50 tin từ trang 38.
2025-09-06T14:38:31.9459331Z    -> Đang khai thác trang 39/100 (còn 19 trang nữa sẽ biến hình)...
2025-09-06T14:38:34.8213665Z       -> Bắt đầu giai đoạn 'quan sát' để chờ trang ổn định...
2025-09-06T14:38:39.0716571Z          - Trang đã ổn định (lần 1/2)...
2025-09-06T14:38:41.1021118Z          - Trang đã ổn định (lần 2/2)...
2025-09-06T14:38:41.1024671Z       -> Trang đã ổn định. Dữ liệu chi tiết đã được tải.
2025-09-06T14:38:41.1025896Z       -> Mô phỏng hành vi cuộn trang...
2025-09-06T14:38:42.0931130Z    -> Đã thu thập 50 tin từ trang 39.
2025-09-06T14:39:06.5514557Z    -> Đang khai thác trang 40/100 (còn 18 trang nữa sẽ biến hình)...
2025-09-06T14:39:10.0346066Z       -> Bắt đầu giai đoạn 'quan sát' để chờ trang ổn định...
2025-09-06T14:39:14.4019341Z          - Trang đã ổn định (lần 1/2)...
2025-09-06T14:39:16.4330733Z          - Trang đã ổn định (lần 2/2)...
2025-09-06T14:39:16.4331541Z       -> Trang đã ổn định. Dữ liệu chi tiết đã được tải.
2025-09-06T14:39:16.4332242Z       -> Mô phỏng hành vi cuộn trang...
2025-09-06T14:39:17.6976839Z    -> Đã thu thập 50 tin từ trang 40.
2025-09-06T14:39:37.8960007Z    -> Đang khai thác trang 41/100 (còn 17 trang nữa sẽ biến hình)...
2025-09-06T14:39:41.1440412Z       -> Bắt đầu giai đoạn 'quan sát' để chờ trang ổn định...
2025-09-06T14:39:45.4840453Z          - Trang đã ổn định (lần 1/2)...
2025-09-06T14:39:47.5156172Z          - Trang đã ổn định (lần 2/2)...
2025-09-06T14:39:47.5156691Z       -> Trang đã ổn định. Dữ liệu chi tiết đã được tải.
2025-09-06T14:39:47.5157149Z       -> Mô phỏng hành vi cuộn trang...
2025-09-06T14:39:48.4089391Z    -> Đã thu thập 50 tin từ trang 41.
2025-09-06T14:40:13.3443226Z    -> Đang khai thác trang 42/100 (còn 16 trang nữa sẽ biến hình)...
2025-09-06T14:40:16.4645671Z       -> Bắt đầu giai đoạn 'quan sát' để chờ trang ổn định...
2025-09-06T14:40:22.7970151Z          - Trang đã ổn định (lần 1/2)...
2025-09-06T14:40:24.8331430Z          - Trang đã ổn định (lần 2/2)...
2025-09-06T14:40:24.8332001Z       -> Trang đã ổn định. Dữ liệu chi tiết đã được tải.
2025-09-06T14:40:24.8332392Z       -> Mô phỏng hành vi cuộn trang...
2025-09-06T14:40:26.0976544Z    -> Đã thu thập 50 tin từ trang 42.
2025-09-06T14:40:45.8777024Z    -> Đang khai thác trang 43/100 (còn 15 trang nữa sẽ biến hình)...
2025-09-06T14:40:49.6139972Z       -> Bắt đầu giai đoạn 'quan sát' để chờ trang ổn định...
2025-09-06T14:40:54.0127651Z          - Trang đã ổn định (lần 1/2)...
2025-09-06T14:40:56.0447152Z          - Trang đã ổn định (lần 2/2)...
2025-09-06T14:40:56.0448128Z       -> Trang đã ổn định. Dữ liệu chi tiết đã được tải.
2025-09-06T14:40:56.0448910Z       -> Mô phỏng hành vi cuộn trang...
2025-09-06T14:40:57.0965587Z    -> Đã thu thập 50 tin từ trang 43.
2025-09-06T14:41:21.0119522Z    -> Đang khai thác trang 44/100 (còn 14 trang nữa sẽ biến hình)...
2025-09-06T14:41:25.1716081Z       -> Bắt đầu giai đoạn 'quan sát' để chờ trang ổn định...
2025-09-06T14:41:31.5134750Z          - Trang đã ổn định (lần 1/2)...
2025-09-06T14:41:33.5460472Z          - Trang đã ổn định (lần 2/2)...
2025-09-06T14:41:33.5461379Z       -> Trang đã ổn định. Dữ liệu chi tiết đã được tải.
2025-09-06T14:41:33.5461993Z       -> Mô phỏng hành vi cuộn trang...
2025-09-06T14:41:34.4318877Z    -> Đã thu thập 50 tin từ trang 44.
2025-09-06T14:41:56.1543658Z    -> Đang khai thác trang 45/100 (còn 13 trang nữa sẽ biến hình)...
2025-09-06T14:42:00.0368662Z       -> Bắt đầu giai đoạn 'quan sát' để chờ trang ổn định...
2025-09-06T14:42:04.4466498Z          - Trang đã ổn định (lần 1/2)...
2025-09-06T14:42:06.4760642Z          - Trang đã ổn định (lần 2/2)...
2025-09-06T14:42:06.4761176Z       -> Trang đã ổn định. Dữ liệu chi tiết đã được tải.
2025-09-06T14:42:06.4761570Z       -> Mô phỏng hành vi cuộn trang...
2025-09-06T14:42:07.5162890Z    -> Đã thu thập 50 tin từ trang 45.
2025-09-06T14:42:30.5326274Z    -> Đang khai thác trang 46/100 (còn 12 trang nữa sẽ biến hình)...
2025-09-06T14:42:34.4296334Z       -> Bắt đầu giai đoạn 'quan sát' để chờ trang ổn định...
2025-09-06T14:42:38.7751391Z          - Trang đã ổn định (lần 1/2)...
2025-09-06T14:42:40.8105336Z          - Trang đã ổn định (lần 2/2)...
2025-09-06T14:42:40.8106127Z       -> Trang đã ổn định. Dữ liệu chi tiết đã được tải.
2025-09-06T14:42:40.8106776Z       -> Mô phỏng hành vi cuộn trang...
2025-09-06T14:42:42.1055062Z    -> Đã thu thập 50 tin từ trang 46.
2025-09-06T14:43:03.8634700Z    -> Đang khai thác trang 47/100 (còn 11 trang nữa sẽ biến hình)...
2025-09-06T14:43:08.6234508Z       -> Bắt đầu giai đoạn 'quan sát' để chờ trang ổn định...
2025-09-06T14:43:15.0946872Z          - Trang đã ổn định (lần 1/2)...
2025-09-06T14:43:17.1370507Z          - Trang đã ổn định (lần 2/2)...
2025-09-06T14:43:17.1371731Z       -> Trang đã ổn định. Dữ liệu chi tiết đã được tải.
2025-09-06T14:43:17.1372495Z       -> Mô phỏng hành vi cuộn trang...
2025-09-06T14:43:18.0146264Z    -> Đã thu thập 50 tin từ trang 47.
2025-09-06T14:43:42.9410961Z    -> Đang khai thác trang 48/100 (còn 10 trang nữa sẽ biến hình)...
2025-09-06T14:43:47.0961081Z       -> Bắt đầu giai đoạn 'quan sát' để chờ trang ổn định...
2025-09-06T14:43:51.4473814Z          - Trang đã ổn định (lần 1/2)...
2025-09-06T14:43:53.4817443Z          - Trang đã ổn định (lần 2/2)...
2025-09-06T14:43:53.4818182Z       -> Trang đã ổn định. Dữ liệu chi tiết đã được tải.
2025-09-06T14:43:53.4818870Z       -> Mô phỏng hành vi cuộn trang...
2025-09-06T14:43:54.5240956Z    -> Đã thu thập 50 tin từ trang 48.
2025-09-06T14:44:16.9303335Z    -> Đang khai thác trang 49/100 (còn 9 trang nữa sẽ biến hình)...
2025-09-06T14:44:21.1235143Z       -> Bắt đầu giai đoạn 'quan sát' để chờ trang ổn định...
2025-09-06T14:44:25.4703312Z          - Trang đã ổn định (lần 1/2)...
2025-09-06T14:44:27.5080015Z          - Trang đã ổn định (lần 2/2)...
2025-09-06T14:44:27.5080826Z       -> Trang đã ổn định. Dữ liệu chi tiết đã được tải.
2025-09-06T14:44:27.5081525Z       -> Mô phỏng hành vi cuộn trang...
2025-09-06T14:44:28.4742146Z    -> Đã thu thập 50 tin từ trang 49.
2025-09-06T14:44:52.8890792Z    -> Đang khai thác trang 50/100 (còn 8 trang nữa sẽ biến hình)...
2025-09-06T14:44:56.6821162Z       -> Bắt đầu giai đoạn 'quan sát' để chờ trang ổn định...
2025-09-06T14:45:03.0715035Z          - Trang đã ổn định (lần 1/2)...
2025-09-06T14:45:05.1058720Z          - Trang đã ổn định (lần 2/2)...
2025-09-06T14:45:05.1059845Z       -> Trang đã ổn định. Dữ liệu chi tiết đã được tải.
2025-09-06T14:45:05.1060505Z       -> Mô phỏng hành vi cuộn trang...
2025-09-06T14:45:06.0597794Z    -> Đã thu thập 50 tin từ trang 50.
2025-09-06T14:45:29.8685816Z    -> Đang khai thác trang 51/100 (còn 7 trang nữa sẽ biến hình)...
2025-09-06T14:45:32.7509797Z       -> Bắt đầu giai đoạn 'quan sát' để chờ trang ổn định...
2025-09-06T14:45:37.1514675Z          - Trang đã ổn định (lần 1/2)...
2025-09-06T14:45:39.1882557Z          - Trang đã ổn định (lần 2/2)...
2025-09-06T14:45:39.1883382Z       -> Trang đã ổn định. Dữ liệu chi tiết đã được tải.
2025-09-06T14:45:39.1884097Z       -> Mô phỏng hành vi cuộn trang...
2025-09-06T14:45:40.3680509Z    -> Đã thu thập 50 tin từ trang 51.
2025-09-06T14:46:00.5941946Z    -> Đang khai thác trang 52/100 (còn 6 trang nữa sẽ biến hình)...
2025-09-06T14:46:03.3083602Z       -> Bắt đầu giai đoạn 'quan sát' để chờ trang ổn định...
2025-09-06T14:46:07.5770674Z          - Trang đã ổn định (lần 1/2)...
2025-09-06T14:46:11.6442770Z          - Trang đã ổn định (lần 1/2)...
2025-09-06T14:46:13.6810099Z          - Trang đã ổn định (lần 2/2)...
2025-09-06T14:46:13.6810777Z       -> Trang đã ổn định. Dữ liệu chi tiết đã được tải.
2025-09-06T14:46:13.6811943Z       -> Mô phỏng hành vi cuộn trang...
2025-09-06T14:46:14.8982001Z    -> Đã thu thập 50 tin từ trang 52.
2025-09-06T14:46:37.4757617Z    -> Đang khai thác trang 53/100 (còn 5 trang nữa sẽ biến hình)...
2025-09-06T14:46:39.9007605Z       -> Bắt đầu giai đoạn 'quan sát' để chờ trang ổn định...
2025-09-06T14:46:44.2003470Z          - Trang đã ổn định (lần 1/2)...
2025-09-06T14:46:46.2333184Z          - Trang đã ổn định (lần 2/2)...
2025-09-06T14:46:46.2334209Z       -> Trang đã ổn định. Dữ liệu chi tiết đã được tải.
2025-09-06T14:46:46.2335192Z       -> Mô phỏng hành vi cuộn trang...
2025-09-06T14:46:47.3872889Z    -> Đã thu thập 50 tin từ trang 53.
2025-09-06T14:47:07.7271440Z    -> Đang khai thác trang 54/100 (còn 4 trang nữa sẽ biến hình)...
2025-09-06T14:47:10.2587982Z       -> Bắt đầu giai đoạn 'quan sát' để chờ trang ổn định...
2025-09-06T14:47:14.6669820Z          - Trang đã ổn định (lần 1/2)...
2025-09-06T14:47:16.6994102Z          - Trang đã ổn định (lần 2/2)...
2025-09-06T14:47:16.6995052Z       -> Trang đã ổn định. Dữ liệu chi tiết đã được tải.
2025-09-06T14:47:16.6995743Z       -> Mô phỏng hành vi cuộn trang...
2025-09-06T14:47:17.6401512Z    -> Đã thu thập 50 tin từ trang 54.
2025-09-06T14:47:38.8944990Z    -> Đang khai thác trang 55/100 (còn 3 trang nữa sẽ biến hình)...
2025-09-06T14:47:42.0730702Z       -> Bắt đầu giai đoạn 'quan sát' để chờ trang ổn định...
2025-09-06T14:47:46.5980941Z          - Trang đã ổn định (lần 1/2)...
2025-09-06T14:47:48.6323967Z          - Trang đã ổn định (lần 2/2)...
2025-09-06T14:47:48.6324779Z       -> Trang đã ổn định. Dữ liệu chi tiết đã được tải.
2025-09-06T14:47:48.6325417Z       -> Mô phỏng hành vi cuộn trang...
2025-09-06T14:47:49.7218289Z    -> Đã thu thập 50 tin từ trang 55.
2025-09-06T14:48:10.2974859Z    -> Đang khai thác trang 56/100 (còn 2 trang nữa sẽ biến hình)...
2025-09-06T14:48:13.9717279Z       -> Bắt đầu giai đoạn 'quan sát' để chờ trang ổn định...
2025-09-06T14:48:20.3470029Z          - Trang đã ổn định (lần 1/2)...
2025-09-06T14:48:22.3796509Z          - Trang đã ổn định (lần 2/2)...
2025-09-06T14:48:22.3796991Z       -> Trang đã ổn định. Dữ liệu chi tiết đã được tải.
2025-09-06T14:48:22.3797371Z       -> Mô phỏng hành vi cuộn trang...
2025-09-06T14:48:23.6662136Z    -> Đã thu thập 50 tin từ trang 56.
2025-09-06T14:48:42.8876357Z    -> Đang khai thác trang 57/100 (còn 1 trang nữa sẽ biến hình)...
2025-09-06T14:48:46.2034911Z       -> Bắt đầu giai đoạn 'quan sát' để chờ trang ổn định...
2025-09-06T14:48:52.6324915Z          - Trang đã ổn định (lần 1/2)...
2025-09-06T14:48:54.6648823Z          - Trang đã ổn định (lần 2/2)...
2025-09-06T14:48:54.6649855Z       -> Trang đã ổn định. Dữ liệu chi tiết đã được tải.
2025-09-06T14:48:54.6650547Z       -> Mô phỏng hành vi cuộn trang...
2025-09-06T14:48:55.5397788Z    -> Đã thu thập 50 tin từ trang 57.
2025-09-06T14:49:16.6795578Z 
2025-09-06T14:49:16.6796538Z    -> [Điệp viên] Hết độ bền nhân dạng. Bắt đầu "biến hình"...
2025-09-06T14:49:16.8037309Z -> [Điệp viên] Đang yêu cầu một danh tính proxy MỚI từ API...
2025-09-06T14:49:17.3185290Z -> [Điệp viên] Đã nhận proxy mới thành công: 171.235.58.8:27273
2025-09-06T14:49:17.3185581Z 
2025-09-06T14:49:17.3185925Z [Điệp viên] Đang khởi tạo trình duyệt với danh tính 171.235.58.8...
2025-09-06T14:49:17.5761071Z    -> [Điệp viên] "Biến hình" thành công. Độ bền nhân dạng mới: 22 trang.
2025-09-06T14:49:17.5761864Z    -> Đang khai thác trang 58/100 (còn 22 trang nữa sẽ biến hình)...
2025-09-06T14:49:32.3530709Z       -> Bắt đầu giai đoạn 'quan sát' để chờ trang ổn định...
2025-09-06T14:49:36.4620499Z          - Trang đã ổn định (lần 1/2)...
2025-09-06T14:49:40.5208626Z          - Trang đã ổn định (lần 1/2)...
2025-09-06T14:49:42.5582786Z          - Trang đã ổn định (lần 2/2)...
2025-09-06T14:49:42.5583412Z       -> Trang đã ổn định. Dữ liệu chi tiết đã được tải.
2025-09-06T14:49:42.5584052Z       -> Mô phỏng hành vi cuộn trang...
2025-09-06T14:49:43.7831882Z    -> Đã thu thập 50 tin từ trang 58.
2025-09-06T14:50:04.6657311Z    -> Đang khai thác trang 59/100 (còn 21 trang nữa sẽ biến hình)...
2025-09-06T14:50:07.4424492Z       -> Bắt đầu giai đoạn 'quan sát' để chờ trang ổn định...
2025-09-06T14:50:13.7252391Z          - Trang đã ổn định (lần 1/2)...
2025-09-06T14:50:15.7586038Z          - Trang đã ổn định (lần 2/2)...
2025-09-06T14:50:15.7586860Z       -> Trang đã ổn định. Dữ liệu chi tiết đã được tải.
2025-09-06T14:50:15.7587707Z       -> Mô phỏng hành vi cuộn trang...
2025-09-06T14:50:16.9463844Z    -> Đã thu thập 50 tin từ trang 59.
2025-09-06T14:50:40.0331986Z    -> Đang khai thác trang 60/100 (còn 20 trang nữa sẽ biến hình)...
2025-09-06T14:50:42.4307184Z       -> Bắt đầu giai đoạn 'quan sát' để chờ trang ổn định...
2025-09-06T14:50:48.8645351Z          - Trang đã ổn định (lần 1/2)...
2025-09-06T14:50:50.8998571Z          - Trang đã ổn định (lần 2/2)...
2025-09-06T14:50:50.9000202Z       -> Trang đã ổn định. Dữ liệu chi tiết đã được tải.
2025-09-06T14:50:50.9000931Z       -> Mô phỏng hành vi cuộn trang...
2025-09-06T14:50:51.7936599Z    -> Đã thu thập 50 tin từ trang 60.
2025-09-06T14:51:11.6897275Z    -> Đang khai thác trang 61/100 (còn 19 trang nữa sẽ biến hình)...
2025-09-06T14:51:14.2090263Z       -> Bắt đầu giai đoạn 'quan sát' để chờ trang ổn định...
2025-09-06T14:51:18.4715097Z          - Trang đã ổn định (lần 1/2)...
2025-09-06T14:51:20.5028391Z          - Trang đã ổn định (lần 2/2)...
2025-09-06T14:51:20.5028900Z       -> Trang đã ổn định. Dữ liệu chi tiết đã được tải.
2025-09-06T14:51:20.5029482Z       -> Mô phỏng hành vi cuộn trang...
2025-09-06T14:51:21.6757635Z    -> Đã thu thập 50 tin từ trang 61.
2025-09-06T14:51:44.9408724Z    -> Đang khai thác trang 62/100 (còn 18 trang nữa sẽ biến hình)...
2025-09-06T14:51:47.3873151Z       -> Bắt đầu giai đoạn 'quan sát' để chờ trang ổn định...
2025-09-06T14:51:51.6525514Z          - Trang đã ổn định (lần 1/2)...
2025-09-06T14:51:53.6893671Z          - Trang đã ổn định (lần 2/2)...
2025-09-06T14:51:53.6894507Z       -> Trang đã ổn định. Dữ liệu chi tiết đã được tải.
2025-09-06T14:51:53.6895160Z       -> Mô phỏng hành vi cuộn trang...
2025-09-06T14:51:54.9001406Z    -> Đã thu thập 50 tin từ trang 62.
2025-09-06T14:52:15.2959469Z    -> Đang khai thác trang 63/100 (còn 17 trang nữa sẽ biến hình)...
2025-09-06T14:52:17.9565672Z       -> Bắt đầu giai đoạn 'quan sát' để chờ trang ổn định...
2025-09-06T14:52:24.2518137Z          - Trang đã ổn định (lần 1/2)...
2025-09-06T14:52:26.2884127Z          - Trang đã ổn định (lần 2/2)...
2025-09-06T14:52:26.2884962Z       -> Trang đã ổn định. Dữ liệu chi tiết đã được tải.
2025-09-06T14:52:26.2885537Z       -> Mô phỏng hành vi cuộn trang...
2025-09-06T14:52:27.3513893Z    -> Đã thu thập 50 tin từ trang 63.
2025-09-06T14:52:48.5923469Z    -> Đang khai thác trang 64/100 (còn 16 trang nữa sẽ biến hình)...
2025-09-06T14:52:52.7004943Z       -> Bắt đầu giai đoạn 'quan sát' để chờ trang ổn định...
2025-09-06T14:52:57.0991973Z          - Trang đã ổn định (lần 1/2)...
2025-09-06T14:52:59.1368662Z          - Trang đã ổn định (lần 2/2)...
2025-09-06T14:52:59.1370860Z       -> Trang đã ổn định. Dữ liệu chi tiết đã được tải.
2025-09-06T14:52:59.1372077Z       -> Mô phỏng hành vi cuộn trang...
2025-09-06T14:53:00.1564513Z    -> Đã thu thập 50 tin từ trang 64.
2025-09-06T14:53:20.9779471Z    -> Đang khai thác trang 65/100 (còn 15 trang nữa sẽ biến hình)...
2025-09-06T14:53:24.2405448Z       -> Bắt đầu giai đoạn 'quan sát' để chờ trang ổn định...
2025-09-06T14:53:28.6174569Z          - Trang đã ổn định (lần 1/2)...
2025-09-06T14:53:30.6484066Z          - Trang đã ổn định (lần 2/2)...
2025-09-06T14:53:30.6485028Z       -> Trang đã ổn định. Dữ liệu chi tiết đã được tải.
2025-09-06T14:53:30.6485821Z       -> Mô phỏng hành vi cuộn trang...
2025-09-06T14:53:31.5364044Z    -> Đã thu thập 50 tin từ trang 65.
2025-09-06T14:53:52.2253258Z    -> Đang khai thác trang 66/100 (còn 14 trang nữa sẽ biến hình)...
2025-09-06T14:53:54.8003028Z       -> Bắt đầu giai đoạn 'quan sát' để chờ trang ổn định...
2025-09-06T14:53:59.0519792Z          - Trang đã ổn định (lần 1/2)...
2025-09-06T14:54:01.0821827Z          - Trang đã ổn định (lần 2/2)...
2025-09-06T14:54:01.0822827Z       -> Trang đã ổn định. Dữ liệu chi tiết đã được tải.
2025-09-06T14:54:01.0823681Z       -> Mô phỏng hành vi cuộn trang...
2025-09-06T14:54:02.2096607Z    -> Đã thu thập 50 tin từ trang 66.
2025-09-06T14:54:26.5905749Z    -> Đang khai thác trang 67/100 (còn 13 trang nữa sẽ biến hình)...
2025-09-06T14:54:29.4569143Z       -> Bắt đầu giai đoạn 'quan sát' để chờ trang ổn định...
2025-09-06T14:54:35.8251061Z          - Trang đã ổn định (lần 1/2)...
2025-09-06T14:54:37.8577499Z          - Trang đã ổn định (lần 2/2)...
2025-09-06T14:54:37.8578021Z       -> Trang đã ổn định. Dữ liệu chi tiết đã được tải.
2025-09-06T14:54:37.8578408Z       -> Mô phỏng hành vi cuộn trang...
2025-09-06T14:54:38.9876657Z    -> Đã thu thập 50 tin từ trang 67.
2025-09-06T14:54:57.3640932Z    -> Đang khai thác trang 68/100 (còn 12 trang nữa sẽ biến hình)...
2025-09-06T14:54:59.9756004Z       -> Bắt đầu giai đoạn 'quan sát' để chờ trang ổn định...
2025-09-06T14:55:06.3273988Z          - Trang đã ổn định (lần 1/2)...
2025-09-06T14:55:08.3653159Z          - Trang đã ổn định (lần 2/2)...
2025-09-06T14:55:08.3654109Z       -> Trang đã ổn định. Dữ liệu chi tiết đã được tải.
2025-09-06T14:55:08.3655333Z       -> Mô phỏng hành vi cuộn trang...
2025-09-06T14:55:09.4136500Z    -> Đã thu thập 50 tin từ trang 68.
2025-09-06T14:55:32.1900432Z    -> Đang khai thác trang 69/100 (còn 11 trang nữa sẽ biến hình)...
2025-09-06T14:55:35.3055252Z       -> Bắt đầu giai đoạn 'quan sát' để chờ trang ổn định...
2025-09-06T14:55:39.6828929Z          - Trang đã ổn định (lần 1/2)...
2025-09-06T14:55:41.7137788Z          - Trang đã ổn định (lần 2/2)...
2025-09-06T14:55:41.7138866Z       -> Trang đã ổn định. Dữ liệu chi tiết đã được tải.
2025-09-06T14:55:41.7139928Z       -> Mô phỏng hành vi cuộn trang...
2025-09-06T14:55:42.8799699Z    -> Đã thu thập 50 tin từ trang 69.
2025-09-06T14:56:04.1102587Z    -> Đang khai thác trang 70/100 (còn 10 trang nữa sẽ biến hình)...
2025-09-06T14:56:08.1351423Z       -> Bắt đầu giai đoạn 'quan sát' để chờ trang ổn định...
2025-09-06T14:56:14.5574112Z          - Trang đã ổn định (lần 1/2)...
2025-09-06T14:56:16.5918870Z          - Trang đã ổn định (lần 2/2)...
2025-09-06T14:56:16.5919712Z       -> Trang đã ổn định. Dữ liệu chi tiết đã được tải.
2025-09-06T14:56:16.5920117Z       -> Mô phỏng hành vi cuộn trang...
2025-09-06T14:56:17.7305866Z    -> Đã thu thập 50 tin từ trang 70.
2025-09-06T14:56:37.2823433Z    -> Đang khai thác trang 71/100 (còn 9 trang nữa sẽ biến hình)...
2025-09-06T14:56:40.5859187Z       -> Bắt đầu giai đoạn 'quan sát' để chờ trang ổn định...
2025-09-06T14:56:44.9813204Z          - Trang đã ổn định (lần 1/2)...
2025-09-06T14:56:49.0406868Z          - Trang đã ổn định (lần 1/2)...
2025-09-06T14:56:51.0787319Z          - Trang đã ổn định (lần 2/2)...
2025-09-06T14:56:51.0787971Z       -> Trang đã ổn định. Dữ liệu chi tiết đã được tải.
2025-09-06T14:56:51.0788427Z       -> Mô phỏng hành vi cuộn trang...
2025-09-06T14:56:52.0971273Z    -> Đã thu thập 50 tin từ trang 71.
2025-09-06T14:57:11.4240302Z    -> Đang khai thác trang 72/100 (còn 8 trang nữa sẽ biến hình)...
2025-09-06T14:57:14.1769213Z       -> Bắt đầu giai đoạn 'quan sát' để chờ trang ổn định...
2025-09-06T14:57:20.5221006Z          - Trang đã ổn định (lần 1/2)...
2025-09-06T14:57:22.5576052Z          - Trang đã ổn định (lần 2/2)...
2025-09-06T14:57:22.5577075Z       -> Trang đã ổn định. Dữ liệu chi tiết đã được tải.
2025-09-06T14:57:22.5579639Z       -> Mô phỏng hành vi cuộn trang...
2025-09-06T14:57:23.8510825Z    -> Đã thu thập 50 tin từ trang 72.
2025-09-06T14:57:42.4694922Z    -> Đang khai thác trang 73/100 (còn 7 trang nữa sẽ biến hình)...
2025-09-06T14:57:45.3899718Z       -> Bắt đầu giai đoạn 'quan sát' để chờ trang ổn định...
2025-09-06T14:57:49.7387785Z          - Trang đã ổn định (lần 1/2)...
2025-09-06T14:57:51.7726992Z          - Trang đã ổn định (lần 2/2)...
2025-09-06T14:57:51.7728292Z       -> Trang đã ổn định. Dữ liệu chi tiết đã được tải.
2025-09-06T14:57:51.7729136Z       -> Mô phỏng hành vi cuộn trang...
2025-09-06T14:57:52.7478381Z    -> Đã thu thập 50 tin từ trang 73.
2025-09-06T14:58:12.3350612Z    -> Đang khai thác trang 74/100 (còn 6 trang nữa sẽ biến hình)...
2025-09-06T14:58:15.6728327Z       -> Bắt đầu giai đoạn 'quan sát' để chờ trang ổn định...
2025-09-06T14:58:20.0102112Z          - Trang đã ổn định (lần 1/2)...
2025-09-06T14:58:22.0417264Z          - Trang đã ổn định (lần 2/2)...
2025-09-06T14:58:22.0421684Z       -> Trang đã ổn định. Dữ liệu chi tiết đã được tải.
2025-09-06T14:58:22.0422391Z       -> Mô phỏng hành vi cuộn trang...
2025-09-06T14:58:23.0906926Z    -> Đã thu thập 50 tin từ trang 74.
2025-09-06T14:58:46.3945482Z    -> Đang khai thác trang 75/100 (còn 5 trang nữa sẽ biến hình)...
2025-09-06T14:58:50.2825338Z       -> Bắt đầu giai đoạn 'quan sát' để chờ trang ổn định...
2025-09-06T14:58:54.6556271Z          - Trang đã ổn định (lần 1/2)...
2025-09-06T14:58:56.6854438Z          - Trang đã ổn định (lần 2/2)...
2025-09-06T14:58:56.6855204Z       -> Trang đã ổn định. Dữ liệu chi tiết đã được tải.
2025-09-06T14:58:56.6855975Z       -> Mô phỏng hành vi cuộn trang...
2025-09-06T14:58:57.8603840Z    -> Đã thu thập 50 tin từ trang 75.
2025-09-06T14:59:19.5460876Z    -> Đang khai thác trang 76/100 (còn 4 trang nữa sẽ biến hình)...
2025-09-06T14:59:20.3425265Z       -> Bắt đầu giai đoạn 'quan sát' để chờ trang ổn định...
2025-09-06T14:59:50.3472913Z    -> Lỗi khi xử lý trang 76: Waiting for selector `div.job-list-search-result` failed: Waiting failed: 30000ms exceeded. Chuyển sang trang tiếp theo.
2025-09-06T14:59:50.3475452Z    -> Đang khai thác trang 77/100 (còn 3 trang nữa sẽ biến hình)...
2025-09-06T14:59:50.8626979Z       -> Bắt đầu giai đoạn 'quan sát' để chờ trang ổn định...
2025-09-06T15:00:19.2049929Z          - Trang đã ổn định (lần 1/2)...
2025-09-06T15:00:21.2371004Z          - Trang đã ổn định (lần 2/2)...
2025-09-06T15:00:21.2371832Z       -> Trang đã ổn định. Dữ liệu chi tiết đã được tải.
2025-09-06T15:00:21.2372508Z       -> Mô phỏng hành vi cuộn trang...
2025-09-06T15:00:22.1209244Z    -> Đã thu thập 50 tin từ trang 77.
2025-09-06T15:00:42.6433589Z    -> Đang khai thác trang 78/100 (còn 2 trang nữa sẽ biến hình)...
2025-09-06T15:00:47.5496841Z       -> Bắt đầu giai đoạn 'quan sát' để chờ trang ổn định...
2025-09-06T15:00:52.0020402Z          - Trang đã ổn định (lần 1/2)...
2025-09-06T15:00:54.0337437Z          - Trang đã ổn định (lần 2/2)...
2025-09-06T15:00:54.0340245Z       -> Trang đã ổn định. Dữ liệu chi tiết đã được tải.
2025-09-06T15:00:54.0341431Z       -> Mô phỏng hành vi cuộn trang...
2025-09-06T15:00:54.9235956Z    -> Đã thu thập 50 tin từ trang 78.
2025-09-06T15:01:19.8603028Z    -> Đang khai thác trang 79/100 (còn 1 trang nữa sẽ biến hình)...
2025-09-06T15:01:23.7222673Z       -> Bắt đầu giai đoạn 'quan sát' để chờ trang ổn định...
2025-09-06T15:01:28.0920466Z          - Trang đã ổn định (lần 1/2)...
2025-09-06T15:01:30.1204656Z          - Trang đã ổn định (lần 2/2)...
2025-09-06T15:01:30.1205591Z       -> Trang đã ổn định. Dữ liệu chi tiết đã được tải.
2025-09-06T15:01:30.1206486Z       -> Mô phỏng hành vi cuộn trang...
2025-09-06T15:01:31.3242128Z    -> Đã thu thập 50 tin từ trang 79.
2025-09-06T15:01:51.5174448Z 
2025-09-06T15:01:51.5175390Z    -> [Điệp viên] Hết độ bền nhân dạng. Bắt đầu "biến hình"...
2025-09-06T15:01:51.6320623Z -> [Điệp viên] Đang yêu cầu một danh tính proxy MỚI từ API...
2025-09-06T15:01:52.2730329Z -> [Điệp viên] Đã nhận proxy mới thành công: 42.112.50.130:19654
2025-09-06T15:01:52.2730686Z 
2025-09-06T15:01:52.2731258Z [Điệp viên] Đang khởi tạo trình duyệt với danh tính 42.112.50.130...
2025-09-06T15:01:52.5282496Z    -> [Điệp viên] "Biến hình" thành công. Độ bền nhân dạng mới: 26 trang.
2025-09-06T15:01:52.5283131Z    -> Đang khai thác trang 80/100 (còn 26 trang nữa sẽ biến hình)...
2025-09-06T15:02:04.9144480Z       -> Bắt đầu giai đoạn 'quan sát' để chờ trang ổn định...
2025-09-06T15:02:09.3935795Z          - Trang đã ổn định (lần 1/2)...
2025-09-06T15:02:13.4551125Z          - Trang đã ổn định (lần 1/2)...
2025-09-06T15:02:15.4833050Z          - Trang đã ổn định (lần 2/2)...
2025-09-06T15:02:15.4833837Z       -> Trang đã ổn định. Dữ liệu chi tiết đã được tải.
2025-09-06T15:02:15.4834606Z       -> Mô phỏng hành vi cuộn trang...
2025-09-06T15:02:16.5680165Z    -> Đã thu thập 50 tin từ trang 80.
2025-09-06T15:02:38.3292274Z    -> Đang khai thác trang 81/100 (còn 25 trang nữa sẽ biến hình)...
2025-09-06T15:02:40.9678184Z       -> Bắt đầu giai đoạn 'quan sát' để chờ trang ổn định...
2025-09-06T15:02:47.2670059Z          - Trang đã ổn định (lần 1/2)...
2025-09-06T15:02:49.2948820Z          - Trang đã ổn định (lần 2/2)...
2025-09-06T15:02:49.2949836Z       -> Trang đã ổn định. Dữ liệu chi tiết đã được tải.
2025-09-06T15:02:49.2950501Z       -> Mô phỏng hành vi cuộn trang...
2025-09-06T15:02:50.5246433Z    -> Đã thu thập 50 tin từ trang 81.
2025-09-06T15:03:14.2257477Z    -> Đang khai thác trang 82/100 (còn 24 trang nữa sẽ biến hình)...
2025-09-06T15:03:16.3151519Z       -> Bắt đầu giai đoạn 'quan sát' để chờ trang ổn định...
2025-09-06T15:03:20.6558756Z          - Trang đã ổn định (lần 1/2)...
2025-09-06T15:03:22.6870533Z          - Trang đã ổn định (lần 2/2)...
2025-09-06T15:03:22.6871021Z       -> Trang đã ổn định. Dữ liệu chi tiết đã được tải.
2025-09-06T15:03:22.6871400Z       -> Mô phỏng hành vi cuộn trang...
2025-09-06T15:03:23.8491054Z    -> Đã thu thập 50 tin từ trang 82.
2025-09-06T15:03:47.0241014Z    -> Đang khai thác trang 83/100 (còn 23 trang nữa sẽ biến hình)...
2025-09-06T15:03:49.0511891Z       -> Bắt đầu giai đoạn 'quan sát' để chờ trang ổn định...
2025-09-06T15:03:55.3501578Z          - Trang đã ổn định (lần 1/2)...
2025-09-06T15:03:57.3842242Z          - Trang đã ổn định (lần 2/2)...
2025-09-06T15:03:57.3843914Z       -> Trang đã ổn định. Dữ liệu chi tiết đã được tải.
2025-09-06T15:03:57.3844670Z       -> Mô phỏng hành vi cuộn trang...
2025-09-06T15:03:58.6438458Z    -> Đã thu thập 50 tin từ trang 83.
2025-09-06T15:04:18.0256239Z    -> Đang khai thác trang 84/100 (còn 22 trang nữa sẽ biến hình)...
2025-09-06T15:04:20.2624892Z       -> Bắt đầu giai đoạn 'quan sát' để chờ trang ổn định...
2025-09-06T15:04:24.5371501Z          - Trang đã ổn định (lần 1/2)...
2025-09-06T15:04:26.5658100Z          - Trang đã ổn định (lần 2/2)...
2025-09-06T15:04:26.5660076Z       -> Trang đã ổn định. Dữ liệu chi tiết đã được tải.
2025-09-06T15:04:26.5660945Z       -> Mô phỏng hành vi cuộn trang...
2025-09-06T15:04:27.4871497Z    -> Đã thu thập 50 tin từ trang 84.
2025-09-06T15:04:51.9710406Z    -> Đang khai thác trang 85/100 (còn 21 trang nữa sẽ biến hình)...
2025-09-06T15:04:54.2153805Z       -> Bắt đầu giai đoạn 'quan sát' để chờ trang ổn định...
2025-09-06T15:04:58.4724309Z          - Trang đã ổn định (lần 1/2)...
2025-09-06T15:05:00.5038547Z          - Trang đã ổn định (lần 2/2)...
2025-09-06T15:05:00.5040705Z       -> Trang đã ổn định. Dữ liệu chi tiết đã được tải.
2025-09-06T15:05:00.5041492Z       -> Mô phỏng hành vi cuộn trang...
2025-09-06T15:05:01.5774895Z    -> Đã thu thập 50 tin từ trang 85.
2025-09-06T15:05:24.0344087Z    -> Đang khai thác trang 86/100 (còn 20 trang nữa sẽ biến hình)...
2025-09-06T15:05:26.0724087Z       -> Bắt đầu giai đoạn 'quan sát' để chờ trang ổn định...
2025-09-06T15:05:30.3402916Z          - Trang đã ổn định (lần 1/2)...
2025-09-06T15:05:32.3676659Z          - Trang đã ổn định (lần 2/2)...
2025-09-06T15:05:32.3677308Z       -> Trang đã ổn định. Dữ liệu chi tiết đã được tải.
2025-09-06T15:05:32.3677800Z       -> Mô phỏng hành vi cuộn trang...
2025-09-06T15:05:33.2388790Z    -> Đã thu thập 50 tin từ trang 86.
2025-09-06T15:05:57.3856206Z    -> Đang khai thác trang 87/100 (còn 19 trang nữa sẽ biến hình)...
2025-09-06T15:05:59.5910615Z       -> Bắt đầu giai đoạn 'quan sát' để chờ trang ổn định...
2025-09-06T15:06:03.9192099Z          - Trang đã ổn định (lần 1/2)...
2025-09-06T15:06:05.9544590Z          - Trang đã ổn định (lần 2/2)...
2025-09-06T15:06:05.9545451Z       -> Trang đã ổn định. Dữ liệu chi tiết đã được tải.
2025-09-06T15:06:05.9546135Z       -> Mô phỏng hành vi cuộn trang...
2025-09-06T15:06:07.1980473Z    -> Đã thu thập 50 tin từ trang 87.
2025-09-06T15:06:28.3464068Z    -> Đang khai thác trang 88/100 (còn 18 trang nữa sẽ biến hình)...
2025-09-06T15:06:30.6314002Z       -> Bắt đầu giai đoạn 'quan sát' để chờ trang ổn định...
2025-09-06T15:06:37.0009147Z          - Trang đã ổn định (lần 1/2)...
2025-09-06T15:06:39.0379953Z          - Trang đã ổn định (lần 2/2)...
2025-09-06T15:06:39.0380735Z       -> Trang đã ổn định. Dữ liệu chi tiết đã được tải.
2025-09-06T15:06:39.0381368Z       -> Mô phỏng hành vi cuộn trang...
2025-09-06T15:06:40.2815343Z    -> Đã thu thập 50 tin từ trang 88.
2025-09-06T15:07:03.3496950Z    -> Đang khai thác trang 89/100 (còn 17 trang nữa sẽ biến hình)...
2025-09-06T15:07:05.5773192Z       -> Bắt đầu giai đoạn 'quan sát' để chờ trang ổn định...
2025-09-06T15:07:11.8650381Z          - Trang đã ổn định (lần 1/2)...
2025-09-06T15:07:13.8993145Z          - Trang đã ổn định (lần 2/2)...
2025-09-06T15:07:13.8994016Z       -> Trang đã ổn định. Dữ liệu chi tiết đã được tải.
2025-09-06T15:07:13.8995188Z       -> Mô phỏng hành vi cuộn trang...
2025-09-06T15:07:15.0895823Z    -> Đã thu thập 50 tin từ trang 89.
2025-09-06T15:07:38.8006180Z    -> Đang khai thác trang 90/100 (còn 16 trang nữa sẽ biến hình)...
2025-09-06T15:07:41.0014646Z       -> Bắt đầu giai đoạn 'quan sát' để chờ trang ổn định...
2025-09-06T15:07:45.2339312Z          - Trang đã ổn định (lần 1/2)...
2025-09-06T15:07:47.2656081Z          - Trang đã ổn định (lần 2/2)...
2025-09-06T15:07:47.2656606Z       -> Trang đã ổn định. Dữ liệu chi tiết đã được tải.
2025-09-06T15:07:47.2657024Z       -> Mô phỏng hành vi cuộn trang...
2025-09-06T15:07:48.4232569Z    -> Đã thu thập 50 tin từ trang 90.
2025-09-06T15:08:10.7376226Z    -> Đang khai thác trang 91/100 (còn 15 trang nữa sẽ biến hình)...
2025-09-06T15:08:13.0647829Z       -> Bắt đầu giai đoạn 'quan sát' để chờ trang ổn định...
2025-09-06T15:08:19.3375375Z          - Trang đã ổn định (lần 1/2)...
2025-09-06T15:08:21.3748639Z          - Trang đã ổn định (lần 2/2)...
2025-09-06T15:08:21.3749433Z       -> Trang đã ổn định. Dữ liệu chi tiết đã được tải.
2025-09-06T15:08:21.3749826Z       -> Mô phỏng hành vi cuộn trang...
2025-09-06T15:08:22.4683079Z    -> Đã thu thập 50 tin từ trang 91.
2025-09-06T15:08:47.0205460Z    -> Đang khai thác trang 92/100 (còn 14 trang nữa sẽ biến hình)...
2025-09-06T15:08:49.1727591Z       -> Bắt đầu giai đoạn 'quan sát' để chờ trang ổn định...
2025-09-06T15:08:53.5799471Z          - Trang đã ổn định (lần 1/2)...
2025-09-06T15:08:55.6103256Z          - Trang đã ổn định (lần 2/2)...
2025-09-06T15:08:55.6104082Z       -> Trang đã ổn định. Dữ liệu chi tiết đã được tải.
2025-09-06T15:08:55.6104828Z       -> Mô phỏng hành vi cuộn trang...
2025-09-06T15:08:56.8716596Z    -> Đã thu thập 50 tin từ trang 92.
2025-09-06T15:09:18.6614386Z    -> Đang khai thác trang 93/100 (còn 13 trang nữa sẽ biến hình)...
2025-09-06T15:09:20.9105118Z       -> Bắt đầu giai đoạn 'quan sát' để chờ trang ổn định...
2025-09-06T15:09:25.2866484Z          - Trang đã ổn định (lần 1/2)...
2025-09-06T15:09:27.3211100Z          - Trang đã ổn định (lần 2/2)...
2025-09-06T15:09:27.3211619Z       -> Trang đã ổn định. Dữ liệu chi tiết đã được tải.
2025-09-06T15:09:27.3212041Z       -> Mô phỏng hành vi cuộn trang...
2025-09-06T15:09:28.4134408Z    -> Đã thu thập 50 tin từ trang 93.
2025-09-06T15:09:47.3098729Z    -> Đang khai thác trang 94/100 (còn 12 trang nữa sẽ biến hình)...
2025-09-06T15:09:49.4162666Z       -> Bắt đầu giai đoạn 'quan sát' để chờ trang ổn định...
2025-09-06T15:09:53.8247887Z          - Trang đã ổn định (lần 1/2)...
2025-09-06T15:09:55.8572166Z          - Trang đã ổn định (lần 2/2)...
2025-09-06T15:09:55.8572960Z       -> Trang đã ổn định. Dữ liệu chi tiết đã được tải.
2025-09-06T15:09:55.8573651Z       -> Mô phỏng hành vi cuộn trang...
2025-09-06T15:09:57.0687030Z    -> Đã thu thập 50 tin từ trang 94.
2025-09-06T15:10:19.6015787Z    -> Đang khai thác trang 95/100 (còn 11 trang nữa sẽ biến hình)...
2025-09-06T15:10:21.6593112Z       -> Bắt đầu giai đoạn 'quan sát' để chờ trang ổn định...
2025-09-06T15:10:25.9231190Z          - Trang đã ổn định (lần 1/2)...
2025-09-06T15:10:27.9528383Z          - Trang đã ổn định (lần 2/2)...
2025-09-06T15:10:27.9529373Z       -> Trang đã ổn định. Dữ liệu chi tiết đã được tải.
2025-09-06T15:10:27.9530060Z       -> Mô phỏng hành vi cuộn trang...
2025-09-06T15:10:28.8476941Z    -> Đã thu thập 50 tin từ trang 95.
2025-09-06T15:10:50.7992138Z    -> Đang khai thác trang 96/100 (còn 10 trang nữa sẽ biến hình)...
2025-09-06T15:10:52.8691469Z       -> Bắt đầu giai đoạn 'quan sát' để chờ trang ổn định...
2025-09-06T15:10:57.1382249Z          - Trang đã ổn định (lần 1/2)...
2025-09-06T15:10:59.1670787Z          - Trang đã ổn định (lần 2/2)...
2025-09-06T15:10:59.1671330Z       -> Trang đã ổn định. Dữ liệu chi tiết đã được tải.
2025-09-06T15:10:59.1671725Z       -> Mô phỏng hành vi cuộn trang...
2025-09-06T15:11:00.4626239Z    -> Đã thu thập 50 tin từ trang 96.
2025-09-06T15:11:21.7640112Z    -> Đang khai thác trang 97/100 (còn 9 trang nữa sẽ biến hình)...
2025-09-06T15:11:23.6554872Z       -> Bắt đầu giai đoạn 'quan sát' để chờ trang ổn định...
2025-09-06T15:11:29.8516095Z          - Trang đã ổn định (lần 1/2)...
2025-09-06T15:11:31.8627966Z          - Trang đã ổn định (lần 2/2)...
2025-09-06T15:11:31.8628469Z       -> Trang đã ổn định. Dữ liệu chi tiết đã được tải.
2025-09-06T15:11:31.8628843Z       -> Mô phỏng hành vi cuộn trang...
2025-09-06T15:11:32.9030083Z    -> Đã thu thập 11 tin từ trang 97.
2025-09-06T15:11:55.7059707Z    -> Đang khai thác trang 98/100 (còn 8 trang nữa sẽ biến hình)...
2025-09-06T15:11:58.1702006Z       -> Bắt đầu giai đoạn 'quan sát' để chờ trang ổn định...
2025-09-06T15:12:02.3283100Z          - Trang đã ổn định (lần 1/2)...
2025-09-06T15:12:04.3375724Z          - Trang đã ổn định (lần 2/2)...
2025-09-06T15:12:04.3376232Z       -> Trang đã ổn định. Dữ liệu chi tiết đã được tải.
2025-09-06T15:12:04.3376682Z       -> Mô phỏng hành vi cuộn trang...
2025-09-06T15:12:05.2217666Z    -> Đã thu thập 11 tin từ trang 98.
2025-09-06T15:12:29.2467170Z    -> Đang khai thác trang 99/100 (còn 7 trang nữa sẽ biến hình)...
2025-09-06T15:12:31.9436490Z       -> Bắt đầu giai đoạn 'quan sát' để chờ trang ổn định...
2025-09-06T15:12:36.1746816Z          - Trang đã ổn định (lần 1/2)...
2025-09-06T15:12:38.1852910Z          - Trang đã ổn định (lần 2/2)...
2025-09-06T15:12:38.1853411Z       -> Trang đã ổn định. Dữ liệu chi tiết đã được tải.
2025-09-06T15:12:38.1853794Z       -> Mô phỏng hành vi cuộn trang...
2025-09-06T15:12:39.3560885Z    -> Đã thu thập 11 tin từ trang 99.
2025-09-06T15:13:04.0756137Z    -> Đang khai thác trang 100/100 (còn 6 trang nữa sẽ biến hình)...
2025-09-06T15:13:06.5965723Z       -> Bắt đầu giai đoạn 'quan sát' để chờ trang ổn định...
2025-09-06T15:13:10.7860944Z          - Trang đã ổn định (lần 1/2)...
2025-09-06T15:13:12.7957888Z          - Trang đã ổn định (lần 2/2)...
2025-09-06T15:13:12.7958426Z       -> Trang đã ổn định. Dữ liệu chi tiết đã được tải.
2025-09-06T15:13:12.7958812Z       -> Mô phỏng hành vi cuộn trang...
2025-09-06T15:13:13.9255678Z    -> Đã thu thập 11 tin từ trang 100.
2025-09-06T15:13:36.5835530Z 
2025-09-06T15:13:36.5838216Z [Điệp viên] Rút lui an toàn, đã đóng trình duyệt.
2025-09-06T15:13:36.6676275Z 
2025-09-06T15:13:36.6679344Z --- BÁO CÁO NHIỆM VỤ ---
2025-09-06T15:13:36.6680070Z Đã tổng hợp 4644 tin duy nhất vào data/topcv_ke-toan_06-09-2025.csv
2025-09-06T15:13:36.8028376Z ##[group]Run # Đồng bộ hóa với các file dữ liệu cũ (nếu có) để tránh lỗi push
2025-09-06T15:13:36.8028880Z [36;1m# Đồng bộ hóa với các file dữ liệu cũ (nếu có) để tránh lỗi push[0m
2025-09-06T15:13:36.8029539Z [36;1mgit pull origin main --rebase[0m
2025-09-06T15:13:36.8029805Z [36;1m[0m
2025-09-06T15:13:36.8030065Z [36;1mgit config --global user.name 'GitHub Actions Scraper'[0m
2025-09-06T15:13:36.8030446Z [36;1mgit config --global user.email 'actions@github.com'[0m
2025-09-06T15:13:36.8030786Z [36;1mgit add data/topcv_ke-toan_06-09-2025.csv[0m
2025-09-06T15:13:36.8031192Z [36;1mgit commit -m "📊 Dữ liệu TopCV: Thêm 4644 tin mới vào data/topcv_ke-toan_06-09-2025.csv"[0m
2025-09-06T15:13:36.8031821Z [36;1mgit push[0m
2025-09-06T15:13:36.8062200Z shell: /usr/bin/bash -e {0}
2025-09-06T15:13:36.8062448Z ##[endgroup]
2025-09-06T15:13:37.0803075Z From https://github.com/thiensang1/topcv-job-scraper
2025-09-06T15:13:37.0803791Z  * branch            main       -> FETCH_HEAD
2025-09-06T15:13:37.0876124Z Already up to date.
2025-09-06T15:13:37.1300314Z [main 8409a81] 📊 Dữ liệu TopCV: Thêm 4644 tin mới vào data/topcv_ke-toan_06-09-2025.csv
2025-09-06T15:13:37.1301100Z  1 file changed, 4645 insertions(+)
2025-09-06T15:13:37.1301683Z  create mode 100644 data/topcv_ke-toan_06-09-2025.csv
2025-09-06T15:13:37.6821422Z To https://github.com/thiensang1/topcv-job-scraper
2025-09-06T15:13:37.6822233Z    c6fb551..8409a81  main -> main
2025-09-06T15:13:37.6915647Z Post job cleanup.
2025-09-06T15:13:37.8443253Z Cache hit occurred on the primary key node-cache-Linux-x64-npm-416e735b9ac2a76a2dd6b9ec1a6fe63cc3ce0bfa9ce4a61af4a52cdd46502d8f, not saving cache.
2025-09-06T15:13:37.8551164Z Post job cleanup.
2025-09-06T15:13:37.9465365Z [command]/usr/bin/git version
2025-09-06T15:13:37.9500498Z git version 2.51.0
2025-09-06T15:13:37.9538679Z Copying '/home/runner/.gitconfig' to '/home/runner/work/_temp/29919129-fec8-4bea-a537-d205664a558d/.gitconfig'
2025-09-06T15:13:37.9548503Z Temporarily overriding HOME='/home/runner/work/_temp/29919129-fec8-4bea-a537-d205664a558d' before making global git config changes
2025-09-06T15:13:37.9550234Z Adding repository directory to the temporary git global config as a safe directory
2025-09-06T15:13:37.9554789Z [command]/usr/bin/git config --global --add safe.directory /home/runner/work/topcv-job-scraper/topcv-job-scraper
2025-09-06T15:13:37.9589350Z [command]/usr/bin/git config --local --name-only --get-regexp core\.sshCommand
2025-09-06T15:13:37.9620085Z [command]/usr/bin/git submodule foreach --recursive sh -c "git config --local --name-only --get-regexp 'core\.sshCommand' && git config --local --unset-all 'core.sshCommand' || :"
2025-09-06T15:13:37.9845341Z [command]/usr/bin/git config --local --name-only --get-regexp http\.https\:\/\/github\.com\/\.extraheader
2025-09-06T15:13:37.9864481Z http.https://github.com/.extraheader
2025-09-06T15:13:37.9877022Z [command]/usr/bin/git config --local --unset-all http.https://github.com/.extraheader
2025-09-06T15:13:37.9905697Z [command]/usr/bin/git submodule foreach --recursive sh -c "git config --local --name-only --get-regexp 'http\.https\:\/\/github\.com\/\.extraheader' && git config --local --unset-all 'http.https://github.com/.extraheader' || :"
2025-09-06T15:13:38.0266899Z Cleaning up orphan processes
