2025-09-08T06:56:52.5933730Z Current runner version: '2.328.0'
2025-09-08T06:56:52.5958751Z ##[group]Runner Image Provisioner
2025-09-08T06:56:52.5959682Z Hosted Compute Agent
2025-09-08T06:56:52.5960210Z Version: 20250829.383
2025-09-08T06:56:52.5960822Z Commit: 27cb235aab5b0e52e153a26cd86b4742e89dac5d
2025-09-08T06:56:52.5961577Z Build Date: 2025-08-29T13:48:48Z
2025-09-08T06:56:52.5962357Z ##[endgroup]
2025-09-08T06:56:52.5962914Z ##[group]Operating System
2025-09-08T06:56:52.5963532Z Ubuntu
2025-09-08T06:56:52.5963961Z 24.04.3
2025-09-08T06:56:52.5964421Z LTS
2025-09-08T06:56:52.5964947Z ##[endgroup]
2025-09-08T06:56:52.5965444Z ##[group]Runner Image
2025-09-08T06:56:52.5966016Z Image: ubuntu-24.04
2025-09-08T06:56:52.5966616Z Version: 20250831.1.0
2025-09-08T06:56:52.5967628Z Included Software: https://github.com/actions/runner-images/blob/ubuntu24/20250831.1/images/ubuntu/Ubuntu2404-Readme.md
2025-09-08T06:56:52.5969193Z Image Release: https://github.com/actions/runner-images/releases/tag/ubuntu24%2F20250831.1
2025-09-08T06:56:52.5970273Z ##[endgroup]
2025-09-08T06:56:52.5973203Z ##[group]GITHUB_TOKEN Permissions
2025-09-08T06:56:52.5975236Z Actions: write
2025-09-08T06:56:52.5975785Z Attestations: write
2025-09-08T06:56:52.5976383Z Checks: write
2025-09-08T06:56:52.5976929Z Contents: write
2025-09-08T06:56:52.5977439Z Deployments: write
2025-09-08T06:56:52.5978004Z Discussions: write
2025-09-08T06:56:52.5978516Z Issues: write
2025-09-08T06:56:52.5979004Z Metadata: read
2025-09-08T06:56:52.5979596Z Models: read
2025-09-08T06:56:52.5980064Z Packages: write
2025-09-08T06:56:52.5980569Z Pages: write
2025-09-08T06:56:52.5981137Z PullRequests: write
2025-09-08T06:56:52.5981830Z RepositoryProjects: write
2025-09-08T06:56:52.5982411Z SecurityEvents: write
2025-09-08T06:56:52.5983164Z Statuses: write
2025-09-08T06:56:52.5983651Z ##[endgroup]
2025-09-08T06:56:52.5986145Z Secret source: Actions
2025-09-08T06:56:52.5987181Z Prepare workflow directory
2025-09-08T06:56:52.6334140Z Prepare all required actions
2025-09-08T06:56:52.6391950Z Getting action download info
2025-09-08T06:56:53.0916573Z Download action repository 'actions/checkout@v4' (SHA:08eba0b27e820071cde6df949e0beb9ba4906955)
2025-09-08T06:56:53.2767284Z Download action repository 'actions/setup-node@v4' (SHA:49933ea5288caeca8642d1e84afbd3f7d6820020)
2025-09-08T06:56:53.3668822Z Download action repository 'browser-actions/setup-chrome@latest' (SHA:b94431e051d1c52dcbe9a7092a4f10f827795416)
2025-09-08T06:56:53.9529327Z Complete job name: scrape-and-commit
2025-09-08T06:56:54.0232070Z ##[group]Run actions/checkout@v4
2025-09-08T06:56:54.0232959Z with:
2025-09-08T06:56:54.0233359Z   fetch-depth: 0
2025-09-08T06:56:54.0233833Z   repository: thiensang1/topcv-job-scraper
2025-09-08T06:56:54.0234528Z   token: ***
2025-09-08T06:56:54.0234927Z   ssh-strict: true
2025-09-08T06:56:54.0235340Z   ssh-user: git
2025-09-08T06:56:54.0235760Z   persist-credentials: true
2025-09-08T06:56:54.0236215Z   clean: true
2025-09-08T06:56:54.0236633Z   sparse-checkout-cone-mode: true
2025-09-08T06:56:54.0237128Z   fetch-tags: false
2025-09-08T06:56:54.0237555Z   show-progress: true
2025-09-08T06:56:54.0237973Z   lfs: false
2025-09-08T06:56:54.0238357Z   submodules: false
2025-09-08T06:56:54.0238781Z   set-safe-directory: true
2025-09-08T06:56:54.0239435Z ##[endgroup]
2025-09-08T06:56:54.1345623Z Syncing repository: thiensang1/topcv-job-scraper
2025-09-08T06:56:54.1348018Z ##[group]Getting Git version info
2025-09-08T06:56:54.1348936Z Working directory is '/home/runner/work/topcv-job-scraper/topcv-job-scraper'
2025-09-08T06:56:54.1350000Z [command]/usr/bin/git version
2025-09-08T06:56:54.1427081Z git version 2.51.0
2025-09-08T06:56:54.1455672Z ##[endgroup]
2025-09-08T06:56:54.1473512Z Temporarily overriding HOME='/home/runner/work/_temp/956ed137-a513-47d0-b484-fbc53c257747' before making global git config changes
2025-09-08T06:56:54.1475690Z Adding repository directory to the temporary git global config as a safe directory
2025-09-08T06:56:54.1480892Z [command]/usr/bin/git config --global --add safe.directory /home/runner/work/topcv-job-scraper/topcv-job-scraper
2025-09-08T06:56:54.1531201Z Deleting the contents of '/home/runner/work/topcv-job-scraper/topcv-job-scraper'
2025-09-08T06:56:54.1535793Z ##[group]Initializing the repository
2025-09-08T06:56:54.1540616Z [command]/usr/bin/git init /home/runner/work/topcv-job-scraper/topcv-job-scraper
2025-09-08T06:56:54.1625738Z hint: Using 'master' as the name for the initial branch. This default branch name
2025-09-08T06:56:54.1627636Z hint: is subject to change. To configure the initial branch name to use in all
2025-09-08T06:56:54.1629021Z hint: of your new repositories, which will suppress this warning, call:
2025-09-08T06:56:54.1629906Z hint:
2025-09-08T06:56:54.1630714Z hint: 	git config --global init.defaultBranch <name>
2025-09-08T06:56:54.1631454Z hint:
2025-09-08T06:56:54.1632396Z hint: Names commonly chosen instead of 'master' are 'main', 'trunk' and
2025-09-08T06:56:54.1633390Z hint: 'development'. The just-created branch can be renamed via this command:
2025-09-08T06:56:54.1634204Z hint:
2025-09-08T06:56:54.1634689Z hint: 	git branch -m <name>
2025-09-08T06:56:54.1635229Z hint:
2025-09-08T06:56:54.1636181Z hint: Disable this message with "git config set advice.defaultBranchName false"
2025-09-08T06:56:54.1637396Z Initialized empty Git repository in /home/runner/work/topcv-job-scraper/topcv-job-scraper/.git/
2025-09-08T06:56:54.1642645Z [command]/usr/bin/git remote add origin https://github.com/thiensang1/topcv-job-scraper
2025-09-08T06:56:54.1689691Z ##[endgroup]
2025-09-08T06:56:54.1690831Z ##[group]Disabling automatic garbage collection
2025-09-08T06:56:54.1694133Z [command]/usr/bin/git config --local gc.auto 0
2025-09-08T06:56:54.1724890Z ##[endgroup]
2025-09-08T06:56:54.1726054Z ##[group]Setting up auth
2025-09-08T06:56:54.1732895Z [command]/usr/bin/git config --local --name-only --get-regexp core\.sshCommand
2025-09-08T06:56:54.1765758Z [command]/usr/bin/git submodule foreach --recursive sh -c "git config --local --name-only --get-regexp 'core\.sshCommand' && git config --local --unset-all 'core.sshCommand' || :"
2025-09-08T06:56:54.2087549Z [command]/usr/bin/git config --local --name-only --get-regexp http\.https\:\/\/github\.com\/\.extraheader
2025-09-08T06:56:54.2119815Z [command]/usr/bin/git submodule foreach --recursive sh -c "git config --local --name-only --get-regexp 'http\.https\:\/\/github\.com\/\.extraheader' && git config --local --unset-all 'http.https://github.com/.extraheader' || :"
2025-09-08T06:56:54.2342322Z [command]/usr/bin/git config --local http.https://github.com/.extraheader AUTHORIZATION: basic ***
2025-09-08T06:56:54.2377126Z ##[endgroup]
2025-09-08T06:56:54.2378380Z ##[group]Fetching the repository
2025-09-08T06:56:54.2387560Z [command]/usr/bin/git -c protocol.version=2 fetch --prune --no-recurse-submodules origin +refs/heads/*:refs/remotes/origin/* +refs/tags/*:refs/tags/*
2025-09-08T06:56:55.4088685Z From https://github.com/thiensang1/topcv-job-scraper
2025-09-08T06:56:55.4089598Z  * [new branch]      main       -> origin/main
2025-09-08T06:56:55.4126626Z [command]/usr/bin/git branch --list --remote origin/main
2025-09-08T06:56:55.4148952Z   origin/main
2025-09-08T06:56:55.4159141Z [command]/usr/bin/git rev-parse refs/remotes/origin/main
2025-09-08T06:56:55.4178384Z c8a991be0258ebba5dd92948ffca354fdc9e1b03
2025-09-08T06:56:55.4183956Z ##[endgroup]
2025-09-08T06:56:55.4184437Z ##[group]Determining the checkout info
2025-09-08T06:56:55.4185305Z ##[endgroup]
2025-09-08T06:56:55.4189200Z [command]/usr/bin/git sparse-checkout disable
2025-09-08T06:56:55.4227262Z [command]/usr/bin/git config --local --unset-all extensions.worktreeConfig
2025-09-08T06:56:55.4251942Z ##[group]Checking out the ref
2025-09-08T06:56:55.4255465Z [command]/usr/bin/git checkout --progress --force -B main refs/remotes/origin/main
2025-09-08T06:56:55.7724122Z Switched to a new branch 'main'
2025-09-08T06:56:55.7725795Z branch 'main' set up to track 'origin/main'.
2025-09-08T06:56:55.7744065Z ##[endgroup]
2025-09-08T06:56:55.7783280Z [command]/usr/bin/git log -1 --format=%H
2025-09-08T06:56:55.7805904Z c8a991be0258ebba5dd92948ffca354fdc9e1b03
2025-09-08T06:56:55.8024616Z ##[group]Run actions/setup-node@v4
2025-09-08T06:56:55.8024935Z with:
2025-09-08T06:56:55.8025157Z   node-version: 18
2025-09-08T06:56:55.8025387Z   cache: npm
2025-09-08T06:56:55.8025609Z   always-auth: false
2025-09-08T06:56:55.8025855Z   check-latest: false
2025-09-08T06:56:55.8026228Z   token: ***
2025-09-08T06:56:55.8026464Z ##[endgroup]
2025-09-08T06:56:55.9766712Z Found in cache @ /opt/hostedtoolcache/node/18.20.8/x64
2025-09-08T06:56:55.9772686Z ##[group]Environment details
2025-09-08T06:56:57.8621299Z node: v18.20.8
2025-09-08T06:56:57.8622246Z npm: 10.8.2
2025-09-08T06:56:57.8623031Z yarn: 1.22.22
2025-09-08T06:56:57.8624604Z ##[endgroup]
2025-09-08T06:56:57.8648579Z [command]/opt/hostedtoolcache/node/18.20.8/x64/bin/npm config get cache
2025-09-08T06:56:58.1302473Z /home/runner/.npm
2025-09-08T06:56:58.4477405Z Cache hit for: node-cache-Linux-x64-npm-416e735b9ac2a76a2dd6b9ec1a6fe63cc3ce0bfa9ce4a61af4a52cdd46502d8f
2025-09-08T06:56:59.8053202Z Received 1317494 of 5511798 (23.9%), 1.3 MBs/sec
2025-09-08T06:56:59.8238035Z Received 5511798 of 5511798 (100.0%), 5.2 MBs/sec
2025-09-08T06:56:59.8239010Z Cache Size: ~5 MB (5511798 B)
2025-09-08T06:56:59.8268523Z [command]/usr/bin/tar -xf /home/runner/work/_temp/cc6aa4b9-0705-470b-a7ba-44043e768fc0/cache.tzst -P -C /home/runner/work/topcv-job-scraper/topcv-job-scraper --use-compress-program unzstd
2025-09-08T06:56:59.8622537Z Cache restored successfully
2025-09-08T06:56:59.8637870Z Cache restored from key: node-cache-Linux-x64-npm-416e735b9ac2a76a2dd6b9ec1a6fe63cc3ce0bfa9ce4a61af4a52cdd46502d8f
2025-09-08T06:56:59.8769984Z ##[group]Run browser-actions/setup-chrome@latest
2025-09-08T06:56:59.8770304Z with:
2025-09-08T06:56:59.8770497Z   chrome-version: stable
2025-09-08T06:56:59.8770729Z   install-dependencies: false
2025-09-08T06:56:59.8770971Z   install-chromedriver: false
2025-09-08T06:56:59.8771195Z   no-sudo: false
2025-09-08T06:56:59.8771383Z ##[endgroup]
2025-09-08T06:56:59.9537799Z Setup chrome stable
2025-09-08T06:56:59.9542246Z Attempting to download chrome stable...
2025-09-08T06:56:59.9988063Z Acquiring chrome stable from https://storage.googleapis.com/chrome-for-testing-public/140.0.7339.80/linux64/chrome-linux64.zip
2025-09-08T06:57:01.3339903Z Installing chrome...
2025-09-08T06:57:01.3376474Z [command]/usr/bin/unzip -o -q /home/runner/work/_temp/7c9668f0-631e-4022-95c8-80958b7f1efb
2025-09-08T06:57:05.1425215Z Successfully Installed chrome to /opt/hostedtoolcache/setup-chrome/chrome/stable/x64
2025-09-08T06:57:05.1437234Z [command]/opt/hostedtoolcache/setup-chrome/chrome/stable/x64/chrome --version
2025-09-08T06:57:05.2503388Z Google Chrome for Testing 140.0.7339.80 
2025-09-08T06:57:05.2677780Z Successfully setup chrome 140.0.7339.80
2025-09-08T06:57:05.2812629Z ##[group]Run npm install
2025-09-08T06:57:05.2812951Z [36;1mnpm install[0m
2025-09-08T06:57:05.2929856Z shell: /usr/bin/bash -e {0}
2025-09-08T06:57:05.2930128Z ##[endgroup]
2025-09-08T06:57:08.1599755Z npm warn EBADENGINE Unsupported engine {
2025-09-08T06:57:08.1600829Z npm warn EBADENGINE   package: 'cheerio@1.1.2',
2025-09-08T06:57:08.1602191Z npm warn EBADENGINE   required: { node: '>=20.18.1' },
2025-09-08T06:57:08.1603179Z npm warn EBADENGINE   current: { node: 'v18.20.8', npm: '10.8.2' }
2025-09-08T06:57:08.1603938Z npm warn EBADENGINE }
2025-09-08T06:57:08.6353853Z 
2025-09-08T06:57:08.6354594Z up to date, audited 187 packages in 3s
2025-09-08T06:57:08.6355047Z 
2025-09-08T06:57:08.6355375Z 34 packages are looking for funding
2025-09-08T06:57:08.6355911Z   run `npm fund` for details
2025-09-08T06:57:08.6431371Z 
2025-09-08T06:57:08.6431978Z 2 vulnerabilities (1 low, 1 moderate)
2025-09-08T06:57:08.6432336Z 
2025-09-08T06:57:08.6432594Z To address all issues, run:
2025-09-08T06:57:08.6433137Z   npm audit fix
2025-09-08T06:57:08.6433380Z 
2025-09-08T06:57:08.6433595Z Run `npm audit` for details.
2025-09-08T06:57:08.6566752Z ##[group]Run node scraper.js
2025-09-08T06:57:08.6567064Z [36;1mnode scraper.js[0m
2025-09-08T06:57:08.6597989Z shell: /usr/bin/bash -e {0}
2025-09-08T06:57:08.6598230Z env:
2025-09-08T06:57:08.6598618Z   PROXY_API_ENDPOINT: ***
2025-09-08T06:57:08.6598893Z   PROXY_API_KEY: ***
2025-09-08T06:57:08.6599202Z   CHROME_PATH: /opt/hostedtoolcache/setup-chrome/chrome/stable/x64/chrome
2025-09-08T06:57:08.6599552Z ##[endgroup]
2025-09-08T06:57:09.0507588Z --- CHIẾN DỊCH 'ĐIỆP VIÊN TỐI THƯỢNG' BẮT ĐẦU ---
2025-09-08T06:57:09.0511976Z -> [Điệp viên] Đang yêu cầu một danh tính proxy MỚI từ API...
2025-09-08T06:57:09.4979383Z -> [Điệp viên] Đã nhận proxy mới thành công: 171.229.161.118:33772
2025-09-08T06:57:09.4979876Z 
2025-09-08T06:57:09.4980540Z [Điệp viên] Đang khởi tạo trình duyệt với danh tính 171.229.161.118...
2025-09-08T06:57:10.5978003Z 
2025-09-08T06:57:10.5979034Z --- [Điệp viên] Bắt đầu giai đoạn DO THÁM ---
2025-09-08T06:57:10.5979529Z    -> Đang thám hiểm trang 1...
2025-09-08T06:57:22.3240427Z    -> Đang thám hiểm trang 2...
2025-09-08T06:57:24.1812899Z    -> Đang thám hiểm trang 3...
2025-09-08T06:57:25.9673303Z    -> Đang thám hiểm trang 4...
2025-09-08T06:57:27.6791925Z    -> Đang thám hiểm trang 5...
2025-09-08T06:57:29.5755034Z    -> Đang thám hiểm trang 6...
2025-09-08T06:57:31.2399508Z    -> Đang thám hiểm trang 7...
2025-09-08T06:57:33.0111428Z    -> Đang thám hiểm trang 8...
2025-09-08T06:57:34.6426232Z    -> Đang thám hiểm trang 9...
2025-09-08T06:57:35.2693764Z    -> Đang thám hiểm trang 10...
2025-09-08T06:57:35.6682831Z    -> Đang thám hiểm trang 11...
2025-09-08T06:57:36.0775698Z    -> Đang thám hiểm trang 12...
2025-09-08T06:57:36.5009872Z    -> Đang thám hiểm trang 13...
2025-09-08T06:57:36.9318373Z    -> Đang thám hiểm trang 14...
2025-09-08T06:57:37.3705035Z    -> Đang thám hiểm trang 15...
2025-09-08T06:57:37.7931326Z    -> Đang thám hiểm trang 16...
2025-09-08T06:57:38.2147525Z    -> Đang thám hiểm trang 17...
2025-09-08T06:57:38.6118622Z    -> Đang thám hiểm trang 18...
2025-09-08T06:57:39.0231270Z    -> Đang thám hiểm trang 19...
2025-09-08T06:57:39.4474449Z    -> Đang thám hiểm trang 20...
2025-09-08T06:57:39.8852879Z    -> Đang thám hiểm trang 21...
2025-09-08T06:57:40.1553495Z    -> Đang thám hiểm trang 22...
2025-09-08T06:57:40.5264088Z    -> Đang thám hiểm trang 23...
2025-09-08T06:57:40.9819557Z    -> Đang thám hiểm trang 24...
2025-09-08T06:57:41.3906621Z    -> Đang thám hiểm trang 25...
2025-09-08T06:57:41.8285667Z    -> Đang thám hiểm trang 26...
2025-09-08T06:57:42.2499129Z    -> Đang thám hiểm trang 27...
2025-09-08T06:57:42.6578697Z    -> Đang thám hiểm trang 28...
2025-09-08T06:57:43.0920617Z    -> Đang thám hiểm trang 29...
2025-09-08T06:57:43.5110579Z    -> Đang thám hiểm trang 30...
2025-09-08T06:57:43.9208236Z    -> Đang thám hiểm trang 31...
2025-09-08T06:57:44.3536457Z    -> Đang thám hiểm trang 32...
2025-09-08T06:57:44.7754020Z    -> Đang thám hiểm trang 33...
2025-09-08T06:57:45.2015673Z    -> Đang thám hiểm trang 34...
2025-09-08T06:57:45.6126492Z    -> Đang thám hiểm trang 35...
2025-09-08T06:57:46.0474518Z    -> Đang thám hiểm trang 36...
2025-09-08T06:57:46.4883207Z    -> Đang thám hiểm trang 37...
2025-09-08T06:57:46.9047439Z    -> Đang thám hiểm trang 38...
2025-09-08T06:57:47.3298687Z    -> Đang thám hiểm trang 39...
2025-09-08T06:57:47.7390905Z    -> Đang thám hiểm trang 40...
2025-09-08T06:57:48.1862359Z    -> Đang thám hiểm trang 41...
2025-09-08T06:57:48.4585674Z    -> Đang thám hiểm trang 42...
2025-09-08T06:57:48.7861154Z    -> Đang thám hiểm trang 43...
2025-09-08T06:57:49.2107911Z    -> Đang thám hiểm trang 44...
2025-09-08T06:57:49.6401987Z    -> Đang thám hiểm trang 45...
2025-09-08T06:57:50.0567543Z    -> Đang thám hiểm trang 46...
2025-09-08T06:57:50.4794342Z    -> Đang thám hiểm trang 47...
2025-09-08T06:57:50.9161521Z    -> Đang thám hiểm trang 48...
2025-09-08T06:57:51.3250450Z    -> Đang thám hiểm trang 49...
2025-09-08T06:57:51.7495003Z    -> Đang thám hiểm trang 50...
2025-09-08T06:57:52.1867131Z    -> Đang thám hiểm trang 51...
2025-09-08T06:57:52.4579449Z    -> Đang thám hiểm trang 52...
2025-09-08T06:57:52.8376058Z    -> Đang thám hiểm trang 53...
2025-09-08T06:57:53.2547435Z    -> Đang thám hiểm trang 54...
2025-09-08T06:57:53.6894814Z    -> Đang thám hiểm trang 55...
2025-09-08T06:57:54.0967990Z    -> Đang thám hiểm trang 56...
2025-09-08T06:57:54.5190849Z    -> Đang thám hiểm trang 57...
2025-09-08T06:57:54.9401176Z    -> Đang thám hiểm trang 58...
2025-09-08T06:57:55.3660550Z    -> Đang thám hiểm trang 59...
2025-09-08T06:57:55.8033389Z    -> Đang thám hiểm trang 60...
2025-09-08T06:57:56.2365482Z    -> Đang thám hiểm trang 61...
2025-09-08T06:57:56.6572380Z    -> Đang thám hiểm trang 62...
2025-09-08T06:57:57.0872706Z    -> Đang thám hiểm trang 63...
2025-09-08T06:57:57.4967466Z    -> Đang thám hiểm trang 64...
2025-09-08T06:57:57.9296126Z    -> Đang thám hiểm trang 65...
2025-09-08T06:57:58.3156188Z    -> Đang thám hiểm trang 66...
2025-09-08T06:57:58.7319744Z    -> Đang thám hiểm trang 67...
2025-09-08T06:57:59.2449680Z    -> Đang thám hiểm trang 68...
2025-09-08T06:57:59.6373609Z    -> Đang thám hiểm trang 69...
2025-09-08T06:58:00.0780394Z    -> Đang thám hiểm trang 70...
2025-09-08T06:58:01.7883703Z    -> Đang thám hiểm trang 71...
2025-09-08T06:58:02.1101461Z    -> Đang thám hiểm trang 72...
2025-09-08T06:58:02.4722251Z    -> Đang thám hiểm trang 73...
2025-09-08T06:58:02.9001323Z    -> Đang thám hiểm trang 74...
2025-09-08T06:58:04.6831864Z    -> Đang thám hiểm trang 75...
2025-09-08T06:58:05.0902860Z    -> Đang thám hiểm trang 76...
2025-09-08T06:58:05.5181856Z    -> Đang thám hiểm trang 77...
2025-09-08T06:58:05.9541380Z    -> Đang thám hiểm trang 78...
2025-09-08T06:58:07.6945153Z    -> Đang thám hiểm trang 79...
2025-09-08T06:58:08.0016377Z    -> Đang thám hiểm trang 80...
2025-09-08T06:58:08.3790535Z    -> Đang thám hiểm trang 81...
2025-09-08T06:58:08.8009060Z    -> Đang thám hiểm trang 82...
2025-09-08T06:58:09.2230491Z    -> Đang thám hiểm trang 83...
2025-09-08T06:58:11.0277854Z    -> Đang thám hiểm trang 84...
2025-09-08T06:58:11.4295394Z    -> Đang thám hiểm trang 85...
2025-09-08T06:58:11.8739139Z    -> Đang thám hiểm trang 86...
2025-09-08T06:58:12.2882963Z    -> Đang thám hiểm trang 87...
2025-09-08T06:58:14.0363042Z    -> Đang thám hiểm trang 88...
2025-09-08T06:58:14.4353372Z    -> Đang thám hiểm trang 89...
2025-09-08T06:58:14.8664112Z    -> Đang thám hiểm trang 90...
2025-09-08T06:58:16.5804658Z    -> Đang thám hiểm trang 91...
2025-09-08T06:58:16.9569622Z    -> Đang thám hiểm trang 92...
2025-09-08T06:58:17.2821540Z    -> Đang thám hiểm trang 93...
2025-09-08T06:58:17.7050576Z    -> Đang thám hiểm trang 94...
2025-09-08T06:58:18.1232143Z    -> Đang thám hiểm trang 95...
2025-09-08T06:58:19.4319528Z    -> Đã đến rìa thế giới! Bị đưa về trang 90 khi cố gắng đến trang 95.
2025-09-08T06:58:19.4320406Z [Điệp viên] Báo cáo tình báo: Phát hiện có tổng cộng 94 trang.
2025-09-08T06:58:19.4320801Z 
2025-09-08T06:58:19.4321250Z [Điệp viên] Do thám hoàn tất. Tạm nghỉ 13.45 giây...
2025-09-08T06:58:32.8860361Z [Điệp viên] Độ bền nhân dạng ban đầu: 22 trang.
2025-09-08T06:58:32.8860950Z 
2025-09-08T06:58:32.8861425Z --- [Điệp viên] Bắt đầu giai đoạn KHAI THÁC ---
2025-09-08T06:58:32.8862634Z    -> Đang khai thác trang 1/94 (còn 22 trang nữa sẽ biến hình)...
2025-09-08T06:58:34.9335625Z       -> Bắt đầu giai đoạn 'quan sát' để chờ trang ổn định...
2025-09-08T06:58:39.3412218Z          - Trang đã ổn định (lần 1/2)...
2025-09-08T06:58:41.3766900Z          - Trang đã ổn định (lần 2/2)...
2025-09-08T06:58:41.3767689Z       -> Trang đã ổn định. Dữ liệu chi tiết đã được tải.
2025-09-08T06:58:41.3768350Z       -> Mô phỏng hành vi cuộn trang...
2025-09-08T06:58:42.6756479Z    -> Đã thu thập 50 tin từ trang 1.
2025-09-08T06:59:00.9792107Z    -> Đang khai thác trang 2/94 (còn 21 trang nữa sẽ biến hình)...
2025-09-08T06:59:03.4446199Z       -> Bắt đầu giai đoạn 'quan sát' để chờ trang ổn định...
2025-09-08T06:59:07.7149035Z          - Trang đã ổn định (lần 1/2)...
2025-09-08T06:59:09.7521259Z          - Trang đã ổn định (lần 2/2)...
2025-09-08T06:59:09.7522438Z       -> Trang đã ổn định. Dữ liệu chi tiết đã được tải.
2025-09-08T06:59:10.6145125Z       -> Mô phỏng hành vi cuộn trang...
2025-09-08T06:59:10.6145999Z    -> Đã thu thập 50 tin từ trang 2.
2025-09-08T06:59:30.8728311Z    -> Đang khai thác trang 3/94 (còn 20 trang nữa sẽ biến hình)...
2025-09-08T06:59:32.9753223Z       -> Bắt đầu giai đoạn 'quan sát' để chờ trang ổn định...
2025-09-08T06:59:37.3356237Z          - Trang đã ổn định (lần 1/2)...
2025-09-08T06:59:39.3730777Z          - Trang đã ổn định (lần 2/2)...
2025-09-08T06:59:39.3731546Z       -> Trang đã ổn định. Dữ liệu chi tiết đã được tải.
2025-09-08T06:59:39.3732449Z       -> Mô phỏng hành vi cuộn trang...
2025-09-08T06:59:40.2597983Z    -> Đã thu thập 50 tin từ trang 3.
2025-09-08T07:00:05.0019808Z    -> Đang khai thác trang 4/94 (còn 19 trang nữa sẽ biến hình)...
2025-09-08T07:00:07.2202034Z       -> Bắt đầu giai đoạn 'quan sát' để chờ trang ổn định...
2025-09-08T07:00:11.5939403Z          - Trang đã ổn định (lần 1/2)...
2025-09-08T07:00:13.6288761Z          - Trang đã ổn định (lần 2/2)...
2025-09-08T07:00:13.6289624Z       -> Trang đã ổn định. Dữ liệu chi tiết đã được tải.
2025-09-08T07:00:13.6290318Z       -> Mô phỏng hành vi cuộn trang...
2025-09-08T07:00:14.5661284Z    -> Đã thu thập 50 tin từ trang 4.
2025-09-08T07:00:35.2309889Z    -> Đang khai thác trang 5/94 (còn 18 trang nữa sẽ biến hình)...
2025-09-08T07:00:37.4648336Z       -> Bắt đầu giai đoạn 'quan sát' để chờ trang ổn định...
2025-09-08T07:00:41.7954285Z          - Trang đã ổn định (lần 1/2)...
2025-09-08T07:00:43.8268518Z          - Trang đã ổn định (lần 2/2)...
2025-09-08T07:00:43.8272206Z       -> Trang đã ổn định. Dữ liệu chi tiết đã được tải.
2025-09-08T07:00:43.8273021Z       -> Mô phỏng hành vi cuộn trang...
2025-09-08T07:00:44.8091986Z    -> Đã thu thập 50 tin từ trang 5.
2025-09-08T07:01:07.5697135Z    -> Đang khai thác trang 6/94 (còn 17 trang nữa sẽ biến hình)...
2025-09-08T07:01:09.5639741Z       -> Bắt đầu giai đoạn 'quan sát' để chờ trang ổn định...
2025-09-08T07:01:13.8653146Z          - Trang đã ổn định (lần 1/2)...
2025-09-08T07:01:15.8993571Z          - Trang đã ổn định (lần 2/2)...
2025-09-08T07:01:15.8994338Z       -> Trang đã ổn định. Dữ liệu chi tiết đã được tải.
2025-09-08T07:01:15.8995004Z       -> Mô phỏng hành vi cuộn trang...
2025-09-08T07:01:17.2413477Z    -> Đã thu thập 50 tin từ trang 6.
2025-09-08T07:01:42.1262767Z    -> Đang khai thác trang 7/94 (còn 16 trang nữa sẽ biến hình)...
2025-09-08T07:01:44.0159827Z       -> Bắt đầu giai đoạn 'quan sát' để chờ trang ổn định...
2025-09-08T07:01:48.3233200Z          - Trang đã ổn định (lần 1/2)...
2025-09-08T07:01:50.3546056Z          - Trang đã ổn định (lần 2/2)...
2025-09-08T07:01:50.3546861Z       -> Trang đã ổn định. Dữ liệu chi tiết đã được tải.
2025-09-08T07:01:50.3547550Z       -> Mô phỏng hành vi cuộn trang...
2025-09-08T07:01:51.4095909Z    -> Đã thu thập 50 tin từ trang 7.
2025-09-08T07:02:12.4246441Z    -> Đang khai thác trang 8/94 (còn 15 trang nữa sẽ biến hình)...
2025-09-08T07:02:14.2792959Z       -> Bắt đầu giai đoạn 'quan sát' để chờ trang ổn định...
2025-09-08T07:02:18.5893213Z          - Trang đã ổn định (lần 1/2)...
2025-09-08T07:02:20.6210368Z          - Trang đã ổn định (lần 2/2)...
2025-09-08T07:02:20.6210966Z       -> Trang đã ổn định. Dữ liệu chi tiết đã được tải.
2025-09-08T07:02:20.6211633Z       -> Mô phỏng hành vi cuộn trang...
2025-09-08T07:02:21.6039289Z    -> Đã thu thập 50 tin từ trang 8.
2025-09-08T07:02:40.1668104Z    -> Đang khai thác trang 9/94 (còn 14 trang nữa sẽ biến hình)...
2025-09-08T07:02:42.1319784Z       -> Bắt đầu giai đoạn 'quan sát' để chờ trang ổn định...
2025-09-08T07:02:46.4081255Z          - Trang đã ổn định (lần 1/2)...
2025-09-08T07:02:48.4369762Z          - Trang đã ổn định (lần 2/2)...
2025-09-08T07:02:48.4370498Z       -> Trang đã ổn định. Dữ liệu chi tiết đã được tải.
2025-09-08T07:02:48.4371176Z       -> Mô phỏng hành vi cuộn trang...
2025-09-08T07:02:49.5216401Z    -> Đã thu thập 50 tin từ trang 9.
2025-09-08T07:03:07.7671193Z    -> Đang khai thác trang 10/94 (còn 13 trang nữa sẽ biến hình)...
2025-09-08T07:03:09.9194284Z       -> Bắt đầu giai đoạn 'quan sát' để chờ trang ổn định...
2025-09-08T07:03:14.1824886Z          - Trang đã ổn định (lần 1/2)...
2025-09-08T07:03:16.2117898Z          - Trang đã ổn định (lần 2/2)...
2025-09-08T07:03:16.2118683Z       -> Trang đã ổn định. Dữ liệu chi tiết đã được tải.
2025-09-08T07:03:16.2119417Z       -> Mô phỏng hành vi cuộn trang...
2025-09-08T07:03:17.4143669Z    -> Đã thu thập 50 tin từ trang 10.
2025-09-08T07:03:39.8818318Z    -> Đang khai thác trang 11/94 (còn 12 trang nữa sẽ biến hình)...
2025-09-08T07:03:41.8686173Z       -> Bắt đầu giai đoạn 'quan sát' để chờ trang ổn định...
2025-09-08T07:03:46.1360363Z          - Trang đã ổn định (lần 1/2)...
2025-09-08T07:03:48.1666248Z          - Trang đã ổn định (lần 2/2)...
2025-09-08T07:03:48.1667090Z       -> Trang đã ổn định. Dữ liệu chi tiết đã được tải.
2025-09-08T07:03:48.1667811Z       -> Mô phỏng hành vi cuộn trang...
2025-09-08T07:03:49.2376272Z    -> Đã thu thập 50 tin từ trang 11.
2025-09-08T07:04:13.1901240Z    -> Đang khai thác trang 12/94 (còn 11 trang nữa sẽ biến hình)...
2025-09-08T07:04:15.3413053Z       -> Bắt đầu giai đoạn 'quan sát' để chờ trang ổn định...
2025-09-08T07:04:19.6946357Z          - Trang đã ổn định (lần 1/2)...
2025-09-08T07:04:21.7286246Z          - Trang đã ổn định (lần 2/2)...
2025-09-08T07:04:21.7288026Z       -> Trang đã ổn định. Dữ liệu chi tiết đã được tải.
2025-09-08T07:04:21.7288765Z       -> Mô phỏng hành vi cuộn trang...
2025-09-08T07:04:22.9575677Z    -> Đã thu thập 50 tin từ trang 12.
2025-09-08T07:04:46.1403235Z    -> Đang khai thác trang 13/94 (còn 10 trang nữa sẽ biến hình)...
2025-09-08T07:04:48.0102741Z       -> Bắt đầu giai đoạn 'quan sát' để chờ trang ổn định...
2025-09-08T07:04:52.2974684Z          - Trang đã ổn định (lần 1/2)...
2025-09-08T07:04:54.3339994Z          - Trang đã ổn định (lần 2/2)...
2025-09-08T07:04:54.3340841Z       -> Trang đã ổn định. Dữ liệu chi tiết đã được tải.
2025-09-08T07:04:54.3341847Z       -> Mô phỏng hành vi cuộn trang...
2025-09-08T07:04:55.4031605Z    -> Đã thu thập 50 tin từ trang 13.
2025-09-08T07:05:14.7012191Z    -> Đang khai thác trang 14/94 (còn 9 trang nữa sẽ biến hình)...
2025-09-08T07:05:16.7043688Z       -> Bắt đầu giai đoạn 'quan sát' để chờ trang ổn định...
2025-09-08T07:05:21.2277817Z          - Trang đã ổn định (lần 1/2)...
2025-09-08T07:05:23.2619264Z          - Trang đã ổn định (lần 2/2)...
2025-09-08T07:05:23.2621069Z       -> Trang đã ổn định. Dữ liệu chi tiết đã được tải.
2025-09-08T07:05:23.2622252Z       -> Mô phỏng hành vi cuộn trang...
2025-09-08T07:05:24.1550284Z    -> Đã thu thập 50 tin từ trang 14.
2025-09-08T07:05:44.3769956Z    -> Đang khai thác trang 15/94 (còn 8 trang nữa sẽ biến hình)...
2025-09-08T07:05:46.3196897Z       -> Bắt đầu giai đoạn 'quan sát' để chờ trang ổn định...
2025-09-08T07:05:50.6210322Z          - Trang đã ổn định (lần 1/2)...
2025-09-08T07:05:52.6506942Z          - Trang đã ổn định (lần 2/2)...
2025-09-08T07:05:52.6511232Z       -> Trang đã ổn định. Dữ liệu chi tiết đã được tải.
2025-09-08T07:05:52.6512826Z       -> Mô phỏng hành vi cuộn trang...
2025-09-08T07:05:53.6394909Z    -> Đã thu thập 50 tin từ trang 15.
2025-09-08T07:06:17.2168866Z    -> Đang khai thác trang 16/94 (còn 7 trang nữa sẽ biến hình)...
2025-09-08T07:06:19.2842040Z       -> Bắt đầu giai đoạn 'quan sát' để chờ trang ổn định...
2025-09-08T07:06:23.5869030Z          - Trang đã ổn định (lần 1/2)...
2025-09-08T07:06:25.6210586Z          - Trang đã ổn định (lần 2/2)...
2025-09-08T07:06:25.6211284Z       -> Trang đã ổn định. Dữ liệu chi tiết đã được tải.
2025-09-08T07:06:25.6212073Z       -> Mô phỏng hành vi cuộn trang...
2025-09-08T07:06:26.7774494Z    -> Đã thu thập 50 tin từ trang 16.
2025-09-08T07:06:48.8719949Z    -> Đang khai thác trang 17/94 (còn 6 trang nữa sẽ biến hình)...
2025-09-08T07:06:50.9159159Z       -> Bắt đầu giai đoạn 'quan sát' để chờ trang ổn định...
2025-09-08T07:06:55.1774747Z          - Trang đã ổn định (lần 1/2)...
2025-09-08T07:06:57.2105927Z          - Trang đã ổn định (lần 2/2)...
2025-09-08T07:06:57.2106706Z       -> Trang đã ổn định. Dữ liệu chi tiết đã được tải.
2025-09-08T07:06:57.2107422Z       -> Mô phỏng hành vi cuộn trang...
2025-09-08T07:06:58.2826995Z    -> Đã thu thập 50 tin từ trang 17.
2025-09-08T07:07:18.1757511Z    -> Đang khai thác trang 18/94 (còn 5 trang nữa sẽ biến hình)...
2025-09-08T07:07:20.2376533Z       -> Bắt đầu giai đoạn 'quan sát' để chờ trang ổn định...
2025-09-08T07:07:24.5364302Z          - Trang đã ổn định (lần 1/2)...
2025-09-08T07:07:26.5722260Z          - Trang đã ổn định (lần 2/2)...
2025-09-08T07:07:26.5723372Z       -> Trang đã ổn định. Dữ liệu chi tiết đã được tải.
2025-09-08T07:07:26.5724016Z       -> Mô phỏng hành vi cuộn trang...
2025-09-08T07:07:27.7257808Z    -> Đã thu thập 50 tin từ trang 18.
2025-09-08T07:07:51.8511563Z    -> Đang khai thác trang 19/94 (còn 4 trang nữa sẽ biến hình)...
2025-09-08T07:07:53.9813046Z       -> Bắt đầu giai đoạn 'quan sát' để chờ trang ổn định...
2025-09-08T07:07:58.4264684Z          - Trang đã ổn định (lần 1/2)...
2025-09-08T07:08:00.4586750Z          - Trang đã ổn định (lần 2/2)...
2025-09-08T07:08:00.4588691Z       -> Trang đã ổn định. Dữ liệu chi tiết đã được tải.
2025-09-08T07:08:00.4589432Z       -> Mô phỏng hành vi cuộn trang...
2025-09-08T07:08:01.7245006Z    -> Đã thu thập 50 tin từ trang 19.
2025-09-08T07:08:24.0737929Z    -> Đang khai thác trang 20/94 (còn 3 trang nữa sẽ biến hình)...
2025-09-08T07:08:26.1743216Z       -> Bắt đầu giai đoạn 'quan sát' để chờ trang ổn định...
2025-09-08T07:08:32.4804252Z          - Trang đã ổn định (lần 1/2)...
2025-09-08T07:08:34.5127574Z          - Trang đã ổn định (lần 2/2)...
2025-09-08T07:08:34.5128899Z       -> Trang đã ổn định. Dữ liệu chi tiết đã được tải.
2025-09-08T07:08:34.5129688Z       -> Mô phỏng hành vi cuộn trang...
2025-09-08T07:08:35.8334780Z    -> Đã thu thập 50 tin từ trang 20.
2025-09-08T07:09:00.6140783Z    -> Đang khai thác trang 21/94 (còn 2 trang nữa sẽ biến hình)...
2025-09-08T07:09:02.7809989Z       -> Bắt đầu giai đoạn 'quan sát' để chờ trang ổn định...
2025-09-08T07:09:07.1755015Z          - Trang đã ổn định (lần 1/2)...
2025-09-08T07:09:09.2106861Z          - Trang đã ổn định (lần 2/2)...
2025-09-08T07:09:09.2107403Z       -> Trang đã ổn định. Dữ liệu chi tiết đã được tải.
2025-09-08T07:09:09.2107792Z       -> Mô phỏng hành vi cuộn trang...
2025-09-08T07:09:10.1071983Z    -> Đã thu thập 50 tin từ trang 21.
2025-09-08T07:09:29.3511991Z    -> Đang khai thác trang 22/94 (còn 1 trang nữa sẽ biến hình)...
2025-09-08T07:09:31.3913173Z       -> Bắt đầu giai đoạn 'quan sát' để chờ trang ổn định...
2025-09-08T07:09:36.0315102Z          - Trang đã ổn định (lần 1/2)...
2025-09-08T07:09:38.0641540Z          - Trang đã ổn định (lần 2/2)...
2025-09-08T07:09:38.0642867Z       -> Trang đã ổn định. Dữ liệu chi tiết đã được tải.
2025-09-08T07:09:38.0643697Z       -> Mô phỏng hành vi cuộn trang...
2025-09-08T07:09:39.3154043Z    -> Đã thu thập 50 tin từ trang 22.
2025-09-08T07:09:59.7825996Z 
2025-09-08T07:09:59.7827412Z    -> [Điệp viên] Hết độ bền nhân dạng. Bắt đầu "biến hình"...
2025-09-08T07:09:59.9153600Z -> [Điệp viên] Đang yêu cầu một danh tính proxy MỚI từ API...
2025-09-08T07:10:00.3978138Z -> [Điệp viên] Đã nhận proxy mới thành công: 116.107.216.73:22802
2025-09-08T07:10:00.3978521Z 
2025-09-08T07:10:00.3978887Z [Điệp viên] Đang khởi tạo trình duyệt với danh tính 116.107.216.73...
2025-09-08T07:10:00.6669800Z    -> [Điệp viên] "Biến hình" thành công. Độ bền nhân dạng mới: 25 trang.
2025-09-08T07:10:00.6670430Z    -> Đang khai thác trang 23/94 (còn 25 trang nữa sẽ biến hình)...
2025-09-08T07:10:13.7995842Z       -> Bắt đầu giai đoạn 'quan sát' để chờ trang ổn định...
2025-09-08T07:10:19.9363360Z          - Trang đã ổn định (lần 1/2)...
2025-09-08T07:10:21.9659999Z          - Trang đã ổn định (lần 2/2)...
2025-09-08T07:10:21.9662227Z       -> Trang đã ổn định. Dữ liệu chi tiết đã được tải.
2025-09-08T07:10:21.9662987Z       -> Mô phỏng hành vi cuộn trang...
2025-09-08T07:10:23.1264319Z    -> Đã thu thập 50 tin từ trang 23.
2025-09-08T07:10:45.3870834Z    -> Đang khai thác trang 24/94 (còn 24 trang nữa sẽ biến hình)...
2025-09-08T07:10:48.3189541Z       -> Bắt đầu giai đoạn 'quan sát' để chờ trang ổn định...
2025-09-08T07:10:54.6450053Z          - Trang đã ổn định (lần 1/2)...
2025-09-08T07:10:56.6747195Z          - Trang đã ổn định (lần 2/2)...
2025-09-08T07:10:56.6747812Z       -> Trang đã ổn định. Dữ liệu chi tiết đã được tải.
2025-09-08T07:10:56.6748295Z       -> Mô phỏng hành vi cuộn trang...
2025-09-08T07:10:57.6878753Z    -> Đã thu thập 50 tin từ trang 24.
2025-09-08T07:11:21.7150152Z    -> Đang khai thác trang 25/94 (còn 23 trang nữa sẽ biến hình)...
2025-09-08T07:11:24.0055600Z       -> Bắt đầu giai đoạn 'quan sát' để chờ trang ổn định...
2025-09-08T07:11:30.3491589Z          - Trang đã ổn định (lần 1/2)...
2025-09-08T07:11:32.3840761Z          - Trang đã ổn định (lần 2/2)...
2025-09-08T07:11:32.3842016Z       -> Trang đã ổn định. Dữ liệu chi tiết đã được tải.
2025-09-08T07:11:32.3842919Z       -> Mô phỏng hành vi cuộn trang...
2025-09-08T07:11:33.5298378Z    -> Đã thu thập 50 tin từ trang 25.
2025-09-08T07:11:55.0702751Z    -> Đang khai thác trang 26/94 (còn 22 trang nữa sẽ biến hình)...
2025-09-08T07:11:57.7263891Z       -> Bắt đầu giai đoạn 'quan sát' để chờ trang ổn định...
2025-09-08T07:12:04.0292411Z          - Trang đã ổn định (lần 1/2)...
2025-09-08T07:12:06.0666676Z          - Trang đã ổn định (lần 2/2)...
2025-09-08T07:12:06.0667798Z       -> Trang đã ổn định. Dữ liệu chi tiết đã được tải.
2025-09-08T07:12:06.0668700Z       -> Mô phỏng hành vi cuộn trang...
2025-09-08T07:12:07.1637187Z    -> Đã thu thập 50 tin từ trang 26.
2025-09-08T07:12:25.2043140Z    -> Đang khai thác trang 27/94 (còn 21 trang nữa sẽ biến hình)...
2025-09-08T07:12:28.5634911Z       -> Bắt đầu giai đoạn 'quan sát' để chờ trang ổn định...
2025-09-08T07:12:32.9342082Z          - Trang đã ổn định (lần 1/2)...
2025-09-08T07:12:34.9660802Z          - Trang đã ổn định (lần 2/2)...
2025-09-08T07:12:34.9662267Z       -> Trang đã ổn định. Dữ liệu chi tiết đã được tải.
2025-09-08T07:12:34.9663056Z       -> Mô phỏng hành vi cuộn trang...
2025-09-08T07:12:36.0006143Z    -> Đã thu thập 50 tin từ trang 27.
2025-09-08T07:12:58.2518583Z    -> Đang khai thác trang 28/94 (còn 20 trang nữa sẽ biến hình)...
2025-09-08T07:13:02.1736789Z       -> Bắt đầu giai đoạn 'quan sát' để chờ trang ổn định...
2025-09-08T07:13:06.4968519Z          - Trang đã ổn định (lần 1/2)...
2025-09-08T07:13:08.5294476Z          - Trang đã ổn định (lần 2/2)...
2025-09-08T07:13:08.5295273Z       -> Trang đã ổn định. Dữ liệu chi tiết đã được tải.
2025-09-08T07:13:08.5295976Z       -> Mô phỏng hành vi cuộn trang...
2025-09-08T07:13:09.4534948Z    -> Đã thu thập 50 tin từ trang 28.
2025-09-08T07:13:32.2417743Z    -> Đang khai thác trang 29/94 (còn 19 trang nữa sẽ biến hình)...
2025-09-08T07:13:35.5584198Z       -> Bắt đầu giai đoạn 'quan sát' để chờ trang ổn định...
2025-09-08T07:13:39.8732529Z          - Trang đã ổn định (lần 1/2)...
2025-09-08T07:13:41.9062397Z          - Trang đã ổn định (lần 2/2)...
2025-09-08T07:13:41.9063112Z       -> Trang đã ổn định. Dữ liệu chi tiết đã được tải.
2025-09-08T07:13:41.9063596Z       -> Mô phỏng hành vi cuộn trang...
2025-09-08T07:13:43.1672812Z    -> Đã thu thập 50 tin từ trang 29.
2025-09-08T07:14:08.1624091Z    -> Đang khai thác trang 30/94 (còn 18 trang nữa sẽ biến hình)...
2025-09-08T07:14:10.7936389Z       -> Bắt đầu giai đoạn 'quan sát' để chờ trang ổn định...
2025-09-08T07:14:15.2674318Z          - Trang đã ổn định (lần 1/2)...
2025-09-08T07:14:17.2991283Z          - Trang đã ổn định (lần 2/2)...
2025-09-08T07:14:17.2992150Z       -> Trang đã ổn định. Dữ liệu chi tiết đã được tải.
2025-09-08T07:14:17.2992595Z       -> Mô phỏng hành vi cuộn trang...
2025-09-08T07:14:18.2899484Z    -> Đã thu thập 50 tin từ trang 30.
2025-09-08T07:14:42.0103481Z    -> Đang khai thác trang 31/94 (còn 17 trang nữa sẽ biến hình)...
2025-09-08T07:14:44.6677941Z       -> Bắt đầu giai đoạn 'quan sát' để chờ trang ổn định...
2025-09-08T07:14:51.0104456Z          - Trang đã ổn định (lần 1/2)...
2025-09-08T07:14:53.0433095Z          - Trang đã ổn định (lần 2/2)...
2025-09-08T07:14:53.0434165Z       -> Trang đã ổn định. Dữ liệu chi tiết đã được tải.
2025-09-08T07:14:53.0434941Z       -> Mô phỏng hành vi cuộn trang...
2025-09-08T07:14:54.2566350Z    -> Đã thu thập 50 tin từ trang 31.
2025-09-08T07:15:15.6792448Z    -> Đang khai thác trang 32/94 (còn 16 trang nữa sẽ biến hình)...
2025-09-08T07:15:18.6565004Z       -> Bắt đầu giai đoạn 'quan sát' để chờ trang ổn định...
2025-09-08T07:15:22.9655264Z          - Trang đã ổn định (lần 1/2)...
2025-09-08T07:15:24.9968696Z          - Trang đã ổn định (lần 2/2)...
2025-09-08T07:15:24.9969456Z       -> Trang đã ổn định. Dữ liệu chi tiết đã được tải.
2025-09-08T07:15:24.9970111Z       -> Mô phỏng hành vi cuộn trang...
2025-09-08T07:15:26.0591310Z    -> Đã thu thập 50 tin từ trang 32.
2025-09-08T07:15:49.0325656Z    -> Đang khai thác trang 33/94 (còn 15 trang nữa sẽ biến hình)...
2025-09-08T07:15:53.8362152Z       -> Bắt đầu giai đoạn 'quan sát' để chờ trang ổn định...
2025-09-08T07:15:58.2458821Z          - Trang đã ổn định (lần 1/2)...
2025-09-08T07:16:00.2782819Z          - Trang đã ổn định (lần 2/2)...
2025-09-08T07:16:00.2783357Z       -> Trang đã ổn định. Dữ liệu chi tiết đã được tải.
2025-09-08T07:16:00.2783747Z       -> Mô phỏng hành vi cuộn trang...
2025-09-08T07:16:01.3724281Z    -> Đã thu thập 50 tin từ trang 33.
2025-09-08T07:16:21.0108238Z    -> Đang khai thác trang 34/94 (còn 14 trang nữa sẽ biến hình)...
2025-09-08T07:16:25.5607893Z       -> Bắt đầu giai đoạn 'quan sát' để chờ trang ổn định...
2025-09-08T07:16:29.9584386Z          - Trang đã ổn định (lần 1/2)...
2025-09-08T07:16:31.9927273Z          - Trang đã ổn định (lần 2/2)...
2025-09-08T07:16:31.9928046Z       -> Trang đã ổn định. Dữ liệu chi tiết đã được tải.
2025-09-08T07:16:31.9928665Z       -> Mô phỏng hành vi cuộn trang...
2025-09-08T07:16:32.8797803Z    -> Đã thu thập 50 tin từ trang 34.
2025-09-08T07:16:51.6653923Z    -> Đang khai thác trang 35/94 (còn 13 trang nữa sẽ biến hình)...
2025-09-08T07:16:55.9321878Z       -> Bắt đầu giai đoạn 'quan sát' để chờ trang ổn định...
2025-09-08T07:17:00.3216959Z          - Trang đã ổn định (lần 1/2)...
2025-09-08T07:17:02.3556323Z          - Trang đã ổn định (lần 2/2)...
2025-09-08T07:17:02.3557093Z       -> Trang đã ổn định. Dữ liệu chi tiết đã được tải.
2025-09-08T07:17:02.3557771Z       -> Mô phỏng hành vi cuộn trang...
2025-09-08T07:17:03.6083101Z    -> Đã thu thập 50 tin từ trang 35.
2025-09-08T07:17:22.8735496Z    -> Đang khai thác trang 36/94 (còn 12 trang nữa sẽ biến hình)...
2025-09-08T07:17:26.2586831Z       -> Bắt đầu giai đoạn 'quan sát' để chờ trang ổn định...
2025-09-08T07:17:30.6672518Z          - Trang đã ổn định (lần 1/2)...
2025-09-08T07:17:32.7014552Z          - Trang đã ổn định (lần 2/2)...
2025-09-08T07:17:32.7015366Z       -> Trang đã ổn định. Dữ liệu chi tiết đã được tải.
2025-09-08T07:17:32.7016087Z       -> Mô phỏng hành vi cuộn trang...
2025-09-08T07:17:33.6779246Z    -> Đã thu thập 50 tin từ trang 36.
2025-09-08T07:17:52.4940549Z    -> Đang khai thác trang 37/94 (còn 11 trang nữa sẽ biến hình)...
2025-09-08T07:17:55.4254268Z       -> Bắt đầu giai đoạn 'quan sát' để chờ trang ổn định...
2025-09-08T07:17:59.7870751Z          - Trang đã ổn định (lần 1/2)...
2025-09-08T07:18:01.8221355Z          - Trang đã ổn định (lần 2/2)...
2025-09-08T07:18:01.8222509Z       -> Trang đã ổn định. Dữ liệu chi tiết đã được tải.
2025-09-08T07:18:01.8223335Z       -> Mô phỏng hành vi cuộn trang...
2025-09-08T07:18:03.0720307Z    -> Đã thu thập 50 tin từ trang 37.
2025-09-08T07:18:21.3663953Z    -> Đang khai thác trang 38/94 (còn 10 trang nữa sẽ biến hình)...
2025-09-08T07:18:23.8055257Z       -> Bắt đầu giai đoạn 'quan sát' để chờ trang ổn định...
2025-09-08T07:18:28.1304700Z          - Trang đã ổn định (lần 1/2)...
2025-09-08T07:18:30.1640770Z          - Trang đã ổn định (lần 2/2)...
2025-09-08T07:18:30.1643398Z       -> Trang đã ổn định. Dữ liệu chi tiết đã được tải.
2025-09-08T07:18:30.1644222Z       -> Mô phỏng hành vi cuộn trang...
2025-09-08T07:18:31.0932959Z    -> Đã thu thập 50 tin từ trang 38.
2025-09-08T07:18:54.4182500Z    -> Đang khai thác trang 39/94 (còn 9 trang nữa sẽ biến hình)...
2025-09-08T07:18:56.9163916Z       -> Bắt đầu giai đoạn 'quan sát' để chờ trang ổn định...
2025-09-08T07:19:01.1535322Z          - Trang đã ổn định (lần 1/2)...
2025-09-08T07:19:03.1883130Z          - Trang đã ổn định (lần 2/2)...
2025-09-08T07:19:03.1883802Z       -> Trang đã ổn định. Dữ liệu chi tiết đã được tải.
2025-09-08T07:19:03.1884277Z       -> Mô phỏng hành vi cuộn trang...
2025-09-08T07:19:04.4421037Z    -> Đã thu thập 50 tin từ trang 39.
2025-09-08T07:19:28.1549045Z    -> Đang khai thác trang 40/94 (còn 8 trang nữa sẽ biến hình)...
2025-09-08T07:19:29.3753177Z       -> Bắt đầu giai đoạn 'quan sát' để chờ trang ổn định...
2025-09-08T07:19:59.3802217Z    -> Lỗi khi xử lý trang 40: Waiting for selector `div.job-list-search-result` failed: Waiting failed: 30000ms exceeded. Chuyển sang trang tiếp theo.
2025-09-08T07:19:59.3806612Z    -> Đang khai thác trang 41/94 (còn 7 trang nữa sẽ biến hình)...
2025-09-08T07:19:59.8797830Z       -> Bắt đầu giai đoạn 'quan sát' để chờ trang ổn định...
2025-09-08T07:20:29.8808999Z    -> Lỗi khi xử lý trang 41: Waiting for selector `div.job-list-search-result` failed: Waiting failed: 30000ms exceeded. Chuyển sang trang tiếp theo.
2025-09-08T07:20:29.8810543Z    -> Đang khai thác trang 42/94 (còn 6 trang nữa sẽ biến hình)...
2025-09-08T07:20:33.4292105Z       -> Bắt đầu giai đoạn 'quan sát' để chờ trang ổn định...
2025-09-08T07:20:37.7749717Z          - Trang đã ổn định (lần 1/2)...
2025-09-08T07:20:39.8060177Z          - Trang đã ổn định (lần 2/2)...
2025-09-08T07:20:39.8060944Z       -> Trang đã ổn định. Dữ liệu chi tiết đã được tải.
2025-09-08T07:20:39.8061606Z       -> Mô phỏng hành vi cuộn trang...
2025-09-08T07:20:40.7741981Z    -> Đã thu thập 50 tin từ trang 42.
2025-09-08T07:21:01.6737578Z    -> Đang khai thác trang 43/94 (còn 5 trang nữa sẽ biến hình)...
2025-09-08T07:21:05.7266306Z       -> Bắt đầu giai đoạn 'quan sát' để chờ trang ổn định...
2025-09-08T07:21:10.0440146Z          - Trang đã ổn định (lần 1/2)...
2025-09-08T07:21:12.0749711Z          - Trang đã ổn định (lần 2/2)...
2025-09-08T07:21:12.0750316Z       -> Trang đã ổn định. Dữ liệu chi tiết đã được tải.
2025-09-08T07:21:12.0750790Z       -> Mô phỏng hành vi cuộn trang...
2025-09-08T07:21:13.2909860Z    -> Đã thu thập 50 tin từ trang 43.
2025-09-08T07:21:35.4103947Z    -> Đang khai thác trang 44/94 (còn 4 trang nữa sẽ biến hình)...
2025-09-08T07:21:38.7531256Z       -> Bắt đầu giai đoạn 'quan sát' để chờ trang ổn định...
2025-09-08T07:21:43.0529979Z          - Trang đã ổn định (lần 1/2)...
2025-09-08T07:21:45.0851907Z          - Trang đã ổn định (lần 2/2)...
2025-09-08T07:21:45.0852438Z       -> Trang đã ổn định. Dữ liệu chi tiết đã được tải.
2025-09-08T07:21:45.0852843Z       -> Mô phỏng hành vi cuộn trang...
2025-09-08T07:21:46.1282724Z    -> Đã thu thập 50 tin từ trang 44.
2025-09-08T07:22:07.4489149Z    -> Đang khai thác trang 45/94 (còn 3 trang nữa sẽ biến hình)...
2025-09-08T07:22:09.7785431Z       -> Bắt đầu giai đoạn 'quan sát' để chờ trang ổn định...
2025-09-08T07:22:14.1256101Z          - Trang đã ổn định (lần 1/2)...
2025-09-08T07:22:16.1584878Z          - Trang đã ổn định (lần 2/2)...
2025-09-08T07:22:16.1585795Z       -> Trang đã ổn định. Dữ liệu chi tiết đã được tải.
2025-09-08T07:22:16.1586589Z       -> Mô phỏng hành vi cuộn trang...
2025-09-08T07:22:17.2936451Z    -> Đã thu thập 50 tin từ trang 45.
2025-09-08T07:22:40.8233642Z    -> Đang khai thác trang 46/94 (còn 2 trang nữa sẽ biến hình)...
2025-09-08T07:22:43.2091446Z       -> Bắt đầu giai đoạn 'quan sát' để chờ trang ổn định...
2025-09-08T07:22:49.5300641Z          - Trang đã ổn định (lần 1/2)...
2025-09-08T07:22:51.5657451Z          - Trang đã ổn định (lần 2/2)...
2025-09-08T07:22:51.5657963Z       -> Trang đã ổn định. Dữ liệu chi tiết đã được tải.
2025-09-08T07:22:51.5658338Z       -> Mô phỏng hành vi cuộn trang...
2025-09-08T07:22:52.6750478Z    -> Đã thu thập 50 tin từ trang 46.
2025-09-08T07:23:17.5230009Z    -> Đang khai thác trang 47/94 (còn 1 trang nữa sẽ biến hình)...
2025-09-08T07:23:20.3026572Z       -> Bắt đầu giai đoạn 'quan sát' để chờ trang ổn định...
2025-09-08T07:23:26.7372244Z          - Trang đã ổn định (lần 1/2)...
2025-09-08T07:23:28.7726179Z          - Trang đã ổn định (lần 2/2)...
2025-09-08T07:23:28.7726945Z       -> Trang đã ổn định. Dữ liệu chi tiết đã được tải.
2025-09-08T07:23:28.7727627Z       -> Mô phỏng hành vi cuộn trang...
2025-09-08T07:23:29.8212542Z    -> Đã thu thập 50 tin từ trang 47.
2025-09-08T07:23:52.6557777Z 
2025-09-08T07:23:52.6558763Z    -> [Điệp viên] Hết độ bền nhân dạng. Bắt đầu "biến hình"...
2025-09-08T07:23:52.8113686Z -> [Điệp viên] Đang yêu cầu một danh tính proxy MỚI từ API...
2025-09-08T07:23:53.8198426Z -> [Điệp viên] Đã nhận proxy mới thành công: 1.55.94.202:33011
2025-09-08T07:23:53.8198758Z 
2025-09-08T07:23:53.8199113Z [Điệp viên] Đang khởi tạo trình duyệt với danh tính 1.55.94.202...
2025-09-08T07:23:54.0898066Z    -> [Điệp viên] "Biến hình" thành công. Độ bền nhân dạng mới: 21 trang.
2025-09-08T07:23:54.0899034Z    -> Đang khai thác trang 48/94 (còn 21 trang nữa sẽ biến hình)...
2025-09-08T07:24:02.7497173Z       -> Bắt đầu giai đoạn 'quan sát' để chờ trang ổn định...
2025-09-08T07:24:08.9034024Z          - Trang đã ổn định (lần 1/2)...
2025-09-08T07:24:10.9365699Z          - Trang đã ổn định (lần 2/2)...
2025-09-08T07:24:10.9366498Z       -> Trang đã ổn định. Dữ liệu chi tiết đã được tải.
2025-09-08T07:24:10.9367207Z       -> Mô phỏng hành vi cuộn trang...
2025-09-08T07:24:12.1437183Z    -> Đã thu thập 50 tin từ trang 48.
2025-09-08T07:24:36.8092506Z    -> Đang khai thác trang 49/94 (còn 20 trang nữa sẽ biến hình)...
2025-09-08T07:24:38.9621294Z       -> Bắt đầu giai đoạn 'quan sát' để chờ trang ổn định...
2025-09-08T07:24:43.3823153Z          - Trang đã ổn định (lần 1/2)...
2025-09-08T07:24:45.4155352Z          - Trang đã ổn định (lần 2/2)...
2025-09-08T07:24:45.4155860Z       -> Trang đã ổn định. Dữ liệu chi tiết đã được tải.
2025-09-08T07:24:45.4156298Z       -> Mô phỏng hành vi cuộn trang...
2025-09-08T07:24:46.3466311Z    -> Đã thu thập 50 tin từ trang 49.
2025-09-08T07:25:07.2745905Z    -> Đang khai thác trang 50/94 (còn 19 trang nữa sẽ biến hình)...
2025-09-08T07:25:09.3321036Z       -> Bắt đầu giai đoạn 'quan sát' để chờ trang ổn định...
2025-09-08T07:25:13.7325815Z          - Trang đã ổn định (lần 1/2)...
2025-09-08T07:25:15.7668823Z          - Trang đã ổn định (lần 2/2)...
2025-09-08T07:25:15.7669617Z       -> Trang đã ổn định. Dữ liệu chi tiết đã được tải.
2025-09-08T07:25:15.7670328Z       -> Mô phỏng hành vi cuộn trang...
2025-09-08T07:25:17.0650844Z    -> Đã thu thập 50 tin từ trang 50.
2025-09-08T07:25:38.3442301Z    -> Đang khai thác trang 51/94 (còn 18 trang nữa sẽ biến hình)...
2025-09-08T07:25:40.5990771Z       -> Bắt đầu giai đoạn 'quan sát' để chờ trang ổn định...
2025-09-08T07:25:44.9518387Z          - Trang đã ổn định (lần 1/2)...
2025-09-08T07:25:46.9826934Z          - Trang đã ổn định (lần 2/2)...
2025-09-08T07:25:46.9827578Z       -> Trang đã ổn định. Dữ liệu chi tiết đã được tải.
2025-09-08T07:25:46.9828067Z       -> Mô phỏng hành vi cuộn trang...
2025-09-08T07:25:48.1312190Z    -> Đã thu thập 50 tin từ trang 51.
2025-09-08T07:26:07.9128175Z    -> Đang khai thác trang 52/94 (còn 17 trang nữa sẽ biến hình)...
2025-09-08T07:26:10.0399351Z       -> Bắt đầu giai đoạn 'quan sát' để chờ trang ổn định...
2025-09-08T07:26:14.4157381Z          - Trang đã ổn định (lần 1/2)...
2025-09-08T07:26:16.4493420Z          - Trang đã ổn định (lần 2/2)...
2025-09-08T07:26:16.4494399Z       -> Trang đã ổn định. Dữ liệu chi tiết đã được tải.
2025-09-08T07:26:16.4496570Z       -> Mô phỏng hành vi cuộn trang...
2025-09-08T07:26:17.5651610Z    -> Đã thu thập 50 tin từ trang 52.
2025-09-08T07:26:38.9133506Z    -> Đang khai thác trang 53/94 (còn 16 trang nữa sẽ biến hình)...
2025-09-08T07:26:40.8957003Z       -> Bắt đầu giai đoạn 'quan sát' để chờ trang ổn định...
2025-09-08T07:26:45.2550396Z          - Trang đã ổn định (lần 1/2)...
2025-09-08T07:26:47.2871545Z          - Trang đã ổn định (lần 2/2)...
2025-09-08T07:26:47.2872633Z       -> Trang đã ổn định. Dữ liệu chi tiết đã được tải.
2025-09-08T07:26:47.2873910Z       -> Mô phỏng hành vi cuộn trang...
2025-09-08T07:26:48.5047805Z    -> Đã thu thập 50 tin từ trang 53.
2025-09-08T07:27:10.4619673Z    -> Đang khai thác trang 54/94 (còn 15 trang nữa sẽ biến hình)...
2025-09-08T07:27:12.5179019Z       -> Bắt đầu giai đoạn 'quan sát' để chờ trang ổn định...
2025-09-08T07:27:16.7773594Z          - Trang đã ổn định (lần 1/2)...
2025-09-08T07:27:18.8117210Z          - Trang đã ổn định (lần 2/2)...
2025-09-08T07:27:18.8117981Z       -> Trang đã ổn định. Dữ liệu chi tiết đã được tải.
2025-09-08T07:27:18.8118571Z       -> Mô phỏng hành vi cuộn trang...
2025-09-08T07:27:19.9161291Z    -> Đã thu thập 50 tin từ trang 54.
2025-09-08T07:27:41.4499937Z    -> Đang khai thác trang 55/94 (còn 14 trang nữa sẽ biến hình)...
2025-09-08T07:27:43.7949564Z       -> Bắt đầu giai đoạn 'quan sát' để chờ trang ổn định...
2025-09-08T07:27:48.1549900Z          - Trang đã ổn định (lần 1/2)...
2025-09-08T07:27:50.1883514Z          - Trang đã ổn định (lần 2/2)...
2025-09-08T07:27:50.1884083Z       -> Trang đã ổn định. Dữ liệu chi tiết đã được tải.
2025-09-08T07:27:50.1884473Z       -> Mô phỏng hành vi cuộn trang...
2025-09-08T07:27:51.1281248Z    -> Đã thu thập 50 tin từ trang 55.
2025-09-08T07:28:14.2119786Z    -> Đang khai thác trang 56/94 (còn 13 trang nữa sẽ biến hình)...
2025-09-08T07:28:16.3299329Z       -> Bắt đầu giai đoạn 'quan sát' để chờ trang ổn định...
2025-09-08T07:28:20.5919533Z          - Trang đã ổn định (lần 1/2)...
2025-09-08T07:28:22.6285720Z          - Trang đã ổn định (lần 2/2)...
2025-09-08T07:28:22.6286686Z       -> Trang đã ổn định. Dữ liệu chi tiết đã được tải.
2025-09-08T07:28:22.6287650Z       -> Mô phỏng hành vi cuộn trang...
2025-09-08T07:28:23.6011965Z    -> Đã thu thập 50 tin từ trang 56.
2025-09-08T07:28:45.6354921Z    -> Đang khai thác trang 57/94 (còn 12 trang nữa sẽ biến hình)...
2025-09-08T07:28:47.6003343Z       -> Bắt đầu giai đoạn 'quan sát' để chờ trang ổn định...
2025-09-08T07:28:51.8951204Z          - Trang đã ổn định (lần 1/2)...
2025-09-08T07:28:53.9259708Z          - Trang đã ổn định (lần 2/2)...
2025-09-08T07:28:53.9262116Z       -> Trang đã ổn định. Dữ liệu chi tiết đã được tải.
2025-09-08T07:28:53.9264337Z       -> Mô phỏng hành vi cuộn trang...
2025-09-08T07:28:55.0314626Z    -> Đã thu thập 50 tin từ trang 57.
2025-09-08T07:29:14.7211966Z    -> Đang khai thác trang 58/94 (còn 11 trang nữa sẽ biến hình)...
2025-09-08T07:29:17.0255373Z       -> Bắt đầu giai đoạn 'quan sát' để chờ trang ổn định...
2025-09-08T07:29:23.3258333Z          - Trang đã ổn định (lần 1/2)...
2025-09-08T07:29:25.3575740Z          - Trang đã ổn định (lần 2/2)...
2025-09-08T07:29:25.3577352Z       -> Trang đã ổn định. Dữ liệu chi tiết đã được tải.
2025-09-08T07:29:25.3578097Z       -> Mô phỏng hành vi cuộn trang...
2025-09-08T07:29:26.2834057Z    -> Đã thu thập 50 tin từ trang 58.
2025-09-08T07:29:46.8236914Z    -> Đang khai thác trang 59/94 (còn 10 trang nữa sẽ biến hình)...
2025-09-08T07:29:48.8466951Z       -> Bắt đầu giai đoạn 'quan sát' để chờ trang ổn định...
2025-09-08T07:29:53.1447795Z          - Trang đã ổn định (lần 1/2)...
2025-09-08T07:29:55.1764883Z          - Trang đã ổn định (lần 2/2)...
2025-09-08T07:29:55.1765710Z       -> Trang đã ổn định. Dữ liệu chi tiết đã được tải.
2025-09-08T07:29:55.1766468Z       -> Mô phỏng hành vi cuộn trang...
2025-09-08T07:29:56.4373316Z    -> Đã thu thập 50 tin từ trang 59.
2025-09-08T07:30:19.1207316Z    -> Đang khai thác trang 60/94 (còn 9 trang nữa sẽ biến hình)...
2025-09-08T07:30:21.2915417Z       -> Bắt đầu giai đoạn 'quan sát' để chờ trang ổn định...
2025-09-08T07:30:25.6888134Z          - Trang đã ổn định (lần 1/2)...
2025-09-08T07:30:27.7211541Z          - Trang đã ổn định (lần 2/2)...
2025-09-08T07:30:27.7212657Z       -> Trang đã ổn định. Dữ liệu chi tiết đã được tải.
2025-09-08T07:30:27.7213356Z       -> Mô phỏng hành vi cuộn trang...
2025-09-08T07:30:29.0138793Z    -> Đã thu thập 50 tin từ trang 60.
2025-09-08T07:30:51.2525936Z    -> Đang khai thác trang 61/94 (còn 8 trang nữa sẽ biến hình)...
2025-09-08T07:30:53.2470583Z       -> Bắt đầu giai đoạn 'quan sát' để chờ trang ổn định...
2025-09-08T07:30:57.5233111Z          - Trang đã ổn định (lần 1/2)...
2025-09-08T07:30:59.5538079Z          - Trang đã ổn định (lần 2/2)...
2025-09-08T07:30:59.5540900Z       -> Trang đã ổn định. Dữ liệu chi tiết đã được tải.
2025-09-08T07:30:59.5542849Z       -> Mô phỏng hành vi cuộn trang...
2025-09-08T07:31:00.6129972Z    -> Đã thu thập 50 tin từ trang 61.
2025-09-08T07:31:21.3645946Z    -> Đang khai thác trang 62/94 (còn 7 trang nữa sẽ biến hình)...
2025-09-08T07:31:23.3979862Z       -> Bắt đầu giai đoạn 'quan sát' để chờ trang ổn định...
2025-09-08T07:31:27.6772567Z          - Trang đã ổn định (lần 1/2)...
2025-09-08T07:31:29.7106282Z          - Trang đã ổn định (lần 2/2)...
2025-09-08T07:31:29.7106985Z       -> Trang đã ổn định. Dữ liệu chi tiết đã được tải.
2025-09-08T07:31:29.7107482Z       -> Mô phỏng hành vi cuộn trang...
2025-09-08T07:31:30.7830001Z    -> Đã thu thập 50 tin từ trang 62.
2025-09-08T07:31:55.5859145Z    -> Đang khai thác trang 63/94 (còn 6 trang nữa sẽ biến hình)...
2025-09-08T07:31:57.9591219Z       -> Bắt đầu giai đoạn 'quan sát' để chờ trang ổn định...
2025-09-08T07:32:02.3815291Z          - Trang đã ổn định (lần 1/2)...
2025-09-08T07:32:04.4124747Z          - Trang đã ổn định (lần 2/2)...
2025-09-08T07:32:04.4125539Z       -> Trang đã ổn định. Dữ liệu chi tiết đã được tải.
2025-09-08T07:32:04.4126207Z       -> Mô phỏng hành vi cuộn trang...
2025-09-08T07:32:05.3886279Z    -> Đã thu thập 50 tin từ trang 63.
2025-09-08T07:32:29.1303553Z    -> Đang khai thác trang 64/94 (còn 5 trang nữa sẽ biến hình)...
2025-09-08T07:32:31.2069102Z       -> Bắt đầu giai đoạn 'quan sát' để chờ trang ổn định...
2025-09-08T07:32:35.5823084Z          - Trang đã ổn định (lần 1/2)...
2025-09-08T07:32:37.6149087Z          - Trang đã ổn định (lần 2/2)...
2025-09-08T07:32:37.6149669Z       -> Trang đã ổn định. Dữ liệu chi tiết đã được tải.
2025-09-08T07:32:37.6150091Z       -> Mô phỏng hành vi cuộn trang...
2025-09-08T07:32:38.9426462Z    -> Đã thu thập 50 tin từ trang 64.
2025-09-08T07:32:58.5113918Z    -> Đang khai thác trang 65/94 (còn 4 trang nữa sẽ biến hình)...
2025-09-08T07:33:00.4242873Z       -> Bắt đầu giai đoạn 'quan sát' để chờ trang ổn định...
2025-09-08T07:33:04.7155728Z          - Trang đã ổn định (lần 1/2)...
2025-09-08T07:33:06.7499401Z          - Trang đã ổn định (lần 2/2)...
2025-09-08T07:33:06.7500194Z       -> Trang đã ổn định. Dữ liệu chi tiết đã được tải.
2025-09-08T07:33:06.7500860Z       -> Mô phỏng hành vi cuộn trang...
2025-09-08T07:33:08.0452453Z    -> Đã thu thập 50 tin từ trang 65.
2025-09-08T07:33:27.9820707Z    -> Đang khai thác trang 66/94 (còn 3 trang nữa sẽ biến hình)...
2025-09-08T07:33:29.9815848Z       -> Bắt đầu giai đoạn 'quan sát' để chờ trang ổn định...
2025-09-08T07:33:34.2967847Z          - Trang đã ổn định (lần 1/2)...
2025-09-08T07:33:36.3304794Z          - Trang đã ổn định (lần 2/2)...
2025-09-08T07:33:36.3305674Z       -> Trang đã ổn định. Dữ liệu chi tiết đã được tải.
2025-09-08T07:33:36.3306739Z       -> Mô phỏng hành vi cuộn trang...
2025-09-08T07:33:37.2410280Z    -> Đã thu thập 50 tin từ trang 66.
2025-09-08T07:33:55.3337571Z    -> Đang khai thác trang 67/94 (còn 2 trang nữa sẽ biến hình)...
2025-09-08T07:33:57.3887458Z       -> Bắt đầu giai đoạn 'quan sát' để chờ trang ổn định...
2025-09-08T07:34:01.6675374Z          - Trang đã ổn định (lần 1/2)...
2025-09-08T07:34:03.7000025Z          - Trang đã ổn định (lần 2/2)...
2025-09-08T07:34:03.7000790Z       -> Trang đã ổn định. Dữ liệu chi tiết đã được tải.
2025-09-08T07:34:03.7001440Z       -> Mô phỏng hành vi cuộn trang...
2025-09-08T07:34:04.6872645Z    -> Đã thu thập 50 tin từ trang 67.
2025-09-08T07:34:24.7527380Z    -> Đang khai thác trang 68/94 (còn 1 trang nữa sẽ biến hình)...
2025-09-08T07:34:26.8408483Z       -> Bắt đầu giai đoạn 'quan sát' để chờ trang ổn định...
2025-09-08T07:34:31.1279221Z          - Trang đã ổn định (lần 1/2)...
2025-09-08T07:34:33.1626246Z          - Trang đã ổn định (lần 2/2)...
2025-09-08T07:34:33.1629033Z       -> Trang đã ổn định. Dữ liệu chi tiết đã được tải.
2025-09-08T07:34:33.1631891Z       -> Mô phỏng hành vi cuộn trang...
2025-09-08T07:34:34.2070585Z    -> Đã thu thập 50 tin từ trang 68.
2025-09-08T07:34:55.1984428Z 
2025-09-08T07:34:55.1985325Z    -> [Điệp viên] Hết độ bền nhân dạng. Bắt đầu "biến hình"...
2025-09-08T07:34:55.3399427Z -> [Điệp viên] Đang yêu cầu một danh tính proxy MỚI từ API...
2025-09-08T07:34:55.9771038Z -> [Điệp viên] Đã nhận proxy mới thành công: 42.119.115.225:24696
2025-09-08T07:34:55.9771395Z 
2025-09-08T07:34:55.9771991Z [Điệp viên] Đang khởi tạo trình duyệt với danh tính 42.119.115.225...
2025-09-08T07:34:56.2483818Z    -> [Điệp viên] "Biến hình" thành công. Độ bền nhân dạng mới: 22 trang.
2025-09-08T07:34:56.2484900Z    -> Đang khai thác trang 69/94 (còn 22 trang nữa sẽ biến hình)...
2025-09-08T07:35:07.7372301Z       -> Bắt đầu giai đoạn 'quan sát' để chờ trang ổn định...
2025-09-08T07:35:11.9416097Z          - Trang đã ổn định (lần 1/2)...
2025-09-08T07:35:13.9756189Z          - Trang đã ổn định (lần 2/2)...
2025-09-08T07:35:13.9756980Z       -> Trang đã ổn định. Dữ liệu chi tiết đã được tải.
2025-09-08T07:35:13.9757666Z       -> Mô phỏng hành vi cuộn trang...
2025-09-08T07:35:15.0072845Z    -> Đã thu thập 50 tin từ trang 69.
2025-09-08T07:35:33.4316193Z    -> Đang khai thác trang 70/94 (còn 21 trang nữa sẽ biến hình)...
2025-09-08T07:35:35.8492311Z       -> Bắt đầu giai đoạn 'quan sát' để chờ trang ổn định...
2025-09-08T07:35:42.1359624Z          - Trang đã ổn định (lần 1/2)...
2025-09-08T07:35:44.1647215Z          - Trang đã ổn định (lần 2/2)...
2025-09-08T07:35:44.1648005Z       -> Trang đã ổn định. Dữ liệu chi tiết đã được tải.
2025-09-08T07:35:44.1648802Z       -> Mô phỏng hành vi cuộn trang...
2025-09-08T07:35:45.2801276Z    -> Đã thu thập 50 tin từ trang 70.
2025-09-08T07:36:07.1041141Z    -> Đang khai thác trang 71/94 (còn 20 trang nữa sẽ biến hình)...
2025-09-08T07:36:09.2661314Z       -> Bắt đầu giai đoạn 'quan sát' để chờ trang ổn định...
2025-09-08T07:36:13.5651236Z          - Trang đã ổn định (lần 1/2)...
2025-09-08T07:36:15.5965807Z          - Trang đã ổn định (lần 2/2)...
2025-09-08T07:36:15.5966318Z       -> Trang đã ổn định. Dữ liệu chi tiết đã được tải.
2025-09-08T07:36:15.5966701Z       -> Mô phỏng hành vi cuộn trang...
2025-09-08T07:36:16.7242263Z    -> Đã thu thập 50 tin từ trang 71.
2025-09-08T07:36:35.2753290Z    -> Đang khai thác trang 72/94 (còn 19 trang nữa sẽ biến hình)...
2025-09-08T07:36:37.3562205Z       -> Bắt đầu giai đoạn 'quan sát' để chờ trang ổn định...
2025-09-08T07:36:41.6433538Z          - Trang đã ổn định (lần 1/2)...
2025-09-08T07:36:43.6723524Z          - Trang đã ổn định (lần 2/2)...
2025-09-08T07:36:43.6724288Z       -> Trang đã ổn định. Dữ liệu chi tiết đã được tải.
2025-09-08T07:36:43.6724913Z       -> Mô phỏng hành vi cuộn trang...
2025-09-08T07:36:44.7731426Z    -> Đã thu thập 50 tin từ trang 72.
2025-09-08T07:37:05.0758848Z    -> Đang khai thác trang 73/94 (còn 18 trang nữa sẽ biến hình)...
2025-09-08T07:37:07.0972568Z       -> Bắt đầu giai đoạn 'quan sát' để chờ trang ổn định...
2025-09-08T07:37:11.4138936Z          - Trang đã ổn định (lần 1/2)...
2025-09-08T07:37:13.4434641Z          - Trang đã ổn định (lần 2/2)...
2025-09-08T07:37:13.4435164Z       -> Trang đã ổn định. Dữ liệu chi tiết đã được tải.
2025-09-08T07:37:13.4435560Z       -> Mô phỏng hành vi cuộn trang...
2025-09-08T07:37:14.6743568Z    -> Đã thu thập 50 tin từ trang 73.
2025-09-08T07:37:33.2372449Z    -> Đang khai thác trang 74/94 (còn 17 trang nữa sẽ biến hình)...
2025-09-08T07:37:35.2595988Z       -> Bắt đầu giai đoạn 'quan sát' để chờ trang ổn định...
2025-09-08T07:37:39.6053995Z          - Trang đã ổn định (lần 1/2)...
2025-09-08T07:37:41.6463077Z          - Trang đã ổn định (lần 2/2)...
2025-09-08T07:37:41.6464654Z       -> Trang đã ổn định. Dữ liệu chi tiết đã được tải.
2025-09-08T07:37:41.6465492Z       -> Mô phỏng hành vi cuộn trang...
2025-09-08T07:37:42.8887122Z    -> Đã thu thập 50 tin từ trang 74.
2025-09-08T07:38:02.0964575Z    -> Đang khai thác trang 75/94 (còn 16 trang nữa sẽ biến hình)...
2025-09-08T07:38:04.0724684Z       -> Bắt đầu giai đoạn 'quan sát' để chờ trang ổn định...
2025-09-08T07:38:08.3463228Z          - Trang đã ổn định (lần 1/2)...
2025-09-08T07:38:10.3762257Z          - Trang đã ổn định (lần 2/2)...
2025-09-08T07:38:10.3763138Z       -> Trang đã ổn định. Dữ liệu chi tiết đã được tải.
2025-09-08T07:38:10.3763805Z       -> Mô phỏng hành vi cuộn trang...
2025-09-08T07:38:11.2763939Z    -> Đã thu thập 50 tin từ trang 75.
2025-09-08T07:38:33.7120786Z    -> Đang khai thác trang 76/94 (còn 15 trang nữa sẽ biến hình)...
2025-09-08T07:38:35.6359929Z       -> Bắt đầu giai đoạn 'quan sát' để chờ trang ổn định...
2025-09-08T07:38:40.1313646Z          - Trang đã ổn định (lần 1/2)...
2025-09-08T07:38:42.1599140Z          - Trang đã ổn định (lần 2/2)...
2025-09-08T07:38:42.1600804Z       -> Trang đã ổn định. Dữ liệu chi tiết đã được tải.
2025-09-08T07:38:42.1601444Z       -> Mô phỏng hành vi cuộn trang...
2025-09-08T07:38:43.1528273Z    -> Đã thu thập 50 tin từ trang 76.
2025-09-08T07:39:06.9634560Z    -> Đang khai thác trang 77/94 (còn 14 trang nữa sẽ biến hình)...
2025-09-08T07:39:08.9462640Z       -> Bắt đầu giai đoạn 'quan sát' để chờ trang ổn định...
2025-09-08T07:39:13.1829187Z          - Trang đã ổn định (lần 1/2)...
2025-09-08T07:39:15.2156475Z          - Trang đã ổn định (lần 2/2)...
2025-09-08T07:39:15.2157240Z       -> Trang đã ổn định. Dữ liệu chi tiết đã được tải.
2025-09-08T07:39:15.2157907Z       -> Mô phỏng hành vi cuộn trang...
2025-09-08T07:39:16.1590176Z    -> Đã thu thập 50 tin từ trang 77.
2025-09-08T07:39:39.0690796Z    -> Đang khai thác trang 78/94 (còn 13 trang nữa sẽ biến hình)...
2025-09-08T07:39:41.0826328Z       -> Bắt đầu giai đoạn 'quan sát' để chờ trang ổn định...
2025-09-08T07:39:45.3492129Z          - Trang đã ổn định (lần 1/2)...
2025-09-08T07:39:47.3814517Z          - Trang đã ổn định (lần 2/2)...
2025-09-08T07:39:47.3815200Z       -> Trang đã ổn định. Dữ liệu chi tiết đã được tải.
2025-09-08T07:39:47.3816262Z       -> Mô phỏng hành vi cuộn trang...
2025-09-08T07:39:48.4234577Z    -> Đã thu thập 50 tin từ trang 78.
2025-09-08T07:40:07.9817600Z    -> Đang khai thác trang 79/94 (còn 12 trang nữa sẽ biến hình)...
2025-09-08T07:40:10.0154271Z       -> Bắt đầu giai đoạn 'quan sát' để chờ trang ổn định...
2025-09-08T07:40:14.3819720Z          - Trang đã ổn định (lần 1/2)...
2025-09-08T07:40:16.4160886Z          - Trang đã ổn định (lần 2/2)...
2025-09-08T07:40:16.4163473Z       -> Trang đã ổn định. Dữ liệu chi tiết đã được tải.
2025-09-08T07:40:16.4164393Z       -> Mô phỏng hành vi cuộn trang...
2025-09-08T07:40:17.3189044Z    -> Đã thu thập 50 tin từ trang 79.
2025-09-08T07:40:41.0467937Z    -> Đang khai thác trang 80/94 (còn 11 trang nữa sẽ biến hình)...
2025-09-08T07:40:43.1687047Z       -> Bắt đầu giai đoạn 'quan sát' để chờ trang ổn định...
2025-09-08T07:40:47.7368312Z          - Trang đã ổn định (lần 1/2)...
2025-09-08T07:40:49.7675846Z          - Trang đã ổn định (lần 2/2)...
2025-09-08T07:40:49.7680289Z       -> Trang đã ổn định. Dữ liệu chi tiết đã được tải.
2025-09-08T07:40:49.7680968Z       -> Mô phỏng hành vi cuộn trang...
2025-09-08T07:40:50.7622006Z    -> Đã thu thập 50 tin từ trang 80.
2025-09-08T07:41:15.0489814Z    -> Đang khai thác trang 81/94 (còn 10 trang nữa sẽ biến hình)...
2025-09-08T07:41:17.3166336Z       -> Bắt đầu giai đoạn 'quan sát' để chờ trang ổn định...
2025-09-08T07:41:21.6929041Z          - Trang đã ổn định (lần 1/2)...
2025-09-08T07:41:23.7262665Z          - Trang đã ổn định (lần 2/2)...
2025-09-08T07:41:23.7263444Z       -> Trang đã ổn định. Dữ liệu chi tiết đã được tải.
2025-09-08T07:41:23.7264084Z       -> Mô phỏng hành vi cuộn trang...
2025-09-08T07:41:24.8485199Z    -> Đã thu thập 50 tin từ trang 81.
2025-09-08T07:41:48.5286488Z    -> Đang khai thác trang 82/94 (còn 9 trang nữa sẽ biến hình)...
2025-09-08T07:41:50.5395660Z       -> Bắt đầu giai đoạn 'quan sát' để chờ trang ổn định...
2025-09-08T07:41:54.7827095Z          - Trang đã ổn định (lần 1/2)...
2025-09-08T07:41:56.8114273Z          - Trang đã ổn định (lần 2/2)...
2025-09-08T07:41:56.8115508Z       -> Trang đã ổn định. Dữ liệu chi tiết đã được tải.
2025-09-08T07:41:56.8116924Z       -> Mô phỏng hành vi cuộn trang...
2025-09-08T07:41:57.8348204Z    -> Đã thu thập 50 tin từ trang 82.
2025-09-08T07:42:20.6214713Z    -> Đang khai thác trang 83/94 (còn 8 trang nữa sẽ biến hình)...
2025-09-08T07:42:22.7577920Z       -> Bắt đầu giai đoạn 'quan sát' để chờ trang ổn định...
2025-09-08T07:42:27.0379173Z          - Trang đã ổn định (lần 1/2)...
2025-09-08T07:42:29.0681932Z          - Trang đã ổn định (lần 2/2)...
2025-09-08T07:42:29.0682486Z       -> Trang đã ổn định. Dữ liệu chi tiết đã được tải.
2025-09-08T07:42:29.0682891Z       -> Mô phỏng hành vi cuộn trang...
2025-09-08T07:42:29.9755051Z    -> Đã thu thập 50 tin từ trang 83.
2025-09-08T07:42:54.7618472Z    -> Đang khai thác trang 84/94 (còn 7 trang nữa sẽ biến hình)...
2025-09-08T07:42:56.6483888Z       -> Bắt đầu giai đoạn 'quan sát' để chờ trang ổn định...
2025-09-08T07:43:00.9083318Z          - Trang đã ổn định (lần 1/2)...
2025-09-08T07:43:02.9402890Z          - Trang đã ổn định (lần 2/2)...
2025-09-08T07:43:02.9403702Z       -> Trang đã ổn định. Dữ liệu chi tiết đã được tải.
2025-09-08T07:43:02.9404440Z       -> Mô phỏng hành vi cuộn trang...
2025-09-08T07:43:03.9883908Z    -> Đã thu thập 50 tin từ trang 84.
2025-09-08T07:43:26.2290801Z    -> Đang khai thác trang 85/94 (còn 6 trang nữa sẽ biến hình)...
2025-09-08T07:43:28.4189825Z       -> Bắt đầu giai đoạn 'quan sát' để chờ trang ổn định...
2025-09-08T07:43:32.8201192Z          - Trang đã ổn định (lần 1/2)...
2025-09-08T07:43:34.8524709Z          - Trang đã ổn định (lần 2/2)...
2025-09-08T07:43:34.8525454Z       -> Trang đã ổn định. Dữ liệu chi tiết đã được tải.
2025-09-08T07:43:34.8525936Z       -> Mô phỏng hành vi cuộn trang...
2025-09-08T07:43:35.8302951Z    -> Đã thu thập 50 tin từ trang 85.
2025-09-08T07:44:00.4462601Z    -> Đang khai thác trang 86/94 (còn 5 trang nữa sẽ biến hình)...
2025-09-08T07:44:02.5345041Z       -> Bắt đầu giai đoạn 'quan sát' để chờ trang ổn định...
2025-09-08T07:44:06.8108079Z          - Trang đã ổn định (lần 1/2)...
2025-09-08T07:44:08.8409495Z          - Trang đã ổn định (lần 2/2)...
2025-09-08T07:44:08.8410330Z       -> Trang đã ổn định. Dữ liệu chi tiết đã được tải.
2025-09-08T07:44:08.8410990Z       -> Mô phỏng hành vi cuộn trang...
2025-09-08T07:44:10.1972878Z    -> Đã thu thập 50 tin từ trang 86.
2025-09-08T07:44:33.8344234Z    -> Đang khai thác trang 87/94 (còn 4 trang nữa sẽ biến hình)...
2025-09-08T07:44:35.7266240Z       -> Bắt đầu giai đoạn 'quan sát' để chờ trang ổn định...
2025-09-08T07:44:40.0014994Z          - Trang đã ổn định (lần 1/2)...
2025-09-08T07:44:42.0323375Z          - Trang đã ổn định (lần 2/2)...
2025-09-08T07:44:42.0324706Z       -> Trang đã ổn định. Dữ liệu chi tiết đã được tải.
2025-09-08T07:44:42.0325471Z       -> Mô phỏng hành vi cuộn trang...
2025-09-08T07:44:43.3413526Z    -> Đã thu thập 50 tin từ trang 87.
2025-09-08T07:45:04.9926122Z    -> Đang khai thác trang 88/94 (còn 3 trang nữa sẽ biến hình)...
2025-09-08T07:45:07.0955373Z       -> Bắt đầu giai đoạn 'quan sát' để chờ trang ổn định...
2025-09-08T07:45:13.4700178Z          - Trang đã ổn định (lần 1/2)...
2025-09-08T07:45:15.5002950Z          - Trang đã ổn định (lần 2/2)...
2025-09-08T07:45:15.5003459Z       -> Trang đã ổn định. Dữ liệu chi tiết đã được tải.
2025-09-08T07:45:15.5003845Z       -> Mô phỏng hành vi cuộn trang...
2025-09-08T07:45:16.7362596Z    -> Đã thu thập 50 tin từ trang 88.
2025-09-08T07:45:35.3149505Z    -> Đang khai thác trang 89/94 (còn 2 trang nữa sẽ biến hình)...
2025-09-08T07:45:37.4222712Z       -> Bắt đầu giai đoạn 'quan sát' để chờ trang ổn định...
2025-09-08T07:45:41.6831161Z          - Trang đã ổn định (lần 1/2)...
2025-09-08T07:45:43.7148377Z          - Trang đã ổn định (lần 2/2)...
2025-09-08T07:45:43.7148885Z       -> Trang đã ổn định. Dữ liệu chi tiết đã được tải.
2025-09-08T07:45:43.7149317Z       -> Mô phỏng hành vi cuộn trang...
2025-09-08T07:45:45.0254718Z    -> Đã thu thập 50 tin từ trang 89.
2025-09-08T07:46:08.0804788Z    -> Đang khai thác trang 90/94 (còn 1 trang nữa sẽ biến hình)...
2025-09-08T07:46:10.2387063Z       -> Bắt đầu giai đoạn 'quan sát' để chờ trang ổn định...
2025-09-08T07:46:16.5269987Z          - Trang đã ổn định (lần 1/2)...
2025-09-08T07:46:18.5574104Z          - Trang đã ổn định (lần 2/2)...
2025-09-08T07:46:18.5574616Z       -> Trang đã ổn định. Dữ liệu chi tiết đã được tải.
2025-09-08T07:46:18.5575015Z       -> Mô phỏng hành vi cuộn trang...
2025-09-08T07:46:19.5510019Z    -> Đã thu thập 50 tin từ trang 90.
2025-09-08T07:46:42.5343515Z 
2025-09-08T07:46:42.5344685Z    -> [Điệp viên] Hết độ bền nhân dạng. Bắt đầu "biến hình"...
2025-09-08T07:46:42.6906590Z -> [Điệp viên] Đang yêu cầu một danh tính proxy MỚI từ API...
2025-09-08T07:46:43.4156422Z -> [Điệp viên] Đã nhận proxy mới thành công: 171.224.94.68:24517
2025-09-08T07:46:43.4169979Z 
2025-09-08T07:46:43.4171019Z [Điệp viên] Đang khởi tạo trình duyệt với danh tính 171.224.94.68...
2025-09-08T07:46:43.6857846Z    -> [Điệp viên] "Biến hình" thành công. Độ bền nhân dạng mới: 21 trang.
2025-09-08T07:46:43.6865013Z    -> Đang khai thác trang 91/94 (còn 21 trang nữa sẽ biến hình)...
2025-09-08T07:46:55.6390959Z       -> Bắt đầu giai đoạn 'quan sát' để chờ trang ổn định...
2025-09-08T07:46:59.8278844Z          - Trang đã ổn định (lần 1/2)...
2025-09-08T07:47:03.8629110Z          - Trang đã ổn định (lần 1/2)...
2025-09-08T07:47:05.8823153Z          - Trang đã ổn định (lần 2/2)...
2025-09-08T07:47:05.8824176Z       -> Trang đã ổn định. Dữ liệu chi tiết đã được tải.
2025-09-08T07:47:05.8825039Z       -> Mô phỏng hành vi cuộn trang...
2025-09-08T07:47:07.0618230Z    -> Đã thu thập 29 tin từ trang 91.
2025-09-08T07:47:26.2561408Z    -> Đang khai thác trang 92/94 (còn 20 trang nữa sẽ biến hình)...
2025-09-08T07:47:29.3897735Z       -> Bắt đầu giai đoạn 'quan sát' để chờ trang ổn định...
2025-09-08T07:47:35.6079132Z          - Trang đã ổn định (lần 1/2)...
2025-09-08T07:47:37.6265063Z          - Trang đã ổn định (lần 2/2)...
2025-09-08T07:47:37.6265739Z       -> Trang đã ổn định. Dữ liệu chi tiết đã được tải.
2025-09-08T07:47:37.6266248Z       -> Mô phỏng hành vi cuộn trang...
2025-09-08T07:47:38.9279833Z    -> Đã thu thập 27 tin từ trang 92.
2025-09-08T07:48:03.4061381Z    -> Đang khai thác trang 93/94 (còn 19 trang nữa sẽ biến hình)...
2025-09-08T07:48:06.4237278Z       -> Bắt đầu giai đoạn 'quan sát' để chờ trang ổn định...
2025-09-08T07:48:10.7004132Z          - Trang đã ổn định (lần 1/2)...
2025-09-08T07:48:12.7216300Z          - Trang đã ổn định (lần 2/2)...
2025-09-08T07:48:12.7216838Z       -> Trang đã ổn định. Dữ liệu chi tiết đã được tải.
2025-09-08T07:48:12.7217253Z       -> Mô phỏng hành vi cuộn trang...
2025-09-08T07:48:13.8732254Z    -> Đã thu thập 26 tin từ trang 93.
2025-09-08T07:48:37.6030335Z    -> Đang khai thác trang 94/94 (còn 18 trang nữa sẽ biến hình)...
2025-09-08T07:48:41.6562082Z       -> Bắt đầu giai đoạn 'quan sát' để chờ trang ổn định...
2025-09-08T07:48:48.0088428Z          - Trang đã ổn định (lần 1/2)...
2025-09-08T07:48:50.0299666Z          - Trang đã ổn định (lần 2/2)...
2025-09-08T07:48:50.0300595Z       -> Trang đã ổn định. Dữ liệu chi tiết đã được tải.
2025-09-08T07:48:50.0301488Z       -> Mô phỏng hành vi cuộn trang...
2025-09-08T07:48:51.3088711Z    -> Đã thu thập 26 tin từ trang 94.
2025-09-08T07:49:14.6748505Z 
2025-09-08T07:49:14.6753055Z [Điệp viên] Rút lui an toàn, đã đóng trình duyệt.
2025-09-08T07:49:14.9172804Z 
2025-09-08T07:49:14.9175757Z --- BÁO CÁO NHIỆM VỤ ---
2025-09-08T07:49:14.9176667Z Đã tổng hợp 4508 tin duy nhất vào data/topcv_ke-toan_08-09-2025.csv
2025-09-08T07:49:15.0487742Z ##[group]Run # Đồng bộ hóa với các file dữ liệu cũ (nếu có) để tránh lỗi push
2025-09-08T07:49:15.0488232Z [36;1m# Đồng bộ hóa với các file dữ liệu cũ (nếu có) để tránh lỗi push[0m
2025-09-08T07:49:15.0488587Z [36;1mgit pull origin main --rebase[0m
2025-09-08T07:49:15.0488838Z [36;1m[0m
2025-09-08T07:49:15.0489088Z [36;1mgit config --global user.name 'GitHub Actions Scraper'[0m
2025-09-08T07:49:15.0489674Z [36;1mgit config --global user.email 'actions@github.com'[0m
2025-09-08T07:49:15.0490046Z [36;1mgit add data/topcv_ke-toan_08-09-2025.csv[0m
2025-09-08T07:49:15.0490470Z [36;1mgit commit -m "📊 Dữ liệu TopCV: Thêm 4508 tin mới vào data/topcv_ke-toan_08-09-2025.csv"[0m
2025-09-08T07:49:15.0490845Z [36;1mgit push[0m
2025-09-08T07:49:15.0521551Z shell: /usr/bin/bash -e {0}
2025-09-08T07:49:15.0522017Z ##[endgroup]
2025-09-08T07:49:15.2433186Z error: cannot pull with rebase: You have unstaged changes.
2025-09-08T07:49:15.2435310Z error: Please commit or stash them.
2025-09-08T07:49:15.2455041Z ##[error]Process completed with exit code 128.
2025-09-08T07:49:15.2528752Z Post job cleanup.
2025-09-08T07:49:15.3469917Z [command]/usr/bin/git version
2025-09-08T07:49:15.3507863Z git version 2.51.0
2025-09-08T07:49:15.3554564Z Temporarily overriding HOME='/home/runner/work/_temp/6d561487-e2e0-4a3a-8989-7ba162040d90' before making global git config changes
2025-09-08T07:49:15.3556051Z Adding repository directory to the temporary git global config as a safe directory
2025-09-08T07:49:15.3561350Z [command]/usr/bin/git config --global --add safe.directory /home/runner/work/topcv-job-scraper/topcv-job-scraper
2025-09-08T07:49:15.3599997Z [command]/usr/bin/git config --local --name-only --get-regexp core\.sshCommand
2025-09-08T07:49:15.3637146Z [command]/usr/bin/git submodule foreach --recursive sh -c "git config --local --name-only --get-regexp 'core\.sshCommand' && git config --local --unset-all 'core.sshCommand' || :"
2025-09-08T07:49:15.3880715Z [command]/usr/bin/git config --local --name-only --get-regexp http\.https\:\/\/github\.com\/\.extraheader
2025-09-08T07:49:15.3903966Z http.https://github.com/.extraheader
2025-09-08T07:49:15.3917471Z [command]/usr/bin/git config --local --unset-all http.https://github.com/.extraheader
2025-09-08T07:49:15.3949842Z [command]/usr/bin/git submodule foreach --recursive sh -c "git config --local --name-only --get-regexp 'http\.https\:\/\/github\.com\/\.extraheader' && git config --local --unset-all 'http.https://github.com/.extraheader' || :"
2025-09-08T07:49:15.4295815Z Cleaning up orphan processes
