2025-09-07T01:45:49.6658234Z Current runner version: '2.328.0'
2025-09-07T01:45:49.6683331Z ##[group]Runner Image Provisioner
2025-09-07T01:45:49.6684265Z Hosted Compute Agent
2025-09-07T01:45:49.6684922Z Version: 20250829.383
2025-09-07T01:45:49.6685780Z Commit: 27cb235aab5b0e52e153a26cd86b4742e89dac5d
2025-09-07T01:45:49.6686600Z Build Date: 2025-08-29T13:48:48Z
2025-09-07T01:45:49.6687272Z ##[endgroup]
2025-09-07T01:45:49.6687828Z ##[group]Operating System
2025-09-07T01:45:49.6688370Z Ubuntu
2025-09-07T01:45:49.6688913Z 24.04.3
2025-09-07T01:45:49.6689342Z LTS
2025-09-07T01:45:49.6689785Z ##[endgroup]
2025-09-07T01:45:49.6690400Z ##[group]Runner Image
2025-09-07T01:45:49.6690930Z Image: ubuntu-24.04
2025-09-07T01:45:49.6691430Z Version: 20250831.1.0
2025-09-07T01:45:49.6692533Z Included Software: https://github.com/actions/runner-images/blob/ubuntu24/20250831.1/images/ubuntu/Ubuntu2404-Readme.md
2025-09-07T01:45:49.6694072Z Image Release: https://github.com/actions/runner-images/releases/tag/ubuntu24%2F20250831.1
2025-09-07T01:45:49.6695161Z ##[endgroup]
2025-09-07T01:45:49.6697854Z ##[group]GITHUB_TOKEN Permissions
2025-09-07T01:45:49.6700005Z Actions: write
2025-09-07T01:45:49.6700578Z Attestations: write
2025-09-07T01:45:49.6701190Z Checks: write
2025-09-07T01:45:49.6702070Z Contents: write
2025-09-07T01:45:49.6702600Z Deployments: write
2025-09-07T01:45:49.6703212Z Discussions: write
2025-09-07T01:45:49.6703720Z Issues: write
2025-09-07T01:45:49.6704218Z Metadata: read
2025-09-07T01:45:49.6704832Z Models: read
2025-09-07T01:45:49.6705479Z Packages: write
2025-09-07T01:45:49.6706128Z Pages: write
2025-09-07T01:45:49.6706696Z PullRequests: write
2025-09-07T01:45:49.6707236Z RepositoryProjects: write
2025-09-07T01:45:49.6707808Z SecurityEvents: write
2025-09-07T01:45:49.6708504Z Statuses: write
2025-09-07T01:45:49.6709066Z ##[endgroup]
2025-09-07T01:45:49.6711487Z Secret source: Actions
2025-09-07T01:45:49.6712457Z Prepare workflow directory
2025-09-07T01:45:49.7042437Z Prepare all required actions
2025-09-07T01:45:49.7088816Z Getting action download info
2025-09-07T01:45:50.1846421Z Download action repository 'actions/checkout@v4' (SHA:08eba0b27e820071cde6df949e0beb9ba4906955)
2025-09-07T01:45:50.2975885Z Download action repository 'actions/setup-node@v4' (SHA:49933ea5288caeca8642d1e84afbd3f7d6820020)
2025-09-07T01:45:50.3958816Z Download action repository 'browser-actions/setup-chrome@latest' (SHA:b94431e051d1c52dcbe9a7092a4f10f827795416)
2025-09-07T01:45:51.0951392Z Complete job name: scrape-and-commit
2025-09-07T01:45:51.1654766Z ##[group]Run actions/checkout@v4
2025-09-07T01:45:51.1655844Z with:
2025-09-07T01:45:51.1656247Z   fetch-depth: 0
2025-09-07T01:45:51.1656713Z   repository: thiensang1/topcv-job-scraper
2025-09-07T01:45:51.1657438Z   token: ***
2025-09-07T01:45:51.1657815Z   ssh-strict: true
2025-09-07T01:45:51.1658206Z   ssh-user: git
2025-09-07T01:45:51.1658613Z   persist-credentials: true
2025-09-07T01:45:51.1659067Z   clean: true
2025-09-07T01:45:51.1659471Z   sparse-checkout-cone-mode: true
2025-09-07T01:45:51.1659953Z   fetch-tags: false
2025-09-07T01:45:51.1660380Z   show-progress: true
2025-09-07T01:45:51.1660783Z   lfs: false
2025-09-07T01:45:51.1661156Z   submodules: false
2025-09-07T01:45:51.1661562Z   set-safe-directory: true
2025-09-07T01:45:51.1662251Z ##[endgroup]
2025-09-07T01:45:51.2753453Z Syncing repository: thiensang1/topcv-job-scraper
2025-09-07T01:45:51.2755388Z ##[group]Getting Git version info
2025-09-07T01:45:51.2756546Z Working directory is '/home/runner/work/topcv-job-scraper/topcv-job-scraper'
2025-09-07T01:45:51.2757592Z [command]/usr/bin/git version
2025-09-07T01:45:51.2885120Z git version 2.51.0
2025-09-07T01:45:51.2912709Z ##[endgroup]
2025-09-07T01:45:51.2927853Z Temporarily overriding HOME='/home/runner/work/_temp/8154b478-0389-4988-ac9e-85b461507970' before making global git config changes
2025-09-07T01:45:51.2929223Z Adding repository directory to the temporary git global config as a safe directory
2025-09-07T01:45:51.2942267Z [command]/usr/bin/git config --global --add safe.directory /home/runner/work/topcv-job-scraper/topcv-job-scraper
2025-09-07T01:45:51.2982673Z Deleting the contents of '/home/runner/work/topcv-job-scraper/topcv-job-scraper'
2025-09-07T01:45:51.2986388Z ##[group]Initializing the repository
2025-09-07T01:45:51.2990680Z [command]/usr/bin/git init /home/runner/work/topcv-job-scraper/topcv-job-scraper
2025-09-07T01:45:51.3094354Z hint: Using 'master' as the name for the initial branch. This default branch name
2025-09-07T01:45:51.3096117Z hint: is subject to change. To configure the initial branch name to use in all
2025-09-07T01:45:51.3097351Z hint: of your new repositories, which will suppress this warning, call:
2025-09-07T01:45:51.3098098Z hint:
2025-09-07T01:45:51.3098721Z hint: 	git config --global init.defaultBranch <name>
2025-09-07T01:45:51.3099674Z hint:
2025-09-07T01:45:51.3100541Z hint: Names commonly chosen instead of 'master' are 'main', 'trunk' and
2025-09-07T01:45:51.3101552Z hint: 'development'. The just-created branch can be renamed via this command:
2025-09-07T01:45:51.3102361Z hint:
2025-09-07T01:45:51.3102786Z hint: 	git branch -m <name>
2025-09-07T01:45:51.3103285Z hint:
2025-09-07T01:45:51.3103957Z hint: Disable this message with "git config set advice.defaultBranchName false"
2025-09-07T01:45:51.3105473Z Initialized empty Git repository in /home/runner/work/topcv-job-scraper/topcv-job-scraper/.git/
2025-09-07T01:45:51.3111958Z [command]/usr/bin/git remote add origin https://github.com/thiensang1/topcv-job-scraper
2025-09-07T01:45:51.3153888Z ##[endgroup]
2025-09-07T01:45:51.3154655Z ##[group]Disabling automatic garbage collection
2025-09-07T01:45:51.3157935Z [command]/usr/bin/git config --local gc.auto 0
2025-09-07T01:45:51.3187192Z ##[endgroup]
2025-09-07T01:45:51.3187874Z ##[group]Setting up auth
2025-09-07T01:45:51.3194061Z [command]/usr/bin/git config --local --name-only --get-regexp core\.sshCommand
2025-09-07T01:45:51.3224774Z [command]/usr/bin/git submodule foreach --recursive sh -c "git config --local --name-only --get-regexp 'core\.sshCommand' && git config --local --unset-all 'core.sshCommand' || :"
2025-09-07T01:45:51.3650057Z [command]/usr/bin/git config --local --name-only --get-regexp http\.https\:\/\/github\.com\/\.extraheader
2025-09-07T01:45:51.3683965Z [command]/usr/bin/git submodule foreach --recursive sh -c "git config --local --name-only --get-regexp 'http\.https\:\/\/github\.com\/\.extraheader' && git config --local --unset-all 'http.https://github.com/.extraheader' || :"
2025-09-07T01:45:51.3908773Z [command]/usr/bin/git config --local http.https://github.com/.extraheader AUTHORIZATION: basic ***
2025-09-07T01:45:51.3943006Z ##[endgroup]
2025-09-07T01:45:51.3944428Z ##[group]Fetching the repository
2025-09-07T01:45:51.3962079Z [command]/usr/bin/git -c protocol.version=2 fetch --prune --no-recurse-submodules origin +refs/heads/*:refs/remotes/origin/* +refs/tags/*:refs/tags/*
2025-09-07T01:45:52.4890632Z From https://github.com/thiensang1/topcv-job-scraper
2025-09-07T01:45:52.4891898Z  * [new branch]      main       -> origin/main
2025-09-07T01:45:52.4929742Z [command]/usr/bin/git branch --list --remote origin/main
2025-09-07T01:45:52.4952367Z   origin/main
2025-09-07T01:45:52.4962276Z [command]/usr/bin/git rev-parse refs/remotes/origin/main
2025-09-07T01:45:52.4983208Z 5134382431233ea6258bcd2eba52d67c2f18b90e
2025-09-07T01:45:52.4990099Z ##[endgroup]
2025-09-07T01:45:52.4991430Z ##[group]Determining the checkout info
2025-09-07T01:45:52.4992625Z ##[endgroup]
2025-09-07T01:45:52.4995172Z [command]/usr/bin/git sparse-checkout disable
2025-09-07T01:45:52.5041162Z [command]/usr/bin/git config --local --unset-all extensions.worktreeConfig
2025-09-07T01:45:52.5067778Z ##[group]Checking out the ref
2025-09-07T01:45:52.5070682Z [command]/usr/bin/git checkout --progress --force -B main refs/remotes/origin/main
2025-09-07T01:45:52.8517128Z Switched to a new branch 'main'
2025-09-07T01:45:52.8517909Z branch 'main' set up to track 'origin/main'.
2025-09-07T01:45:52.8535035Z ##[endgroup]
2025-09-07T01:45:52.8574148Z [command]/usr/bin/git log -1 --format=%H
2025-09-07T01:45:52.8596452Z 5134382431233ea6258bcd2eba52d67c2f18b90e
2025-09-07T01:45:52.8820576Z ##[group]Run actions/setup-node@v4
2025-09-07T01:45:52.8820934Z with:
2025-09-07T01:45:52.8821163Z   node-version: 18
2025-09-07T01:45:52.8821387Z   cache: npm
2025-09-07T01:45:52.8821616Z   always-auth: false
2025-09-07T01:45:52.8821863Z   check-latest: false
2025-09-07T01:45:52.8822239Z   token: ***
2025-09-07T01:45:52.8822481Z ##[endgroup]
2025-09-07T01:45:53.0836816Z Found in cache @ /opt/hostedtoolcache/node/18.20.8/x64
2025-09-07T01:45:53.0842890Z ##[group]Environment details
2025-09-07T01:45:55.3466988Z node: v18.20.8
2025-09-07T01:45:55.3467760Z npm: 10.8.2
2025-09-07T01:45:55.3468850Z yarn: 1.22.22
2025-09-07T01:45:55.3469643Z ##[endgroup]
2025-09-07T01:45:55.3496315Z [command]/opt/hostedtoolcache/node/18.20.8/x64/bin/npm config get cache
2025-09-07T01:45:55.7516769Z /home/runner/.npm
2025-09-07T01:45:56.0774136Z Cache hit for: node-cache-Linux-x64-npm-416e735b9ac2a76a2dd6b9ec1a6fe63cc3ce0bfa9ce4a61af4a52cdd46502d8f
2025-09-07T01:45:57.3757850Z Received 0 of 5511798 (0.0%), 0.0 MBs/sec
2025-09-07T01:45:57.4911312Z Received 5511798 of 5511798 (100.0%), 4.7 MBs/sec
2025-09-07T01:45:57.4911811Z Cache Size: ~5 MB (5511798 B)
2025-09-07T01:45:57.4940911Z [command]/usr/bin/tar -xf /home/runner/work/_temp/4a5e32cc-f2b7-4773-8e6e-c75daea49ce9/cache.tzst -P -C /home/runner/work/topcv-job-scraper/topcv-job-scraper --use-compress-program unzstd
2025-09-07T01:45:57.5276170Z Cache restored successfully
2025-09-07T01:45:57.5292408Z Cache restored from key: node-cache-Linux-x64-npm-416e735b9ac2a76a2dd6b9ec1a6fe63cc3ce0bfa9ce4a61af4a52cdd46502d8f
2025-09-07T01:45:57.5437272Z ##[group]Run browser-actions/setup-chrome@latest
2025-09-07T01:45:57.5437642Z with:
2025-09-07T01:45:57.5437851Z   chrome-version: stable
2025-09-07T01:45:57.5438082Z   install-dependencies: false
2025-09-07T01:45:57.5438319Z   install-chromedriver: false
2025-09-07T01:45:57.5438541Z   no-sudo: false
2025-09-07T01:45:57.5438737Z ##[endgroup]
2025-09-07T01:45:57.6226754Z Setup chrome stable
2025-09-07T01:45:57.6231481Z Attempting to download chrome stable...
2025-09-07T01:45:57.6721876Z Acquiring chrome stable from https://storage.googleapis.com/chrome-for-testing-public/140.0.7339.80/linux64/chrome-linux64.zip
2025-09-07T01:45:59.0254036Z Installing chrome...
2025-09-07T01:45:59.0291969Z [command]/usr/bin/unzip -o -q /home/runner/work/_temp/f1ddc76f-bd49-493e-8e50-93c954e905d3
2025-09-07T01:46:02.8139773Z Successfully Installed chrome to /opt/hostedtoolcache/setup-chrome/chrome/stable/x64
2025-09-07T01:46:02.8141129Z [command]/opt/hostedtoolcache/setup-chrome/chrome/stable/x64/chrome --version
2025-09-07T01:46:02.9454375Z Google Chrome for Testing 140.0.7339.80 
2025-09-07T01:46:02.9810509Z Successfully setup chrome 140.0.7339.80
2025-09-07T01:46:02.9944631Z ##[group]Run npm install
2025-09-07T01:46:02.9944955Z [36;1mnpm install[0m
2025-09-07T01:46:03.0016364Z shell: /usr/bin/bash -e {0}
2025-09-07T01:46:03.0016655Z ##[endgroup]
2025-09-07T01:46:04.9953446Z npm warn EBADENGINE Unsupported engine {
2025-09-07T01:46:04.9954707Z npm warn EBADENGINE   package: 'cheerio@1.1.2',
2025-09-07T01:46:04.9955431Z npm warn EBADENGINE   required: { node: '>=20.18.1' },
2025-09-07T01:46:04.9956575Z npm warn EBADENGINE   current: { node: 'v18.20.8', npm: '10.8.2' }
2025-09-07T01:46:04.9957148Z npm warn EBADENGINE }
2025-09-07T01:46:05.5427985Z 
2025-09-07T01:46:05.5428733Z up to date, audited 187 packages in 2s
2025-09-07T01:46:05.5429187Z 
2025-09-07T01:46:05.5430118Z 34 packages are looking for funding
2025-09-07T01:46:05.5430799Z   run `npm fund` for details
2025-09-07T01:46:05.5532409Z 
2025-09-07T01:46:05.5533202Z 2 vulnerabilities (1 low, 1 moderate)
2025-09-07T01:46:05.5533872Z 
2025-09-07T01:46:05.5534295Z To address all issues, run:
2025-09-07T01:46:05.5535116Z   npm audit fix
2025-09-07T01:46:05.5537399Z 
2025-09-07T01:46:05.5537663Z Run `npm audit` for details.
2025-09-07T01:46:05.5678084Z ##[group]Run node scraper.js
2025-09-07T01:46:05.5678379Z [36;1mnode scraper.js[0m
2025-09-07T01:46:05.5711485Z shell: /usr/bin/bash -e {0}
2025-09-07T01:46:05.5711731Z env:
2025-09-07T01:46:05.5712142Z   PROXY_API_ENDPOINT: ***
2025-09-07T01:46:05.5712427Z   PROXY_API_KEY: ***
2025-09-07T01:46:05.5712762Z   CHROME_PATH: /opt/hostedtoolcache/setup-chrome/chrome/stable/x64/chrome
2025-09-07T01:46:05.5713137Z ##[endgroup]
2025-09-07T01:46:05.9849324Z --- CHIẾN DỊCH 'ĐIỆP VIÊN TỐI THƯỢNG' BẮT ĐẦU ---
2025-09-07T01:46:05.9853946Z -> [Điệp viên] Đang yêu cầu một danh tính proxy MỚI từ API...
2025-09-07T01:46:06.6768448Z -> [Điệp viên] Đã nhận proxy mới thành công: 171.245.83.138:25617
2025-09-07T01:46:06.6769055Z 
2025-09-07T01:46:06.6769752Z [Điệp viên] Đang khởi tạo trình duyệt với danh tính 171.245.83.138...
2025-09-07T01:46:07.8189722Z 
2025-09-07T01:46:07.8191424Z --- [Điệp viên] Bắt đầu giai đoạn DO THÁM ---
2025-09-07T01:46:07.8196372Z    -> Đang thám hiểm trang 1...
2025-09-07T01:46:21.0885787Z    -> Đang thám hiểm trang 2...
2025-09-07T01:46:24.5304540Z    -> Đang thám hiểm trang 3...
2025-09-07T01:46:27.2185461Z    -> Đang thám hiểm trang 4...
2025-09-07T01:46:29.8811604Z    -> Đang thám hiểm trang 5...
2025-09-07T01:46:32.0284152Z    -> Đang thám hiểm trang 6...
2025-09-07T01:46:33.9385270Z    -> Đang thám hiểm trang 7...
2025-09-07T01:46:35.8732982Z    -> Đang thám hiểm trang 8...
2025-09-07T01:46:36.5646539Z    -> Đang thám hiểm trang 9...
2025-09-07T01:46:37.0445146Z    -> Đang thám hiểm trang 10...
2025-09-07T01:46:37.4618734Z    -> Đang thám hiểm trang 11...
2025-09-07T01:46:37.9789476Z    -> Đang thám hiểm trang 12...
2025-09-07T01:46:38.3938320Z    -> Đang thám hiểm trang 13...
2025-09-07T01:46:38.8208309Z    -> Đang thám hiểm trang 14...
2025-09-07T01:46:39.2581872Z    -> Đang thám hiểm trang 15...
2025-09-07T01:46:39.6778858Z    -> Đang thám hiểm trang 16...
2025-09-07T01:46:40.1136536Z    -> Đang thám hiểm trang 17...
2025-09-07T01:46:40.5814805Z    -> Đang thám hiểm trang 18...
2025-09-07T01:46:41.0095325Z    -> Đang thám hiểm trang 19...
2025-09-07T01:46:41.4525306Z    -> Đang thám hiểm trang 20...
2025-09-07T01:46:41.8842072Z    -> Đang thám hiểm trang 21...
2025-09-07T01:46:42.3091213Z    -> Đang thám hiểm trang 22...
2025-09-07T01:46:42.7242894Z    -> Đang thám hiểm trang 23...
2025-09-07T01:46:43.1465272Z    -> Đang thám hiểm trang 24...
2025-09-07T01:46:43.5558937Z    -> Đang thám hiểm trang 25...
2025-09-07T01:46:43.9953980Z    -> Đang thám hiểm trang 26...
2025-09-07T01:46:44.4549992Z    -> Đang thám hiểm trang 27...
2025-09-07T01:46:44.8958559Z    -> Đang thám hiểm trang 28...
2025-09-07T01:46:45.3110468Z    -> Đang thám hiểm trang 29...
2025-09-07T01:46:45.7381739Z    -> Đang thám hiểm trang 30...
2025-09-07T01:46:46.1835464Z    -> Đang thám hiểm trang 31...
2025-09-07T01:46:46.7120364Z    -> Đang thám hiểm trang 32...
2025-09-07T01:46:47.1294401Z    -> Đang thám hiểm trang 33...
2025-09-07T01:46:47.5567789Z    -> Đang thám hiểm trang 34...
2025-09-07T01:46:47.9834046Z    -> Đang thám hiểm trang 35...
2025-09-07T01:46:48.4902245Z    -> Đang thám hiểm trang 36...
2025-09-07T01:46:48.9597112Z    -> Đang thám hiểm trang 37...
2025-09-07T01:46:49.3911085Z    -> Đang thám hiểm trang 38...
2025-09-07T01:46:49.8387559Z    -> Đang thám hiểm trang 39...
2025-09-07T01:46:50.2695814Z    -> Đang thám hiểm trang 40...
2025-09-07T01:46:50.6991727Z    -> Đang thám hiểm trang 41...
2025-09-07T01:46:51.1161845Z    -> Đang thám hiểm trang 42...
2025-09-07T01:46:51.5542993Z    -> Đang thám hiểm trang 43...
2025-09-07T01:46:51.9711854Z    -> Đang thám hiểm trang 44...
2025-09-07T01:46:52.4251476Z    -> Đang thám hiểm trang 45...
2025-09-07T01:46:52.8388243Z    -> Đang thám hiểm trang 46...
2025-09-07T01:46:53.2255990Z    -> Đang thám hiểm trang 47...
2025-09-07T01:46:53.6718258Z    -> Đang thám hiểm trang 48...
2025-09-07T01:46:54.0811312Z    -> Đang thám hiểm trang 49...
2025-09-07T01:46:54.5176308Z    -> Đang thám hiểm trang 50...
2025-09-07T01:46:54.9016511Z    -> Đang thám hiểm trang 51...
2025-09-07T01:46:55.3497122Z    -> Đang thám hiểm trang 52...
2025-09-07T01:46:55.7636855Z    -> Đang thám hiểm trang 53...
2025-09-07T01:46:56.1907272Z    -> Đang thám hiểm trang 54...
2025-09-07T01:46:56.6179430Z    -> Đang thám hiểm trang 55...
2025-09-07T01:46:57.0747559Z    -> Đang thám hiểm trang 56...
2025-09-07T01:46:57.4910941Z    -> Đang thám hiểm trang 57...
2025-09-07T01:46:57.9299224Z    -> Đang thám hiểm trang 58...
2025-09-07T01:46:58.3166084Z    -> Đang thám hiểm trang 59...
2025-09-07T01:46:58.7324483Z    -> Đang thám hiểm trang 60...
2025-09-07T01:46:59.2227019Z    -> Đang thám hiểm trang 61...
2025-09-07T01:46:59.6494442Z    -> Đang thám hiểm trang 62...
2025-09-07T01:47:00.0896683Z    -> Đang thám hiểm trang 63...
2025-09-07T01:47:01.8507801Z    -> Đang thám hiểm trang 64...
2025-09-07T01:47:02.2749694Z    -> Đang thám hiểm trang 65...
2025-09-07T01:47:02.7373479Z    -> Đang thám hiểm trang 66...
2025-09-07T01:47:03.3392812Z    -> Đang thám hiểm trang 67...
2025-09-07T01:47:03.7705288Z    -> Đang thám hiểm trang 68...
2025-09-07T01:47:05.7530589Z    -> Đang thám hiểm trang 69...
2025-09-07T01:47:06.1676570Z    -> Đang thám hiểm trang 70...
2025-09-07T01:47:06.4622957Z    -> Đang thám hiểm trang 71...
2025-09-07T01:47:08.1753299Z    -> Đang thám hiểm trang 72...
2025-09-07T01:47:08.5771455Z    -> Đang thám hiểm trang 73...
2025-09-07T01:47:08.9901711Z    -> Đang thám hiểm trang 74...
2025-09-07T01:47:09.4144800Z    -> Đang thám hiểm trang 75...
2025-09-07T01:47:11.3030468Z    -> Đang thám hiểm trang 76...
2025-09-07T01:47:11.7354337Z    -> Đang thám hiểm trang 77...
2025-09-07T01:47:12.1227735Z    -> Đang thám hiểm trang 78...
2025-09-07T01:47:13.9116963Z    -> Đang thám hiểm trang 79...
2025-09-07T01:47:14.2820329Z    -> Đang thám hiểm trang 80...
2025-09-07T01:47:14.7587469Z    -> Đang thám hiểm trang 81...
2025-09-07T01:47:15.1878941Z    -> Đang thám hiểm trang 82...
2025-09-07T01:47:16.9760574Z    -> Đang thám hiểm trang 83...
2025-09-07T01:47:17.3848265Z    -> Đang thám hiểm trang 84...
2025-09-07T01:47:17.8754348Z    -> Đang thám hiểm trang 85...
2025-09-07T01:47:19.9890956Z    -> Đang thám hiểm trang 86...
2025-09-07T01:47:20.4350762Z    -> Đang thám hiểm trang 87...
2025-09-07T01:47:20.9087934Z    -> Đang thám hiểm trang 88...
2025-09-07T01:47:22.9005082Z    -> Đang thám hiểm trang 89...
2025-09-07T01:47:23.2983979Z    -> Đang thám hiểm trang 90...
2025-09-07T01:47:23.7872390Z    -> Đang thám hiểm trang 91...
2025-09-07T01:47:24.2565766Z    -> Đang thám hiểm trang 92...
2025-09-07T01:47:26.5811022Z    -> Đang thám hiểm trang 93...
2025-09-07T01:47:27.0711571Z    -> Đang thám hiểm trang 94...
2025-09-07T01:47:27.7013642Z    -> Đang thám hiểm trang 95...
2025-09-07T01:47:28.8772544Z    -> Đã đến rìa thế giới! Bị đưa về trang 93 khi cố gắng đến trang 95.
2025-09-07T01:47:28.8773587Z [Điệp viên] Báo cáo tình báo: Phát hiện có tổng cộng 94 trang.
2025-09-07T01:47:28.8773934Z 
2025-09-07T01:47:28.8774342Z [Điệp viên] Do thám hoàn tất. Tạm nghỉ 12.04 giây...
2025-09-07T01:47:40.9150082Z [Điệp viên] Độ bền nhân dạng ban đầu: 11 trang.
2025-09-07T01:47:40.9150631Z 
2025-09-07T01:47:40.9151224Z --- [Điệp viên] Bắt đầu giai đoạn KHAI THÁC ---
2025-09-07T01:47:40.9152358Z    -> Đang khai thác trang 1/94 (còn 11 trang nữa sẽ biến hình)...
2025-09-07T01:47:43.2679752Z       -> Bắt đầu giai đoạn 'quan sát' để chờ trang ổn định...
2025-09-07T01:47:47.6389150Z          - Trang đã ổn định (lần 1/2)...
2025-09-07T01:47:49.6764370Z          - Trang đã ổn định (lần 2/2)...
2025-09-07T01:47:49.6765329Z       -> Trang đã ổn định. Dữ liệu chi tiết đã được tải.
2025-09-07T01:47:49.6766232Z       -> Mô phỏng hành vi cuộn trang...
2025-09-07T01:47:50.7604997Z    -> Đã thu thập 50 tin từ trang 1.
2025-09-07T01:48:15.0045361Z    -> Đang khai thác trang 2/94 (còn 10 trang nữa sẽ biến hình)...
2025-09-07T01:48:18.0554815Z       -> Bắt đầu giai đoạn 'quan sát' để chờ trang ổn định...
2025-09-07T01:48:22.4877450Z          - Trang đã ổn định (lần 1/2)...
2025-09-07T01:48:24.5205025Z          - Trang đã ổn định (lần 2/2)...
2025-09-07T01:48:24.5206220Z       -> Trang đã ổn định. Dữ liệu chi tiết đã được tải.
2025-09-07T01:48:24.5207210Z       -> Mô phỏng hành vi cuộn trang...
2025-09-07T01:48:25.5038633Z    -> Đã thu thập 50 tin từ trang 2.
2025-09-07T01:48:47.1729144Z    -> Đang khai thác trang 3/94 (còn 9 trang nữa sẽ biến hình)...
2025-09-07T01:48:49.9599661Z       -> Bắt đầu giai đoạn 'quan sát' để chờ trang ổn định...
2025-09-07T01:48:54.4726264Z          - Trang đã ổn định (lần 1/2)...
2025-09-07T01:48:56.5071304Z          - Trang đã ổn định (lần 2/2)...
2025-09-07T01:48:56.5071835Z       -> Trang đã ổn định. Dữ liệu chi tiết đã được tải.
2025-09-07T01:48:56.5072250Z       -> Mô phỏng hành vi cuộn trang...
2025-09-07T01:48:57.6766790Z    -> Đã thu thập 50 tin từ trang 3.
2025-09-07T01:49:22.4534485Z    -> Đang khai thác trang 4/94 (còn 8 trang nữa sẽ biến hình)...
2025-09-07T01:49:25.0654811Z       -> Bắt đầu giai đoạn 'quan sát' để chờ trang ổn định...
2025-09-07T01:49:29.4291997Z          - Trang đã ổn định (lần 1/2)...
2025-09-07T01:49:31.4667373Z          - Trang đã ổn định (lần 2/2)...
2025-09-07T01:49:31.4668158Z       -> Trang đã ổn định. Dữ liệu chi tiết đã được tải.
2025-09-07T01:49:31.4668871Z       -> Mô phỏng hành vi cuộn trang...
2025-09-07T01:49:32.6738474Z    -> Đã thu thập 50 tin từ trang 4.
2025-09-07T01:49:57.1824207Z    -> Đang khai thác trang 5/94 (còn 7 trang nữa sẽ biến hình)...
2025-09-07T01:49:59.3488628Z       -> Bắt đầu giai đoạn 'quan sát' để chờ trang ổn định...
2025-09-07T01:50:03.6224877Z          - Trang đã ổn định (lần 1/2)...
2025-09-07T01:50:05.6582168Z          - Trang đã ổn định (lần 2/2)...
2025-09-07T01:50:05.6582926Z       -> Trang đã ổn định. Dữ liệu chi tiết đã được tải.
2025-09-07T01:50:05.6583551Z       -> Mô phỏng hành vi cuộn trang...
2025-09-07T01:50:06.5636061Z    -> Đã thu thập 50 tin từ trang 5.
2025-09-07T01:50:25.8446134Z    -> Đang khai thác trang 6/94 (còn 6 trang nữa sẽ biến hình)...
2025-09-07T01:50:28.0945473Z       -> Bắt đầu giai đoạn 'quan sát' để chờ trang ổn định...
2025-09-07T01:50:32.5266373Z          - Trang đã ổn định (lần 1/2)...
2025-09-07T01:50:34.5637666Z          - Trang đã ổn định (lần 2/2)...
2025-09-07T01:50:34.5638537Z       -> Trang đã ổn định. Dữ liệu chi tiết đã được tải.
2025-09-07T01:50:34.5639180Z       -> Mô phỏng hành vi cuộn trang...
2025-09-07T01:50:35.5713773Z    -> Đã thu thập 50 tin từ trang 6.
2025-09-07T01:51:00.4502746Z    -> Đang khai thác trang 7/94 (còn 5 trang nữa sẽ biến hình)...
2025-09-07T01:51:02.7892496Z       -> Bắt đầu giai đoạn 'quan sát' để chờ trang ổn định...
2025-09-07T01:51:07.1032039Z          - Trang đã ổn định (lần 1/2)...
2025-09-07T01:51:09.1389401Z          - Trang đã ổn định (lần 2/2)...
2025-09-07T01:51:09.1389948Z       -> Trang đã ổn định. Dữ liệu chi tiết đã được tải.
2025-09-07T01:51:09.1390371Z       -> Mô phỏng hành vi cuộn trang...
2025-09-07T01:51:10.2462825Z    -> Đã thu thập 50 tin từ trang 7.
2025-09-07T01:51:29.8869444Z    -> Đang khai thác trang 8/94 (còn 4 trang nữa sẽ biến hình)...
2025-09-07T01:51:32.6502370Z       -> Bắt đầu giai đoạn 'quan sát' để chờ trang ổn định...
2025-09-07T01:51:36.9743838Z          - Trang đã ổn định (lần 1/2)...
2025-09-07T01:51:39.0093285Z          - Trang đã ổn định (lần 2/2)...
2025-09-07T01:51:39.0094040Z       -> Trang đã ổn định. Dữ liệu chi tiết đã được tải.
2025-09-07T01:51:39.0094691Z       -> Mô phỏng hành vi cuộn trang...
2025-09-07T01:51:40.0650620Z    -> Đã thu thập 50 tin từ trang 8.
2025-09-07T01:52:03.2200564Z    -> Đang khai thác trang 9/94 (còn 3 trang nữa sẽ biến hình)...
2025-09-07T01:52:06.4209902Z       -> Bắt đầu giai đoạn 'quan sát' để chờ trang ổn định...
2025-09-07T01:52:10.8251351Z          - Trang đã ổn định (lần 1/2)...
2025-09-07T01:52:12.8585993Z          - Trang đã ổn định (lần 2/2)...
2025-09-07T01:52:12.8586864Z       -> Trang đã ổn định. Dữ liệu chi tiết đã được tải.
2025-09-07T01:52:12.8587539Z       -> Mô phỏng hành vi cuộn trang...
2025-09-07T01:52:14.1889987Z    -> Đã thu thập 50 tin từ trang 9.
2025-09-07T01:52:36.5951160Z    -> Đang khai thác trang 10/94 (còn 2 trang nữa sẽ biến hình)...
2025-09-07T01:52:39.8874738Z       -> Bắt đầu giai đoạn 'quan sát' để chờ trang ổn định...
2025-09-07T01:52:44.2456227Z          - Trang đã ổn định (lần 1/2)...
2025-09-07T01:52:46.2764989Z          - Trang đã ổn định (lần 2/2)...
2025-09-07T01:52:46.2765714Z       -> Trang đã ổn định. Dữ liệu chi tiết đã được tải.
2025-09-07T01:52:46.2766138Z       -> Mô phỏng hành vi cuộn trang...
2025-09-07T01:52:47.6004320Z    -> Đã thu thập 50 tin từ trang 10.
2025-09-07T01:53:09.9994651Z    -> Đang khai thác trang 11/94 (còn 1 trang nữa sẽ biến hình)...
2025-09-07T01:53:13.1497898Z       -> Bắt đầu giai đoạn 'quan sát' để chờ trang ổn định...
2025-09-07T01:53:17.5917922Z          - Trang đã ổn định (lần 1/2)...
2025-09-07T01:53:19.6282369Z          - Trang đã ổn định (lần 2/2)...
2025-09-07T01:53:19.6283207Z       -> Trang đã ổn định. Dữ liệu chi tiết đã được tải.
2025-09-07T01:53:19.6283901Z       -> Mô phỏng hành vi cuộn trang...
2025-09-07T01:53:20.7584868Z    -> Đã thu thập 50 tin từ trang 11.
2025-09-07T01:53:44.6744130Z 
2025-09-07T01:53:44.6745038Z    -> [Điệp viên] Hết độ bền nhân dạng. Bắt đầu "biến hình"...
2025-09-07T01:53:44.7949124Z -> [Điệp viên] Đang yêu cầu một danh tính proxy MỚI từ API...
2025-09-07T01:53:45.3551857Z -> [Điệp viên] Đã nhận proxy mới thành công: 116.101.130.35:33856
2025-09-07T01:53:45.3552197Z 
2025-09-07T01:53:45.3552564Z [Điệp viên] Đang khởi tạo trình duyệt với danh tính 116.101.130.35...
2025-09-07T01:53:45.6362296Z    -> [Điệp viên] "Biến hình" thành công. Độ bền nhân dạng mới: 21 trang.
2025-09-07T01:53:45.6363727Z    -> Đang khai thác trang 12/94 (còn 21 trang nữa sẽ biến hình)...
2025-09-07T01:53:58.3098347Z       -> Bắt đầu giai đoạn 'quan sát' để chờ trang ổn định...
2025-09-07T01:54:00.4200478Z          - Trang đã ổn định (lần 1/2)...
2025-09-07T01:54:04.4867810Z          - Trang đã ổn định (lần 1/2)...
2025-09-07T01:54:06.5173639Z          - Trang đã ổn định (lần 2/2)...
2025-09-07T01:54:06.5174525Z       -> Trang đã ổn định. Dữ liệu chi tiết đã được tải.
2025-09-07T01:54:06.5175167Z       -> Mô phỏng hành vi cuộn trang...
2025-09-07T01:54:07.5438667Z    -> Đã thu thập 50 tin từ trang 12.
2025-09-07T01:54:30.5571492Z    -> Đang khai thác trang 13/94 (còn 20 trang nữa sẽ biến hình)...
2025-09-07T01:54:32.8784659Z       -> Bắt đầu giai đoạn 'quan sát' để chờ trang ổn định...
2025-09-07T01:54:37.2593703Z          - Trang đã ổn định (lần 1/2)...
2025-09-07T01:54:39.2900733Z          - Trang đã ổn định (lần 2/2)...
2025-09-07T01:54:39.2901387Z       -> Trang đã ổn định. Dữ liệu chi tiết đã được tải.
2025-09-07T01:54:39.2901863Z       -> Mô phỏng hành vi cuộn trang...
2025-09-07T01:54:40.4223296Z    -> Đã thu thập 50 tin từ trang 13.
2025-09-07T01:55:00.3202465Z    -> Đang khai thác trang 14/94 (còn 19 trang nữa sẽ biến hình)...
2025-09-07T01:55:02.3183648Z       -> Bắt đầu giai đoạn 'quan sát' để chờ trang ổn định...
2025-09-07T01:55:06.6986935Z          - Trang đã ổn định (lần 1/2)...
2025-09-07T01:55:08.7360551Z          - Trang đã ổn định (lần 2/2)...
2025-09-07T01:55:08.7361475Z       -> Trang đã ổn định. Dữ liệu chi tiết đã được tải.
2025-09-07T01:55:08.7362203Z       -> Mô phỏng hành vi cuộn trang...
2025-09-07T01:55:09.5927816Z    -> Đã thu thập 50 tin từ trang 14.
2025-09-07T01:55:27.6233721Z    -> Đang khai thác trang 15/94 (còn 18 trang nữa sẽ biến hình)...
2025-09-07T01:55:29.5883212Z       -> Bắt đầu giai đoạn 'quan sát' để chờ trang ổn định...
2025-09-07T01:55:33.9839817Z          - Trang đã ổn định (lần 1/2)...
2025-09-07T01:55:36.0171483Z          - Trang đã ổn định (lần 2/2)...
2025-09-07T01:55:36.0172251Z       -> Trang đã ổn định. Dữ liệu chi tiết đã được tải.
2025-09-07T01:55:36.0172864Z       -> Mô phỏng hành vi cuộn trang...
2025-09-07T01:55:37.0813184Z    -> Đã thu thập 50 tin từ trang 15.
2025-09-07T01:55:59.4447648Z    -> Đang khai thác trang 16/94 (còn 17 trang nữa sẽ biến hình)...
2025-09-07T01:56:01.3877691Z       -> Bắt đầu giai đoạn 'quan sát' để chờ trang ổn định...
2025-09-07T01:56:05.7987173Z          - Trang đã ổn định (lần 1/2)...
2025-09-07T01:56:07.8379819Z          - Trang đã ổn định (lần 2/2)...
2025-09-07T01:56:07.8380375Z       -> Trang đã ổn định. Dữ liệu chi tiết đã được tải.
2025-09-07T01:56:07.8380764Z       -> Mô phỏng hành vi cuộn trang...
2025-09-07T01:56:08.8168154Z    -> Đã thu thập 50 tin từ trang 16.
2025-09-07T01:56:28.1891336Z    -> Đang khai thác trang 17/94 (còn 16 trang nữa sẽ biến hình)...
2025-09-07T01:56:30.1273662Z       -> Bắt đầu giai đoạn 'quan sát' để chờ trang ổn định...
2025-09-07T01:56:34.5339216Z          - Trang đã ổn định (lần 1/2)...
2025-09-07T01:56:36.5681892Z          - Trang đã ổn định (lần 2/2)...
2025-09-07T01:56:36.5682401Z       -> Trang đã ổn định. Dữ liệu chi tiết đã được tải.
2025-09-07T01:56:36.5682787Z       -> Mô phỏng hành vi cuộn trang...
2025-09-07T01:56:37.8021171Z    -> Đã thu thập 50 tin từ trang 17.
2025-09-07T01:57:00.1567174Z    -> Đang khai thác trang 18/94 (còn 15 trang nữa sẽ biến hình)...
2025-09-07T01:57:02.1529172Z       -> Bắt đầu giai đoạn 'quan sát' để chờ trang ổn định...
2025-09-07T01:57:06.4469255Z          - Trang đã ổn định (lần 1/2)...
2025-09-07T01:57:08.4801873Z          - Trang đã ổn định (lần 2/2)...
2025-09-07T01:57:08.4802726Z       -> Trang đã ổn định. Dữ liệu chi tiết đã được tải.
2025-09-07T01:57:08.4805812Z       -> Mô phỏng hành vi cuộn trang...
2025-09-07T01:57:09.4173044Z    -> Đã thu thập 50 tin từ trang 18.
2025-09-07T01:57:33.6800895Z    -> Đang khai thác trang 19/94 (còn 14 trang nữa sẽ biến hình)...
2025-09-07T01:57:35.5608419Z       -> Bắt đầu giai đoạn 'quan sát' để chờ trang ổn định...
2025-09-07T01:57:39.8733801Z          - Trang đã ổn định (lần 1/2)...
2025-09-07T01:57:41.9071979Z          - Trang đã ổn định (lần 2/2)...
2025-09-07T01:57:41.9072712Z       -> Trang đã ổn định. Dữ liệu chi tiết đã được tải.
2025-09-07T01:57:41.9073337Z       -> Mô phỏng hành vi cuộn trang...
2025-09-07T01:57:42.9860566Z    -> Đã thu thập 50 tin từ trang 19.
2025-09-07T01:58:04.2217774Z    -> Đang khai thác trang 20/94 (còn 13 trang nữa sẽ biến hình)...
2025-09-07T01:58:06.1553331Z       -> Bắt đầu giai đoạn 'quan sát' để chờ trang ổn định...
2025-09-07T01:58:10.5409505Z          - Trang đã ổn định (lần 1/2)...
2025-09-07T01:58:12.5742284Z          - Trang đã ổn định (lần 2/2)...
2025-09-07T01:58:12.5743097Z       -> Trang đã ổn định. Dữ liệu chi tiết đã được tải.
2025-09-07T01:58:12.5743796Z       -> Mô phỏng hành vi cuộn trang...
2025-09-07T01:58:13.6807766Z    -> Đã thu thập 50 tin từ trang 20.
2025-09-07T01:58:36.0350801Z    -> Đang khai thác trang 21/94 (còn 12 trang nữa sẽ biến hình)...
2025-09-07T01:58:37.9208336Z       -> Bắt đầu giai đoạn 'quan sát' để chờ trang ổn định...
2025-09-07T01:58:42.1953546Z          - Trang đã ổn định (lần 1/2)...
2025-09-07T01:58:44.2300366Z          - Trang đã ổn định (lần 2/2)...
2025-09-07T01:58:44.2301147Z       -> Trang đã ổn định. Dữ liệu chi tiết đã được tải.
2025-09-07T01:58:44.2301812Z       -> Mô phỏng hành vi cuộn trang...
2025-09-07T01:58:45.4388211Z    -> Đã thu thập 50 tin từ trang 21.
2025-09-07T01:59:09.0317826Z    -> Đang khai thác trang 22/94 (còn 11 trang nữa sẽ biến hình)...
2025-09-07T01:59:11.1090018Z       -> Bắt đầu giai đoạn 'quan sát' để chờ trang ổn định...
2025-09-07T01:59:15.4892769Z          - Trang đã ổn định (lần 1/2)...
2025-09-07T01:59:17.5229840Z          - Trang đã ổn định (lần 2/2)...
2025-09-07T01:59:17.5230603Z       -> Trang đã ổn định. Dữ liệu chi tiết đã được tải.
2025-09-07T01:59:17.5231260Z       -> Mô phỏng hành vi cuộn trang...
2025-09-07T01:59:18.7421512Z    -> Đã thu thập 50 tin từ trang 22.
2025-09-07T01:59:39.6071811Z    -> Đang khai thác trang 23/94 (còn 10 trang nữa sẽ biến hình)...
2025-09-07T01:59:41.5565957Z       -> Bắt đầu giai đoạn 'quan sát' để chờ trang ổn định...
2025-09-07T01:59:45.9083806Z          - Trang đã ổn định (lần 1/2)...
2025-09-07T01:59:47.9406931Z          - Trang đã ổn định (lần 2/2)...
2025-09-07T01:59:47.9407764Z       -> Trang đã ổn định. Dữ liệu chi tiết đã được tải.
2025-09-07T01:59:47.9408444Z       -> Mô phỏng hành vi cuộn trang...
2025-09-07T01:59:48.8823802Z    -> Đã thu thập 50 tin từ trang 23.
2025-09-07T02:00:12.3101354Z    -> Đang khai thác trang 24/94 (còn 9 trang nữa sẽ biến hình)...
2025-09-07T02:00:14.3021157Z       -> Bắt đầu giai đoạn 'quan sát' để chờ trang ổn định...
2025-09-07T02:00:18.6525000Z          - Trang đã ổn định (lần 1/2)...
2025-09-07T02:00:20.6861961Z          - Trang đã ổn định (lần 2/2)...
2025-09-07T02:00:20.6862740Z       -> Trang đã ổn định. Dữ liệu chi tiết đã được tải.
2025-09-07T02:00:20.6863407Z       -> Mô phỏng hành vi cuộn trang...
2025-09-07T02:00:21.7809032Z    -> Đã thu thập 50 tin từ trang 24.
2025-09-07T02:00:42.2061377Z    -> Đang khai thác trang 25/94 (còn 8 trang nữa sẽ biến hình)...
2025-09-07T02:00:44.0421850Z       -> Bắt đầu giai đoạn 'quan sát' để chờ trang ổn định...
2025-09-07T02:00:48.3088562Z          - Trang đã ổn định (lần 1/2)...
2025-09-07T02:00:50.3429039Z          - Trang đã ổn định (lần 2/2)...
2025-09-07T02:00:50.3429613Z       -> Trang đã ổn định. Dữ liệu chi tiết đã được tải.
2025-09-07T02:00:50.3430007Z       -> Mô phỏng hành vi cuộn trang...
2025-09-07T02:00:51.3237406Z    -> Đã thu thập 50 tin từ trang 25.
2025-09-07T02:01:09.7774827Z    -> Đang khai thác trang 26/94 (còn 7 trang nữa sẽ biến hình)...
2025-09-07T02:01:11.7466473Z       -> Bắt đầu giai đoạn 'quan sát' để chờ trang ổn định...
2025-09-07T02:01:16.1558160Z          - Trang đã ổn định (lần 1/2)...
2025-09-07T02:01:18.1931488Z          - Trang đã ổn định (lần 2/2)...
2025-09-07T02:01:18.1932002Z       -> Trang đã ổn định. Dữ liệu chi tiết đã được tải.
2025-09-07T02:01:18.1932393Z       -> Mô phỏng hành vi cuộn trang...
2025-09-07T02:01:19.2647575Z    -> Đã thu thập 50 tin từ trang 26.
2025-09-07T02:01:44.1355801Z    -> Đang khai thác trang 27/94 (còn 6 trang nữa sẽ biến hình)...
2025-09-07T02:01:45.9671976Z       -> Bắt đầu giai đoạn 'quan sát' để chờ trang ổn định...
2025-09-07T02:01:50.2493926Z          - Trang đã ổn định (lần 1/2)...
2025-09-07T02:01:52.2825298Z          - Trang đã ổn định (lần 2/2)...
2025-09-07T02:01:52.2826472Z       -> Trang đã ổn định. Dữ liệu chi tiết đã được tải.
2025-09-07T02:01:52.2827488Z       -> Mô phỏng hành vi cuộn trang...
2025-09-07T02:01:53.4107993Z    -> Đã thu thập 50 tin từ trang 27.
2025-09-07T02:02:16.8639922Z    -> Đang khai thác trang 28/94 (còn 5 trang nữa sẽ biến hình)...
2025-09-07T02:02:18.9528228Z       -> Bắt đầu giai đoạn 'quan sát' để chờ trang ổn định...
2025-09-07T02:02:23.5593480Z          - Trang đã ổn định (lần 1/2)...
2025-09-07T02:02:25.5897555Z          - Trang đã ổn định (lần 2/2)...
2025-09-07T02:02:25.5898169Z       -> Trang đã ổn định. Dữ liệu chi tiết đã được tải.
2025-09-07T02:02:25.5898648Z       -> Mô phỏng hành vi cuộn trang...
2025-09-07T02:02:26.7740140Z    -> Đã thu thập 50 tin từ trang 28.
2025-09-07T02:02:45.4932836Z    -> Đang khai thác trang 29/94 (còn 4 trang nữa sẽ biến hình)...
2025-09-07T02:02:47.4737523Z       -> Bắt đầu giai đoạn 'quan sát' để chờ trang ổn định...
2025-09-07T02:02:51.8003221Z          - Trang đã ổn định (lần 1/2)...
2025-09-07T02:02:53.8332144Z          - Trang đã ổn định (lần 2/2)...
2025-09-07T02:02:53.8333767Z       -> Trang đã ổn định. Dữ liệu chi tiết đã được tải.
2025-09-07T02:02:53.8334524Z       -> Mô phỏng hành vi cuộn trang...
2025-09-07T02:02:54.7972405Z    -> Đã thu thập 50 tin từ trang 29.
2025-09-07T02:03:18.0613570Z    -> Đang khai thác trang 30/94 (còn 3 trang nữa sẽ biến hình)...
2025-09-07T02:03:20.2466981Z       -> Bắt đầu giai đoạn 'quan sát' để chờ trang ổn định...
2025-09-07T02:03:24.4985217Z          - Trang đã ổn định (lần 1/2)...
2025-09-07T02:03:26.5310213Z          - Trang đã ổn định (lần 2/2)...
2025-09-07T02:03:26.5311000Z       -> Trang đã ổn định. Dữ liệu chi tiết đã được tải.
2025-09-07T02:03:26.5311625Z       -> Mô phỏng hành vi cuộn trang...
2025-09-07T02:03:27.7618482Z    -> Đã thu thập 50 tin từ trang 30.
2025-09-07T02:03:52.6744685Z    -> Đang khai thác trang 31/94 (còn 2 trang nữa sẽ biến hình)...
2025-09-07T02:03:54.5977192Z       -> Bắt đầu giai đoạn 'quan sát' để chờ trang ổn định...
2025-09-07T02:03:58.9745380Z          - Trang đã ổn định (lần 1/2)...
2025-09-07T02:04:01.0150079Z          - Trang đã ổn định (lần 2/2)...
2025-09-07T02:04:01.0150726Z       -> Trang đã ổn định. Dữ liệu chi tiết đã được tải.
2025-09-07T02:04:01.0151177Z       -> Mô phỏng hành vi cuộn trang...
2025-09-07T02:04:02.2069662Z    -> Đã thu thập 50 tin từ trang 31.
2025-09-07T02:04:26.2417056Z    -> Đang khai thác trang 32/94 (còn 1 trang nữa sẽ biến hình)...
2025-09-07T02:04:28.2190971Z       -> Bắt đầu giai đoạn 'quan sát' để chờ trang ổn định...
2025-09-07T02:04:32.6528450Z          - Trang đã ổn định (lần 1/2)...
2025-09-07T02:04:34.6901800Z          - Trang đã ổn định (lần 2/2)...
2025-09-07T02:04:34.6902378Z       -> Trang đã ổn định. Dữ liệu chi tiết đã được tải.
2025-09-07T02:04:34.6902825Z       -> Mô phỏng hành vi cuộn trang...
2025-09-07T02:04:35.9921308Z    -> Đã thu thập 50 tin từ trang 32.
2025-09-07T02:04:53.9970648Z 
2025-09-07T02:04:53.9972275Z    -> [Điệp viên] Hết độ bền nhân dạng. Bắt đầu "biến hình"...
2025-09-07T02:04:54.1377659Z -> [Điệp viên] Đang yêu cầu một danh tính proxy MỚI từ API...
2025-09-07T02:04:54.5787567Z -> [Điệp viên] Đã nhận proxy mới thành công: 116.101.155.38:12146
2025-09-07T02:04:54.5787932Z 
2025-09-07T02:04:54.5788309Z [Điệp viên] Đang khởi tạo trình duyệt với danh tính 116.101.155.38...
2025-09-07T02:04:54.8688210Z    -> [Điệp viên] "Biến hình" thành công. Độ bền nhân dạng mới: 28 trang.
2025-09-07T02:04:54.8689250Z    -> Đang khai thác trang 33/94 (còn 28 trang nữa sẽ biến hình)...
2025-09-07T02:05:06.9223844Z       -> Bắt đầu giai đoạn 'quan sát' để chờ trang ổn định...
2025-09-07T02:05:11.0658796Z          - Trang đã ổn định (lần 1/2)...
2025-09-07T02:05:13.0994263Z          - Trang đã ổn định (lần 2/2)...
2025-09-07T02:05:13.0994991Z       -> Trang đã ổn định. Dữ liệu chi tiết đã được tải.
2025-09-07T02:05:13.0995880Z       -> Mô phỏng hành vi cuộn trang...
2025-09-07T02:05:13.9878027Z    -> Đã thu thập 50 tin từ trang 33.
2025-09-07T02:05:36.9439699Z    -> Đang khai thác trang 34/94 (còn 27 trang nữa sẽ biến hình)...
2025-09-07T02:05:39.3867015Z       -> Bắt đầu giai đoạn 'quan sát' để chờ trang ổn định...
2025-09-07T02:05:45.6875698Z          - Trang đã ổn định (lần 1/2)...
2025-09-07T02:05:47.7248228Z          - Trang đã ổn định (lần 2/2)...
2025-09-07T02:05:47.7249037Z       -> Trang đã ổn định. Dữ liệu chi tiết đã được tải.
2025-09-07T02:05:47.7249594Z       -> Mô phỏng hành vi cuộn trang...
2025-09-07T02:05:48.6405800Z    -> Đã thu thập 50 tin từ trang 34.
2025-09-07T02:06:12.5304029Z    -> Đang khai thác trang 35/94 (còn 26 trang nữa sẽ biến hình)...
2025-09-07T02:06:14.4722852Z       -> Bắt đầu giai đoạn 'quan sát' để chờ trang ổn định...
2025-09-07T02:06:18.7440552Z          - Trang đã ổn định (lần 1/2)...
2025-09-07T02:06:20.7786887Z          - Trang đã ổn định (lần 2/2)...
2025-09-07T02:06:20.7787544Z       -> Trang đã ổn định. Dữ liệu chi tiết đã được tải.
2025-09-07T02:06:20.7788072Z       -> Mô phỏng hành vi cuộn trang...
2025-09-07T02:06:21.9270374Z    -> Đã thu thập 50 tin từ trang 35.
2025-09-07T02:06:46.0779869Z    -> Đang khai thác trang 36/94 (còn 25 trang nữa sẽ biến hình)...
2025-09-07T02:06:47.9157204Z       -> Bắt đầu giai đoạn 'quan sát' để chờ trang ổn định...
2025-09-07T02:06:54.3177577Z          - Trang đã ổn định (lần 1/2)...
2025-09-07T02:06:56.3499277Z          - Trang đã ổn định (lần 2/2)...
2025-09-07T02:06:56.3499855Z       -> Trang đã ổn định. Dữ liệu chi tiết đã được tải.
2025-09-07T02:06:56.3500291Z       -> Mô phỏng hành vi cuộn trang...
2025-09-07T02:06:57.6317722Z    -> Đã thu thập 50 tin từ trang 36.
2025-09-07T02:07:21.4182998Z    -> Đang khai thác trang 37/94 (còn 24 trang nữa sẽ biến hình)...
2025-09-07T02:07:23.3379061Z       -> Bắt đầu giai đoạn 'quan sát' để chờ trang ổn định...
2025-09-07T02:07:27.6714384Z          - Trang đã ổn định (lần 1/2)...
2025-09-07T02:07:29.7044341Z          - Trang đã ổn định (lần 2/2)...
2025-09-07T02:07:29.7044874Z       -> Trang đã ổn định. Dữ liệu chi tiết đã được tải.
2025-09-07T02:07:29.7045324Z       -> Mô phỏng hành vi cuộn trang...
2025-09-07T02:07:30.9281925Z    -> Đã thu thập 50 tin từ trang 37.
2025-09-07T02:07:49.0089251Z    -> Đang khai thác trang 38/94 (còn 23 trang nữa sẽ biến hình)...
2025-09-07T02:07:51.2420384Z       -> Bắt đầu giai đoạn 'quan sát' để chờ trang ổn định...
2025-09-07T02:07:55.5480790Z          - Trang đã ổn định (lần 1/2)...
2025-09-07T02:07:57.5840187Z          - Trang đã ổn định (lần 2/2)...
2025-09-07T02:07:57.5841042Z       -> Trang đã ổn định. Dữ liệu chi tiết đã được tải.
2025-09-07T02:07:57.5841706Z       -> Mô phỏng hành vi cuộn trang...
2025-09-07T02:07:58.8293687Z    -> Đã thu thập 50 tin từ trang 38.
2025-09-07T02:08:20.0174233Z    -> Đang khai thác trang 39/94 (còn 22 trang nữa sẽ biến hình)...
2025-09-07T02:08:22.0720235Z       -> Bắt đầu giai đoạn 'quan sát' để chờ trang ổn định...
2025-09-07T02:08:26.3648397Z          - Trang đã ổn định (lần 1/2)...
2025-09-07T02:08:28.4043352Z          - Trang đã ổn định (lần 2/2)...
2025-09-07T02:08:28.4049642Z       -> Trang đã ổn định. Dữ liệu chi tiết đã được tải.
2025-09-07T02:08:28.4050513Z       -> Mô phỏng hành vi cuộn trang...
2025-09-07T02:08:29.3244121Z    -> Đã thu thập 50 tin từ trang 39.
2025-09-07T02:08:51.7311318Z    -> Đang khai thác trang 40/94 (còn 21 trang nữa sẽ biến hình)...
2025-09-07T02:08:53.9075037Z       -> Bắt đầu giai đoạn 'quan sát' để chờ trang ổn định...
2025-09-07T02:08:58.1819599Z          - Trang đã ổn định (lần 1/2)...
2025-09-07T02:09:00.2172021Z          - Trang đã ổn định (lần 2/2)...
2025-09-07T02:09:00.2172750Z       -> Trang đã ổn định. Dữ liệu chi tiết đã được tải.
2025-09-07T02:09:00.2173393Z       -> Mô phỏng hành vi cuộn trang...
2025-09-07T02:09:01.4569522Z    -> Đã thu thập 50 tin từ trang 40.
2025-09-07T02:09:25.2444395Z    -> Đang khai thác trang 41/94 (còn 20 trang nữa sẽ biến hình)...
2025-09-07T02:09:27.1984542Z       -> Bắt đầu giai đoạn 'quan sát' để chờ trang ổn định...
2025-09-07T02:09:33.5963609Z          - Trang đã ổn định (lần 1/2)...
2025-09-07T02:09:35.6289183Z          - Trang đã ổn định (lần 2/2)...
2025-09-07T02:09:35.6290020Z       -> Trang đã ổn định. Dữ liệu chi tiết đã được tải.
2025-09-07T02:09:35.6290668Z       -> Mô phỏng hành vi cuộn trang...
2025-09-07T02:09:36.6224421Z    -> Đã thu thập 50 tin từ trang 41.
2025-09-07T02:10:00.1445313Z    -> Đang khai thác trang 42/94 (còn 19 trang nữa sẽ biến hình)...
2025-09-07T02:10:02.3704710Z       -> Bắt đầu giai đoạn 'quan sát' để chờ trang ổn định...
2025-09-07T02:10:06.6315085Z          - Trang đã ổn định (lần 1/2)...
2025-09-07T02:10:08.6605799Z          - Trang đã ổn định (lần 2/2)...
2025-09-07T02:10:08.6606558Z       -> Trang đã ổn định. Dữ liệu chi tiết đã được tải.
2025-09-07T02:10:08.6607042Z       -> Mô phỏng hành vi cuộn trang...
2025-09-07T02:10:09.7183367Z    -> Đã thu thập 50 tin từ trang 42.
2025-09-07T02:10:33.5606118Z    -> Đang khai thác trang 43/94 (còn 18 trang nữa sẽ biến hình)...
2025-09-07T02:10:35.8893098Z       -> Bắt đầu giai đoạn 'quan sát' để chờ trang ổn định...
2025-09-07T02:10:40.3321043Z          - Trang đã ổn định (lần 1/2)...
2025-09-07T02:10:42.3633626Z          - Trang đã ổn định (lần 2/2)...
2025-09-07T02:10:42.3634428Z       -> Trang đã ổn định. Dữ liệu chi tiết đã được tải.
2025-09-07T02:10:42.3635053Z       -> Mô phỏng hành vi cuộn trang...
2025-09-07T02:10:43.3751648Z    -> Đã thu thập 50 tin từ trang 43.
2025-09-07T02:11:02.7068995Z    -> Đang khai thác trang 44/94 (còn 17 trang nữa sẽ biến hình)...
2025-09-07T02:11:04.6083398Z       -> Bắt đầu giai đoạn 'quan sát' để chờ trang ổn định...
2025-09-07T02:11:08.9833024Z          - Trang đã ổn định (lần 1/2)...
2025-09-07T02:11:11.0136174Z          - Trang đã ổn định (lần 2/2)...
2025-09-07T02:11:11.0136951Z       -> Trang đã ổn định. Dữ liệu chi tiết đã được tải.
2025-09-07T02:11:11.0137556Z       -> Mô phỏng hành vi cuộn trang...
2025-09-07T02:11:12.0729366Z    -> Đã thu thập 50 tin từ trang 44.
2025-09-07T02:11:32.3957754Z    -> Đang khai thác trang 45/94 (còn 16 trang nữa sẽ biến hình)...
2025-09-07T02:11:34.4600178Z       -> Bắt đầu giai đoạn 'quan sát' để chờ trang ổn định...
2025-09-07T02:11:38.8421182Z          - Trang đã ổn định (lần 1/2)...
2025-09-07T02:11:40.8768913Z          - Trang đã ổn định (lần 2/2)...
2025-09-07T02:11:40.8769750Z       -> Trang đã ổn định. Dữ liệu chi tiết đã được tải.
2025-09-07T02:11:40.8770395Z       -> Mô phỏng hành vi cuộn trang...
2025-09-07T02:11:41.9085085Z    -> Đã thu thập 50 tin từ trang 45.
2025-09-07T02:12:03.7817574Z    -> Đang khai thác trang 46/94 (còn 15 trang nữa sẽ biến hình)...
2025-09-07T02:12:06.1739183Z       -> Bắt đầu giai đoạn 'quan sát' để chờ trang ổn định...
2025-09-07T02:12:10.5607386Z          - Trang đã ổn định (lần 1/2)...
2025-09-07T02:12:12.5963737Z          - Trang đã ổn định (lần 2/2)...
2025-09-07T02:12:12.5964407Z       -> Trang đã ổn định. Dữ liệu chi tiết đã được tải.
2025-09-07T02:12:12.5964889Z       -> Mô phỏng hành vi cuộn trang...
2025-09-07T02:12:13.5383424Z    -> Đã thu thập 50 tin từ trang 46.
2025-09-07T02:12:34.7007529Z    -> Đang khai thác trang 47/94 (còn 14 trang nữa sẽ biến hình)...
2025-09-07T02:12:37.2198280Z       -> Bắt đầu giai đoạn 'quan sát' để chờ trang ổn định...
2025-09-07T02:12:41.6383380Z          - Trang đã ổn định (lần 1/2)...
2025-09-07T02:12:43.6713993Z          - Trang đã ổn định (lần 2/2)...
2025-09-07T02:12:43.6715038Z       -> Trang đã ổn định. Dữ liệu chi tiết đã được tải.
2025-09-07T02:12:43.6716117Z       -> Mô phỏng hành vi cuộn trang...
2025-09-07T02:12:44.9278080Z    -> Đã thu thập 50 tin từ trang 47.
2025-09-07T02:13:06.6418972Z    -> Đang khai thác trang 48/94 (còn 13 trang nữa sẽ biến hình)...
2025-09-07T02:13:08.6202144Z       -> Bắt đầu giai đoạn 'quan sát' để chờ trang ổn định...
2025-09-07T02:13:12.9388894Z          - Trang đã ổn định (lần 1/2)...
2025-09-07T02:13:14.9727935Z          - Trang đã ổn định (lần 2/2)...
2025-09-07T02:13:14.9729945Z       -> Trang đã ổn định. Dữ liệu chi tiết đã được tải.
2025-09-07T02:13:14.9730660Z       -> Mô phỏng hành vi cuộn trang...
2025-09-07T02:13:16.1445780Z    -> Đã thu thập 50 tin từ trang 48.
2025-09-07T02:13:37.9222805Z    -> Đang khai thác trang 49/94 (còn 12 trang nữa sẽ biến hình)...
2025-09-07T02:13:39.8784262Z       -> Bắt đầu giai đoạn 'quan sát' để chờ trang ổn định...
2025-09-07T02:13:44.1711546Z          - Trang đã ổn định (lần 1/2)...
2025-09-07T02:13:46.2016692Z          - Trang đã ổn định (lần 2/2)...
2025-09-07T02:13:46.2017266Z       -> Trang đã ổn định. Dữ liệu chi tiết đã được tải.
2025-09-07T02:13:46.2017684Z       -> Mô phỏng hành vi cuộn trang...
2025-09-07T02:13:47.2292991Z    -> Đã thu thập 50 tin từ trang 49.
2025-09-07T02:14:06.6833884Z    -> Đang khai thác trang 50/94 (còn 11 trang nữa sẽ biến hình)...
2025-09-07T02:14:08.7518583Z       -> Bắt đầu giai đoạn 'quan sát' để chờ trang ổn định...
2025-09-07T02:14:13.0177952Z          - Trang đã ổn định (lần 1/2)...
2025-09-07T02:14:15.0551943Z          - Trang đã ổn định (lần 2/2)...
2025-09-07T02:14:15.0552915Z       -> Trang đã ổn định. Dữ liệu chi tiết đã được tải.
2025-09-07T02:14:15.0553767Z       -> Mô phỏng hành vi cuộn trang...
2025-09-07T02:14:16.2358702Z    -> Đã thu thập 50 tin từ trang 50.
2025-09-07T02:14:36.3336991Z    -> Đang khai thác trang 51/94 (còn 10 trang nữa sẽ biến hình)...
2025-09-07T02:14:38.5647633Z       -> Bắt đầu giai đoạn 'quan sát' để chờ trang ổn định...
2025-09-07T02:14:43.0278926Z          - Trang đã ổn định (lần 1/2)...
2025-09-07T02:14:45.0609905Z          - Trang đã ổn định (lần 2/2)...
2025-09-07T02:14:45.0610717Z       -> Trang đã ổn định. Dữ liệu chi tiết đã được tải.
2025-09-07T02:14:45.0611339Z       -> Mô phỏng hành vi cuộn trang...
2025-09-07T02:14:45.9597168Z    -> Đã thu thập 50 tin từ trang 51.
2025-09-07T02:15:04.5977053Z    -> Đang khai thác trang 52/94 (còn 9 trang nữa sẽ biến hình)...
2025-09-07T02:15:06.7211916Z       -> Bắt đầu giai đoạn 'quan sát' để chờ trang ổn định...
2025-09-07T02:15:13.0696481Z          - Trang đã ổn định (lần 1/2)...
2025-09-07T02:15:15.1029527Z          - Trang đã ổn định (lần 2/2)...
2025-09-07T02:15:15.1030832Z       -> Trang đã ổn định. Dữ liệu chi tiết đã được tải.
2025-09-07T02:15:15.1031504Z       -> Mô phỏng hành vi cuộn trang...
2025-09-07T02:15:16.1793468Z    -> Đã thu thập 50 tin từ trang 52.
2025-09-07T02:15:34.3431356Z    -> Đang khai thác trang 53/94 (còn 8 trang nữa sẽ biến hình)...
2025-09-07T02:15:36.8566159Z       -> Bắt đầu giai đoạn 'quan sát' để chờ trang ổn định...
2025-09-07T02:15:41.2670589Z          - Trang đã ổn định (lần 1/2)...
2025-09-07T02:15:43.3030670Z          - Trang đã ổn định (lần 2/2)...
2025-09-07T02:15:43.3034117Z       -> Trang đã ổn định. Dữ liệu chi tiết đã được tải.
2025-09-07T02:15:43.3034784Z       -> Mô phỏng hành vi cuộn trang...
2025-09-07T02:15:44.5276579Z    -> Đã thu thập 50 tin từ trang 53.
2025-09-07T02:16:08.0145022Z    -> Đang khai thác trang 54/94 (còn 7 trang nữa sẽ biến hình)...
2025-09-07T02:16:10.2099291Z       -> Bắt đầu giai đoạn 'quan sát' để chờ trang ổn định...
2025-09-07T02:16:14.6644390Z          - Trang đã ổn định (lần 1/2)...
2025-09-07T02:16:16.6993312Z          - Trang đã ổn định (lần 2/2)...
2025-09-07T02:16:16.6994312Z       -> Trang đã ổn định. Dữ liệu chi tiết đã được tải.
2025-09-07T02:16:16.6995155Z       -> Mô phỏng hành vi cuộn trang...
2025-09-07T02:16:17.7454072Z    -> Đã thu thập 50 tin từ trang 54.
2025-09-07T02:16:38.4801848Z    -> Đang khai thác trang 55/94 (còn 6 trang nữa sẽ biến hình)...
2025-09-07T02:16:40.6680772Z       -> Bắt đầu giai đoạn 'quan sát' để chờ trang ổn định...
2025-09-07T02:16:44.9444721Z          - Trang đã ổn định (lần 1/2)...
2025-09-07T02:16:46.9843077Z          - Trang đã ổn định (lần 2/2)...
2025-09-07T02:16:46.9843913Z       -> Trang đã ổn định. Dữ liệu chi tiết đã được tải.
2025-09-07T02:16:46.9844548Z       -> Mô phỏng hành vi cuộn trang...
2025-09-07T02:16:48.2449989Z    -> Đã thu thập 50 tin từ trang 55.
2025-09-07T02:17:06.8581645Z    -> Đang khai thác trang 56/94 (còn 5 trang nữa sẽ biến hình)...
2025-09-07T02:17:09.5058248Z       -> Bắt đầu giai đoạn 'quan sát' để chờ trang ổn định...
2025-09-07T02:17:13.8955370Z          - Trang đã ổn định (lần 1/2)...
2025-09-07T02:17:15.9286334Z          - Trang đã ổn định (lần 2/2)...
2025-09-07T02:17:15.9289727Z       -> Trang đã ổn định. Dữ liệu chi tiết đã được tải.
2025-09-07T02:17:15.9290369Z       -> Mô phỏng hành vi cuộn trang...
2025-09-07T02:17:17.1992420Z    -> Đã thu thập 50 tin từ trang 56.
2025-09-07T02:17:35.8674315Z    -> Đang khai thác trang 57/94 (còn 4 trang nữa sẽ biến hình)...
2025-09-07T02:17:37.7198897Z       -> Bắt đầu giai đoạn 'quan sát' để chờ trang ổn định...
2025-09-07T02:17:42.3054684Z          - Trang đã ổn định (lần 1/2)...
2025-09-07T02:17:44.3403304Z          - Trang đã ổn định (lần 2/2)...
2025-09-07T02:17:44.3403972Z       -> Trang đã ổn định. Dữ liệu chi tiết đã được tải.
2025-09-07T02:17:44.3404505Z       -> Mô phỏng hành vi cuộn trang...
2025-09-07T02:17:45.4796077Z    -> Đã thu thập 50 tin từ trang 57.
2025-09-07T02:18:05.2243112Z    -> Đang khai thác trang 58/94 (còn 3 trang nữa sẽ biến hình)...
2025-09-07T02:18:07.2469639Z       -> Bắt đầu giai đoạn 'quan sát' để chờ trang ổn định...
2025-09-07T02:18:11.5267043Z          - Trang đã ổn định (lần 1/2)...
2025-09-07T02:18:13.5578386Z          - Trang đã ổn định (lần 2/2)...
2025-09-07T02:18:13.5579110Z       -> Trang đã ổn định. Dữ liệu chi tiết đã được tải.
2025-09-07T02:18:13.5579715Z       -> Mô phỏng hành vi cuộn trang...
2025-09-07T02:18:14.4687815Z    -> Đã thu thập 50 tin từ trang 58.
2025-09-07T02:18:38.4789358Z    -> Đang khai thác trang 59/94 (còn 2 trang nữa sẽ biến hình)...
2025-09-07T02:18:40.3761710Z       -> Bắt đầu giai đoạn 'quan sát' để chờ trang ổn định...
2025-09-07T02:18:44.8291958Z          - Trang đã ổn định (lần 1/2)...
2025-09-07T02:18:46.8671168Z          - Trang đã ổn định (lần 2/2)...
2025-09-07T02:18:46.8671984Z       -> Trang đã ổn định. Dữ liệu chi tiết đã được tải.
2025-09-07T02:18:46.8672637Z       -> Mô phỏng hành vi cuộn trang...
2025-09-07T02:18:47.8401040Z    -> Đã thu thập 50 tin từ trang 59.
2025-09-07T02:19:12.6217244Z    -> Đang khai thác trang 60/94 (còn 1 trang nữa sẽ biến hình)...
2025-09-07T02:19:14.6716983Z       -> Bắt đầu giai đoạn 'quan sát' để chờ trang ổn định...
2025-09-07T02:19:18.9483800Z          - Trang đã ổn định (lần 1/2)...
2025-09-07T02:19:20.9805494Z          - Trang đã ổn định (lần 2/2)...
2025-09-07T02:19:20.9806306Z       -> Trang đã ổn định. Dữ liệu chi tiết đã được tải.
2025-09-07T02:19:20.9806735Z       -> Mô phỏng hành vi cuộn trang...
2025-09-07T02:19:22.2333543Z    -> Đã thu thập 50 tin từ trang 60.
2025-09-07T02:19:43.1098633Z 
2025-09-07T02:19:43.1099486Z    -> [Điệp viên] Hết độ bền nhân dạng. Bắt đầu "biến hình"...
2025-09-07T02:19:43.2267428Z -> [Điệp viên] Đang yêu cầu một danh tính proxy MỚI từ API...
2025-09-07T02:19:43.6512174Z -> [Điệp viên] Đã nhận proxy mới thành công: 171.228.255.173:20870
2025-09-07T02:19:43.6512536Z 
2025-09-07T02:19:43.6512931Z [Điệp viên] Đang khởi tạo trình duyệt với danh tính 171.228.255.173...
2025-09-07T02:19:43.9266587Z    -> [Điệp viên] "Biến hình" thành công. Độ bền nhân dạng mới: 25 trang.
2025-09-07T02:19:43.9267696Z    -> Đang khai thác trang 61/94 (còn 25 trang nữa sẽ biến hình)...
2025-09-07T02:19:57.7349436Z       -> Bắt đầu giai đoạn 'quan sát' để chờ trang ổn định...
2025-09-07T02:20:01.8517795Z          - Trang đã ổn định (lần 1/2)...
2025-09-07T02:20:05.9196275Z          - Trang đã ổn định (lần 1/2)...
2025-09-07T02:20:07.9541156Z          - Trang đã ổn định (lần 2/2)...
2025-09-07T02:20:07.9543072Z       -> Trang đã ổn định. Dữ liệu chi tiết đã được tải.
2025-09-07T02:20:07.9543730Z       -> Mô phỏng hành vi cuộn trang...
2025-09-07T02:20:09.0136313Z    -> Đã thu thập 50 tin từ trang 61.
2025-09-07T02:20:28.9155891Z    -> Đang khai thác trang 62/94 (còn 24 trang nữa sẽ biến hình)...
2025-09-07T02:20:31.3578542Z       -> Bắt đầu giai đoạn 'quan sát' để chờ trang ổn định...
2025-09-07T02:20:37.6858557Z          - Trang đã ổn định (lần 1/2)...
2025-09-07T02:20:39.7200713Z          - Trang đã ổn định (lần 2/2)...
2025-09-07T02:20:39.7201649Z       -> Trang đã ổn định. Dữ liệu chi tiết đã được tải.
2025-09-07T02:20:39.7202343Z       -> Mô phỏng hành vi cuộn trang...
2025-09-07T02:20:40.6908392Z    -> Đã thu thập 50 tin từ trang 62.
2025-09-07T02:21:02.6226696Z    -> Đang khai thác trang 63/94 (còn 23 trang nữa sẽ biến hình)...
2025-09-07T02:21:04.8114310Z       -> Bắt đầu giai đoạn 'quan sát' để chờ trang ổn định...
2025-09-07T02:21:11.1350420Z          - Trang đã ổn định (lần 1/2)...
2025-09-07T02:21:13.1741764Z          - Trang đã ổn định (lần 2/2)...
2025-09-07T02:21:13.1742298Z       -> Trang đã ổn định. Dữ liệu chi tiết đã được tải.
2025-09-07T02:21:13.1742699Z       -> Mô phỏng hành vi cuộn trang...
2025-09-07T02:21:14.3853142Z    -> Đã thu thập 50 tin từ trang 63.
2025-09-07T02:21:35.5034859Z    -> Đang khai thác trang 64/94 (còn 22 trang nữa sẽ biến hình)...
2025-09-07T02:21:37.4879250Z       -> Bắt đầu giai đoạn 'quan sát' để chờ trang ổn định...
2025-09-07T02:21:41.7844020Z          - Trang đã ổn định (lần 1/2)...
2025-09-07T02:21:43.8168349Z          - Trang đã ổn định (lần 2/2)...
2025-09-07T02:21:43.8169685Z       -> Trang đã ổn định. Dữ liệu chi tiết đã được tải.
2025-09-07T02:21:43.8170408Z       -> Mô phỏng hành vi cuộn trang...
2025-09-07T02:21:44.9697592Z    -> Đã thu thập 50 tin từ trang 64.
2025-09-07T02:22:03.8137273Z    -> Đang khai thác trang 65/94 (còn 21 trang nữa sẽ biến hình)...
2025-09-07T02:22:05.9678425Z       -> Bắt đầu giai đoạn 'quan sát' để chờ trang ổn định...
2025-09-07T02:22:10.3459618Z          - Trang đã ổn định (lần 1/2)...
2025-09-07T02:22:12.3844243Z          - Trang đã ổn định (lần 2/2)...
2025-09-07T02:22:12.3844986Z       -> Trang đã ổn định. Dữ liệu chi tiết đã được tải.
2025-09-07T02:22:12.3845965Z       -> Mô phỏng hành vi cuộn trang...
2025-09-07T02:22:13.5600114Z    -> Đã thu thập 50 tin từ trang 65.
2025-09-07T02:22:31.6955293Z    -> Đang khai thác trang 66/94 (còn 20 trang nữa sẽ biến hình)...
2025-09-07T02:22:34.9586146Z       -> Bắt đầu giai đoạn 'quan sát' để chờ trang ổn định...
2025-09-07T02:22:39.5006393Z          - Trang đã ổn định (lần 1/2)...
2025-09-07T02:22:41.5358059Z          - Trang đã ổn định (lần 2/2)...
2025-09-07T02:22:41.5358822Z       -> Trang đã ổn định. Dữ liệu chi tiết đã được tải.
2025-09-07T02:22:41.5359597Z       -> Mô phỏng hành vi cuộn trang...
2025-09-07T02:22:42.7305497Z    -> Đã thu thập 50 tin từ trang 66.
2025-09-07T02:23:05.3668012Z    -> Đang khai thác trang 67/94 (còn 19 trang nữa sẽ biến hình)...
2025-09-07T02:23:08.4809358Z       -> Bắt đầu giai đoạn 'quan sát' để chờ trang ổn định...
2025-09-07T02:23:12.8620083Z          - Trang đã ổn định (lần 1/2)...
2025-09-07T02:23:14.8972645Z          - Trang đã ổn định (lần 2/2)...
2025-09-07T02:23:14.8973567Z       -> Trang đã ổn định. Dữ liệu chi tiết đã được tải.
2025-09-07T02:23:14.8974258Z       -> Mô phỏng hành vi cuộn trang...
2025-09-07T02:23:16.1634101Z    -> Đã thu thập 50 tin từ trang 67.
2025-09-07T02:23:37.7127014Z    -> Đang khai thác trang 68/94 (còn 18 trang nữa sẽ biến hình)...
2025-09-07T02:23:40.9172413Z       -> Bắt đầu giai đoạn 'quan sát' để chờ trang ổn định...
2025-09-07T02:23:45.3954863Z          - Trang đã ổn định (lần 1/2)...
2025-09-07T02:23:47.4291369Z          - Trang đã ổn định (lần 2/2)...
2025-09-07T02:23:47.4292445Z       -> Trang đã ổn định. Dữ liệu chi tiết đã được tải.
2025-09-07T02:23:47.4293156Z       -> Mô phỏng hành vi cuộn trang...
2025-09-07T02:23:48.7115007Z    -> Đã thu thập 50 tin từ trang 68.
2025-09-07T02:24:09.8930592Z    -> Đang khai thác trang 69/94 (còn 17 trang nữa sẽ biến hình)...
2025-09-07T02:24:12.8459127Z       -> Bắt đầu giai đoạn 'quan sát' để chờ trang ổn định...
2025-09-07T02:24:17.3615833Z          - Trang đã ổn định (lần 1/2)...
2025-09-07T02:24:19.3993882Z          - Trang đã ổn định (lần 2/2)...
2025-09-07T02:24:19.3994552Z       -> Trang đã ổn định. Dữ liệu chi tiết đã được tải.
2025-09-07T02:24:19.3994996Z       -> Mô phỏng hành vi cuộn trang...
2025-09-07T02:24:20.7476117Z    -> Đã thu thập 50 tin từ trang 69.
2025-09-07T02:24:43.6390638Z    -> Đang khai thác trang 70/94 (còn 16 trang nữa sẽ biến hình)...
2025-09-07T02:24:46.7912937Z       -> Bắt đầu giai đoạn 'quan sát' để chờ trang ổn định...
2025-09-07T02:24:51.1821352Z          - Trang đã ổn định (lần 1/2)...
2025-09-07T02:24:53.2182282Z          - Trang đã ổn định (lần 2/2)...
2025-09-07T02:24:53.2183005Z       -> Trang đã ổn định. Dữ liệu chi tiết đã được tải.
2025-09-07T02:24:53.2183510Z       -> Mô phỏng hành vi cuộn trang...
2025-09-07T02:24:54.0908793Z    -> Đã thu thập 50 tin từ trang 70.
2025-09-07T02:25:14.9458828Z    -> Đang khai thác trang 71/94 (còn 15 trang nữa sẽ biến hình)...
2025-09-07T02:25:18.1744076Z       -> Bắt đầu giai đoạn 'quan sát' để chờ trang ổn định...
2025-09-07T02:25:22.6287030Z          - Trang đã ổn định (lần 1/2)...
2025-09-07T02:25:24.6628251Z          - Trang đã ổn định (lần 2/2)...
2025-09-07T02:25:24.6629097Z       -> Trang đã ổn định. Dữ liệu chi tiết đã được tải.
2025-09-07T02:25:24.6629729Z       -> Mô phỏng hành vi cuộn trang...
2025-09-07T02:25:25.9602144Z    -> Đã thu thập 50 tin từ trang 71.
2025-09-07T02:25:45.7581285Z    -> Đang khai thác trang 72/94 (còn 14 trang nữa sẽ biến hình)...
2025-09-07T02:25:48.9779486Z       -> Bắt đầu giai đoạn 'quan sát' để chờ trang ổn định...
2025-09-07T02:25:53.3219244Z          - Trang đã ổn định (lần 1/2)...
2025-09-07T02:25:55.3575722Z          - Trang đã ổn định (lần 2/2)...
2025-09-07T02:25:55.3576574Z       -> Trang đã ổn định. Dữ liệu chi tiết đã được tải.
2025-09-07T02:25:55.3577240Z       -> Mô phỏng hành vi cuộn trang...
2025-09-07T02:25:56.6829100Z    -> Đã thu thập 50 tin từ trang 72.
2025-09-07T02:26:14.6920084Z    -> Đang khai thác trang 73/94 (còn 13 trang nữa sẽ biến hình)...
2025-09-07T02:26:18.0695257Z       -> Bắt đầu giai đoạn 'quan sát' để chờ trang ổn định...
2025-09-07T02:26:22.3717747Z          - Trang đã ổn định (lần 1/2)...
2025-09-07T02:26:24.4029557Z          - Trang đã ổn định (lần 2/2)...
2025-09-07T02:26:24.4030157Z       -> Trang đã ổn định. Dữ liệu chi tiết đã được tải.
2025-09-07T02:26:24.4030622Z       -> Mô phỏng hành vi cuộn trang...
2025-09-07T02:26:25.5797229Z    -> Đã thu thập 50 tin từ trang 73.
2025-09-07T02:26:45.2271166Z    -> Đang khai thác trang 74/94 (còn 12 trang nữa sẽ biến hình)...
2025-09-07T02:26:48.2324765Z       -> Bắt đầu giai đoạn 'quan sát' để chờ trang ổn định...
2025-09-07T02:26:52.6276951Z          - Trang đã ổn định (lần 1/2)...
2025-09-07T02:26:54.6620760Z          - Trang đã ổn định (lần 2/2)...
2025-09-07T02:26:54.6621288Z       -> Trang đã ổn định. Dữ liệu chi tiết đã được tải.
2025-09-07T02:26:54.6621699Z       -> Mô phỏng hành vi cuộn trang...
2025-09-07T02:26:55.9656068Z    -> Đã thu thập 50 tin từ trang 74.
2025-09-07T02:27:17.3356699Z    -> Đang khai thác trang 75/94 (còn 11 trang nữa sẽ biến hình)...
2025-09-07T02:27:20.3792136Z       -> Bắt đầu giai đoạn 'quan sát' để chờ trang ổn định...
2025-09-07T02:27:24.7622057Z          - Trang đã ổn định (lần 1/2)...
2025-09-07T02:27:26.7952880Z          - Trang đã ổn định (lần 2/2)...
2025-09-07T02:27:26.7953664Z       -> Trang đã ổn định. Dữ liệu chi tiết đã được tải.
2025-09-07T02:27:26.7954419Z       -> Mô phỏng hành vi cuộn trang...
2025-09-07T02:27:27.9977624Z    -> Đã thu thập 50 tin từ trang 75.
2025-09-07T02:27:48.7331988Z    -> Đang khai thác trang 76/94 (còn 10 trang nữa sẽ biến hình)...
2025-09-07T02:27:52.2930592Z       -> Bắt đầu giai đoạn 'quan sát' để chờ trang ổn định...
2025-09-07T02:27:56.7161143Z          - Trang đã ổn định (lần 1/2)...
2025-09-07T02:27:58.7505819Z          - Trang đã ổn định (lần 2/2)...
2025-09-07T02:27:58.7506610Z       -> Trang đã ổn định. Dữ liệu chi tiết đã được tải.
2025-09-07T02:27:58.7507298Z       -> Mô phỏng hành vi cuộn trang...
2025-09-07T02:27:59.7157280Z    -> Đã thu thập 50 tin từ trang 76.
2025-09-07T02:28:21.0448337Z    -> Đang khai thác trang 77/94 (còn 9 trang nữa sẽ biến hình)...
2025-09-07T02:28:24.5649836Z       -> Bắt đầu giai đoạn 'quan sát' để chờ trang ổn định...
2025-09-07T02:28:28.9843351Z          - Trang đã ổn định (lần 1/2)...
2025-09-07T02:28:31.0190485Z          - Trang đã ổn định (lần 2/2)...
2025-09-07T02:28:31.0191754Z       -> Trang đã ổn định. Dữ liệu chi tiết đã được tải.
2025-09-07T02:28:31.0192408Z       -> Mô phỏng hành vi cuộn trang...
2025-09-07T02:28:31.9110270Z    -> Đã thu thập 50 tin từ trang 77.
2025-09-07T02:28:56.6396789Z    -> Đang khai thác trang 78/94 (còn 8 trang nữa sẽ biến hình)...
2025-09-07T02:28:59.8132893Z       -> Bắt đầu giai đoạn 'quan sát' để chờ trang ổn định...
2025-09-07T02:29:06.4508997Z          - Trang đã ổn định (lần 1/2)...
2025-09-07T02:29:08.4844492Z          - Trang đã ổn định (lần 2/2)...
2025-09-07T02:29:08.4845160Z       -> Trang đã ổn định. Dữ liệu chi tiết đã được tải.
2025-09-07T02:29:08.4846004Z       -> Mô phỏng hành vi cuộn trang...
2025-09-07T02:29:09.6434521Z    -> Đã thu thập 50 tin từ trang 78.
2025-09-07T02:29:31.7578671Z    -> Đang khai thác trang 79/94 (còn 7 trang nữa sẽ biến hình)...
2025-09-07T02:29:32.4483767Z       -> Bắt đầu giai đoạn 'quan sát' để chờ trang ổn định...
2025-09-07T02:30:02.4547873Z    -> Lỗi khi xử lý trang 79: Waiting for selector `div.job-list-search-result` failed: Waiting failed: 30000ms exceeded. Chuyển sang trang tiếp theo.
2025-09-07T02:30:02.4549531Z    -> Đang khai thác trang 80/94 (còn 6 trang nữa sẽ biến hình)...
2025-09-07T02:30:06.5376617Z       -> Bắt đầu giai đoạn 'quan sát' để chờ trang ổn định...
2025-09-07T02:30:11.0834001Z          - Trang đã ổn định (lần 1/2)...
2025-09-07T02:30:13.1131871Z          - Trang đã ổn định (lần 2/2)...
2025-09-07T02:30:13.1132721Z       -> Trang đã ổn định. Dữ liệu chi tiết đã được tải.
2025-09-07T02:30:13.1133420Z       -> Mô phỏng hành vi cuộn trang...
2025-09-07T02:30:14.4303721Z    -> Đã thu thập 50 tin từ trang 80.
2025-09-07T02:30:36.6464888Z    -> Đang khai thác trang 81/94 (còn 5 trang nữa sẽ biến hình)...
2025-09-07T02:30:40.3130882Z       -> Bắt đầu giai đoạn 'quan sát' để chờ trang ổn định...
2025-09-07T02:30:44.7613739Z          - Trang đã ổn định (lần 1/2)...
2025-09-07T02:30:46.7978876Z          - Trang đã ổn định (lần 2/2)...
2025-09-07T02:30:46.7979708Z       -> Trang đã ổn định. Dữ liệu chi tiết đã được tải.
2025-09-07T02:30:46.7980342Z       -> Mô phỏng hành vi cuộn trang...
2025-09-07T02:30:47.6841695Z    -> Đã thu thập 50 tin từ trang 81.
2025-09-07T02:31:10.7621940Z    -> Đang khai thác trang 82/94 (còn 4 trang nữa sẽ biến hình)...
2025-09-07T02:31:14.1225030Z       -> Bắt đầu giai đoạn 'quan sát' để chờ trang ổn định...
2025-09-07T02:31:18.4763992Z          - Trang đã ổn định (lần 1/2)...
2025-09-07T02:31:20.5120725Z          - Trang đã ổn định (lần 2/2)...
2025-09-07T02:31:20.5121358Z       -> Trang đã ổn định. Dữ liệu chi tiết đã được tải.
2025-09-07T02:31:20.5121828Z       -> Mô phỏng hành vi cuộn trang...
2025-09-07T02:31:21.4550367Z    -> Đã thu thập 50 tin từ trang 82.
2025-09-07T02:31:40.8160637Z    -> Đang khai thác trang 83/94 (còn 3 trang nữa sẽ biến hình)...
2025-09-07T02:31:44.0241534Z       -> Bắt đầu giai đoạn 'quan sát' để chờ trang ổn định...
2025-09-07T02:31:48.4306351Z          - Trang đã ổn định (lần 1/2)...
2025-09-07T02:31:50.4604733Z          - Trang đã ổn định (lần 2/2)...
2025-09-07T02:31:50.4605779Z       -> Trang đã ổn định. Dữ liệu chi tiết đã được tải.
2025-09-07T02:31:50.4606800Z       -> Mô phỏng hành vi cuộn trang...
2025-09-07T02:31:51.7765935Z    -> Đã thu thập 50 tin từ trang 83.
2025-09-07T02:32:12.9640241Z    -> Đang khai thác trang 84/94 (còn 2 trang nữa sẽ biến hình)...
2025-09-07T02:32:15.6328032Z       -> Bắt đầu giai đoạn 'quan sát' để chờ trang ổn định...
2025-09-07T02:32:20.0278600Z          - Trang đã ổn định (lần 1/2)...
2025-09-07T02:32:22.0568721Z          - Trang đã ổn định (lần 2/2)...
2025-09-07T02:32:22.0569496Z       -> Trang đã ổn định. Dữ liệu chi tiết đã được tải.
2025-09-07T02:32:22.0570159Z       -> Mô phỏng hành vi cuộn trang...
2025-09-07T02:32:23.2792151Z    -> Đã thu thập 50 tin từ trang 84.
2025-09-07T02:32:43.9864637Z    -> Đang khai thác trang 85/94 (còn 1 trang nữa sẽ biến hình)...
2025-09-07T02:32:46.7895759Z       -> Bắt đầu giai đoạn 'quan sát' để chờ trang ổn định...
2025-09-07T02:32:51.2118931Z          - Trang đã ổn định (lần 1/2)...
2025-09-07T02:32:53.2448014Z          - Trang đã ổn định (lần 2/2)...
2025-09-07T02:32:53.2448841Z       -> Trang đã ổn định. Dữ liệu chi tiết đã được tải.
2025-09-07T02:32:53.2449478Z       -> Mô phỏng hành vi cuộn trang...
2025-09-07T02:32:54.3828036Z    -> Đã thu thập 50 tin từ trang 85.
2025-09-07T02:33:13.8931327Z 
2025-09-07T02:33:13.8932421Z    -> [Điệp viên] Hết độ bền nhân dạng. Bắt đầu "biến hình"...
2025-09-07T02:33:14.0252136Z -> [Điệp viên] Đang yêu cầu một danh tính proxy MỚI từ API...
2025-09-07T02:33:14.5552015Z -> [Điệp viên] Đã nhận proxy mới thành công: 171.235.96.209:11451
2025-09-07T02:33:14.5552469Z 
2025-09-07T02:33:14.5552983Z [Điệp viên] Đang khởi tạo trình duyệt với danh tính 171.235.96.209...
2025-09-07T02:33:14.8193246Z    -> [Điệp viên] "Biến hình" thành công. Độ bền nhân dạng mới: 28 trang.
2025-09-07T02:33:14.8194174Z    -> Đang khai thác trang 86/94 (còn 28 trang nữa sẽ biến hình)...
2025-09-07T02:33:27.6678548Z       -> Bắt đầu giai đoạn 'quan sát' để chờ trang ổn định...
2025-09-07T02:33:31.9246197Z          - Trang đã ổn định (lần 1/2)...
2025-09-07T02:33:33.9535305Z          - Trang đã ổn định (lần 2/2)...
2025-09-07T02:33:33.9536473Z       -> Trang đã ổn định. Dữ liệu chi tiết đã được tải.
2025-09-07T02:33:33.9537172Z       -> Mô phỏng hành vi cuộn trang...
2025-09-07T02:33:35.2886928Z    -> Đã thu thập 50 tin từ trang 86.
2025-09-07T02:33:53.7854953Z    -> Đang khai thác trang 87/94 (còn 27 trang nữa sẽ biến hình)...
2025-09-07T02:33:56.4135336Z       -> Bắt đầu giai đoạn 'quan sát' để chờ trang ổn định...
2025-09-07T02:34:02.6971045Z          - Trang đã ổn định (lần 1/2)...
2025-09-07T02:34:04.7309216Z          - Trang đã ổn định (lần 2/2)...
2025-09-07T02:34:04.7309953Z       -> Trang đã ổn định. Dữ liệu chi tiết đã được tải.
2025-09-07T02:34:04.7310631Z       -> Mô phỏng hành vi cuộn trang...
2025-09-07T02:34:05.7934889Z    -> Đã thu thập 50 tin từ trang 87.
2025-09-07T02:34:27.3032166Z    -> Đang khai thác trang 88/94 (còn 26 trang nữa sẽ biến hình)...
2025-09-07T02:34:29.6985975Z       -> Bắt đầu giai đoạn 'quan sát' để chờ trang ổn định...
2025-09-07T02:34:33.9871426Z          - Trang đã ổn định (lần 1/2)...
2025-09-07T02:34:36.0222853Z          - Trang đã ổn định (lần 2/2)...
2025-09-07T02:34:36.0223596Z       -> Trang đã ổn định. Dữ liệu chi tiết đã được tải.
2025-09-07T02:34:36.0224225Z       -> Mô phỏng hành vi cuộn trang...
2025-09-07T02:34:37.3650425Z    -> Đã thu thập 50 tin từ trang 88.
2025-09-07T02:34:55.4839036Z    -> Đang khai thác trang 89/94 (còn 25 trang nữa sẽ biến hình)...
2025-09-07T02:35:00.4124985Z       -> Bắt đầu giai đoạn 'quan sát' để chờ trang ổn định...
2025-09-07T02:35:04.8699427Z          - Trang đã ổn định (lần 1/2)...
2025-09-07T02:35:06.9002405Z          - Trang đã ổn định (lần 2/2)...
2025-09-07T02:35:06.9002914Z       -> Trang đã ổn định. Dữ liệu chi tiết đã được tải.
2025-09-07T02:35:06.9003306Z       -> Mô phỏng hành vi cuộn trang...
2025-09-07T02:35:08.2198531Z    -> Đã thu thập 50 tin từ trang 89.
2025-09-07T02:35:30.4496459Z    -> Đang khai thác trang 90/94 (còn 24 trang nữa sẽ biến hình)...
2025-09-07T02:35:33.8490433Z       -> Bắt đầu giai đoạn 'quan sát' để chờ trang ổn định...
2025-09-07T02:35:38.3185029Z          - Trang đã ổn định (lần 1/2)...
2025-09-07T02:35:40.3539328Z          - Trang đã ổn định (lần 2/2)...
2025-09-07T02:35:40.3540145Z       -> Trang đã ổn định. Dữ liệu chi tiết đã được tải.
2025-09-07T02:35:40.3540791Z       -> Mô phỏng hành vi cuộn trang...
2025-09-07T02:35:41.6076271Z    -> Đã thu thập 50 tin từ trang 90.
2025-09-07T02:36:00.2469058Z    -> Đang khai thác trang 91/94 (còn 23 trang nữa sẽ biến hình)...
2025-09-07T02:36:03.4284482Z       -> Bắt đầu giai đoạn 'quan sát' để chờ trang ổn định...
2025-09-07T02:36:07.8836934Z          - Trang đã ổn định (lần 1/2)...
2025-09-07T02:36:09.9190219Z          - Trang đã ổn định (lần 2/2)...
2025-09-07T02:36:09.9192309Z       -> Trang đã ổn định. Dữ liệu chi tiết đã được tải.
2025-09-07T02:36:09.9204476Z       -> Mô phỏng hành vi cuộn trang...
2025-09-07T02:36:10.9025908Z    -> Đã thu thập 50 tin từ trang 91.
2025-09-07T02:36:32.9782463Z    -> Đang khai thác trang 92/94 (còn 22 trang nữa sẽ biến hình)...
2025-09-07T02:36:35.7510363Z       -> Bắt đầu giai đoạn 'quan sát' để chờ trang ổn định...
2025-09-07T02:36:40.1085809Z          - Trang đã ổn định (lần 1/2)...
2025-09-07T02:36:42.1400363Z          - Trang đã ổn định (lần 2/2)...
2025-09-07T02:36:42.1401283Z       -> Trang đã ổn định. Dữ liệu chi tiết đã được tải.
2025-09-07T02:36:42.1401919Z       -> Mô phỏng hành vi cuộn trang...
2025-09-07T02:36:43.0536137Z    -> Đã thu thập 50 tin từ trang 92.
2025-09-07T02:37:03.8177372Z    -> Đang khai thác trang 93/94 (còn 21 trang nữa sẽ biến hình)...
2025-09-07T02:37:06.2688637Z       -> Bắt đầu giai đoạn 'quan sát' để chờ trang ổn định...
2025-09-07T02:37:10.5244476Z          - Trang đã ổn định (lần 1/2)...
2025-09-07T02:37:12.5298822Z          - Trang đã ổn định (lần 2/2)...
2025-09-07T02:37:12.5299745Z       -> Trang đã ổn định. Dữ liệu chi tiết đã được tải.
2025-09-07T02:37:12.5300660Z       -> Mô phỏng hành vi cuộn trang...
2025-09-07T02:37:13.5674512Z    -> Đã thu thập 3 tin từ trang 93.
2025-09-07T02:37:34.6014549Z    -> Đang khai thác trang 94/94 (còn 20 trang nữa sẽ biến hình)...
2025-09-07T02:37:37.9144800Z       -> Bắt đầu giai đoạn 'quan sát' để chờ trang ổn định...
2025-09-07T02:37:40.2202792Z          - Trang đã ổn định (lần 1/2)...
2025-09-07T02:37:42.2259871Z          - Trang đã ổn định (lần 2/2)...
2025-09-07T02:37:42.2260523Z       -> Trang đã ổn định. Dữ liệu chi tiết đã được tải.
2025-09-07T02:37:42.2260978Z       -> Mô phỏng hành vi cuộn trang...
2025-09-07T02:37:43.4568995Z    -> Đã thu thập 3 tin từ trang 94.
2025-09-07T02:38:07.6563198Z 
2025-09-07T02:38:07.6564381Z [Điệp viên] Rút lui an toàn, đã đóng trình duyệt.
2025-09-07T02:38:08.0134488Z 
2025-09-07T02:38:08.0137733Z --- BÁO CÁO NHIỆM VỤ ---
2025-09-07T02:38:08.0138685Z Đã tổng hợp 4556 tin duy nhất vào data/topcv_ke-toan_07-09-2025.csv
2025-09-07T02:38:08.1490879Z ##[group]Run # Đồng bộ hóa với các file dữ liệu cũ (nếu có) để tránh lỗi push
2025-09-07T02:38:08.1491477Z [36;1m# Đồng bộ hóa với các file dữ liệu cũ (nếu có) để tránh lỗi push[0m
2025-09-07T02:38:08.1492040Z [36;1mgit pull origin main --rebase[0m
2025-09-07T02:38:08.1492297Z [36;1m[0m
2025-09-07T02:38:08.1492548Z [36;1mgit config --global user.name 'GitHub Actions Scraper'[0m
2025-09-07T02:38:08.1492922Z [36;1mgit config --global user.email 'actions@github.com'[0m
2025-09-07T02:38:08.1493259Z [36;1mgit add data/topcv_ke-toan_07-09-2025.csv[0m
2025-09-07T02:38:08.1493685Z [36;1mgit commit -m "📊 Dữ liệu TopCV: Thêm 4556 tin mới vào data/topcv_ke-toan_07-09-2025.csv"[0m
2025-09-07T02:38:08.1494064Z [36;1mgit push[0m
2025-09-07T02:38:08.1524188Z shell: /usr/bin/bash -e {0}
2025-09-07T02:38:08.1524428Z ##[endgroup]
2025-09-07T02:38:08.3380386Z error: cannot pull with rebase: You have unstaged changes.
2025-09-07T02:38:08.3382283Z error: Please commit or stash them.
2025-09-07T02:38:08.3400841Z ##[error]Process completed with exit code 128.
2025-09-07T02:38:08.3474236Z Post job cleanup.
2025-09-07T02:38:08.4427518Z [command]/usr/bin/git version
2025-09-07T02:38:08.4468976Z git version 2.51.0
2025-09-07T02:38:08.4534945Z Temporarily overriding HOME='/home/runner/work/_temp/fc884534-439e-4d55-a7fe-4ae77069b4b7' before making global git config changes
2025-09-07T02:38:08.4536887Z Adding repository directory to the temporary git global config as a safe directory
2025-09-07T02:38:08.4543644Z [command]/usr/bin/git config --global --add safe.directory /home/runner/work/topcv-job-scraper/topcv-job-scraper
2025-09-07T02:38:08.4587079Z [command]/usr/bin/git config --local --name-only --get-regexp core\.sshCommand
2025-09-07T02:38:08.4623786Z [command]/usr/bin/git submodule foreach --recursive sh -c "git config --local --name-only --get-regexp 'core\.sshCommand' && git config --local --unset-all 'core.sshCommand' || :"
2025-09-07T02:38:08.4884407Z [command]/usr/bin/git config --local --name-only --get-regexp http\.https\:\/\/github\.com\/\.extraheader
2025-09-07T02:38:08.4909577Z http.https://github.com/.extraheader
2025-09-07T02:38:08.4923365Z [command]/usr/bin/git config --local --unset-all http.https://github.com/.extraheader
2025-09-07T02:38:08.4958349Z [command]/usr/bin/git submodule foreach --recursive sh -c "git config --local --name-only --get-regexp 'http\.https\:\/\/github\.com\/\.extraheader' && git config --local --unset-all 'http.https://github.com/.extraheader' || :"
2025-09-07T02:38:08.5316644Z Cleaning up orphan processes
